00000000000920b0 T _Z100__device_stub__ZN12gtoc12_fleet6finishENS_7ProblemEiPKhPKNS_3RowEPhP30spacepdhcg_gtoc12_fleet_reportRN12gtoc12_fleet7ProblemEiPKhPKNS_3RowEPhP30spacepdhcg_gtoc12_fleet_report
000000000002e2d0 T _Z114__device_stub__ZN11gtoc12_qoco7qualifyEPK16QocoReplayStatusPK15QocoAuditResultPKddP29spacepdhcg_gtoc12_qoco_reportPK16QocoReplayStatusPK15QocoAuditResultPKddP29spacepdhcg_gtoc12_qoco_report
0000000000091830 T _Z11beam_scores34spacepdhcg_orbitweaver_beam_configPK34spacepdhcg_orbitweaver_beam_targetPKdS4_mmmmPK33spacepdhcg_orbitweaver_hop_resultP16RankedBeamOptionPj
0000000000091670 T _Z13beam_requests34spacepdhcg_orbitweaver_beam_configPK34spacepdhcg_orbitweaver_beam_targetPKdS4_mmmmP34spacepdhcg_orbitweaver_hop_request
0000000000091520 T _Z152__device_stub__Z13beam_requests34spacepdhcg_orbitweaver_beam_configPK34spacepdhcg_orbitweaver_beam_targetPKdS4_mmmmP34spacepdhcg_orbitweaver_hop_requestR34spacepdhcg_orbitweaver_beam_configPK34spacepdhcg_orbitweaver_beam_targetPKdS5_mmmmP34spacepdhcg_orbitweaver_hop_request
000000000009cb00 W _Z15earth_beam_hostI40spacepdhcg_orbitweaver_lambert_workspaceE22spacepdhcg_cuda_statusPT_PK34spacepdhcg_orbitweaver_beam_configPK34spacepdhcg_orbitweaver_beam_targetmPKdmSB_mmmP34spacepdhcg_orbitweaver_beam_optionmPm
0000000000091510 T _Z16pack_hop_optionsPK15RankedHopOptionPKiP33spacepdhcg_orbitweaver_hop_option
00000000000916b0 T _Z171__device_stub__Z11beam_scores34spacepdhcg_orbitweaver_beam_configPK34spacepdhcg_orbitweaver_beam_targetPKdS4_mmmmPK33spacepdhcg_orbitweaver_hop_resultP16RankedBeamOptionPjR34spacepdhcg_orbitweaver_beam_configPK34spacepdhcg_orbitweaver_beam_targetPKdS5_mmmmPK33spacepdhcg_orbitweaver_hop_resultP16RankedBeamOptionPj
0000000000091410 T _Z17build_hop_optionsPK33spacepdhcg_orbitweaver_hop_resultPKdmmP15RankedHopOption
0000000000069600 T _Z18copy_native_reportP22spacepdhcg_native_qocoP29spacepdhcg_native_qoco_report22spacepdhcg_cuda_status
0000000000082160 T _Z18qoco_gpu_audit_runP12QocoGpuAuditPKdS2_S2_PdP11CUstream_stP15QocoAuditResult
000000000006baa0 T _Z19finish_native_solveP22spacepdhcg_native_qocoPK28spacepdhcg_cuda_scvx_problemP11CUstream_stPdS6_P29spacepdhcg_native_qoco_reportPF9cudaErrorPvPK16QocoReplayStatusPK15QocoAuditResultS5_ESA_biSE_bb
0000000000026300 T _Z19gtoc12_conic_rebindP23spacepdhcg_gtoc12_conicddPKdS2_S2_
0000000000034710 T _Z19gtoc12_qoco_acquireiiiiddPKdS0_S0_diPP22spacepdhcg_gtoc12_qoco
00000000000307f0 T _Z19gtoc12_qoco_releaseP22spacepdhcg_gtoc12_qocob
00000000000698b0 T _Z20native_solver_valuesP22spacepdhcg_native_qocoP11CUstream_stPPKd
0000000000080240 T _Z20qoco_gpu_bound_typesiiPKdS0_S0_S0_PhP11CUstream_st
0000000000084100 T _Z21qoco_gpu_audit_createRK14QocoAuditInputbP11CUstream_stPP12QocoGpuAudit
000000000007f990 T _Z21qoco_gpu_audit_memoryPK12QocoGpuAudit
000000000007f380 T _Z21qoco_gpu_audit_originPK12QocoGpuAudit
000000000007e6d0 T _Z21qoco_gpu_audit_updateP12QocoGpuAuditRK14QocoAuditInputP11CUstream_st
000000000007ee80 T _Z21qoco_gpu_graph_recordP17QocoGraphProgressPK16QocoReplayStatusPK15QocoAuditResultPKimmP11CUstream_st
0000000000069980 T _Z21snapshot_qoco_problemP22spacepdhcg_native_qocoP11CUstream_st
000000000007f9c0 T _Z22qoco_gpu_audit_destroyP12QocoGpuAudit
00000000000780a0 T _Z23native_qoco_create_implPK28spacepdhcg_cuda_scvx_problemP11CUstream_stiPP22spacepdhcg_native_qocodb
0000000000083c70 T _Z23qoco_gpu_conversion_runP17QocoGpuConversionRK20QocoConversionInputsPdPiP11CUstream_st
000000000007f950 T _Z24qoco_gpu_audit_transfersPK12QocoGpuAudit
000000000007f9f0 T _Z24qoco_gpu_topology_createRK17QocoTopologyInputP11CUstream_stPP15QocoGpuTopology
0000000000080160 T _Z24qoco_gpu_topology_memoryPK15QocoGpuTopology
0000000000081870 T _Z25qoco_gpu_audit_run_deviceP12QocoGpuAuditPKdS2_S2_PdP11CUstream_stPPK15QocoAuditResult
000000000007f2e0 T _Z25qoco_gpu_audit_set_originP12QocoGpuAuditPKdiP11CUstream_st
0000000000080190 T _Z25qoco_gpu_topology_destroyP15QocoGpuTopology
000000000007f3c0 T _Z26qoco_gpu_audit_reconstructP12QocoGpuAuditPKdPdP11CUstream_st
0000000000080640 T _Z26qoco_gpu_conversion_createRK18QocoConversionPlanP11CUstream_stPP17QocoGpuConversion
0000000000080f30 T _Z26qoco_gpu_conversion_memoryPK17QocoGpuConversion
0000000000080ee0 T _Z26qoco_gpu_conversion_valuesPK17QocoGpuConversion
0000000000080050 T _Z26qoco_gpu_topology_validateP15QocoGpuTopologyRK17QocoTopologyInputP11CUstream_stPb
0000000000080f60 T _Z27qoco_gpu_conversion_destroyP17QocoGpuConversion
0000000000080130 T _Z27qoco_gpu_topology_transfersPK15QocoGpuTopology
0000000000023ec0 T _Z28gtoc12_discretisation_rebindP32spacepdhcg_gtoc12_discretisationddPKd
000000000007f7b0 T _Z28qoco_gpu_audit_device_resultPK12QocoGpuAudit
000000000007f080 T _Z28qoco_gpu_audit_enable_originP12QocoGpuAudit
000000000007f3a0 T _Z28qoco_gpu_audit_origin_offsetPK12QocoGpuAudit
0000000000082720 T _Z28qoco_gpu_audit_origin_valuesP12QocoGpuAuditPKdP11CUstream_stPS2_
000000000007f7d0 T _Z28qoco_gpu_audit_replay_statusP12QocoGpuAuditPKiP11CUstream_stPPK16QocoReplayStatus
000000000007ebf0 T _Z28qoco_gpu_audit_update_deviceP12QocoGpuAuditPKdP11CUstream_st
00000000000745d0 T _Z29native_qoco_update_solve_implP22spacepdhcg_native_qocoPK28spacepdhcg_cuda_scvx_problemP11CUstream_st31spacepdhcg_cuda_warm_start_modePdS7_P29spacepdhcg_native_qoco_reportPF9cudaErrorPvPK16QocoReplayStatusPK15QocoAuditResultS5_ESB_PKib
000000000007f5c0 T _Z29qoco_gpu_audit_download_asyncP12QocoGpuAuditP11CUstream_stP15QocoAuditResult
000000000007f620 T _Z29qoco_gpu_audit_publish_statusP12QocoGpuAuditiiP11CUstream_stPPK16QocoReplayStatus
0000000000080f00 T _Z29qoco_gpu_conversion_transfersPK17QocoGpuConversion
000000000006a4c0 T _Z29spacepdhcg_native_qoco_acceptP22spacepdhcg_native_qocoP29spacepdhcg_native_qoco_report
000000000007a9b0 T _Z29spacepdhcg_native_qoco_createPK28spacepdhcg_cuda_scvx_problemP11CUstream_stiPP22spacepdhcg_native_qoco
000000000006d930 T _Z29spacepdhcg_native_qoco_finishP22spacepdhcg_native_qocoP11CUstream_stP29spacepdhcg_native_qoco_report
000000000007e9f0 T _Z30qoco_gpu_audit_upload_solutionP12QocoGpuAuditPKdS2_S2_P11CUstream_stPS2_S5_S5_
00000000000834b0 T _Z30qoco_gpu_conversion_run_deviceP17QocoGpuConversionRK20QocoConversionInputsPKiP11CUstream_stPS5_
000000000006a7f0 T _Z30spacepdhcg_native_qoco_destroyP22spacepdhcg_native_qoco
00000000000770f0 T _Z30spacepdhcg_native_qoco_enqueueP22spacepdhcg_native_qocoPK28spacepdhcg_cuda_scvx_problemP11CUstream_stPdS6_PF9cudaErrorPvPK16QocoReplayStatusPK15QocoAuditResultS5_ES8_PKi
000000000002e140 T _Z32spacepdhcg_gtoc12_qoco_end_graphP22spacepdhcg_gtoc12_qocoP11CUstream_stP29spacepdhcg_gtoc12_qoco_report
0000000000093700 T _Z32spacepdhcg_joint_geometry_launchiiPK35spacepdhcg_orbitweaver_hop_elementsPKdS3_PK30spacepdhcg_gtoc12_joint_resultPK35spacepdhcg_gtoc12_joint_cached_costiP28spacepdhcg_gtoc12_joint_costP34spacepdhcg_orbitweaver_hop_requestP33spacepdhcg_orbitweaver_hop_resultP38spacepdhcg_gtoc12_joint_geometry_statsP11CUstream_st
000000000006afd0 T _Z32spacepdhcg_native_qoco_end_graphP22spacepdhcg_native_qocoP11CUstream_stP29spacepdhcg_native_qoco_report
0000000000080d50 T _Z33qoco_gpu_conversion_guard_numericP17QocoGpuConversionPKdP11CUstream_stPS2_
000000000007fcb0 T _Z33qoco_gpu_topology_validate_deviceP15QocoGpuTopologyRK17QocoTopologyInputP11CUstream_stPPKi
000000000002d7f0 T _Z33spacepdhcg_gtoc12_qoco_emit_graphP22spacepdhcg_gtoc12_qocoP10CUgraph_stPKP14CUgraphNode_stmP11CUstream_stPKdSA_PK34spacepdhcg_gtoc12_conic_parametersPKiPFiPvPK29spacepdhcg_gtoc12_qoco_reportSA_SG_ESG_PS4_
0000000000077230 T _Z33spacepdhcg_native_qoco_emit_graphP22spacepdhcg_native_qocoPK28spacepdhcg_cuda_scvx_problemP10CUgraph_stPKP14CUgraphNode_stmP11CUstream_stPdSC_PKdiPKiPF9cudaErrorPvPK16QocoReplayStatusPK15QocoAuditResultSB_ESI_PS7_
000000000006aca0 T _Z33spacepdhcg_native_qoco_set_originP22spacepdhcg_native_qocoPKdiP11CUstream_st
000000000002d6f0 T _Z34spacepdhcg_gtoc12_qoco_begin_graphP22spacepdhcg_gtoc12_qocoP11CUstream_stPPK17QocoGraphProgress
000000000006ae30 T _Z34spacepdhcg_native_qoco_begin_graphP22spacepdhcg_native_qocoP11CUstream_stPPK17QocoGraphProgress
000000000006aba0 T _Z34spacepdhcg_native_qoco_can_enqueuePK22spacepdhcg_native_qoco
000000000006a950 T _Z34spacepdhcg_native_qoco_restart_legP22spacepdhcg_native_qoco
00000000000770b0 T _Z35spacepdhcg_native_qoco_update_solveP22spacepdhcg_native_qocoPK28spacepdhcg_cuda_scvx_problemP11CUstream_st31spacepdhcg_cuda_warm_start_modePdS7_P29spacepdhcg_native_qoco_report
0000000000080be0 T _Z36qoco_gpu_conversion_include_producerP17QocoGpuConversionPKiP11CUstream_st
00000000000526a0 T _Z37gtoc12_collection_options_copy_devicePK35spacepdhcg_gtoc12_collection_optioniP11CUstream_stPP36spacepdhcg_gtoc12_collection_options
000000000006a710 T _Z39spacepdhcg_native_qoco_reset_warm_stateP22spacepdhcg_native_qocob
0000000000080b80 T _Z40qoco_gpu_conversion_download_flags_asyncP17QocoGpuConversionP11CUstream_stPi
000000000007a9e0 T _Z40spacepdhcg_native_qoco_create_configuredPK28spacepdhcg_cuda_scvx_problemP11CUstream_stidbPP22spacepdhcg_native_qoco
000000000002d610 T _Z45spacepdhcg_gtoc12_qoco_set_conditioning_retryP22spacepdhcg_gtoc12_qocoPKi
000000000006a840 T _Z45spacepdhcg_native_qoco_set_conditioning_retryP22spacepdhcg_native_qocoPKi
0000000000038200 T _Z48__device_stub__ZN11gtoc12_seed8bracketsEPKdPKiPiPKdPKiPi
0000000000077090 T _Z49spacepdhcg_native_qoco_update_solve_with_consumerP22spacepdhcg_native_qocoPK28spacepdhcg_cuda_scvx_problemP11CUstream_stPdS6_P29spacepdhcg_native_qoco_reportPF9cudaErrorPvPK16QocoReplayStatusPK15QocoAuditResultS5_ESA_
00000000000380d0 T _Z51__device_stub__ZN11gtoc12_seed8evaluateEPKdiS1_PdPiPKdiS0_PdPi
0000000000077030 T _Z52spacepdhcg_native_qoco_update_solve_with_input_guardP22spacepdhcg_native_qocoPK28spacepdhcg_cuda_scvx_problemP11CUstream_stPdS6_P29spacepdhcg_native_qoco_reportPF9cudaErrorPvPK16QocoReplayStatusPK15QocoAuditResultS5_ESA_PKi
0000000000038440 T _Z56__device_stub__ZN11gtoc12_seed6chooseEPKNS_6BranchEPKdPiPKN11gtoc12_seed6BranchEPKdPi
0000000000091990 T _Z60__device_stub__ZN12gtoc12_fleet12rank_columnsENS_7ProblemEPiRN12gtoc12_fleet7ProblemEPi
0000000000038300 T _Z63__device_stub__ZN11gtoc12_seed6refineEPKdiS1_S1_PKiPNS_6BranchEPKdiS0_S0_PKiPN11gtoc12_seed6BranchE
0000000000091a70 T _Z66__device_stub__ZN12gtoc12_fleet4seedENS_7ProblemEPKiPKhPhPNS_3RowERN12gtoc12_fleet7ProblemEPKiPKhPhPNS_3RowE
0000000000038540 T _Z71__device_stub__ZN11gtoc12_seed6sampleEiPKdS1_PKNS_6BranchEPKiiidPdS7_PiiPKdS0_PKN11gtoc12_seed6BranchEPKiiidPdS7_Pi
0000000000091f10 T _Z74__device_stub__ZN12gtoc12_fleet6searchENS_7ProblemEiimPhS1_S1_S1_PNS_3RowERN12gtoc12_fleet7ProblemEiimPhS2_S2_S2_PNS_3RowE
0000000000091ba0 T _Z85__device_stub__ZN12gtoc12_fleet14start_exchangeENS_7ProblemEPhPNS_3RowEPNS_8ExchangeERN12gtoc12_fleet7ProblemEPhPNS_3RowEPNS_8ExchangeE
0000000000091880 T _Z86__device_stub__Z9beam_packPK16RankedBeamOptionmP34spacepdhcg_orbitweaver_beam_optionPjPK16RankedBeamOptionmP34spacepdhcg_orbitweaver_beam_optionPj
000000000001d070 T _Z88__device_stub__ZN10spacepdhcg4cuda6detail28gather_scvx_candidate_kernelEPKdPKiS5_PdS6_mmPKdPKiS2_PdS3_mm
0000000000091de0 T _Z89__device_stub__ZN12gtoc12_fleet15accept_exchangeENS_7ProblemEPhPNS_3RowEPNS_8ExchangeEPKdRN12gtoc12_fleet7ProblemEPhPNS_3RowEPNS_8ExchangeEPKd
0000000000091420 T _Z92__device_stub__Z16pack_hop_optionsPK15RankedHopOptionPKiP33spacepdhcg_orbitweaver_hop_optionPK15RankedHopOptionPKiP33spacepdhcg_orbitweaver_hop_option
0000000000091cb0 T _Z94__device_stub__ZN12gtoc12_fleet18evaluate_exchangesENS_7ProblemEPKhPKNS_3RowEPKNS_8ExchangeEPdRN12gtoc12_fleet7ProblemEPKhPKNS_3RowEPKNS_8ExchangeEPd
00000000000912f0 T _Z95__device_stub__Z17build_hop_optionsPK33spacepdhcg_orbitweaver_hop_resultPKdmmP15RankedHopOptionPK33spacepdhcg_orbitweaver_hop_resultPKdmmP15RankedHopOption
0000000000091980 T _Z9beam_packPK16RankedBeamOptionmP34spacepdhcg_orbitweaver_beam_optionPj
00000000013f0540 u _ZGVZN3cub18CUB_200700_1200_NS10DeviceScan12ExclusiveSumIPiS3_iEE9cudaErrorPvRmT_T0_T1_P11CUstream_stE21__cub_nvtx3_func_attr
00000000013f0590 u _ZGVZN3cub18CUB_200700_1200_NS10DeviceScan12ExclusiveSumIPiS3_iEE9cudaErrorPvRmT_T0_T1_P11CUstream_stE21__cub_nvtx3_func_name
00000000013f0d00 u _ZGVZN3cub18CUB_200700_1200_NS12DeviceSelect2IfIP15RankedHopOptionS4_Pi14ValidHopOptionEE9cudaErrorPvRmT_T0_T1_iT2_P11CUstream_stE21__cub_nvtx3_func_attr
00000000013f0d50 u _ZGVZN3cub18CUB_200700_1200_NS12DeviceSelect2IfIP15RankedHopOptionS4_Pi14ValidHopOptionEE9cudaErrorPvRmT_T0_T1_iT2_P11CUstream_stE21__cub_nvtx3_func_name
00000000013f0d60 u _ZGVZN3cub18CUB_200700_1200_NS15DeviceMergeSort8SortKeysIP15RankedHopOptioni13HopOptionLessEE9cudaErrorPvRmT_T0_T1_P11CUstream_stE21__cub_nvtx3_func_attr
00000000013f0db0 u _ZGVZN3cub18CUB_200700_1200_NS15DeviceMergeSort8SortKeysIP15RankedHopOptioni13HopOptionLessEE9cudaErrorPvRmT_T0_T1_P11CUstream_stE21__cub_nvtx3_func_name
00000000013f0cb0 u _ZGVZN3cub18CUB_200700_1200_NS15DeviceMergeSort8SortKeysIP16RankedBeamOptioni8BeamLessEE9cudaErrorPvRmT_T0_T1_P11CUstream_stE21__cub_nvtx3_func_attr
00000000013f0cf0 u _ZGVZN3cub18CUB_200700_1200_NS15DeviceMergeSort8SortKeysIP16RankedBeamOptioni8BeamLessEE9cudaErrorPvRmT_T0_T1_P11CUstream_stE21__cub_nvtx3_func_name
00000000013f05a0 u _ZGVZN3cub18CUB_200700_1200_NS15DeviceRadixSort9SortPairsIdiiEE9cudaErrorPvRmPKT_PS6_PKT0_PSA_T1_iiP11CUstream_stE21__cub_nvtx3_func_attr
00000000013f05f0 u _ZGVZN3cub18CUB_200700_1200_NS15DeviceRadixSort9SortPairsIdiiEE9cudaErrorPvRmPKT_PS6_PKT0_PSA_T1_iiP11CUstream_stE21__cub_nvtx3_func_name
00000000013f0c48 u _ZGVZN3cub18CUB_200700_1200_NS15DeviceRadixSort9SortPairsIiiiEE9cudaErrorPvRmPKT_PS6_PKT0_PSA_T1_iiP11CUstream_stE21__cub_nvtx3_func_attr
00000000013f0c90 u _ZGVZN3cub18CUB_200700_1200_NS15DeviceRadixSort9SortPairsIiiiEE9cudaErrorPvRmPKT_PS6_PKT0_PSA_T1_iiP11CUstream_stE21__cub_nvtx3_func_name
00000000013f0dd0 u _ZGVZN3cub18CUB_200700_1200_NS15DeviceRadixSort9SortPairsIyiiEE9cudaErrorPvRmPKT_PS6_PKT0_PSA_T1_iiP11CUstream_stE21__cub_nvtx3_func_attr
00000000013f0e10 u _ZGVZN3cub18CUB_200700_1200_NS15DeviceRadixSort9SortPairsIyiiEE9cudaErrorPvRmPKT_PS6_PKT0_PSA_T1_iiP11CUstream_stE21__cub_nvtx3_func_name
00000000013f0c20 u _ZGVZN3cub18CUB_200700_1200_NS22DeviceCountCachedValueEvE5count
00000000013f0600 u _ZGVZN3cub18CUB_200700_1200_NS26GetPerDeviceAttributeCacheINS0_18PtxVersionCacheTagEEERNS0_23PerDeviceAttributeCacheEvE5cache
00000000013f0530 u _ZGVZN5nvtx32v16domain3getIN3cub18CUB_200700_1200_NS6detail14NVTXCCCLDomainELi0EEERKS1_vE1d
00000000000b1480 W _ZN10spacepdhcg4cuda12TimingEvents6createEv
00000000000b13d0 W _ZN10spacepdhcg4cuda16AllocationLedger7releaseEPvm
0000000000022070 W _ZN10spacepdhcg4cuda6detail17hcw_replay_kernelILb1EEEvPKdS4_Pdm31spacepdhcg_cuda_dynamics_config
0000000000021340 W _ZN10spacepdhcg4cuda6detail19scvx_metrics_kernelILb1EEEvPKdS4_S4_S4_S4_S4_S4_PKimmmmiddd35spacepdhcg_cuda_scvx_numeric_updateS4_S4_S4_S6_S6_PNS1_11ScvxMetricsE
000000000001d1b0 T _ZN10spacepdhcg4cuda6detail28gather_scvx_candidate_kernelEPKdPKiS5_PdS6_mm
000000000002e3f0 T _ZN11gtoc12_qoco7qualifyEPK16QocoReplayStatusPK15QocoAuditResultPKddP29spacepdhcg_gtoc12_qoco_report
0000000000037d10 T _ZN11gtoc12_seed3dotEPKdS1_
0000000000037d70 T _ZN11gtoc12_seed4gridEi
0000000000038530 T _ZN11gtoc12_seed6chooseEPKNS_6BranchEPKdPi
0000000000038430 T _ZN11gtoc12_seed6refineEPKdiS1_S1_PKiPNS_6BranchE
0000000000038700 T _ZN11gtoc12_seed6sampleEiPKdS1_PKNS_6BranchEPKiiidPdS7_Pi
000000000003d620 W _ZN11gtoc12_seed7Scratch6createEiPKdS2_P11CUstream_st
000000000003d980 W _ZN11gtoc12_seed7Scratch6launchEiiidPdS1_P11CUstream_st
0000000000037d30 T _ZN11gtoc12_seed7stumpffEdRdS0_
00000000000382f0 T _ZN11gtoc12_seed8bracketsEPKdPKiPi
0000000000037db0 T _ZN11gtoc12_seed8equationEdddddRdS0_
00000000000381f0 T _ZN11gtoc12_seed8evaluateEPKdiS1_PdPi
0000000000037d50 T _ZN11gtoc12_seed8geometryEPKdi
0000000000037d90 T _ZN11gtoc12_seed8residualEdNS_8GeometryEdPd
00000000000856c0 W _ZN12QocoGpuAuditD1Ev
00000000000856c0 W _ZN12QocoGpuAuditD2Ev
0000000000091a50 T _ZN12gtoc12_fleet12rank_columnsENS_7ProblemEPi
0000000000091c90 T _ZN12gtoc12_fleet14start_exchangeENS_7ProblemEPhPNS_3RowEPNS_8ExchangeE
0000000000091ee0 T _ZN12gtoc12_fleet15accept_exchangeENS_7ProblemEPhPNS_3RowEPNS_8ExchangeEPKd
0000000000091020 T _ZN12gtoc12_fleet17exchange_containsEiPKhii
0000000000091040 T _ZN12gtoc12_fleet17exchange_suppliedENS_7ProblemEiPKhii
0000000000091db0 T _ZN12gtoc12_fleet18evaluate_exchangesENS_7ProblemEPKhPKNS_3RowEPKNS_8ExchangeEPd
0000000000090fe0 T _ZN12gtoc12_fleet4copyEiPhPKh
0000000000091000 T _ZN12gtoc12_fleet4markERKNS_7ProblemEiPhi
0000000000091b70 T _ZN12gtoc12_fleet4seedENS_7ProblemEPKiPKhPhPNS_3RowE
000000000009dc30 W _ZN12gtoc12_fleet6Memory5allocIhEEbRPT_m
000000000009dcd0 W _ZN12gtoc12_fleet6Memory5inputIiEEbRPT_PKS2_m
000000000009a540 W _ZN12gtoc12_fleet6MemoryD1Ev
000000000009a540 W _ZN12gtoc12_fleet6MemoryD2Ev
00000000000921c0 T _ZN12gtoc12_fleet6finishENS_7ProblemEiPKhPKNS_3RowEPhP30spacepdhcg_gtoc12_fleet_report
0000000000092070 T _ZN12gtoc12_fleet6searchENS_7ProblemEiimPhS1_S1_S1_PNS_3RowE
0000000000090fc0 T _ZN12gtoc12_fleet8feasibleERKNS_7ProblemEPKhRiRdS6_
0000000000090fa0 T _ZN12gtoc12_fleet8suppliedERKNS_7ProblemEiPKh
0000000000090f80 T _ZN12gtoc12_fleet9conflictsERKNS_7ProblemEiPKh
000000000007aa10 W _ZN22spacepdhcg_native_qocoD1Ev
000000000007aa10 W _ZN22spacepdhcg_native_qocoD2Ev
00000000000b14b0 W _ZN25spacepdhcg_cuda_workspaceD1Ev
00000000000b14b0 W _ZN25spacepdhcg_cuda_workspaceD2Ev
0000000000049260 W _ZN3cub18CUB_200700_1200_NS10DeviceScan12ExclusiveSumIPiS3_iEE9cudaErrorPvRmT_T0_T1_P11CUstream_st
000000000009a1c0 W _ZN3cub18CUB_200700_1200_NS10PtxVersionERii
000000000009a150 W _ZN3cub18CUB_200700_1200_NS13CurrentDeviceEv
000000000009a960 W _ZN3cub18CUB_200700_1200_NS15DeviceMergeSort14SortKeysNoNVTXIP16RankedBeamOptioni8BeamLessEE9cudaErrorPvRmT_T0_T1_P11CUstream_st
000000000009c6f0 W _ZN3cub18CUB_200700_1200_NS15DeviceMergeSort8SortKeysIP16RankedBeamOptioni8BeamLessEE9cudaErrorPvRmT_T0_T1_P11CUstream_st
000000000004b350 W _ZN3cub18CUB_200700_1200_NS15DeviceRadixSort9SortPairsIdiiEE9cudaErrorPvRmPKT_PS6_PKT0_PSA_T1_iiP11CUstream_st
0000000000085cd0 W _ZN3cub18CUB_200700_1200_NS15DeviceRadixSort9SortPairsIiiiEE9cudaErrorPvRmPKT_PS6_PKT0_PSA_T1_iiP11CUstream_st
00000000000b20e0 W _ZN3cub18CUB_200700_1200_NS15DeviceRadixSort9SortPairsIyiiEE9cudaErrorPvRmPKT_PS6_PKT0_PSA_T1_iiP11CUstream_st
000000000004b280 W _ZN3cub18CUB_200700_1200_NS17DispatchRadixSortILb0EdijNS0_21DeviceRadixSortPolicyIdijEENS0_6detail21identity_decomposer_tEE10PassConfigIPFvPKdPjjiiNS0_13GridEvenShareIjEES5_EPFvSA_iEPFvS9_PdPKiPiSA_jiiSC_S5_EEC1Ev
000000000004b280 W _ZN3cub18CUB_200700_1200_NS17DispatchRadixSortILb0EdijNS0_21DeviceRadixSortPolicyIdijEENS0_6detail21identity_decomposer_tEE10PassConfigIPFvPKdPjjiiNS0_13GridEvenShareIjEES5_EPFvSA_iEPFvS9_PdPKiPiSA_jiiSC_S5_EEC2Ev
0000000000085c30 W _ZN3cub18CUB_200700_1200_NS17DispatchRadixSortILb0EiijNS0_21DeviceRadixSortPolicyIiijEENS0_6detail21identity_decomposer_tEE10PassConfigIPFvPKiPjjiiNS0_13GridEvenShareIjEES5_EPFvSA_iEPFvS9_PiS9_SH_SA_jiiSC_S5_EEC1Ev
0000000000085c30 W _ZN3cub18CUB_200700_1200_NS17DispatchRadixSortILb0EiijNS0_21DeviceRadixSortPolicyIiijEENS0_6detail21identity_decomposer_tEE10PassConfigIPFvPKiPjjiiNS0_13GridEvenShareIjEES5_EPFvSA_iEPFvS9_PiS9_SH_SA_jiiSC_S5_EEC2Ev
00000000000b2040 W _ZN3cub18CUB_200700_1200_NS17DispatchRadixSortILb0EyijNS0_21DeviceRadixSortPolicyIyijEENS0_6detail21identity_decomposer_tEE10PassConfigIPFvPKyPjjiiNS0_13GridEvenShareIjEES5_EPFvSA_iEPFvS9_PyPKiPiSA_jiiSC_S5_EEC1Ev
00000000000b2040 W _ZN3cub18CUB_200700_1200_NS17DispatchRadixSortILb0EyijNS0_21DeviceRadixSortPolicyIyijEENS0_6detail21identity_decomposer_tEE10PassConfigIPFvPKyPjjiiNS0_13GridEvenShareIjEES5_EPFvSA_iEPFvS9_PyPKiPiSA_jiiSC_S5_EEC2Ev
0000000000049040 W _ZN3cub18CUB_200700_1200_NS6detail6HasUVAERb
000000000009a7d0 W _ZN40spacepdhcg_orbitweaver_lambert_workspaceD1Ev
000000000009a7d0 W _ZN40spacepdhcg_orbitweaver_lambert_workspaceD2Ev
0000000000041fa0 W _ZN4cuda3__410cuda_errorD0Ev
0000000000041f80 W _ZN4cuda3__410cuda_errorD1Ev
0000000000041f80 W _ZN4cuda3__410cuda_errorD2Ev
0000000000049000 W _ZN4cuda3__423__ensure_current_deviceD1Ev
0000000000049000 W _ZN4cuda3__423__ensure_current_deviceD2Ev
00000000000bee2c u _ZN4cuda3std3__419piecewise_constructE
00000000000bee14 u _ZN4cuda3std3__420unreachable_sentinelE
00000000000bee2a u _ZN4cuda3std3__45__cpo3endE
00000000000bee28 u _ZN4cuda3std3__45__cpo4cendE
00000000000bee17 u _ZN4cuda3std3__45__cpo4rendE
00000000000bee2b u _ZN4cuda3std3__45__cpo5beginE
00000000000bee15 u _ZN4cuda3std3__45__cpo5crendE
00000000000bee29 u _ZN4cuda3std3__45__cpo6cbeginE
00000000000bee18 u _ZN4cuda3std3__45__cpo6rbeginE
00000000000bee16 u _ZN4cuda3std3__45__cpo7crbeginE
00000000000bee13 u _ZN4cuda3std3__47nulloptE
00000000000bee27 u _ZN4cuda3std3__48in_placeE
00000000000490f0 W _ZN4cuda3std3__48optionalIN5nvtx32v115scoped_range_inIN3cub18CUB_200700_1200_NS6detail14NVTXCCCLDomainEEEED1Ev
00000000000490f0 W _ZN4cuda3std3__48optionalIN5nvtx32v115scoped_range_inIN3cub18CUB_200700_1200_NS6detail14NVTXCCCLDomainEEEED2Ev
00000000000bee23 u _ZN4cuda3std6ranges3__45__cpo3endE
00000000000bee21 u _ZN4cuda3std6ranges3__45__cpo4cendE
00000000000bee1d u _ZN4cuda3std6ranges3__45__cpo4dataE
00000000000bee1f u _ZN4cuda3std6ranges3__45__cpo4nextE
00000000000bee1e u _ZN4cuda3std6ranges3__45__cpo4prevE
00000000000bee1b u _ZN4cuda3std6ranges3__45__cpo4sizeE
00000000000bee2e u _ZN4cuda3std6ranges3__45__cpo4swapE
00000000000bee24 u _ZN4cuda3std6ranges3__45__cpo5beginE
00000000000bee1c u _ZN4cuda3std6ranges3__45__cpo5cdataE
00000000000bee1a u _ZN4cuda3std6ranges3__45__cpo5ssizeE
00000000000bee22 u _ZN4cuda3std6ranges3__45__cpo6cbeginE
00000000000bee25 u _ZN4cuda3std6ranges3__45__cpo7advanceE
00000000000bee19 u _ZN4cuda3std6ranges3__45__cpo8distanceE
00000000000bee2d u _ZN4cuda3std6ranges3__45__cpo9iter_moveE
00000000000bee20 u _ZN4cuda3std6ranges3__45__cpo9iter_swapE
00000000000491b0 W _ZN5nvtx32v115scoped_range_inIN3cub18CUB_200700_1200_NS6detail14NVTXCCCLDomainEED1Ev
00000000000491b0 W _ZN5nvtx32v115scoped_range_inIN3cub18CUB_200700_1200_NS6detail14NVTXCCCLDomainEED2Ev
000000000009a8c0 W _ZN5nvtx32v120registered_string_inIN3cub18CUB_200700_1200_NS6detail14NVTXCCCLDomainEEC1EPKc
000000000009a8c0 W _ZN5nvtx32v120registered_string_inIN3cub18CUB_200700_1200_NS6detail14NVTXCCCLDomainEEC2EPKc
00000000013f0040 B _ZN6dop8531AE
00000000013effe0 B _ZN6dop8531BE
00000000013f04c0 B _ZN6dop8531CE
00000000013eff60 B _ZN6dop8532E3E
00000000013efee0 B _ZN6dop8532E5E
000000000007c140 W _ZNSt10_HashtableImSt4pairIKmdESaIS2_ENSt8__detail10_Select1stESt8equal_toImESt4hashImENS4_18_Mod_range_hashingENS4_20_Default_ranged_hashENS4_20_Prime_rehash_policyENS4_17_Hashtable_traitsILb0ELb0ELb1EEEE9_M_rehashEmRS1_
000000000007ae50 W _ZNSt10_HashtableImSt4pairIKmdESaIS2_ENSt8__detail10_Select1stESt8equal_toImESt4hashImENS4_18_Mod_range_hashingENS4_20_Default_ranged_hashENS4_20_Prime_rehash_policyENS4_17_Hashtable_traitsILb0ELb0ELb1EEEED1Ev
000000000007ae50 W _ZNSt10_HashtableImSt4pairIKmdESaIS2_ENSt8__detail10_Select1stESt8equal_toImESt4hashImENS4_18_Mod_range_hashingENS4_20_Default_ranged_hashENS4_20_Prime_rehash_policyENS4_17_Hashtable_traitsILb0ELb0ELb1EEEED2Ev
000000000007c280 W _ZNSt10_HashtableImSt4pairIKmiESaIS2_ENSt8__detail10_Select1stESt8equal_toImESt4hashImENS4_18_Mod_range_hashingENS4_20_Default_ranged_hashENS4_20_Prime_rehash_policyENS4_17_Hashtable_traitsILb0ELb0ELb1EEEE9_M_rehashEmRS1_
000000000009a630 W _ZNSt10unique_ptrI11BeamScratchSt14default_deleteIS0_EED1Ev
000000000009a630 W _ZNSt10unique_ptrI11BeamScratchSt14default_deleteIS0_EED2Ev
000000000009a5d0 W _ZNSt10unique_ptrI16HopOptionScratchSt14default_deleteIS0_EED1Ev
000000000009a5d0 W _ZNSt10unique_ptrI16HopOptionScratchSt14default_deleteIS0_EED2Ev
000000000009a6a0 W _ZNSt10unique_ptrI17HopGridCacheEntrySt14default_deleteIS0_EED1Ev
000000000009a6a0 W _ZNSt10unique_ptrI17HopGridCacheEntrySt14default_deleteIS0_EED2Ev
0000000000049180 W _ZNSt11unique_lockISt5mutexE6unlockEv
000000000007bff0 W _ZNSt6vectorI18QocoConversionPairSaIS0_EE17_M_realloc_insertIJS0_EEEvN9__gnu_cxx17__normal_iteratorIPS0_S2_EEDpOT_
000000000007bbe0 W _ZNSt6vectorI18QocoConversionTermSaIS0_EE17_M_realloc_insertIJRKS0_EEEvN9__gnu_cxx17__normal_iteratorIPS0_S2_EEDpOT_
00000000000350c0 W _ZNSt6vectorI31spacepdhcg_cuda_cone_descriptorSaIS0_EE17_M_realloc_insertIJS0_EEEvN9__gnu_cxx17__normal_iteratorIPS0_S2_EEDpOT_
00000000000b19a0 W _ZNSt6vectorI34spacepdhcg_accelerator_buffer_viewSaIS0_EE17_M_realloc_insertIJRKS0_EEEvN9__gnu_cxx17__normal_iteratorIPS0_S2_EEDpOT_
00000000000b1b20 W _ZNSt6vectorI34spacepdhcg_accelerator_buffer_viewSaIS0_EE9push_backERKS0_
00000000000b1b70 W _ZNSt6vectorIN10spacepdhcg4cuda16AllocationRecordESaIS2_EE17_M_realloc_insertIJS2_EEEvN9__gnu_cxx17__normal_iteratorIPS2_S4_EEDpOT_
0000000000035230 W _ZNSt6vectorINSt7__cxx1112basic_stringIcSt11char_traitsIcESaIcEEESaIS5_EE17_M_realloc_insertIJS5_EEEvN9__gnu_cxx17__normal_iteratorIPS5_S7_EEDpOT_
0000000000034e00 W _ZNSt6vectorIP22spacepdhcg_gtoc12_qocoSaIS1_EE17_M_realloc_insertIJRKS1_EEEvN9__gnu_cxx17__normal_iteratorIPS1_S3_EEDpOT_
000000000005e500 W _ZNSt6vectorIPKfSaIS1_EE17_M_realloc_insertIJS1_EEEvN9__gnu_cxx17__normal_iteratorIPS1_S3_EEDpOT_
000000000009dae0 W _ZNSt6vectorIPvSaIS0_EE17_M_realloc_insertIJS0_EEEvN9__gnu_cxx17__normal_iteratorIPS0_S2_EEDpOT_
000000000007add0 W _ZNSt6vectorIS_ISt4pairIidESaIS1_EESaIS3_EED1Ev
000000000007add0 W _ZNSt6vectorIS_ISt4pairIidESaIS1_EESaIS3_EED2Ev
000000000007aee0 W _ZNSt6vectorIS_ISt4pairIiiESaIS1_EESaIS3_EED1Ev
000000000007aee0 W _ZNSt6vectorIS_ISt4pairIiiESaIS1_EESaIS3_EED2Ev
000000000007ba50 W _ZNSt6vectorISt4pairIiiESaIS1_EE17_M_realloc_insertIJRiS5_EEEvN9__gnu_cxx17__normal_iteratorIPS1_S3_EEDpOT_
000000000007b650 W _ZNSt6vectorIdSaIdEE14_M_fill_assignEmRKd
000000000007b4f0 W _ZNSt6vectorIdSaIdEE17_M_realloc_insertIJRKdEEEvN9__gnu_cxx17__normal_iteratorIPdS1_EEDpOT_
000000000007bd40 W _ZNSt6vectorIdSaIdEE17_M_realloc_insertIJdEEEvN9__gnu_cxx17__normal_iteratorIPdS1_EEDpOT_
000000000007af60 W _ZNSt6vectorIdSaIdEE6resizeEm
000000000007b140 W _ZNSt6vectorIdSaIdEEC1EmRKS0_
000000000007b140 W _ZNSt6vectorIdSaIdEEC2EmRKS0_
000000000007b8b0 W _ZNSt6vectorIhSaIhEE17_M_default_appendEm
000000000007b220 W _ZNSt6vectorIiSaIiEE14_M_fill_assignEmRKi
000000000002b480 W _ZNSt6vectorIiSaIiEE17_M_default_appendEm
000000000002b660 W _ZNSt6vectorIiSaIiEE17_M_realloc_insertIJRKiEEEvN9__gnu_cxx17__normal_iteratorIPiS1_EEDpOT_
000000000007bea0 W _ZNSt6vectorIiSaIiEE17_M_realloc_insertIJiEEEvN9__gnu_cxx17__normal_iteratorIPiS1_EEDpOT_
000000000009a720 W _ZNSt7__cxx1110_List_baseISt10unique_ptrI17HopGridCacheEntrySt14default_deleteIS2_EESaIS5_EE8_M_clearEv
0000000000035750 W _ZNSt7__cxx1112basic_stringIcSt11char_traitsIcESaIcEE4swapERS4_
0000000000035630 W _ZNSt7__cxx1112basic_stringIcSt11char_traitsIcESaIcEE9_M_assignERKS4_
0000000000035490 W _ZNSt7__cxx1112basic_stringIcSt11char_traitsIcESaIcEE9_M_mutateEmmPKcm
00000000000b16b0 W _ZNSt7__cxx1112basic_stringIcSt11char_traitsIcESaIcEEC1IS3_EEPKcRKS3_
00000000000b16b0 W _ZNSt7__cxx1112basic_stringIcSt11char_traitsIcESaIcEEC2IS3_EEPKcRKS3_
00000000000b1f10 W _ZStplIcSt11char_traitsIcESaIcEENSt7__cxx1112basic_stringIT_T0_T1_EEOS8_PKS5_
00000000013ed9b8 V _ZTIN4cuda3__410cuda_errorE
00000000000bedf0 V _ZTSN4cuda3__410cuda_errorE
00000000013ed9d0 V _ZTVN4cuda3__410cuda_errorE
00000000013f0560 u _ZZN3cub18CUB_200700_1200_NS10DeviceScan12ExclusiveSumIPiS3_iEE9cudaErrorPvRmT_T0_T1_P11CUstream_stE21__cub_nvtx3_func_attr
00000000013f0598 u _ZZN3cub18CUB_200700_1200_NS10DeviceScan12ExclusiveSumIPiS3_iEE9cudaErrorPvRmT_T0_T1_P11CUstream_stE21__cub_nvtx3_func_name
00000000013f0d20 u _ZZN3cub18CUB_200700_1200_NS12DeviceSelect2IfIP15RankedHopOptionS4_Pi14ValidHopOptionEE9cudaErrorPvRmT_T0_T1_iT2_P11CUstream_stE21__cub_nvtx3_func_attr
00000000013f0d58 u _ZZN3cub18CUB_200700_1200_NS12DeviceSelect2IfIP15RankedHopOptionS4_Pi14ValidHopOptionEE9cudaErrorPvRmT_T0_T1_iT2_P11CUstream_stE21__cub_nvtx3_func_name
00000000013f0d80 u _ZZN3cub18CUB_200700_1200_NS15DeviceMergeSort8SortKeysIP15RankedHopOptioni13HopOptionLessEE9cudaErrorPvRmT_T0_T1_P11CUstream_stE21__cub_nvtx3_func_attr
00000000013f0db8 u _ZZN3cub18CUB_200700_1200_NS15DeviceMergeSort8SortKeysIP15RankedHopOptioni13HopOptionLessEE9cudaErrorPvRmT_T0_T1_P11CUstream_stE21__cub_nvtx3_func_name
00000000013f0cc0 u _ZZN3cub18CUB_200700_1200_NS15DeviceMergeSort8SortKeysIP16RankedBeamOptioni8BeamLessEE9cudaErrorPvRmT_T0_T1_P11CUstream_stE21__cub_nvtx3_func_attr
00000000013f0cf8 u _ZZN3cub18CUB_200700_1200_NS15DeviceMergeSort8SortKeysIP16RankedBeamOptioni8BeamLessEE9cudaErrorPvRmT_T0_T1_P11CUstream_stE21__cub_nvtx3_func_name
00000000013f05c0 u _ZZN3cub18CUB_200700_1200_NS15DeviceRadixSort9SortPairsIdiiEE9cudaErrorPvRmPKT_PS6_PKT0_PSA_T1_iiP11CUstream_stE21__cub_nvtx3_func_attr
00000000013f05f8 u _ZZN3cub18CUB_200700_1200_NS15DeviceRadixSort9SortPairsIdiiEE9cudaErrorPvRmPKT_PS6_PKT0_PSA_T1_iiP11CUstream_stE21__cub_nvtx3_func_name
00000000013f0c60 u _ZZN3cub18CUB_200700_1200_NS15DeviceRadixSort9SortPairsIiiiEE9cudaErrorPvRmPKT_PS6_PKT0_PSA_T1_iiP11CUstream_stE21__cub_nvtx3_func_attr
00000000013f0c98 u _ZZN3cub18CUB_200700_1200_NS15DeviceRadixSort9SortPairsIiiiEE9cudaErrorPvRmPKT_PS6_PKT0_PSA_T1_iiP11CUstream_stE21__cub_nvtx3_func_name
00000000013f0de0 u _ZZN3cub18CUB_200700_1200_NS15DeviceRadixSort9SortPairsIyiiEE9cudaErrorPvRmPKT_PS6_PKT0_PSA_T1_iiP11CUstream_stE21__cub_nvtx3_func_attr
00000000013f0e18 u _ZZN3cub18CUB_200700_1200_NS15DeviceRadixSort9SortPairsIyiiEE9cudaErrorPvRmPKT_PS6_PKT0_PSA_T1_iiP11CUstream_stE21__cub_nvtx3_func_name
00000000013f0c28 u _ZZN3cub18CUB_200700_1200_NS22DeviceCountCachedValueEvE5count
00000000013f0620 u _ZZN3cub18CUB_200700_1200_NS26GetPerDeviceAttributeCacheINS0_18PtxVersionCacheTagEEERNS0_23PerDeviceAttributeCacheEvE5cache
00000000013f0538 u _ZZN5nvtx32v16domain3getIN3cub18CUB_200700_1200_NS6detail14NVTXCCCLDomainELi0EEERKS1_vE1d
00000000000b9800 T __cudaRegisterLinkedBinary_14aa6b51_16_gtoc12_retime_cu_d3daaedb
00000000000b93a0 T __cudaRegisterLinkedBinary_3c2763f5_14_gtoc12_qoco_cu_457ce7e5
00000000000b92c0 T __cudaRegisterLinkedBinary_3f62b042_15_gtoc12_conic_cu_ca45b08e
00000000000b99c0 T __cudaRegisterLinkedBinary_42c628e7_15_gtoc12_joint_cu_8ba75cd7
00000000000b9aa0 T __cudaRegisterLinkedBinary_49638ca4_20_gtoc12_completion_cu_918f4c19
00000000000b9100 T __cudaRegisterLinkedBinary_74886ad4_14_device_scvx_cu_75de509e
00000000000b9c60 T __cudaRegisterLinkedBinary_924b62eb_18_orbitweaver_gpu_cu_9fcd2309_969
00000000000b9b80 T __cudaRegisterLinkedBinary_a6a67b49_18_native_qoco_gpu_cu_9fcd2309_951
00000000000b9d40 T __cudaRegisterLinkedBinary_a85f444f_19_persistent_pdhcg_cu_9fcd2309_1000
00000000000b9480 T __cudaRegisterLinkedBinary_b9b4c573_14_gtoc12_scvx_cu_3a1d6403
00000000000b9560 T __cudaRegisterLinkedBinary_ca0c138e_22_gtoc12_verification_cu_6900a7ae
00000000000b98e0 T __cudaRegisterLinkedBinary_ca8678d3_20_gtoc12_collect_dp_cu_9e372712
00000000000b91e0 T __cudaRegisterLinkedBinary_dcbdbcca_24_gtoc12_discretisation_cu_94229363
00000000000b9720 T __cudaRegisterLinkedBinary_dfb38dde_20_gtoc12_collection_cu_f08842c5
00000000000b9640 T __cudaRegisterLinkedBinary_ed346318_20_gtoc12_neighbours_cu_9fcd2309_824
00000000013efdf8 D __fatbinwrap_14aa6b51_16_gtoc12_retime_cu_d3daaedb
00000000013efd80 D __fatbinwrap_3c2763f5_14_gtoc12_qoco_cu_457ce7e5
00000000013efd68 D __fatbinwrap_3f62b042_15_gtoc12_conic_cu_ca45b08e
00000000013efe28 D __fatbinwrap_42c628e7_15_gtoc12_joint_cu_8ba75cd7
00000000013efe40 D __fatbinwrap_49638ca4_20_gtoc12_completion_cu_918f4c19
00000000013efd38 D __fatbinwrap_74886ad4_14_device_scvx_cu_75de509e
00000000013efe70 D __fatbinwrap_924b62eb_18_orbitweaver_gpu_cu_9fcd2309_969
00000000013efe58 D __fatbinwrap_a6a67b49_18_native_qoco_gpu_cu_9fcd2309_951
00000000013efe88 D __fatbinwrap_a85f444f_19_persistent_pdhcg_cu_9fcd2309_1000
00000000013efd98 D __fatbinwrap_b9b4c573_14_gtoc12_scvx_cu_3a1d6403
00000000013efdb0 D __fatbinwrap_ca0c138e_22_gtoc12_verification_cu_6900a7ae
00000000013efe10 D __fatbinwrap_ca8678d3_20_gtoc12_collect_dp_cu_9e372712
00000000013efd50 D __fatbinwrap_dcbdbcca_24_gtoc12_discretisation_cu_94229363
00000000013efde0 D __fatbinwrap_dfb38dde_20_gtoc12_collection_cu_f08842c5
00000000013efdc8 D __fatbinwrap_ed346318_20_gtoc12_neighbours_cu_9fcd2309_824
0000000000c38640 V hostRefConstantArrayExternalLinkage
0000000000c3864f V hostRefConstantArrayInternalLinkage
0000000000c3865e V hostRefDeviceArrayExternalLinkage
0000000000c3866d V hostRefDeviceArrayInternalLinkage
0000000000c38680 V hostRefKernelArrayExternalLinkage
0000000000c39980 V hostRefKernelArrayInternalLinkage
000000000005c4f0 T spacepdhcg_collect_create
000000000005d820 T spacepdhcg_collect_create_tables
000000000005a000 T spacepdhcg_collect_destroy
000000000005d180 T spacepdhcg_collect_solve
000000000005c500 T spacepdhcg_collect_solve_v2
000000000005a1d0 T spacepdhcg_collect_table_create
000000000005b050 T spacepdhcg_collect_table_destroy
000000000005d330 T spacepdhcg_collect_table_min_propellant
000000000005d230 T spacepdhcg_collect_table_read
000000000001a810 T spacepdhcg_cuda_fill_dynamics_csc_async
000000000001b0e0 T spacepdhcg_cuda_fill_time_dilated_csc_async
000000000001ce20 T spacepdhcg_cuda_scvx_driver_cancel
000000000001c5f0 T spacepdhcg_cuda_scvx_driver_create
000000000001cf80 T spacepdhcg_cuda_scvx_driver_destroy
000000000001d1c0 T spacepdhcg_cuda_scvx_driver_handback_qoco
000000000001cde0 T spacepdhcg_cuda_scvx_driver_path_inventory
000000000001ce60 T spacepdhcg_cuda_scvx_driver_reset_attempt
000000000001ea90 T spacepdhcg_cuda_scvx_driver_solve
000000000001df90 T spacepdhcg_cuda_scvx_update_numeric_async
000000000001e220 T spacepdhcg_cuda_time_dilated_variational_rk4_async
000000000001e5f0 T spacepdhcg_cuda_variational_rk4_async
00000000000a15f0 T spacepdhcg_cuda_workspace_cancel
00000000000aa100 T spacepdhcg_cuda_workspace_checkpoint_async
00000000000a15b0 T spacepdhcg_cuda_workspace_checkpoint_bytes
00000000000a5ef0 T spacepdhcg_cuda_workspace_common_kkt_diagnostics
00000000000abdd0 T spacepdhcg_cuda_workspace_create
00000000000ae930 T spacepdhcg_cuda_workspace_create_from_dlpack
00000000000a16c0 T spacepdhcg_cuda_workspace_destroy
00000000000a11a0 T spacepdhcg_cuda_workspace_diagnostics
00000000000a5ca0 T spacepdhcg_cuda_workspace_halpern_diagnostics
00000000000a5dd0 T spacepdhcg_cuda_workspace_l1_diagnostics
00000000000a6190 T spacepdhcg_cuda_workspace_l1_weight_diagnostics
00000000000a1660 T spacepdhcg_cuda_workspace_last_error
00000000000a14e0 T spacepdhcg_cuda_workspace_pointer_snapshot
00000000000a5aa0 T spacepdhcg_cuda_workspace_query
00000000000a5b70 T spacepdhcg_cuda_workspace_recovery_profile
00000000000aee50 T spacepdhcg_cuda_workspace_refresh_scaling_async
00000000000a6460 T spacepdhcg_cuda_workspace_reset_async
00000000000a6ca0 T spacepdhcg_cuda_workspace_residuals_async
00000000000aa780 T spacepdhcg_cuda_workspace_restore_async
00000000000af200 T spacepdhcg_cuda_workspace_set_common_kkt_options
00000000000a6050 T spacepdhcg_cuda_workspace_set_execution_blocks
00000000000a4f20 T spacepdhcg_cuda_workspace_set_halpern_options
00000000000a4190 T spacepdhcg_cuda_workspace_set_l1_options
00000000000a67b0 T spacepdhcg_cuda_workspace_set_l1_weight
00000000000a7ec0 T spacepdhcg_cuda_workspace_solve_async
00000000000ab210 T spacepdhcg_cuda_workspace_update_async
00000000000ab6a0 T spacepdhcg_cuda_workspace_update_from_dlpack_async
00000000000a3dc0 T spacepdhcg_cuda_workspace_wait
00000000000a9760 T spacepdhcg_cuda_workspace_warm_start_async
00000000000a9df0 T spacepdhcg_cuda_workspace_warm_start_from_dlpack_async
0000000000053640 T spacepdhcg_gtoc12_collection_create
0000000000053450 T spacepdhcg_gtoc12_collection_destroy
0000000000052ec0 T spacepdhcg_gtoc12_collection_host
0000000000052be0 T spacepdhcg_gtoc12_collection_launch_device
00000000000528c0 T spacepdhcg_gtoc12_collection_options_destroy
0000000000052800 T spacepdhcg_gtoc12_collection_options_read
00000000000530e0 T spacepdhcg_gtoc12_collection_resident
00000000000663b0 T spacepdhcg_gtoc12_completion_create
0000000000066f00 T spacepdhcg_gtoc12_completion_destroy
0000000000066800 T spacepdhcg_gtoc12_completion_evaluate_host
00000000000265a0 T spacepdhcg_gtoc12_conic_copy_topology_host
0000000000027a80 T spacepdhcg_gtoc12_conic_create
0000000000026120 T spacepdhcg_gtoc12_conic_destroy
00000000000271f0 T spacepdhcg_gtoc12_conic_evaluate_host
0000000000026560 T spacepdhcg_gtoc12_conic_get_dimensions
0000000000026bc0 T spacepdhcg_gtoc12_conic_launch_controlled_device
0000000000026700 T spacepdhcg_gtoc12_conic_launch_device
0000000000026680 T spacepdhcg_gtoc12_conic_outputs
0000000000023c00 T spacepdhcg_gtoc12_discretisation_create
0000000000023b10 T spacepdhcg_gtoc12_discretisation_destroy
0000000000024aa0 T spacepdhcg_gtoc12_discretisation_evaluate_host
0000000000024130 T spacepdhcg_gtoc12_discretisation_launch_controlled_device
0000000000024030 T spacepdhcg_gtoc12_discretisation_launch_device
0000000000024a40 T spacepdhcg_gtoc12_discretisation_outputs
00000000000994f0 T spacepdhcg_gtoc12_fleet_search_host
0000000000099530 T spacepdhcg_gtoc12_fleet_search_v2_host
00000000000622d0 T spacepdhcg_gtoc12_joint_best_host
0000000000060ba0 T spacepdhcg_gtoc12_joint_create
0000000000062320 T spacepdhcg_gtoc12_joint_destroy
0000000000062290 T spacepdhcg_gtoc12_joint_evaluate_host
00000000000656c0 T spacepdhcg_gtoc12_joint_geometry_host
0000000000065730 T spacepdhcg_gtoc12_joint_mesh_host
00000000000658f0 T spacepdhcg_gtoc12_joint_search_host
0000000000041620 T spacepdhcg_gtoc12_neighbours_create
0000000000040c70 T spacepdhcg_gtoc12_neighbours_destroy
00000000000413e0 T spacepdhcg_gtoc12_neighbours_host
0000000000040e00 T spacepdhcg_gtoc12_neighbours_launch_device
000000000002d2e0 T spacepdhcg_gtoc12_qoco_can_enqueue
0000000000030ad0 T spacepdhcg_gtoc12_qoco_create
000000000002cea0 T spacepdhcg_gtoc12_qoco_destroy
0000000000030210 T spacepdhcg_gtoc12_qoco_enqueue_controlled
000000000002d360 T spacepdhcg_gtoc12_qoco_finish
000000000002d270 T spacepdhcg_gtoc12_qoco_get_dimensions
000000000002d2b0 T spacepdhcg_gtoc12_qoco_primal
00000000000301b0 T spacepdhcg_gtoc12_qoco_solve_controlled_device_with_consumer
000000000002fed0 T spacepdhcg_gtoc12_qoco_solve_device
000000000002fe80 T spacepdhcg_gtoc12_qoco_solve_device_with_consumer
000000000002ff30 T spacepdhcg_gtoc12_qoco_solve_host
0000000000055790 T spacepdhcg_gtoc12_retime_create
0000000000055820 T spacepdhcg_gtoc12_retime_create_elements
0000000000055d00 T spacepdhcg_gtoc12_retime_destroy
00000000000585f0 T spacepdhcg_gtoc12_retime_forward_host
0000000000055c60 T spacepdhcg_gtoc12_retime_graph_stats
0000000000058500 T spacepdhcg_gtoc12_retime_host
00000000000586a0 T spacepdhcg_gtoc12_retime_order_host
0000000000058530 T spacepdhcg_gtoc12_retime_path_host
0000000000056f30 T spacepdhcg_gtoc12_retime_read_sweep
0000000000055bd0 T spacepdhcg_gtoc12_retime_set_graph
0000000000056c10 T spacepdhcg_gtoc12_retime_set_sweep
0000000000058580 T spacepdhcg_gtoc12_retime_swept_path_host
0000000000039a30 T spacepdhcg_gtoc12_scvx_solve_host
0000000000038710 T spacepdhcg_gtoc12_seed_evaluate_host
000000000003e470 T spacepdhcg_gtoc12_verify_create
000000000003e320 T spacepdhcg_gtoc12_verify_destroy
000000000003e640 T spacepdhcg_gtoc12_verify_host
000000000003dfc0 T spacepdhcg_gtoc12_verify_launch
0000000000094ec0 T spacepdhcg_orbitweaver_collection_grid_host
0000000000098440 T spacepdhcg_orbitweaver_earth_beam_host
0000000000094530 T spacepdhcg_orbitweaver_hop_elements_host
0000000000094aa0 T spacepdhcg_orbitweaver_hop_grid_cache_stats
0000000000095450 T spacepdhcg_orbitweaver_hop_grid_cached_host
00000000000948b0 T spacepdhcg_orbitweaver_hop_grid_device
0000000000092c00 T spacepdhcg_orbitweaver_hop_launch_device
00000000000983f0 T spacepdhcg_orbitweaver_hop_options_host
0000000000098410 T spacepdhcg_orbitweaver_hop_options_resident
00000000000942a0 T spacepdhcg_orbitweaver_hop_screening_host
0000000000093c30 T spacepdhcg_orbitweaver_lambert_evaluate_async
0000000000092430 T spacepdhcg_orbitweaver_lambert_launch_device
0000000000091290 T spacepdhcg_orbitweaver_lambert_result_stride
0000000000093f30 T spacepdhcg_orbitweaver_lambert_screening_host
00000000000912a0 T spacepdhcg_orbitweaver_lambert_workspace_cancel
0000000000095cf0 T spacepdhcg_orbitweaver_lambert_workspace_create
0000000000096070 T spacepdhcg_orbitweaver_lambert_workspace_destroy
0000000000094b70 T spacepdhcg_orbitweaver_lambert_workspace_finish
0000000000094c70 T spacepdhcg_orbitweaver_lambert_workspace_telemetry
00000000000598a0 T spacepdhcg_route_recovery_order
