Using Python 3.12.14 environment at: build-current-head-g0-wheel-consumer
Resolved 28 packages in 221ms
Downloading kiwisolver (1.4MiB)
Downloading matplotlib (9.6MiB)
Downloading numpy (15.9MiB)
Downloading pillow (6.6MiB)
Downloading scipy (33.7MiB)
Downloading clarabel (1.1MiB)
Downloading fonttools (5.2MiB)
 Downloaded clarabel
 Downloaded kiwisolver
 Downloaded fonttools
 Downloaded pillow
 Downloaded matplotlib
 Downloaded numpy
 Downloaded scipy
Prepared 21 packages in 367ms
Installed 28 packages in 17ms
 + attrs==26.1.0
 + cffi==2.1.1
 + clarabel==0.11.1
 + cloudpickle==3.1.2
 + contourpy==1.3.3
 + cycler==0.12.1
 + fonttools==4.64.0
 + jinja2==3.1.6
 + joblib==1.6.0
 + jsonschema==4.26.0
 + jsonschema-specifications==2025.9.1
 + kiwisolver==1.5.1
 + markupsafe==3.0.3
 + matplotlib==3.11.1
 + numpy==2.5.2
 + osqp==1.1.3
 + packaging==26.3
 + pillow==12.3.0
 + pycparser==3.0
 + pyparsing==3.3.2
 + python-dateutil==2.9.0.post0
 + referencing==0.37.0
 + rpds-py==2026.6.3
 + scipy==1.18.1
 + setuptools==84.0.0
 + six==1.17.0
 + spacepdhcg==0.1.0.dev0 (from file:///home/ubuntu/spacepdhcg/v1/results/gpu/current-head-9e75b47-h100/g0/artifacts/spacepdhcg-0.1.0.dev0-cp312-cp312-linux_x86_64.whl)
 + typing-extensions==4.16.0
