[0/2] Re-checking globbed directories...
[1/21] Building CUDA object cuda/CMakeFiles/spacepdhcg_pinned_reference.dir/pdhcg-patched/src/pdhg_core_op.cu.o
[2/21] Building CUDA object cuda/CMakeFiles/spacepdhcg_pinned_reference.dir/pdhcg-patched/src/solver_state.cu.o
[3/21] Building CXX object cuda/CMakeFiles/spacepdhcg_cuda.dir/src/native_qoco_adapter.cpp.o
[4/21] Building CUDA object cuda/CMakeFiles/spacepdhcg_pinned_reference.dir/pdhcg-patched/src/spmv_backend.cu.o
[5/21] Building CUDA object cuda/CMakeFiles/spacepdhcg_cuda.dir/src/gtoc12_scvx.cu.o
[6/21] Linking CUDA static library cuda/CMakeFiles/spacepdhcg_pinned_reference.dir/cmake_device_link.o
[7/21] Linking CUDA static library cuda/libspacepdhcg_pinned_reference.a
[8/21] Linking CXX shared library cuda/CMakeFiles/spacepdhcg_cuda.dir/cmake_device_link.o
[9/21] Linking CXX shared library cuda/libspacepdhcg_cuda.so
[10/21] Building CUDA object cuda/CMakeFiles/gtoc12_graph_deadline_test.dir/tests/gtoc12_graph_deadline_test.cu.o
[11/21] Linking CUDA executable cuda/CMakeFiles/gtoc12_graph_deadline_test.dir/cmake_device_link.o
[12/21] Linking CUDA executable cuda-tests/gtoc12_graph_deadline_test
[13/21] Building CUDA object cuda/CMakeFiles/gtoc12_outer_graph_test.dir/tests/gtoc12_outer_graph_test.cu.o
[14/21] Linking CUDA executable cuda/CMakeFiles/gtoc12_outer_graph_test.dir/cmake_device_link.o
[15/21] Linking CUDA executable cuda-tests/gtoc12_outer_graph_test
[16/21] Building CUDA object cuda/CMakeFiles/gtoc12_qoco_guard_test.dir/tests/gtoc12_qoco_guard_test.cu.o
[17/21] Linking CUDA executable cuda/CMakeFiles/gtoc12_qoco_guard_test.dir/cmake_device_link.o
[18/21] Linking CUDA executable cuda-tests/gtoc12_qoco_guard_test
[19/21] Building CUDA object cuda/CMakeFiles/gtoc12_scvx_test.dir/tests/gtoc12_scvx_test.cu.o
[20/21] Linking CUDA executable cuda/CMakeFiles/gtoc12_scvx_test.dir/cmake_device_link.o
[21/21] Linking CUDA executable cuda-tests/gtoc12_scvx_test
