0000000000095400 T _Z100__device_stub__ZN12gtoc12_fleet6finishENS_7ProblemEiPKhPKNS_3RowEPhP30spacepdhcg_gtoc12_fleet_reportRN12gtoc12_fleet7ProblemEiPKhPKNS_3RowEPhP30spacepdhcg_gtoc12_fleet_report
0000000000095910 T _Z112__device_stub__ZN12gtoc12_fleet16canonical_routesENS_6RoutesEPK30spacepdhcg_gtoc12_fleet_columnPKhPS1_PiS7_PdS8_RN12gtoc12_fleet6RoutesEPK30spacepdhcg_gtoc12_fleet_columnPKhPS2_PiS8_PdS9_
00000000000307d0 T _Z114__device_stub__ZN11gtoc12_qoco7qualifyEPK16QocoReplayStatusPK15QocoAuditResultPKddP29spacepdhcg_gtoc12_qoco_reportPK16QocoReplayStatusPK15QocoAuditResultPKddP29spacepdhcg_gtoc12_qoco_report
0000000000094b80 T _Z11beam_scores34spacepdhcg_orbitweaver_beam_configPK34spacepdhcg_orbitweaver_beam_targetPKdS4_mmmmPK33spacepdhcg_orbitweaver_hop_resultP16RankedBeamOptionPj
00000000000949c0 T _Z13beam_requests34spacepdhcg_orbitweaver_beam_configPK34spacepdhcg_orbitweaver_beam_targetPKdS4_mmmmP34spacepdhcg_orbitweaver_hop_request
0000000000094870 T _Z152__device_stub__Z13beam_requests34spacepdhcg_orbitweaver_beam_configPK34spacepdhcg_orbitweaver_beam_targetPKdS4_mmmmP34spacepdhcg_orbitweaver_hop_requestR34spacepdhcg_orbitweaver_beam_configPK34spacepdhcg_orbitweaver_beam_targetPKdS5_mmmmP34spacepdhcg_orbitweaver_hop_request
00000000000a52c0 W _Z15earth_beam_hostI40spacepdhcg_orbitweaver_lambert_workspaceE22spacepdhcg_cuda_statusPT_PK34spacepdhcg_orbitweaver_beam_configPK34spacepdhcg_orbitweaver_beam_targetmPKdmSB_mmmP34spacepdhcg_orbitweaver_beam_optionmPm
0000000000094860 T _Z16pack_hop_optionsPK15RankedHopOptionPKiP33spacepdhcg_orbitweaver_hop_option
0000000000094a00 T _Z171__device_stub__Z11beam_scores34spacepdhcg_orbitweaver_beam_configPK34spacepdhcg_orbitweaver_beam_targetPKdS4_mmmmPK33spacepdhcg_orbitweaver_hop_resultP16RankedBeamOptionPjR34spacepdhcg_orbitweaver_beam_configPK34spacepdhcg_orbitweaver_beam_targetPKdS5_mmmmPK33spacepdhcg_orbitweaver_hop_resultP16RankedBeamOptionPj
0000000000094760 T _Z17build_hop_optionsPK33spacepdhcg_orbitweaver_hop_resultPKdmmP15RankedHopOption
000000000006bb00 T _Z18copy_native_reportP22spacepdhcg_native_qocoP29spacepdhcg_native_qoco_report22spacepdhcg_cuda_status
0000000000084660 T _Z18qoco_gpu_audit_runP12QocoGpuAuditPKdS2_S2_PdP11CUstream_stP15QocoAuditResult
000000000006dfa0 T _Z19finish_native_solveP22spacepdhcg_native_qocoPK28spacepdhcg_cuda_scvx_problemP11CUstream_stPdS6_P29spacepdhcg_native_qoco_reportPF9cudaErrorPvPK16QocoReplayStatusPK15QocoAuditResultS5_ESA_biSE_bb
0000000000028800 T _Z19gtoc12_conic_rebindP23spacepdhcg_gtoc12_conicddPKdS2_S2_
0000000000036c10 T _Z19gtoc12_qoco_acquireiiiiddPKdS0_S0_diPP22spacepdhcg_gtoc12_qoco
0000000000032cf0 T _Z19gtoc12_qoco_releaseP22spacepdhcg_gtoc12_qocob
000000000006bdb0 T _Z20native_solver_valuesP22spacepdhcg_native_qocoP11CUstream_stPPKd
0000000000082740 T _Z20qoco_gpu_bound_typesiiPKdS0_S0_S0_PhP11CUstream_st
0000000000086600 T _Z21qoco_gpu_audit_createRK14QocoAuditInputbP11CUstream_stPP12QocoGpuAudit
0000000000081e90 T _Z21qoco_gpu_audit_memoryPK12QocoGpuAudit
0000000000081880 T _Z21qoco_gpu_audit_originPK12QocoGpuAudit
0000000000080bd0 T _Z21qoco_gpu_audit_updateP12QocoGpuAuditRK14QocoAuditInputP11CUstream_st
0000000000081380 T _Z21qoco_gpu_graph_recordP17QocoGraphProgressPK16QocoReplayStatusPK15QocoAuditResultPKimmP11CUstream_st
000000000006be80 T _Z21snapshot_qoco_problemP22spacepdhcg_native_qocoP11CUstream_st
0000000000081ec0 T _Z22qoco_gpu_audit_destroyP12QocoGpuAudit
000000000007a5a0 T _Z23native_qoco_create_implPK28spacepdhcg_cuda_scvx_problemP11CUstream_stiPP22spacepdhcg_native_qocodb
0000000000086170 T _Z23qoco_gpu_conversion_runP17QocoGpuConversionRK20QocoConversionInputsPdPiP11CUstream_st
0000000000081e50 T _Z24qoco_gpu_audit_transfersPK12QocoGpuAudit
0000000000081ef0 T _Z24qoco_gpu_topology_createRK17QocoTopologyInputP11CUstream_stPP15QocoGpuTopology
0000000000082660 T _Z24qoco_gpu_topology_memoryPK15QocoGpuTopology
0000000000083d70 T _Z25qoco_gpu_audit_run_deviceP12QocoGpuAuditPKdS2_S2_PdP11CUstream_stPPK15QocoAuditResult
00000000000817e0 T _Z25qoco_gpu_audit_set_originP12QocoGpuAuditPKdiP11CUstream_st
0000000000082690 T _Z25qoco_gpu_topology_destroyP15QocoGpuTopology
00000000000818c0 T _Z26qoco_gpu_audit_reconstructP12QocoGpuAuditPKdPdP11CUstream_st
0000000000082b40 T _Z26qoco_gpu_conversion_createRK18QocoConversionPlanP11CUstream_stPP17QocoGpuConversion
0000000000083430 T _Z26qoco_gpu_conversion_memoryPK17QocoGpuConversion
00000000000833e0 T _Z26qoco_gpu_conversion_valuesPK17QocoGpuConversion
0000000000082550 T _Z26qoco_gpu_topology_validateP15QocoGpuTopologyRK17QocoTopologyInputP11CUstream_stPb
0000000000083460 T _Z27qoco_gpu_conversion_destroyP17QocoGpuConversion
0000000000082630 T _Z27qoco_gpu_topology_transfersPK15QocoGpuTopology
00000000000263c0 T _Z28gtoc12_discretisation_rebindP32spacepdhcg_gtoc12_discretisationddPKd
0000000000081cb0 T _Z28qoco_gpu_audit_device_resultPK12QocoGpuAudit
0000000000081580 T _Z28qoco_gpu_audit_enable_originP12QocoGpuAudit
00000000000818a0 T _Z28qoco_gpu_audit_origin_offsetPK12QocoGpuAudit
0000000000084c20 T _Z28qoco_gpu_audit_origin_valuesP12QocoGpuAuditPKdP11CUstream_stPS2_
0000000000081cd0 T _Z28qoco_gpu_audit_replay_statusP12QocoGpuAuditPKiP11CUstream_stPPK16QocoReplayStatus
00000000000810f0 T _Z28qoco_gpu_audit_update_deviceP12QocoGpuAuditPKdP11CUstream_st
0000000000076ad0 T _Z29native_qoco_update_solve_implP22spacepdhcg_native_qocoPK28spacepdhcg_cuda_scvx_problemP11CUstream_st31spacepdhcg_cuda_warm_start_modePdS7_P29spacepdhcg_native_qoco_reportPF9cudaErrorPvPK16QocoReplayStatusPK15QocoAuditResultS5_ESB_PKib
0000000000081ac0 T _Z29qoco_gpu_audit_download_asyncP12QocoGpuAuditP11CUstream_stP15QocoAuditResult
0000000000081b20 T _Z29qoco_gpu_audit_publish_statusP12QocoGpuAuditiiP11CUstream_stPPK16QocoReplayStatus
0000000000083400 T _Z29qoco_gpu_conversion_transfersPK17QocoGpuConversion
000000000006c9c0 T _Z29spacepdhcg_native_qoco_acceptP22spacepdhcg_native_qocoP29spacepdhcg_native_qoco_report
000000000007ceb0 T _Z29spacepdhcg_native_qoco_createPK28spacepdhcg_cuda_scvx_problemP11CUstream_stiPP22spacepdhcg_native_qoco
000000000006fe30 T _Z29spacepdhcg_native_qoco_finishP22spacepdhcg_native_qocoP11CUstream_stP29spacepdhcg_native_qoco_report
0000000000080ef0 T _Z30qoco_gpu_audit_upload_solutionP12QocoGpuAuditPKdS2_S2_P11CUstream_stPS2_S5_S5_
00000000000859b0 T _Z30qoco_gpu_conversion_run_deviceP17QocoGpuConversionRK20QocoConversionInputsPKiP11CUstream_stPS5_
000000000006ccf0 T _Z30spacepdhcg_native_qoco_destroyP22spacepdhcg_native_qoco
00000000000795f0 T _Z30spacepdhcg_native_qoco_enqueueP22spacepdhcg_native_qocoPK28spacepdhcg_cuda_scvx_problemP11CUstream_stPdS6_PF9cudaErrorPvPK16QocoReplayStatusPK15QocoAuditResultS5_ES8_PKi
0000000000030640 T _Z32spacepdhcg_gtoc12_qoco_end_graphP22spacepdhcg_gtoc12_qocoP11CUstream_stP29spacepdhcg_gtoc12_qoco_report
0000000000096fe0 T _Z32spacepdhcg_joint_geometry_launchiiPK35spacepdhcg_orbitweaver_hop_elementsPKdS3_PK30spacepdhcg_gtoc12_joint_resultPK35spacepdhcg_gtoc12_joint_cached_costiP28spacepdhcg_gtoc12_joint_costP34spacepdhcg_orbitweaver_hop_requestP33spacepdhcg_orbitweaver_hop_resultP38spacepdhcg_gtoc12_joint_geometry_statsP11CUstream_st
000000000006d4d0 T _Z32spacepdhcg_native_qoco_end_graphP22spacepdhcg_native_qocoP11CUstream_stP29spacepdhcg_native_qoco_report
0000000000083250 T _Z33qoco_gpu_conversion_guard_numericP17QocoGpuConversionPKdP11CUstream_stPS2_
00000000000821b0 T _Z33qoco_gpu_topology_validate_deviceP15QocoGpuTopologyRK17QocoTopologyInputP11CUstream_stPPKi
000000000002fcf0 T _Z33spacepdhcg_gtoc12_qoco_emit_graphP22spacepdhcg_gtoc12_qocoP10CUgraph_stPKP14CUgraphNode_stmP11CUstream_stPKdSA_PK34spacepdhcg_gtoc12_conic_parametersPKiPFiPvPK29spacepdhcg_gtoc12_qoco_reportSA_SG_ESG_PS4_
0000000000079730 T _Z33spacepdhcg_native_qoco_emit_graphP22spacepdhcg_native_qocoPK28spacepdhcg_cuda_scvx_problemP10CUgraph_stPKP14CUgraphNode_stmP11CUstream_stPdSC_PKdiPKiPF9cudaErrorPvPK16QocoReplayStatusPK15QocoAuditResultSB_ESI_PS7_
000000000006d1a0 T _Z33spacepdhcg_native_qoco_set_originP22spacepdhcg_native_qocoPKdiP11CUstream_st
000000000002fbf0 T _Z34spacepdhcg_gtoc12_qoco_begin_graphP22spacepdhcg_gtoc12_qocoP11CUstream_stPPK17QocoGraphProgress
000000000006d330 T _Z34spacepdhcg_native_qoco_begin_graphP22spacepdhcg_native_qocoP11CUstream_stPPK17QocoGraphProgress
000000000006d0a0 T _Z34spacepdhcg_native_qoco_can_enqueuePK22spacepdhcg_native_qoco
000000000006ce50 T _Z34spacepdhcg_native_qoco_restart_legP22spacepdhcg_native_qoco
00000000000795b0 T _Z35spacepdhcg_native_qoco_update_solveP22spacepdhcg_native_qocoPK28spacepdhcg_cuda_scvx_problemP11CUstream_st31spacepdhcg_cuda_warm_start_modePdS7_P29spacepdhcg_native_qoco_report
00000000000830e0 T _Z36qoco_gpu_conversion_include_producerP17QocoGpuConversionPKiP11CUstream_st
0000000000054ba0 T _Z37gtoc12_collection_options_copy_devicePK35spacepdhcg_gtoc12_collection_optioniP11CUstream_stPP36spacepdhcg_gtoc12_collection_options
000000000006cc10 T _Z39spacepdhcg_native_qoco_reset_warm_stateP22spacepdhcg_native_qocob
0000000000083080 T _Z40qoco_gpu_conversion_download_flags_asyncP17QocoGpuConversionP11CUstream_stPi
000000000007cee0 T _Z40spacepdhcg_native_qoco_create_configuredPK28spacepdhcg_cuda_scvx_problemP11CUstream_stidbPP22spacepdhcg_native_qoco
000000000002fb10 T _Z45spacepdhcg_gtoc12_qoco_set_conditioning_retryP22spacepdhcg_gtoc12_qocoPKi
000000000006cd40 T _Z45spacepdhcg_native_qoco_set_conditioning_retryP22spacepdhcg_native_qocoPKi
000000000003a700 T _Z48__device_stub__ZN11gtoc12_seed8bracketsEPKdPKiPiPKdPKiPi
0000000000079590 T _Z49spacepdhcg_native_qoco_update_solve_with_consumerP22spacepdhcg_native_qocoPK28spacepdhcg_cuda_scvx_problemP11CUstream_stPdS6_P29spacepdhcg_native_qoco_reportPF9cudaErrorPvPK16QocoReplayStatusPK15QocoAuditResultS5_ESA_
000000000003a5d0 T _Z51__device_stub__ZN11gtoc12_seed8evaluateEPKdiS1_PdPiPKdiS0_PdPi
0000000000079530 T _Z52spacepdhcg_native_qoco_update_solve_with_input_guardP22spacepdhcg_native_qocoPK28spacepdhcg_cuda_scvx_problemP11CUstream_stPdS6_P29spacepdhcg_native_qoco_reportPF9cudaErrorPvPK16QocoReplayStatusPK15QocoAuditResultS5_ESA_PKi
0000000000095a90 T _Z54__device_stub__ZN12gtoc12_fleet15validate_totalsEPKdPiPKdPi
000000000003a940 T _Z56__device_stub__ZN11gtoc12_seed6chooseEPKNS_6BranchEPKdPiPKN11gtoc12_seed6BranchEPKdPi
0000000000094ce0 T _Z60__device_stub__ZN12gtoc12_fleet12rank_columnsENS_7ProblemEPiRN12gtoc12_fleet7ProblemEPi
000000000003a800 T _Z63__device_stub__ZN11gtoc12_seed6refineEPKdiS1_S1_PKiPNS_6BranchEPKdiS0_S0_PKiPN11gtoc12_seed6BranchE
0000000000095820 T _Z65__device_stub__ZN12gtoc12_fleet15eligible_routesENS_6RoutesEPKiPhRN12gtoc12_fleet6RoutesEPKiPh
0000000000094dc0 T _Z66__device_stub__ZN12gtoc12_fleet4seedENS_7ProblemEPKiPKhPhPNS_3RowERN12gtoc12_fleet7ProblemEPKiPKhPhPNS_3RowE
0000000000095b70 T _Z68__device_stub__ZN12gtoc12_fleet15route_conflictsENS_6RoutesEiPKiPhPiRN12gtoc12_fleet6RoutesEiPKiPhPi
0000000000095740 T _Z68__device_stub__ZN12gtoc12_fleet21provider_availabilityENS_6RoutesEPiRN12gtoc12_fleet6RoutesEPi
0000000000095ca0 T _Z69__device_stub__ZN12gtoc12_fleet18requirement_countsENS_6RoutesEiPKiPiRN12gtoc12_fleet6RoutesEiPKiPi
0000000000095db0 T _Z70__device_stub__ZN12gtoc12_fleet16map_requirementsENS_6RoutesEiPKiS2_PiRN12gtoc12_fleet6RoutesEiPKiS3_Pi
000000000003aa40 T _Z71__device_stub__ZN11gtoc12_seed6sampleEiPKdS1_PKNS_6BranchEPKiiidPdS7_PiiPKdS0_PKN11gtoc12_seed6BranchEPKiiidPdS7_Pi
0000000000096040 T _Z71__device_stub__ZN12gtoc12_fleet16compact_topologyEiPKiPKhS3_S1_PiS1_S4_iPKiPKhS2_S0_PiS0_S3_
0000000000095ee0 T _Z74__device_stub__ZN12gtoc12_fleet15route_providersENS_6RoutesEiPKiS2_S2_PhPiRN12gtoc12_fleet6RoutesEiPKiS3_S3_PhPi
0000000000095260 T _Z74__device_stub__ZN12gtoc12_fleet6searchENS_7ProblemEiimPhS1_S1_S1_PNS_3RowERN12gtoc12_fleet7ProblemEiimPhS2_S2_S2_PNS_3RowE
0000000000094ef0 T _Z85__device_stub__ZN12gtoc12_fleet14start_exchangeENS_7ProblemEPhPNS_3RowEPNS_8ExchangeERN12gtoc12_fleet7ProblemEPhPNS_3RowEPNS_8ExchangeE
0000000000094bd0 T _Z86__device_stub__Z9beam_packPK16RankedBeamOptionmP34spacepdhcg_orbitweaver_beam_optionPjPK16RankedBeamOptionmP34spacepdhcg_orbitweaver_beam_optionPj
000000000001f570 T _Z88__device_stub__ZN10spacepdhcg4cuda6detail28gather_scvx_candidate_kernelEPKdPKiS5_PdS6_mmPKdPKiS2_PdS3_mm
0000000000095130 T _Z89__device_stub__ZN12gtoc12_fleet15accept_exchangeENS_7ProblemEPhPNS_3RowEPNS_8ExchangeEPKdRN12gtoc12_fleet7ProblemEPhPNS_3RowEPNS_8ExchangeEPKd
0000000000095570 T _Z90__device_stub__ZN12gtoc12_fleet12score_routesENS_6RoutesEP30spacepdhcg_gtoc12_fleet_columnRN12gtoc12_fleet6RoutesEP30spacepdhcg_gtoc12_fleet_column
0000000000094770 T _Z92__device_stub__Z16pack_hop_optionsPK15RankedHopOptionPKiP33spacepdhcg_orbitweaver_hop_optionPK15RankedHopOptionPKiP33spacepdhcg_orbitweaver_hop_option
0000000000095650 T _Z94__device_stub__ZN12gtoc12_fleet15sort_route_keysENS_6RoutesEP29spacepdhcg_gtoc12_fleet_eventPlRN12gtoc12_fleet6RoutesEP29spacepdhcg_gtoc12_fleet_eventPl
0000000000095000 T _Z94__device_stub__ZN12gtoc12_fleet18evaluate_exchangesENS_7ProblemEPKhPKNS_3RowEPKNS_8ExchangeEPdRN12gtoc12_fleet7ProblemEPKhPKNS_3RowEPKNS_8ExchangeEPd
0000000000094640 T _Z95__device_stub__Z17build_hop_optionsPK33spacepdhcg_orbitweaver_hop_resultPKdmmP15RankedHopOptionPK33spacepdhcg_orbitweaver_hop_resultPKdmmP15RankedHopOption
0000000000094cd0 T _Z9beam_packPK16RankedBeamOptionmP34spacepdhcg_orbitweaver_beam_optionPj
0000000001629600 u _ZGVZN3cub18CUB_200700_1200_NS10DeviceScan12ExclusiveSumIPiS3_iEE9cudaErrorPvRmT_T0_T1_P11CUstream_stE21__cub_nvtx3_func_attr
0000000001629650 u _ZGVZN3cub18CUB_200700_1200_NS10DeviceScan12ExclusiveSumIPiS3_iEE9cudaErrorPvRmT_T0_T1_P11CUstream_stE21__cub_nvtx3_func_name
0000000001629ee0 u _ZGVZN3cub18CUB_200700_1200_NS10DeviceScan12InclusiveSumIPiS3_iEE9cudaErrorPvRmT_T0_T1_P11CUstream_stE21__cub_nvtx3_func_attr
0000000001629f30 u _ZGVZN3cub18CUB_200700_1200_NS10DeviceScan12InclusiveSumIPiS3_iEE9cudaErrorPvRmT_T0_T1_P11CUstream_stE21__cub_nvtx3_func_name
0000000001629e80 u _ZGVZN3cub18CUB_200700_1200_NS12DeviceReduce3SumIPKdPdiEE9cudaErrorPvRmT_T0_T1_P11CUstream_stE21__cub_nvtx3_func_attr
0000000001629ed0 u _ZGVZN3cub18CUB_200700_1200_NS12DeviceReduce3SumIPKdPdiEE9cudaErrorPvRmT_T0_T1_P11CUstream_stE21__cub_nvtx3_func_name
0000000001629f40 u _ZGVZN3cub18CUB_200700_1200_NS12DeviceReduce3SumIPdS3_iEE9cudaErrorPvRmT_T0_T1_P11CUstream_stE21__cub_nvtx3_func_attr
0000000001629f90 u _ZGVZN3cub18CUB_200700_1200_NS12DeviceReduce3SumIPdS3_iEE9cudaErrorPvRmT_T0_T1_P11CUstream_stE21__cub_nvtx3_func_name
0000000001629dc0 u _ZGVZN3cub18CUB_200700_1200_NS12DeviceSelect2IfIP15RankedHopOptionS4_Pi14ValidHopOptionEE9cudaErrorPvRmT_T0_T1_iT2_P11CUstream_stE21__cub_nvtx3_func_attr
0000000001629e10 u _ZGVZN3cub18CUB_200700_1200_NS12DeviceSelect2IfIP15RankedHopOptionS4_Pi14ValidHopOptionEE9cudaErrorPvRmT_T0_T1_iT2_P11CUstream_stE21__cub_nvtx3_func_name
0000000001629e20 u _ZGVZN3cub18CUB_200700_1200_NS15DeviceMergeSort8SortKeysIP15RankedHopOptioni13HopOptionLessEE9cudaErrorPvRmT_T0_T1_P11CUstream_stE21__cub_nvtx3_func_attr
0000000001629e70 u _ZGVZN3cub18CUB_200700_1200_NS15DeviceMergeSort8SortKeysIP15RankedHopOptioni13HopOptionLessEE9cudaErrorPvRmT_T0_T1_P11CUstream_stE21__cub_nvtx3_func_name
0000000001629d70 u _ZGVZN3cub18CUB_200700_1200_NS15DeviceMergeSort8SortKeysIP16RankedBeamOptioni8BeamLessEE9cudaErrorPvRmT_T0_T1_P11CUstream_stE21__cub_nvtx3_func_attr
0000000001629db0 u _ZGVZN3cub18CUB_200700_1200_NS15DeviceMergeSort8SortKeysIP16RankedBeamOptioni8BeamLessEE9cudaErrorPvRmT_T0_T1_P11CUstream_stE21__cub_nvtx3_func_name
0000000001629660 u _ZGVZN3cub18CUB_200700_1200_NS15DeviceRadixSort9SortPairsIdiiEE9cudaErrorPvRmPKT_PS6_PKT0_PSA_T1_iiP11CUstream_stE21__cub_nvtx3_func_attr
00000000016296b0 u _ZGVZN3cub18CUB_200700_1200_NS15DeviceRadixSort9SortPairsIdiiEE9cudaErrorPvRmPKT_PS6_PKT0_PSA_T1_iiP11CUstream_stE21__cub_nvtx3_func_name
0000000001629d08 u _ZGVZN3cub18CUB_200700_1200_NS15DeviceRadixSort9SortPairsIiiiEE9cudaErrorPvRmPKT_PS6_PKT0_PSA_T1_iiP11CUstream_stE21__cub_nvtx3_func_attr
0000000001629d50 u _ZGVZN3cub18CUB_200700_1200_NS15DeviceRadixSort9SortPairsIiiiEE9cudaErrorPvRmPKT_PS6_PKT0_PSA_T1_iiP11CUstream_stE21__cub_nvtx3_func_name
0000000001629fb0 u _ZGVZN3cub18CUB_200700_1200_NS15DeviceRadixSort9SortPairsIyiiEE9cudaErrorPvRmPKT_PS6_PKT0_PSA_T1_iiP11CUstream_stE21__cub_nvtx3_func_attr
0000000001629ff0 u _ZGVZN3cub18CUB_200700_1200_NS15DeviceRadixSort9SortPairsIyiiEE9cudaErrorPvRmPKT_PS6_PKT0_PSA_T1_iiP11CUstream_stE21__cub_nvtx3_func_name
0000000001629ce0 u _ZGVZN3cub18CUB_200700_1200_NS22DeviceCountCachedValueEvE5count
00000000016296c0 u _ZGVZN3cub18CUB_200700_1200_NS26GetPerDeviceAttributeCacheINS0_18PtxVersionCacheTagEEERNS0_23PerDeviceAttributeCacheEvE5cache
00000000016295f0 u _ZGVZN5nvtx32v16domain3getIN3cub18CUB_200700_1200_NS6detail14NVTXCCCLDomainELi0EEERKS1_vE1d
00000000000bece0 W _ZN10spacepdhcg4cuda12TimingEvents6createEv
00000000000bec30 W _ZN10spacepdhcg4cuda16AllocationLedger7releaseEPvm
0000000000024570 W _ZN10spacepdhcg4cuda6detail17hcw_replay_kernelILb1EEEvPKdS4_Pdm31spacepdhcg_cuda_dynamics_config
0000000000023840 W _ZN10spacepdhcg4cuda6detail19scvx_metrics_kernelILb1EEEvPKdS4_S4_S4_S4_S4_S4_PKimmmmiddd35spacepdhcg_cuda_scvx_numeric_updateS4_S4_S4_S6_S6_PNS1_11ScvxMetricsE
000000000001f6b0 T _ZN10spacepdhcg4cuda6detail28gather_scvx_candidate_kernelEPKdPKiS5_PdS6_mm
00000000000308f0 T _ZN11gtoc12_qoco7qualifyEPK16QocoReplayStatusPK15QocoAuditResultPKddP29spacepdhcg_gtoc12_qoco_report
000000000003a210 T _ZN11gtoc12_seed3dotEPKdS1_
000000000003a270 T _ZN11gtoc12_seed4gridEi
000000000003aa30 T _ZN11gtoc12_seed6chooseEPKNS_6BranchEPKdPi
000000000003a930 T _ZN11gtoc12_seed6refineEPKdiS1_S1_PKiPNS_6BranchE
000000000003ac00 T _ZN11gtoc12_seed6sampleEiPKdS1_PKNS_6BranchEPKiiidPdS7_Pi
000000000003fb20 W _ZN11gtoc12_seed7Scratch6createEiPKdS2_P11CUstream_st
000000000003fe80 W _ZN11gtoc12_seed7Scratch6launchEiiidPdS1_P11CUstream_st
000000000003a230 T _ZN11gtoc12_seed7stumpffEdRdS0_
000000000003a7f0 T _ZN11gtoc12_seed8bracketsEPKdPKiPi
000000000003a2b0 T _ZN11gtoc12_seed8equationEdddddRdS0_
000000000003a6f0 T _ZN11gtoc12_seed8evaluateEPKdiS1_PdPi
000000000003a250 T _ZN11gtoc12_seed8geometryEPKdi
000000000003a290 T _ZN11gtoc12_seed8residualEdNS_8GeometryEdPd
0000000000087bc0 W _ZN12QocoGpuAuditD1Ev
0000000000087bc0 W _ZN12QocoGpuAuditD2Ev
000000000009cf90 T _ZN12gtoc12_fleet11init_routesERNS_9WorkspaceEiiPK30spacepdhcg_gtoc12_fleet_columnPKiPK29spacepdhcg_gtoc12_fleet_eventS6_PKlS6_S9_S6_PK28spacepdhcg_gtoc12_fleet_massPiSF_
0000000000094da0 T _ZN12gtoc12_fleet12rank_columnsENS_7ProblemEPi
0000000000095630 T _ZN12gtoc12_fleet12score_routesENS_6RoutesEP30spacepdhcg_gtoc12_fleet_column
00000000000942e0 T _ZN12gtoc12_fleet14route_conflictENS_6RoutesEii
0000000000094fe0 T _ZN12gtoc12_fleet14start_exchangeENS_7ProblemEPhPNS_3RowEPNS_8ExchangeE
0000000000095230 T _ZN12gtoc12_fleet15accept_exchangeENS_7ProblemEPhPNS_3RowEPNS_8ExchangeEPKd
00000000000958f0 T _ZN12gtoc12_fleet15eligible_routesENS_6RoutesEPKiPh
0000000000095c70 T _ZN12gtoc12_fleet15route_conflictsENS_6RoutesEiPKiPhPi
0000000000096010 T _ZN12gtoc12_fleet15route_providersENS_6RoutesEiPKiS2_S2_PhPi
0000000000095720 T _ZN12gtoc12_fleet15sort_route_keysENS_6RoutesEP29spacepdhcg_gtoc12_fleet_eventPl
0000000000095b60 T _ZN12gtoc12_fleet15validate_totalsEPKdPi
0000000000095a60 T _ZN12gtoc12_fleet16canonical_routesENS_6RoutesEPK30spacepdhcg_gtoc12_fleet_columnPKhPS1_PiS7_PdS8_
00000000000961b0 T _ZN12gtoc12_fleet16compact_topologyEiPKiPKhS3_S1_PiS1_S4_
0000000000095eb0 T _ZN12gtoc12_fleet16map_requirementsENS_6RoutesEiPKiS2_Pi
0000000000094150 T _ZN12gtoc12_fleet17exchange_containsEiPKhii
0000000000094170 T _ZN12gtoc12_fleet17exchange_suppliedENS_7ProblemEiPKhii
0000000000095100 T _ZN12gtoc12_fleet18evaluate_exchangesENS_7ProblemEPKhPKNS_3RowEPKNS_8ExchangeEPd
0000000000095d90 T _ZN12gtoc12_fleet18requirement_countsENS_6RoutesEiPKiPi
0000000000095800 T _ZN12gtoc12_fleet21provider_availabilityENS_6RoutesEPi
0000000000094110 T _ZN12gtoc12_fleet4copyEiPhPKh
0000000000094130 T _ZN12gtoc12_fleet4markERKNS_7ProblemEiPhi
0000000000094ec0 T _ZN12gtoc12_fleet4seedENS_7ProblemEPKiPKhPhPNS_3RowE
00000000000a6490 W _ZN12gtoc12_fleet6Memory5allocI30spacepdhcg_gtoc12_fleet_columnEEbRPT_m
00000000000a6530 W _ZN12gtoc12_fleet6Memory5allocIdEEbRPT_m
00000000000a63f0 W _ZN12gtoc12_fleet6Memory5allocIhEEbRPT_m
00000000000a65d0 W _ZN12gtoc12_fleet6Memory5allocIiEEbRPT_m
00000000000a6670 W _ZN12gtoc12_fleet6Memory5inputIiEEbRPT_PKS2_m
00000000000a0890 W _ZN12gtoc12_fleet6MemoryD1Ev
00000000000a0890 W _ZN12gtoc12_fleet6MemoryD2Ev
0000000000095510 T _ZN12gtoc12_fleet6finishENS_7ProblemEiPKhPKNS_3RowEPhP30spacepdhcg_gtoc12_fleet_report
00000000000953c0 T _ZN12gtoc12_fleet6searchENS_7ProblemEiimPhS1_S1_S1_PNS_3RowE
00000000000940f0 T _ZN12gtoc12_fleet8feasibleERKNS_7ProblemEPKhRiRdS6_
00000000000940d0 T _ZN12gtoc12_fleet8suppliedERKNS_7ProblemEiPKh
00000000000a6a60 W _ZN12gtoc12_fleet9Workspace4initEiiPK30spacepdhcg_gtoc12_fleet_columnPKiS5_S5_S5_S5_
00000000000a09d0 W _ZN12gtoc12_fleet9Workspace5solveEimPKhPhP30spacepdhcg_gtoc12_fleet_reportiP39spacepdhcg_gtoc12_fleet_exchange_report
00000000000a6750 W _ZN12gtoc12_fleet9Workspace7buffersEii
00000000000940b0 T _ZN12gtoc12_fleet9conflictsERKNS_7ProblemEiPKh
000000000007cf10 W _ZN22spacepdhcg_native_qocoD1Ev
000000000007cf10 W _ZN22spacepdhcg_native_qocoD2Ev
00000000000bed10 W _ZN25spacepdhcg_cuda_workspaceD1Ev
00000000000bed10 W _ZN25spacepdhcg_cuda_workspaceD2Ev
000000000004b760 W _ZN3cub18CUB_200700_1200_NS10DeviceScan12ExclusiveSumIPiS3_iEE9cudaErrorPvRmT_T0_T1_P11CUstream_st
00000000000a7030 W _ZN3cub18CUB_200700_1200_NS10DeviceScan12InclusiveSumIPiS3_iEE9cudaErrorPvRmT_T0_T1_P11CUstream_st
00000000000a0530 W _ZN3cub18CUB_200700_1200_NS10PtxVersionERii
00000000000a1160 W _ZN3cub18CUB_200700_1200_NS12DeviceReduce3SumIPKdPdiEE9cudaErrorPvRmT_T0_T1_P11CUstream_st
00000000000a04c0 W _ZN3cub18CUB_200700_1200_NS13CurrentDeviceEv
00000000000a2d80 W _ZN3cub18CUB_200700_1200_NS15DeviceMergeSort14SortKeysNoNVTXIP16RankedBeamOptioni8BeamLessEE9cudaErrorPvRmT_T0_T1_P11CUstream_st
00000000000a4fb0 W _ZN3cub18CUB_200700_1200_NS15DeviceMergeSort8SortKeysIP16RankedBeamOptioni8BeamLessEE9cudaErrorPvRmT_T0_T1_P11CUstream_st
000000000004d850 W _ZN3cub18CUB_200700_1200_NS15DeviceRadixSort9SortPairsIdiiEE9cudaErrorPvRmPKT_PS6_PKT0_PSA_T1_iiP11CUstream_st
00000000000881d0 W _ZN3cub18CUB_200700_1200_NS15DeviceRadixSort9SortPairsIiiiEE9cudaErrorPvRmPKT_PS6_PKT0_PSA_T1_iiP11CUstream_st
00000000000bfa40 W _ZN3cub18CUB_200700_1200_NS15DeviceRadixSort9SortPairsIyiiEE9cudaErrorPvRmPKT_PS6_PKT0_PSA_T1_iiP11CUstream_st
000000000004d780 W _ZN3cub18CUB_200700_1200_NS17DispatchRadixSortILb0EdijNS0_21DeviceRadixSortPolicyIdijEENS0_6detail21identity_decomposer_tEE10PassConfigIPFvPKdPjjiiNS0_13GridEvenShareIjEES5_EPFvSA_iEPFvS9_PdPKiPiSA_jiiSC_S5_EEC1Ev
000000000004d780 W _ZN3cub18CUB_200700_1200_NS17DispatchRadixSortILb0EdijNS0_21DeviceRadixSortPolicyIdijEENS0_6detail21identity_decomposer_tEE10PassConfigIPFvPKdPjjiiNS0_13GridEvenShareIjEES5_EPFvSA_iEPFvS9_PdPKiPiSA_jiiSC_S5_EEC2Ev
0000000000088130 W _ZN3cub18CUB_200700_1200_NS17DispatchRadixSortILb0EiijNS0_21DeviceRadixSortPolicyIiijEENS0_6detail21identity_decomposer_tEE10PassConfigIPFvPKiPjjiiNS0_13GridEvenShareIjEES5_EPFvSA_iEPFvS9_PiS9_SH_SA_jiiSC_S5_EEC1Ev
0000000000088130 W _ZN3cub18CUB_200700_1200_NS17DispatchRadixSortILb0EiijNS0_21DeviceRadixSortPolicyIiijEENS0_6detail21identity_decomposer_tEE10PassConfigIPFvPKiPjjiiNS0_13GridEvenShareIjEES5_EPFvSA_iEPFvS9_PiS9_SH_SA_jiiSC_S5_EEC2Ev
00000000000bf9a0 W _ZN3cub18CUB_200700_1200_NS17DispatchRadixSortILb0EyijNS0_21DeviceRadixSortPolicyIyijEENS0_6detail21identity_decomposer_tEE10PassConfigIPFvPKyPjjiiNS0_13GridEvenShareIjEES5_EPFvSA_iEPFvS9_PyPKiPiSA_jiiSC_S5_EEC1Ev
00000000000bf9a0 W _ZN3cub18CUB_200700_1200_NS17DispatchRadixSortILb0EyijNS0_21DeviceRadixSortPolicyIyijEENS0_6detail21identity_decomposer_tEE10PassConfigIPFvPKyPjjiiNS0_13GridEvenShareIjEES5_EPFvSA_iEPFvS9_PyPKiPiSA_jiiSC_S5_EEC2Ev
000000000004b540 W _ZN3cub18CUB_200700_1200_NS6detail6HasUVAERb
00000000000a2c90 W _ZN40spacepdhcg_orbitweaver_lambert_workspaceD1Ev
00000000000a2c90 W _ZN40spacepdhcg_orbitweaver_lambert_workspaceD2Ev
00000000000444a0 W _ZN4cuda3__410cuda_errorD0Ev
0000000000044480 W _ZN4cuda3__410cuda_errorD1Ev
0000000000044480 W _ZN4cuda3__410cuda_errorD2Ev
000000000004b500 W _ZN4cuda3__423__ensure_current_deviceD1Ev
000000000004b500 W _ZN4cuda3__423__ensure_current_deviceD2Ev
00000000000cce2c u _ZN4cuda3std3__419piecewise_constructE
00000000000cce14 u _ZN4cuda3std3__420unreachable_sentinelE
00000000000cce2a u _ZN4cuda3std3__45__cpo3endE
00000000000cce28 u _ZN4cuda3std3__45__cpo4cendE
00000000000cce17 u _ZN4cuda3std3__45__cpo4rendE
00000000000cce2b u _ZN4cuda3std3__45__cpo5beginE
00000000000cce15 u _ZN4cuda3std3__45__cpo5crendE
00000000000cce29 u _ZN4cuda3std3__45__cpo6cbeginE
00000000000cce18 u _ZN4cuda3std3__45__cpo6rbeginE
00000000000cce16 u _ZN4cuda3std3__45__cpo7crbeginE
00000000000cce13 u _ZN4cuda3std3__47nulloptE
00000000000cce27 u _ZN4cuda3std3__48in_placeE
000000000004b5f0 W _ZN4cuda3std3__48optionalIN5nvtx32v115scoped_range_inIN3cub18CUB_200700_1200_NS6detail14NVTXCCCLDomainEEEED1Ev
000000000004b5f0 W _ZN4cuda3std3__48optionalIN5nvtx32v115scoped_range_inIN3cub18CUB_200700_1200_NS6detail14NVTXCCCLDomainEEEED2Ev
00000000000cce23 u _ZN4cuda3std6ranges3__45__cpo3endE
00000000000cce21 u _ZN4cuda3std6ranges3__45__cpo4cendE
00000000000cce1d u _ZN4cuda3std6ranges3__45__cpo4dataE
00000000000cce1f u _ZN4cuda3std6ranges3__45__cpo4nextE
00000000000cce1e u _ZN4cuda3std6ranges3__45__cpo4prevE
00000000000cce1b u _ZN4cuda3std6ranges3__45__cpo4sizeE
00000000000cce2e u _ZN4cuda3std6ranges3__45__cpo4swapE
00000000000cce24 u _ZN4cuda3std6ranges3__45__cpo5beginE
00000000000cce1c u _ZN4cuda3std6ranges3__45__cpo5cdataE
00000000000cce1a u _ZN4cuda3std6ranges3__45__cpo5ssizeE
00000000000cce22 u _ZN4cuda3std6ranges3__45__cpo6cbeginE
00000000000cce25 u _ZN4cuda3std6ranges3__45__cpo7advanceE
00000000000cce19 u _ZN4cuda3std6ranges3__45__cpo8distanceE
00000000000cce2d u _ZN4cuda3std6ranges3__45__cpo9iter_moveE
00000000000cce20 u _ZN4cuda3std6ranges3__45__cpo9iter_swapE
000000000004b6b0 W _ZN5nvtx32v115scoped_range_inIN3cub18CUB_200700_1200_NS6detail14NVTXCCCLDomainEED1Ev
000000000004b6b0 W _ZN5nvtx32v115scoped_range_inIN3cub18CUB_200700_1200_NS6detail14NVTXCCCLDomainEED2Ev
00000000000a2b40 W _ZN5nvtx32v120registered_string_inIN3cub18CUB_200700_1200_NS6detail14NVTXCCCLDomainEEC1EPKc
00000000000a2b40 W _ZN5nvtx32v120registered_string_inIN3cub18CUB_200700_1200_NS6detail14NVTXCCCLDomainEEC2EPKc
0000000001629100 B _ZN6dop8531AE
00000000016290a0 B _ZN6dop8531BE
0000000001629580 B _ZN6dop8531CE
0000000001629020 B _ZN6dop8532E3E
0000000001628fa0 B _ZN6dop8532E5E
000000000007e640 W _ZNSt10_HashtableImSt4pairIKmdESaIS2_ENSt8__detail10_Select1stESt8equal_toImESt4hashImENS4_18_Mod_range_hashingENS4_20_Default_ranged_hashENS4_20_Prime_rehash_policyENS4_17_Hashtable_traitsILb0ELb0ELb1EEEE9_M_rehashEmRS1_
000000000007d350 W _ZNSt10_HashtableImSt4pairIKmdESaIS2_ENSt8__detail10_Select1stESt8equal_toImESt4hashImENS4_18_Mod_range_hashingENS4_20_Default_ranged_hashENS4_20_Prime_rehash_policyENS4_17_Hashtable_traitsILb0ELb0ELb1EEEED1Ev
000000000007d350 W _ZNSt10_HashtableImSt4pairIKmdESaIS2_ENSt8__detail10_Select1stESt8equal_toImESt4hashImENS4_18_Mod_range_hashingENS4_20_Default_ranged_hashENS4_20_Prime_rehash_policyENS4_17_Hashtable_traitsILb0ELb0ELb1EEEED2Ev
000000000007e780 W _ZNSt10_HashtableImSt4pairIKmiESaIS2_ENSt8__detail10_Select1stESt8equal_toImESt4hashImENS4_18_Mod_range_hashingENS4_20_Default_ranged_hashENS4_20_Prime_rehash_policyENS4_17_Hashtable_traitsILb0ELb0ELb1EEEE9_M_rehashEmRS1_
00000000000a2a50 W _ZNSt10unique_ptrI11BeamScratchSt14default_deleteIS0_EED1Ev
00000000000a2a50 W _ZNSt10unique_ptrI11BeamScratchSt14default_deleteIS0_EED2Ev
00000000000a29f0 W _ZNSt10unique_ptrI16HopOptionScratchSt14default_deleteIS0_EED1Ev
00000000000a29f0 W _ZNSt10unique_ptrI16HopOptionScratchSt14default_deleteIS0_EED2Ev
00000000000a2ac0 W _ZNSt10unique_ptrI17HopGridCacheEntrySt14default_deleteIS0_EED1Ev
00000000000a2ac0 W _ZNSt10unique_ptrI17HopGridCacheEntrySt14default_deleteIS0_EED2Ev
00000000000a1010 W _ZNSt10unique_ptrIN12gtoc12_fleet9WorkspaceESt14default_deleteIS1_EED1Ev
00000000000a1010 W _ZNSt10unique_ptrIN12gtoc12_fleet9WorkspaceESt14default_deleteIS1_EED2Ev
000000000004b680 W _ZNSt11unique_lockISt5mutexE6unlockEv
000000000007e4f0 W _ZNSt6vectorI18QocoConversionPairSaIS0_EE17_M_realloc_insertIJS0_EEEvN9__gnu_cxx17__normal_iteratorIPS0_S2_EEDpOT_
000000000007e0e0 W _ZNSt6vectorI18QocoConversionTermSaIS0_EE17_M_realloc_insertIJRKS0_EEEvN9__gnu_cxx17__normal_iteratorIPS0_S2_EEDpOT_
00000000000375c0 W _ZNSt6vectorI31spacepdhcg_cuda_cone_descriptorSaIS0_EE17_M_realloc_insertIJS0_EEEvN9__gnu_cxx17__normal_iteratorIPS0_S2_EEDpOT_
00000000000bf300 W _ZNSt6vectorI34spacepdhcg_accelerator_buffer_viewSaIS0_EE17_M_realloc_insertIJRKS0_EEEvN9__gnu_cxx17__normal_iteratorIPS0_S2_EEDpOT_
00000000000bf480 W _ZNSt6vectorI34spacepdhcg_accelerator_buffer_viewSaIS0_EE9push_backERKS0_
00000000000bf4d0 W _ZNSt6vectorIN10spacepdhcg4cuda16AllocationRecordESaIS2_EE17_M_realloc_insertIJS2_EEEvN9__gnu_cxx17__normal_iteratorIPS2_S4_EEDpOT_
0000000000037730 W _ZNSt6vectorINSt7__cxx1112basic_stringIcSt11char_traitsIcESaIcEEESaIS5_EE17_M_realloc_insertIJS5_EEEvN9__gnu_cxx17__normal_iteratorIPS5_S7_EEDpOT_
0000000000037300 W _ZNSt6vectorIP22spacepdhcg_gtoc12_qocoSaIS1_EE17_M_realloc_insertIJRKS1_EEEvN9__gnu_cxx17__normal_iteratorIPS1_S3_EEDpOT_
0000000000060a00 W _ZNSt6vectorIPKfSaIS1_EE17_M_realloc_insertIJS1_EEEvN9__gnu_cxx17__normal_iteratorIPS1_S3_EEDpOT_
00000000000a62a0 W _ZNSt6vectorIPvSaIS0_EE17_M_realloc_insertIJS0_EEEvN9__gnu_cxx17__normal_iteratorIPS0_S2_EEDpOT_
000000000007d2d0 W _ZNSt6vectorIS_ISt4pairIidESaIS1_EESaIS3_EED1Ev
000000000007d2d0 W _ZNSt6vectorIS_ISt4pairIidESaIS1_EESaIS3_EED2Ev
000000000007d3e0 W _ZNSt6vectorIS_ISt4pairIiiESaIS1_EESaIS3_EED1Ev
000000000007d3e0 W _ZNSt6vectorIS_ISt4pairIiiESaIS1_EESaIS3_EED2Ev
000000000007df50 W _ZNSt6vectorISt4pairIiiESaIS1_EE17_M_realloc_insertIJRiS5_EEEvN9__gnu_cxx17__normal_iteratorIPS1_S3_EEDpOT_
000000000007db50 W _ZNSt6vectorIdSaIdEE14_M_fill_assignEmRKd
000000000007d9f0 W _ZNSt6vectorIdSaIdEE17_M_realloc_insertIJRKdEEEvN9__gnu_cxx17__normal_iteratorIPdS1_EEDpOT_
000000000007e240 W _ZNSt6vectorIdSaIdEE17_M_realloc_insertIJdEEEvN9__gnu_cxx17__normal_iteratorIPdS1_EEDpOT_
000000000007d460 W _ZNSt6vectorIdSaIdEE6resizeEm
000000000007d640 W _ZNSt6vectorIdSaIdEEC1EmRKS0_
000000000007d640 W _ZNSt6vectorIdSaIdEEC2EmRKS0_
000000000007ddb0 W _ZNSt6vectorIhSaIhEE17_M_default_appendEm
000000000007d720 W _ZNSt6vectorIiSaIiEE14_M_fill_assignEmRKi
000000000002d980 W _ZNSt6vectorIiSaIiEE17_M_default_appendEm
000000000002db60 W _ZNSt6vectorIiSaIiEE17_M_realloc_insertIJRKiEEEvN9__gnu_cxx17__normal_iteratorIPiS1_EEDpOT_
000000000007e3a0 W _ZNSt6vectorIiSaIiEE17_M_realloc_insertIJiEEEvN9__gnu_cxx17__normal_iteratorIPiS1_EEDpOT_
00000000000bf120 W _ZNSt6vectorIiSaIiEEC1EmRKiRKS0_
00000000000bf120 W _ZNSt6vectorIiSaIiEEC2EmRKiRKS0_
00000000000a2be0 W _ZNSt7__cxx1110_List_baseISt10unique_ptrI17HopGridCacheEntrySt14default_deleteIS2_EESaIS5_EE8_M_clearEv
0000000000037c50 W _ZNSt7__cxx1112basic_stringIcSt11char_traitsIcESaIcEE4swapERS4_
0000000000037b30 W _ZNSt7__cxx1112basic_stringIcSt11char_traitsIcESaIcEE9_M_assignERKS4_
0000000000037990 W _ZNSt7__cxx1112basic_stringIcSt11char_traitsIcESaIcEE9_M_mutateEmmPKcm
00000000000bef10 W _ZNSt7__cxx1112basic_stringIcSt11char_traitsIcESaIcEEC1IS3_EEPKcRKS3_
00000000000bef10 W _ZNSt7__cxx1112basic_stringIcSt11char_traitsIcESaIcEEC2IS3_EEPKcRKS3_
00000000000bf870 W _ZStplIcSt11char_traitsIcESaIcEENSt7__cxx1112basic_stringIT_T0_T1_EEOS8_PKS5_
00000000016268f8 V _ZTIN4cuda3__410cuda_errorE
00000000000ccdf0 V _ZTSN4cuda3__410cuda_errorE
0000000001626910 V _ZTVN4cuda3__410cuda_errorE
0000000001629620 u _ZZN3cub18CUB_200700_1200_NS10DeviceScan12ExclusiveSumIPiS3_iEE9cudaErrorPvRmT_T0_T1_P11CUstream_stE21__cub_nvtx3_func_attr
0000000001629658 u _ZZN3cub18CUB_200700_1200_NS10DeviceScan12ExclusiveSumIPiS3_iEE9cudaErrorPvRmT_T0_T1_P11CUstream_stE21__cub_nvtx3_func_name
0000000001629f00 u _ZZN3cub18CUB_200700_1200_NS10DeviceScan12InclusiveSumIPiS3_iEE9cudaErrorPvRmT_T0_T1_P11CUstream_stE21__cub_nvtx3_func_attr
0000000001629f38 u _ZZN3cub18CUB_200700_1200_NS10DeviceScan12InclusiveSumIPiS3_iEE9cudaErrorPvRmT_T0_T1_P11CUstream_stE21__cub_nvtx3_func_name
0000000001629ea0 u _ZZN3cub18CUB_200700_1200_NS12DeviceReduce3SumIPKdPdiEE9cudaErrorPvRmT_T0_T1_P11CUstream_stE21__cub_nvtx3_func_attr
0000000001629ed8 u _ZZN3cub18CUB_200700_1200_NS12DeviceReduce3SumIPKdPdiEE9cudaErrorPvRmT_T0_T1_P11CUstream_stE21__cub_nvtx3_func_name
0000000001629f60 u _ZZN3cub18CUB_200700_1200_NS12DeviceReduce3SumIPdS3_iEE9cudaErrorPvRmT_T0_T1_P11CUstream_stE21__cub_nvtx3_func_attr
0000000001629f98 u _ZZN3cub18CUB_200700_1200_NS12DeviceReduce3SumIPdS3_iEE9cudaErrorPvRmT_T0_T1_P11CUstream_stE21__cub_nvtx3_func_name
0000000001629de0 u _ZZN3cub18CUB_200700_1200_NS12DeviceSelect2IfIP15RankedHopOptionS4_Pi14ValidHopOptionEE9cudaErrorPvRmT_T0_T1_iT2_P11CUstream_stE21__cub_nvtx3_func_attr
0000000001629e18 u _ZZN3cub18CUB_200700_1200_NS12DeviceSelect2IfIP15RankedHopOptionS4_Pi14ValidHopOptionEE9cudaErrorPvRmT_T0_T1_iT2_P11CUstream_stE21__cub_nvtx3_func_name
0000000001629e40 u _ZZN3cub18CUB_200700_1200_NS15DeviceMergeSort8SortKeysIP15RankedHopOptioni13HopOptionLessEE9cudaErrorPvRmT_T0_T1_P11CUstream_stE21__cub_nvtx3_func_attr
0000000001629e78 u _ZZN3cub18CUB_200700_1200_NS15DeviceMergeSort8SortKeysIP15RankedHopOptioni13HopOptionLessEE9cudaErrorPvRmT_T0_T1_P11CUstream_stE21__cub_nvtx3_func_name
0000000001629d80 u _ZZN3cub18CUB_200700_1200_NS15DeviceMergeSort8SortKeysIP16RankedBeamOptioni8BeamLessEE9cudaErrorPvRmT_T0_T1_P11CUstream_stE21__cub_nvtx3_func_attr
0000000001629db8 u _ZZN3cub18CUB_200700_1200_NS15DeviceMergeSort8SortKeysIP16RankedBeamOptioni8BeamLessEE9cudaErrorPvRmT_T0_T1_P11CUstream_stE21__cub_nvtx3_func_name
0000000001629680 u _ZZN3cub18CUB_200700_1200_NS15DeviceRadixSort9SortPairsIdiiEE9cudaErrorPvRmPKT_PS6_PKT0_PSA_T1_iiP11CUstream_stE21__cub_nvtx3_func_attr
00000000016296b8 u _ZZN3cub18CUB_200700_1200_NS15DeviceRadixSort9SortPairsIdiiEE9cudaErrorPvRmPKT_PS6_PKT0_PSA_T1_iiP11CUstream_stE21__cub_nvtx3_func_name
0000000001629d20 u _ZZN3cub18CUB_200700_1200_NS15DeviceRadixSort9SortPairsIiiiEE9cudaErrorPvRmPKT_PS6_PKT0_PSA_T1_iiP11CUstream_stE21__cub_nvtx3_func_attr
0000000001629d58 u _ZZN3cub18CUB_200700_1200_NS15DeviceRadixSort9SortPairsIiiiEE9cudaErrorPvRmPKT_PS6_PKT0_PSA_T1_iiP11CUstream_stE21__cub_nvtx3_func_name
0000000001629fc0 u _ZZN3cub18CUB_200700_1200_NS15DeviceRadixSort9SortPairsIyiiEE9cudaErrorPvRmPKT_PS6_PKT0_PSA_T1_iiP11CUstream_stE21__cub_nvtx3_func_attr
0000000001629ff8 u _ZZN3cub18CUB_200700_1200_NS15DeviceRadixSort9SortPairsIyiiEE9cudaErrorPvRmPKT_PS6_PKT0_PSA_T1_iiP11CUstream_stE21__cub_nvtx3_func_name
0000000001629ce8 u _ZZN3cub18CUB_200700_1200_NS22DeviceCountCachedValueEvE5count
00000000016296e0 u _ZZN3cub18CUB_200700_1200_NS26GetPerDeviceAttributeCacheINS0_18PtxVersionCacheTagEEERNS0_23PerDeviceAttributeCacheEvE5cache
00000000016295f8 u _ZZN5nvtx32v16domain3getIN3cub18CUB_200700_1200_NS6detail14NVTXCCCLDomainELi0EEERKS1_vE1d
00000000000c6e60 T __cudaRegisterLinkedBinary_0668ff3f_14_gtoc12_qoco_cu_457ce7e5
00000000000c7560 T __cudaRegisterLinkedBinary_076d534a_20_gtoc12_completion_cu_918f4c19
00000000000c7020 T __cudaRegisterLinkedBinary_1c9d4ca7_22_gtoc12_verification_cu_6900a7ae
00000000000c7480 T __cudaRegisterLinkedBinary_394d4cd5_15_gtoc12_joint_cu_8ba75cd7
00000000000c6d80 T __cudaRegisterLinkedBinary_44e9d470_15_gtoc12_conic_cu_ca45b08e
00000000000c6bc0 T __cudaRegisterLinkedBinary_4ec7f61e_14_device_scvx_cu_75de509e
00000000000c6ca0 T __cudaRegisterLinkedBinary_632fb9d5_24_gtoc12_discretisation_cu_94229363
00000000000c6f40 T __cudaRegisterLinkedBinary_83fb59b9_14_gtoc12_scvx_cu_3a1d6403
00000000000c73a0 T __cudaRegisterLinkedBinary_8488a73d_20_gtoc12_collect_dp_cu_9e372712
00000000000c71e0 T __cudaRegisterLinkedBinary_91bd5230_20_gtoc12_collection_cu_f08842c5
00000000000c7800 T __cudaRegisterLinkedBinary_a203fead_19_persistent_pdhcg_cu_e32e8459_1053
00000000000c7100 T __cudaRegisterLinkedBinary_a33abcf6_20_gtoc12_neighbours_cu_52f2e260_844
00000000000c7720 T __cudaRegisterLinkedBinary_ce5fa765_18_orbitweaver_gpu_cu_52f2e260_1036
00000000000c72c0 T __cudaRegisterLinkedBinary_dc06b1b5_16_gtoc12_retime_cu_d3daaedb
00000000000c7640 T __cudaRegisterLinkedBinary_fab2bec7_18_native_qoco_gpu_cu_52f2e260_1004
0000000001628e40 D __fatbinwrap_0668ff3f_14_gtoc12_qoco_cu_457ce7e5
0000000001628f00 D __fatbinwrap_076d534a_20_gtoc12_completion_cu_918f4c19
0000000001628e70 D __fatbinwrap_1c9d4ca7_22_gtoc12_verification_cu_6900a7ae
0000000001628ee8 D __fatbinwrap_394d4cd5_15_gtoc12_joint_cu_8ba75cd7
0000000001628e28 D __fatbinwrap_44e9d470_15_gtoc12_conic_cu_ca45b08e
0000000001628df8 D __fatbinwrap_4ec7f61e_14_device_scvx_cu_75de509e
0000000001628e10 D __fatbinwrap_632fb9d5_24_gtoc12_discretisation_cu_94229363
0000000001628e58 D __fatbinwrap_83fb59b9_14_gtoc12_scvx_cu_3a1d6403
0000000001628ed0 D __fatbinwrap_8488a73d_20_gtoc12_collect_dp_cu_9e372712
0000000001628ea0 D __fatbinwrap_91bd5230_20_gtoc12_collection_cu_f08842c5
0000000001628f48 D __fatbinwrap_a203fead_19_persistent_pdhcg_cu_e32e8459_1053
0000000001628e88 D __fatbinwrap_a33abcf6_20_gtoc12_neighbours_cu_52f2e260_844
0000000001628f30 D __fatbinwrap_ce5fa765_18_orbitweaver_gpu_cu_52f2e260_1036
0000000001628eb8 D __fatbinwrap_dc06b1b5_16_gtoc12_retime_cu_d3daaedb
0000000001628f18 D __fatbinwrap_fab2bec7_18_native_qoco_gpu_cu_52f2e260_1004
0000000000d950d0 V hostRefConstantArrayExternalLinkage
0000000000d950df V hostRefConstantArrayInternalLinkage
0000000000d950ee V hostRefDeviceArrayExternalLinkage
0000000000d950fd V hostRefDeviceArrayInternalLinkage
0000000000d95120 V hostRefKernelArrayExternalLinkage
0000000000d96e00 V hostRefKernelArrayInternalLinkage
000000000005e9f0 T spacepdhcg_collect_create
000000000005fd20 T spacepdhcg_collect_create_tables
000000000005c500 T spacepdhcg_collect_destroy
000000000005f680 T spacepdhcg_collect_solve
000000000005ea00 T spacepdhcg_collect_solve_v2
000000000005c6d0 T spacepdhcg_collect_table_create
000000000005d550 T spacepdhcg_collect_table_destroy
000000000005f830 T spacepdhcg_collect_table_min_propellant
000000000005f730 T spacepdhcg_collect_table_read
000000000001cd10 T spacepdhcg_cuda_fill_dynamics_csc_async
000000000001d5e0 T spacepdhcg_cuda_fill_time_dilated_csc_async
000000000001f320 T spacepdhcg_cuda_scvx_driver_cancel
000000000001eaf0 T spacepdhcg_cuda_scvx_driver_create
000000000001f480 T spacepdhcg_cuda_scvx_driver_destroy
000000000001f6c0 T spacepdhcg_cuda_scvx_driver_handback_qoco
000000000001f2e0 T spacepdhcg_cuda_scvx_driver_path_inventory
000000000001f360 T spacepdhcg_cuda_scvx_driver_reset_attempt
0000000000020f90 T spacepdhcg_cuda_scvx_driver_solve
0000000000020490 T spacepdhcg_cuda_scvx_update_numeric_async
0000000000020720 T spacepdhcg_cuda_time_dilated_variational_rk4_async
0000000000020af0 T spacepdhcg_cuda_variational_rk4_async
00000000000acf40 T spacepdhcg_cuda_workspace_cancel
00000000000b7df0 T spacepdhcg_cuda_workspace_checkpoint_async
00000000000acf00 T spacepdhcg_cuda_workspace_checkpoint_bytes
00000000000b4e10 T spacepdhcg_cuda_workspace_common_kkt_diagnostics
00000000000b99a0 T spacepdhcg_cuda_workspace_create
00000000000bc540 T spacepdhcg_cuda_workspace_create_from_dlpack
00000000000ad010 T spacepdhcg_cuda_workspace_destroy
00000000000acaf0 T spacepdhcg_cuda_workspace_diagnostics
00000000000b4a80 T spacepdhcg_cuda_workspace_halpern_diagnostics
00000000000b4cf0 T spacepdhcg_cuda_workspace_l1_diagnostics
00000000000b50e0 T spacepdhcg_cuda_workspace_l1_weight_diagnostics
00000000000acfb0 T spacepdhcg_cuda_workspace_last_error
00000000000b4bb0 T spacepdhcg_cuda_workspace_mass_diagnostics
00000000000ace30 T spacepdhcg_cuda_workspace_pointer_snapshot
00000000000b4880 T spacepdhcg_cuda_workspace_query
00000000000b4950 T spacepdhcg_cuda_workspace_recovery_profile
00000000000b1c70 T spacepdhcg_cuda_workspace_refresh_scaling_async
00000000000afc40 T spacepdhcg_cuda_workspace_reset_async
00000000000b2020 T spacepdhcg_cuda_workspace_residuals_async
00000000000b85b0 T spacepdhcg_cuda_workspace_restore_async
00000000000bca60 T spacepdhcg_cuda_workspace_set_common_kkt_options
00000000000b4f70 T spacepdhcg_cuda_workspace_set_execution_blocks
00000000000b58b0 T spacepdhcg_cuda_workspace_set_halpern_options
00000000000b2ac0 T spacepdhcg_cuda_workspace_set_l1_options
00000000000b53b0 T spacepdhcg_cuda_workspace_set_l1_weight
00000000000b3800 T spacepdhcg_cuda_workspace_set_mass_options
00000000000b0dd0 T spacepdhcg_cuda_workspace_solve_async
00000000000b9040 T spacepdhcg_cuda_workspace_update_async
00000000000b9620 T spacepdhcg_cuda_workspace_update_from_dlpack_async
00000000000b6110 T spacepdhcg_cuda_workspace_wait
00000000000b7320 T spacepdhcg_cuda_workspace_warm_start_async
00000000000b7ae0 T spacepdhcg_cuda_workspace_warm_start_from_dlpack_async
0000000000055b40 T spacepdhcg_gtoc12_collection_create
0000000000055950 T spacepdhcg_gtoc12_collection_destroy
00000000000553c0 T spacepdhcg_gtoc12_collection_host
00000000000550e0 T spacepdhcg_gtoc12_collection_launch_device
0000000000054dc0 T spacepdhcg_gtoc12_collection_options_destroy
0000000000054d00 T spacepdhcg_gtoc12_collection_options_read
00000000000555e0 T spacepdhcg_gtoc12_collection_resident
00000000000688b0 T spacepdhcg_gtoc12_completion_create
0000000000069400 T spacepdhcg_gtoc12_completion_destroy
0000000000068d00 T spacepdhcg_gtoc12_completion_evaluate_host
0000000000028aa0 T spacepdhcg_gtoc12_conic_copy_topology_host
0000000000029f80 T spacepdhcg_gtoc12_conic_create
0000000000028620 T spacepdhcg_gtoc12_conic_destroy
00000000000296f0 T spacepdhcg_gtoc12_conic_evaluate_host
0000000000028a60 T spacepdhcg_gtoc12_conic_get_dimensions
00000000000290c0 T spacepdhcg_gtoc12_conic_launch_controlled_device
0000000000028c00 T spacepdhcg_gtoc12_conic_launch_device
0000000000028b80 T spacepdhcg_gtoc12_conic_outputs
0000000000026100 T spacepdhcg_gtoc12_discretisation_create
0000000000026010 T spacepdhcg_gtoc12_discretisation_destroy
0000000000026fa0 T spacepdhcg_gtoc12_discretisation_evaluate_host
0000000000026630 T spacepdhcg_gtoc12_discretisation_launch_controlled_device
0000000000026530 T spacepdhcg_gtoc12_discretisation_launch_device
0000000000026f40 T spacepdhcg_gtoc12_discretisation_outputs
000000000009cd30 T spacepdhcg_gtoc12_fleet_search_host
000000000009cb20 T spacepdhcg_gtoc12_fleet_search_v2_host
000000000009c7b0 T spacepdhcg_gtoc12_fleet_workspace_create_host
000000000009ee60 T spacepdhcg_gtoc12_fleet_workspace_create_routes_host
0000000000094190 T spacepdhcg_gtoc12_fleet_workspace_destroy_host
0000000000095540 T spacepdhcg_gtoc12_fleet_workspace_solve_host
00000000000647d0 T spacepdhcg_gtoc12_joint_best_host
00000000000630a0 T spacepdhcg_gtoc12_joint_create
0000000000064820 T spacepdhcg_gtoc12_joint_destroy
0000000000064790 T spacepdhcg_gtoc12_joint_evaluate_host
0000000000067bc0 T spacepdhcg_gtoc12_joint_geometry_host
0000000000067c30 T spacepdhcg_gtoc12_joint_mesh_host
0000000000067df0 T spacepdhcg_gtoc12_joint_search_host
0000000000043b20 T spacepdhcg_gtoc12_neighbours_create
0000000000043170 T spacepdhcg_gtoc12_neighbours_destroy
00000000000438e0 T spacepdhcg_gtoc12_neighbours_host
0000000000043300 T spacepdhcg_gtoc12_neighbours_launch_device
000000000002f7e0 T spacepdhcg_gtoc12_qoco_can_enqueue
0000000000032fd0 T spacepdhcg_gtoc12_qoco_create
000000000002f3a0 T spacepdhcg_gtoc12_qoco_destroy
0000000000032710 T spacepdhcg_gtoc12_qoco_enqueue_controlled
000000000002f860 T spacepdhcg_gtoc12_qoco_finish
000000000002f770 T spacepdhcg_gtoc12_qoco_get_dimensions
000000000002f7b0 T spacepdhcg_gtoc12_qoco_primal
00000000000326b0 T spacepdhcg_gtoc12_qoco_solve_controlled_device_with_consumer
00000000000323d0 T spacepdhcg_gtoc12_qoco_solve_device
0000000000032380 T spacepdhcg_gtoc12_qoco_solve_device_with_consumer
0000000000032430 T spacepdhcg_gtoc12_qoco_solve_host
0000000000057c90 T spacepdhcg_gtoc12_retime_create
0000000000057d20 T spacepdhcg_gtoc12_retime_create_elements
0000000000058200 T spacepdhcg_gtoc12_retime_destroy
000000000005aaf0 T spacepdhcg_gtoc12_retime_forward_host
0000000000058160 T spacepdhcg_gtoc12_retime_graph_stats
000000000005aa00 T spacepdhcg_gtoc12_retime_host
000000000005aba0 T spacepdhcg_gtoc12_retime_order_host
000000000005aa30 T spacepdhcg_gtoc12_retime_path_host
0000000000059430 T spacepdhcg_gtoc12_retime_read_sweep
00000000000580d0 T spacepdhcg_gtoc12_retime_set_graph
0000000000059110 T spacepdhcg_gtoc12_retime_set_sweep
000000000005aa80 T spacepdhcg_gtoc12_retime_swept_path_host
000000000003bf30 T spacepdhcg_gtoc12_scvx_solve_host
000000000003ac10 T spacepdhcg_gtoc12_seed_evaluate_host
0000000000040970 T spacepdhcg_gtoc12_verify_create
0000000000040820 T spacepdhcg_gtoc12_verify_destroy
0000000000040b40 T spacepdhcg_gtoc12_verify_host
00000000000404c0 T spacepdhcg_gtoc12_verify_launch
0000000000099580 T spacepdhcg_orbitweaver_collection_grid_host
000000000009c770 T spacepdhcg_orbitweaver_earth_beam_host
0000000000098cb0 T spacepdhcg_orbitweaver_hop_elements_host
0000000000094590 T spacepdhcg_orbitweaver_hop_grid_cache_stats
0000000000099b10 T spacepdhcg_orbitweaver_hop_grid_cached_host
0000000000099030 T spacepdhcg_orbitweaver_hop_grid_device
0000000000096ed0 T spacepdhcg_orbitweaver_hop_launch_device
000000000009bfe0 T spacepdhcg_orbitweaver_hop_options_host
000000000009c000 T spacepdhcg_orbitweaver_hop_options_resident
0000000000098a30 T spacepdhcg_orbitweaver_hop_screening_host
00000000000983b0 T spacepdhcg_orbitweaver_lambert_evaluate_async
0000000000096400 T spacepdhcg_orbitweaver_lambert_launch_device
0000000000094530 T spacepdhcg_orbitweaver_lambert_result_stride
00000000000986c0 T spacepdhcg_orbitweaver_lambert_screening_host
0000000000094540 T spacepdhcg_orbitweaver_lambert_workspace_cancel
000000000009c030 T spacepdhcg_orbitweaver_lambert_workspace_create
000000000009c3b0 T spacepdhcg_orbitweaver_lambert_workspace_destroy
0000000000099220 T spacepdhcg_orbitweaver_lambert_workspace_finish
0000000000099320 T spacepdhcg_orbitweaver_lambert_workspace_telemetry
000000000005bda0 T spacepdhcg_route_recovery_order
