[master (root-commit) c0f2a62] Freeze optional GPU common-KKT stopping diagnostic
 363 files changed, 94841 insertions(+)
 create mode 100644 cpp/CMakeLists.txt
 create mode 100644 cpp/all/CMakeLists.txt
 create mode 100644 cpp/cmake/SpacePDHCGConfig.cmake.in
 create mode 100644 cpp/core/CMakeLists.txt
 create mode 100755 cpp/cuda/CMakeLists.txt
 create mode 100644 cpp/cuda/include/spacepdhcg/cuda/allocation_ledger.hpp
 create mode 100755 cpp/cuda/include/spacepdhcg/cuda/common_kkt_arithmetic.hpp
 create mode 100644 cpp/cuda/include/spacepdhcg/cuda/device_buffers.hpp
 create mode 100644 cpp/cuda/include/spacepdhcg/cuda/device_scvx_c_api.h
 create mode 100644 cpp/cuda/include/spacepdhcg/cuda/device_scvx_driver_c_api.h
 create mode 100644 cpp/cuda/include/spacepdhcg/cuda/gtoc12_collect_dp_c_api.h
 create mode 100644 cpp/cuda/include/spacepdhcg/cuda/gtoc12_collection_c_api.h
 create mode 100644 cpp/cuda/include/spacepdhcg/cuda/gtoc12_conic_c_api.h
 create mode 100644 cpp/cuda/include/spacepdhcg/cuda/gtoc12_discretisation_c_api.h
 create mode 100755 cpp/cuda/include/spacepdhcg/cuda/gtoc12_joint_c_api.h
 create mode 100644 cpp/cuda/include/spacepdhcg/cuda/gtoc12_neighbours_c_api.h
 create mode 100644 cpp/cuda/include/spacepdhcg/cuda/gtoc12_qoco_c_api.h
 create mode 100644 cpp/cuda/include/spacepdhcg/cuda/gtoc12_retime_c_api.h
 create mode 100644 cpp/cuda/include/spacepdhcg/cuda/gtoc12_scvx_c_api.h
 create mode 100644 cpp/cuda/include/spacepdhcg/cuda/gtoc12_verification_c_api.h
 create mode 100644 cpp/cuda/include/spacepdhcg/cuda/orbitweaver_g3_adapter.hpp
 create mode 100644 cpp/cuda/include/spacepdhcg/cuda/orbitweaver_gpu_c_api.h
 create mode 100755 cpp/cuda/include/spacepdhcg/cuda/persistent_pdhcg_c_api.h
 create mode 100644 cpp/cuda/include/spacepdhcg/cuda/persistent_pdhcg_dlpack_c_api.h
 create mode 100644 cpp/cuda/include/spacepdhcg/cuda/stream_event.hpp
 create mode 100644 cpp/cuda/include/spacepdhcg/cuda/upstream_adapter.hpp
 create mode 100644 cpp/cuda/internal/dop853_coefficients.cuh
 create mode 100644 cpp/cuda/internal/graph_append.h
 create mode 100644 cpp/cuda/internal/gtoc12_collection_options.h
 create mode 100755 cpp/cuda/internal/gtoc12_joint_geometry.h
 create mode 100644 cpp/cuda/internal/gtoc12_qoco_graph.h
 create mode 100644 cpp/cuda/internal/gtoc12_qoco_qualification.cuh
 create mode 100644 cpp/cuda/internal/gtoc12_seed.cuh
 create mode 100644 cpp/cuda/internal/gtoc12_workspace_reuse.h
 create mode 100644 cpp/cuda/internal/hcw_replay.cuh
 create mode 100644 cpp/cuda/internal/native_qoco_adapter.h
 create mode 100644 cpp/cuda/internal/native_qoco_gpu.h
 create mode 100644 cpp/cuda/internal/numeric_fingerprint.cuh
 create mode 100644 cpp/cuda/internal/scvx_gather.cuh
 create mode 100644 cpp/cuda/internal/scvx_metrics.cuh
 create mode 100644 cpp/cuda/patches/qoco_batched_stopping.cuh
 create mode 100644 cpp/cuda/patches/qoco_deferred_transpose.cuh
 create mode 100644 cpp/cuda/patches/qoco_device_combined_cones.cuh
 create mode 100644 cpp/cuda/patches/qoco_device_combined_rhs.cuh
 create mode 100644 cpp/cuda/patches/qoco_device_cone_reductions.cuh
 create mode 100644 cpp/cuda/patches/qoco_device_control.cuh
 create mode 100644 cpp/cuda/patches/qoco_device_direction.cuh
 create mode 100644 cpp/cuda/patches/qoco_device_io.cuh
 create mode 100644 cpp/cuda/patches/qoco_device_ir.cuh
 create mode 100644 cpp/cuda/patches/qoco_device_scalar.cuh
 create mode 100644 cpp/cuda/patches/qoco_device_solution.cuh
 create mode 100644 cpp/cuda/patches/qoco_device_step_cones.cuh
 create mode 100644 cpp/cuda/patches/qoco_device_step_control.cuh
 create mode 100644 cpp/cuda/patches/qoco_device_update.cuh
 create mode 100644 cpp/cuda/patches/qoco_factor_runtime.cuh
 create mode 100644 cpp/cuda/patches/qoco_fused_kkt_product.cuh
 create mode 100644 cpp/cuda/patches/qoco_gather.cuh
 create mode 100644 cpp/cuda/patches/qoco_gpu_kkt.cuh
 create mode 100644 cpp/cuda/patches/qoco_gpu_ordering.cuh
 create mode 100644 cpp/cuda/patches/qoco_gpu_replay.h
 create mode 100644 cpp/cuda/patches/qoco_gpu_transpose.cuh
 create mode 100644 cpp/cuda/patches/qoco_initial_cones.cuh
 create mode 100644 cpp/cuda/patches/qoco_ipm_cache.cuh
 create mode 100644 cpp/cuda/patches/qoco_ipm_completion.cuh
 create mode 100644 cpp/cuda/patches/qoco_ipm_control.cuh
 create mode 100644 cpp/cuda/patches/qoco_ipm_graph.cuh
 create mode 100644 cpp/cuda/patches/qoco_ipm_initial_control.cuh
 create mode 100644 cpp/cuda/patches/qoco_ipm_outer_graph.cuh
 create mode 100644 cpp/cuda/patches/qoco_ipm_parameters.cuh
 create mode 100644 cpp/cuda/patches/qoco_ipm_replay.cuh
 create mode 100644 cpp/cuda/patches/qoco_ipm_resources.cuh
 create mode 100644 cpp/cuda/patches/qoco_ipm_terminal.cuh
 create mode 100644 cpp/cuda/patches/qoco_ipm_warmstart.cuh
 create mode 100644 cpp/cuda/patches/qoco_ir_cache.cuh
 create mode 100644 cpp/cuda/patches/qoco_ir_device_counts.cuh
 create mode 100644 cpp/cuda/patches/qoco_ir_runtime.cuh
 create mode 100644 cpp/cuda/patches/qoco_lazy_host_mirror.cuh
 create mode 100644 cpp/cuda/patches/qoco_metric_graph.cuh
 create mode 100644 cpp/cuda/patches/qoco_reduction_scope.cuh
 create mode 100644 cpp/cuda/patches/qoco_setup_profile.cuh
 create mode 100644 cpp/cuda/patches/qoco_soc_step.cuh
 create mode 100644 cpp/cuda/patches/qoco_trajectory_ordering.cuh
 create mode 100644 cpp/cuda/patches/qoco_vector_arena.cuh
 create mode 100755 cpp/cuda/src/cooperative_pdhg.cuh
 create mode 100644 cpp/cuda/src/device_scvx.cu
 create mode 100644 cpp/cuda/src/gtoc12_collect_dp.cu
 create mode 100644 cpp/cuda/src/gtoc12_collection.cu
 create mode 100644 cpp/cuda/src/gtoc12_conic.cu
 create mode 100644 cpp/cuda/src/gtoc12_discretisation.cu
 create mode 100755 cpp/cuda/src/gtoc12_joint.cu
 create mode 100644 cpp/cuda/src/gtoc12_neighbours.cu
 create mode 100644 cpp/cuda/src/gtoc12_qoco.cu
 create mode 100644 cpp/cuda/src/gtoc12_retime.cu
 create mode 100644 cpp/cuda/src/gtoc12_scvx.cu
 create mode 100644 cpp/cuda/src/gtoc12_verification.cu
 create mode 100644 cpp/cuda/src/native_qoco_adapter.cpp
 create mode 100644 cpp/cuda/src/native_qoco_gpu.cu
 create mode 100644 cpp/cuda/src/orbitweaver_beam.cuh
 create mode 100755 cpp/cuda/src/orbitweaver_gpu.cu
 create mode 100755 cpp/cuda/src/persistent_common_kkt.cuh
 create mode 100755 cpp/cuda/src/persistent_pdhcg.cu
 create mode 100644 cpp/cuda/tests/allocation_lifecycle_test.cu
 create mode 100644 cpp/cuda/tests/cancellation_deadline_test.cu
 create mode 100644 cpp/cuda/tests/cone_inventory_test.cu
 create mode 100644 cpp/cuda/tests/cooperative_pdhg_test.cu
 create mode 100644 cpp/cuda/tests/cuda_conditional_copy_probe.cu
 create mode 100644 cpp/cuda/tests/cuda_test_support.hpp
 create mode 100644 cpp/cuda/tests/device_scvx_integration_test.cu
 create mode 100644 cpp/cuda/tests/device_time_dilated_test.cu
 create mode 100644 cpp/cuda/tests/device_variational_test.cu
 create mode 100644 cpp/cuda/tests/dlpack_contract_test.cu
 create mode 100644 cpp/cuda/tests/gtoc12_collection_test.cu
 create mode 100644 cpp/cuda/tests/gtoc12_conic_test.cu
 create mode 100644 cpp/cuda/tests/gtoc12_device_qualification_test.cu
 create mode 100644 cpp/cuda/tests/gtoc12_device_refresh_test.cu
 create mode 100644 cpp/cuda/tests/gtoc12_discretisation_test.cu
 create mode 100644 cpp/cuda/tests/gtoc12_graph_deadline_test.cu
 create mode 100644 cpp/cuda/tests/gtoc12_joint_selection_test.cu
 create mode 100644 cpp/cuda/tests/gtoc12_joint_smoke.cu
 create mode 100644 cpp/cuda/tests/gtoc12_neighbours_test.cu
 create mode 100644 cpp/cuda/tests/gtoc12_outer_graph_test.cu
 create mode 100644 cpp/cuda/tests/gtoc12_qoco_guard_test.cu
 create mode 100644 cpp/cuda/tests/gtoc12_qoco_test.cu
 create mode 100644 cpp/cuda/tests/gtoc12_resident_options_test.cu
 create mode 100644 cpp/cuda/tests/gtoc12_scvx_test.cu
 create mode 100644 cpp/cuda/tests/gtoc12_verification_test.cu
 create mode 100644 cpp/cuda/tests/gtoc12_workspace_reuse_test.cu
 create mode 100644 cpp/cuda/tests/hcw_replay_test.cu
 create mode 100644 cpp/cuda/tests/native_qoco_conversion_test.cu
 create mode 100644 cpp/cuda/tests/numeric_fingerprint_test.cu
 create mode 100644 cpp/cuda/tests/orbitweaver_beam_test.cu
 create mode 100644 cpp/cuda/tests/orbitweaver_g3_adapter_test.cu
 create mode 100644 cpp/cuda/tests/orbitweaver_gpu_test.cu
 create mode 100644 cpp/cuda/tests/orbitweaver_grid_cache_test.cu
 create mode 100644 cpp/cuda/tests/orbitweaver_hop_test.cu
 create mode 100644 cpp/cuda/tests/orbitweaver_options_test.cu
 create mode 100644 cpp/cuda/tests/orbitweaver_screening_test.cu
 create mode 100755 cpp/cuda/tests/persistent_common_kkt_test.cu
 create mode 100644 cpp/cuda/tests/persistent_cw_test.cu
 create mode 100755 cpp/cuda/tests/persistent_snapshot.hpp
 create mode 100755 cpp/cuda/tests/persistent_snapshot_conversion_test.cpp
 create mode 100755 cpp/cuda/tests/persistent_snapshot_replay.cu
 create mode 100644 cpp/cuda/tests/persistent_soc_test.cu
 create mode 100644 cpp/cuda/tests/pointer_contract_test.cu
 create mode 100644 cpp/cuda/tests/qoco_accuracy_probe.cpp
 create mode 100644 cpp/cuda/tests/qoco_best_return_probe.cu
 create mode 100644 cpp/cuda/tests/qoco_cudss_conditional_probe.cuh
 create mode 100644 cpp/cuda/tests/qoco_device_control_probe.cu
 create mode 100644 cpp/cuda/tests/qoco_device_direction_test.cu
 create mode 100644 cpp/cuda/tests/qoco_device_io_test.cu
 create mode 100644 cpp/cuda/tests/qoco_equilibrated_stopping_test.cu
 create mode 100644 cpp/cuda/tests/qoco_factor_graph_memory.cuh
 create mode 100644 cpp/cuda/tests/qoco_factor_graph_probe.cuh
 create mode 100644 cpp/cuda/tests/qoco_fused_kkt_product_test.cu
 create mode 100644 cpp/cuda/tests/qoco_gpu_audit_test.cu
 create mode 100644 cpp/cuda/tests/qoco_gpu_bound_types_test.cu
 create mode 100644 cpp/cuda/tests/qoco_gpu_conversion_test.cu
 create mode 100644 cpp/cuda/tests/qoco_gpu_kkt_test.cu
 create mode 100644 cpp/cuda/tests/qoco_gpu_numeric_update_test.cu
 create mode 100644 cpp/cuda/tests/qoco_gpu_operators_test.cu
 create mode 100644 cpp/cuda/tests/qoco_gpu_ordering_test.cu
 create mode 100644 cpp/cuda/tests/qoco_gpu_scalar_test.cu
 create mode 100644 cpp/cuda/tests/qoco_gpu_step_control_test.cu
 create mode 100644 cpp/cuda/tests/qoco_gpu_stopping_test.cu
 create mode 100644 cpp/cuda/tests/qoco_gpu_transpose_test.cu
 create mode 100644 cpp/cuda/tests/qoco_host_kkt_tracker.cpp
 create mode 100644 cpp/cuda/tests/qoco_initial_cones_probe.cpp
 create mode 100644 cpp/cuda/tests/qoco_ipm_cache_probe.cpp
 create mode 100644 cpp/cuda/tests/qoco_ipm_replay_probe.cu
 create mode 100644 cpp/cuda/tests/qoco_ipm_resources_probe.cpp
 create mode 100644 cpp/cuda/tests/qoco_ipm_terminal_probe.cu
 create mode 100644 cpp/cuda/tests/qoco_ir_control_probe.cu
 create mode 100644 cpp/cuda/tests/qoco_ir_nonfinite_graph_probe.cu
 create mode 100644 cpp/cuda/tests/qoco_ir_reuse_probe.cpp
 create mode 100644 cpp/cuda/tests/qoco_metric_graph_benchmark.cu
 create mode 100644 cpp/cuda/tests/qoco_metric_graph_parity.cu
 create mode 100644 cpp/cuda/tests/qoco_numeric_replay_probe.cu
 create mode 100644 cpp/cuda/tests/qoco_outer_graph_probe.cu
 create mode 100644 cpp/cuda/tests/qoco_outer_numeric_probe.cu
 create mode 100644 cpp/cuda/tests/qoco_pure_soc_probe.cpp
 create mode 100644 cpp/cuda/tests/qoco_recreate_probe.cpp
 create mode 100644 cpp/cuda/tests/qoco_replay_status_test.cu
 create mode 100644 cpp/cuda/tests/qoco_ruiz_sync_test.cu
 create mode 100644 cpp/cuda/tests/qoco_ruiz_zero_test.cu
 create mode 100644 cpp/cuda/tests/qoco_safe_division_test.cu
 create mode 100644 cpp/cuda/tests/qoco_snapshot_replay.cu
 create mode 100644 cpp/cuda/tests/qoco_soc_step_probe.cu
 create mode 100644 cpp/cuda/tests/qoco_solve_state_test.cu
 create mode 100644 cpp/cuda/tests/qoco_solve_trace_probe.cu
 create mode 100644 cpp/cuda/tests/qoco_trajectory_ordering_test.cu
 create mode 100644 cpp/cuda/tests/qoco_transpose_benchmark.cu
 create mode 100644 cpp/cuda/tests/qoco_vector_arena_test.cu
 create mode 100644 cpp/cuda/tests/recovery_test.cu
 create mode 100644 cpp/cuda/tests/scvx_cancel_before_solve_probe.cpp
 create mode 100644 cpp/cuda/tests/scvx_gather_benchmark.cu
 create mode 100644 cpp/cuda/tests/scvx_gather_launch_probe.cpp
 create mode 100644 cpp/cuda/tests/scvx_metrics_test.cu
 create mode 100644 cpp/cuda/tests/scvx_qoco_failure_timing_probe.cpp
 create mode 100644 cpp/cuda/tests/stream_lifetime_test.cu
 create mode 100644 cpp/cuda/tools/spacepdhcg_plan.cu
 create mode 100644 cpp/distributed/CMakeLists.txt
 create mode 100644 cpp/distributed/include/spacepdhcg/distributed/orbitweaver_g5_adapter.hpp
 create mode 100644 cpp/distributed/include/spacepdhcg/distributed/runtime.hpp
 create mode 100644 cpp/distributed/include/spacepdhcg/distributed/workspace.hpp
 create mode 100644 cpp/distributed/src/runtime.cu
 create mode 100644 cpp/distributed/src/workspace.cu
 create mode 100644 cpp/distributed/tests/logical_rank_test.cpp
 create mode 100644 cpp/distributed/tests/one_rank_runtime_test.cu
 create mode 100644 cpp/distributed/tools/physical_validation_harness.cu
 create mode 100644 cpp/include/spacepdhcg/accelerator_c_api.h
 create mode 100644 cpp/include/spacepdhcg/backends/dense_admm.hpp
 create mode 100644 cpp/include/spacepdhcg/c_api.h
 create mode 100644 cpp/include/spacepdhcg/core/accelerator_view.hpp
 create mode 100644 cpp/include/spacepdhcg/core/checkpoint.hpp
 create mode 100644 cpp/include/spacepdhcg/core/fixed_cqp.hpp
 create mode 100644 cpp/include/spacepdhcg/core/host_backend.hpp
 create mode 100644 cpp/include/spacepdhcg/core/persistent_session.hpp
 create mode 100644 cpp/include/spacepdhcg/core/scaling_reuse.hpp
 create mode 100644 cpp/include/spacepdhcg/distributed/risk.hpp
 create mode 100644 cpp/include/spacepdhcg/distributed/risk_cqp.hpp
 create mode 100644 cpp/include/spacepdhcg/distributed/scenario_cqp.hpp
 create mode 100644 cpp/include/spacepdhcg/distributed/scenario_layout.hpp
 create mode 100644 cpp/include/spacepdhcg/dlpack_adapter.hpp
 create mode 100644 cpp/include/spacepdhcg/dynamics/continuous_check.hpp
 create mode 100644 cpp/include/spacepdhcg/dynamics/hcw.hpp
 create mode 100644 cpp/include/spacepdhcg/dynamics/low_thrust_two_body.hpp
 create mode 100644 cpp/include/spacepdhcg/dynamics/powered_descent_3dof.hpp
 create mode 100644 cpp/include/spacepdhcg/dynamics/powered_descent_6dof.hpp
 create mode 100644 cpp/include/spacepdhcg/dynamics/powered_descent_6dof_variational.hpp
 create mode 100644 cpp/include/spacepdhcg/orbitweaver/beam_search.hpp
 create mode 100644 cpp/include/spacepdhcg/orbitweaver/column_generation.hpp
 create mode 100644 cpp/include/spacepdhcg/orbitweaver/dynamic_discretisation.hpp
 create mode 100644 cpp/include/spacepdhcg/orbitweaver/g7_orchestration.hpp
 create mode 100644 cpp/include/spacepdhcg/orbitweaver/high_fidelity_certification.hpp
 create mode 100644 cpp/include/spacepdhcg/orbitweaver/host_cqp_oracle.hpp
 create mode 100644 cpp/include/spacepdhcg/orbitweaver/lambert.hpp
 create mode 100644 cpp/include/spacepdhcg/orbitweaver/lambert_family.hpp
 create mode 100644 cpp/include/spacepdhcg/orbitweaver/lambert_oracle.hpp
 create mode 100644 cpp/include/spacepdhcg/orbitweaver/low_thrust_oracle.hpp
 create mode 100644 cpp/include/spacepdhcg/orbitweaver/low_thrust_screening.hpp
 create mode 100644 cpp/include/spacepdhcg/orbitweaver/restricted_master_lp.hpp
 create mode 100644 cpp/include/spacepdhcg/orbitweaver/robust_low_thrust_oracle.hpp
 create mode 100644 cpp/include/spacepdhcg/orbitweaver/route_master.hpp
 create mode 100644 cpp/include/spacepdhcg/orbitweaver/time_expanded_graph.hpp
 create mode 100644 cpp/include/spacepdhcg/orbitweaver/trajectory_oracle.hpp
 create mode 100644 cpp/include/spacepdhcg/persistent_cqp.hpp
 create mode 100644 cpp/include/spacepdhcg/planner/describe.hpp
 create mode 100644 cpp/include/spacepdhcg/planner/families.hpp
 create mode 100644 cpp/include/spacepdhcg/planner/json.hpp
 create mode 100644 cpp/include/spacepdhcg/planner/problem.hpp
 create mode 100644 cpp/include/spacepdhcg/scvx/g4_policy.generated.hpp
 create mode 100644 cpp/include/spacepdhcg/scvx/low_thrust_benchmark.hpp
 create mode 100644 cpp/include/spacepdhcg/scvx/low_thrust_driver.hpp
 create mode 100644 cpp/include/spacepdhcg/scvx/policies.hpp
 create mode 100644 cpp/include/spacepdhcg/scvx/powered_descent_3dof_driver.hpp
 create mode 100644 cpp/include/spacepdhcg/scvx/robust_low_thrust_driver.hpp
 create mode 100644 cpp/include/spacepdhcg/transcription/ct_sampling.hpp
 create mode 100644 cpp/include/spacepdhcg/transcription/ct_violation_state.hpp
 create mode 100644 cpp/include/spacepdhcg/transcription/discrete_flow_linearisation.hpp
 create mode 100644 cpp/include/spacepdhcg/transcription/discretisation.hpp
 create mode 100644 cpp/include/spacepdhcg/transcription/free_time_common.hpp
 create mode 100644 cpp/include/spacepdhcg/transcription/hcw_rendezvous.hpp
 create mode 100644 cpp/include/spacepdhcg/transcription/linearisation_types.hpp
 create mode 100644 cpp/include/spacepdhcg/transcription/low_thrust.hpp
 create mode 100644 cpp/include/spacepdhcg/transcription/powered_descent_3dof.hpp
 create mode 100644 cpp/include/spacepdhcg/transcription/powered_descent_3dof_free_time.hpp
 create mode 100644 cpp/include/spacepdhcg/transcription/powered_descent_6dof.hpp
 create mode 100644 cpp/include/spacepdhcg/transcription/powered_descent_6dof_free_time.hpp
 create mode 100644 cpp/include/spacepdhcg/transcription/time_dilated_flow_linearisation.hpp
 create mode 100644 cpp/include/spacepdhcg/transcription/variational_rk4.hpp
 create mode 100644 cpp/native/CMakeLists.txt
 create mode 100644 cpp/native/include/spacepdhcg/native/backend.hpp
 create mode 100644 cpp/native/include/spacepdhcg/native/cqp.hpp
 create mode 100644 cpp/native/include/spacepdhcg/native/cw.hpp
 create mode 100644 cpp/native/include/spacepdhcg/native/cw_problem.hpp
 create mode 100644 cpp/native/include/spacepdhcg/native/persistent_session.hpp
 create mode 100644 cpp/native/include/spacepdhcg/native/powered_descent_3dof.hpp
 create mode 100644 cpp/native/include/spacepdhcg/native/powered_descent_6dof.hpp
 create mode 100644 cpp/native/include/spacepdhcg/native/powered_descent_cqp.hpp
 create mode 100644 cpp/native/include/spacepdhcg/native/powered_descent_scvx.hpp
 create mode 100644 cpp/native/include/spacepdhcg/native/robust_cqp.hpp
 create mode 100644 cpp/native/include/spacepdhcg/native/scenario_partition.hpp
 create mode 100644 cpp/native/include/spacepdhcg/native/scenario_tree.hpp
 create mode 100644 cpp/native/include/spacepdhcg/native/scvx_policy.hpp
 create mode 100644 cpp/native/include/spacepdhcg/native_c_api.h
 create mode 100644 cpp/native/src/backend.cpp
 create mode 100644 cpp/native/src/cw.cpp
 create mode 100644 cpp/native/src/cw_problem.cpp
 create mode 100644 cpp/native/src/native_c_api.cpp
 create mode 100644 cpp/native/src/persistent_session.cpp
 create mode 100644 cpp/native/src/powered_descent_3dof.cpp
 create mode 100644 cpp/native/src/powered_descent_6dof.cpp
 create mode 100644 cpp/native/src/powered_descent_cqp.cpp
 create mode 100644 cpp/native/src/powered_descent_scvx.cpp
 create mode 100644 cpp/native/src/robust_cqp.cpp
 create mode 100644 cpp/native/src/scenario_tree.cpp
 create mode 100644 cpp/native/tests/native_core_smoke.cpp
 create mode 100644 cpp/native/tests/persistent_session_smoke.cpp
 create mode 100644 cpp/native/tests/powered_descent_6dof_smoke.cpp
 create mode 100644 cpp/native/tests/powered_descent_cqp_smoke.cpp
 create mode 100644 cpp/native/tests/powered_descent_scvx_smoke.cpp
 create mode 100644 cpp/native/tests/powered_descent_smoke.cpp
 create mode 100644 cpp/native/tests/robust_cqp_smoke.cpp
 create mode 100644 cpp/native/tests/scenario_tree_smoke.cpp
 create mode 100644 cpp/package-smoke/CMakeLists.txt
 create mode 100644 cpp/package-smoke/main.cpp
 create mode 100644 cpp/src/c_api.cpp
 create mode 100644 cpp/tests/accelerator_view_property_smoke.cpp
 create mode 100644 cpp/tests/beam_search_smoke.cpp
 create mode 100644 cpp/tests/column_generation_smoke.cpp
 create mode 100644 cpp/tests/continuous_check_smoke.cpp
 create mode 100644 cpp/tests/ct_sampling_smoke.cpp
 create mode 100644 cpp/tests/ct_violation_state_smoke.cpp
 create mode 100644 cpp/tests/dense_admm_smoke.cpp
 create mode 100644 cpp/tests/dlpack_optional_smoke.cpp
 create mode 100644 cpp/tests/dynamic_discretisation_smoke.cpp
 create mode 100644 cpp/tests/fixed_cqp_smoke.cpp
 create mode 100644 cpp/tests/hcw_rendezvous_smoke.cpp
 create mode 100644 cpp/tests/high_fidelity_certification_smoke.cpp
 create mode 100644 cpp/tests/higher_order_transcription_smoke.cpp
 create mode 100644 cpp/tests/host_cqp_oracle_smoke.cpp
 create mode 100644 cpp/tests/interface_smoke.cpp
 create mode 100644 cpp/tests/lambert_family_oracle_smoke.cpp
 create mode 100644 cpp/tests/lambert_family_smoke.cpp
 create mode 100644 cpp/tests/lambert_oracle_smoke.cpp
 create mode 100644 cpp/tests/lambert_smoke.cpp
 create mode 100644 cpp/tests/low_thrust_driver_smoke.cpp
 create mode 100644 cpp/tests/low_thrust_oracle_smoke.cpp
 create mode 100644 cpp/tests/low_thrust_smoke.cpp
 create mode 100644 cpp/tests/orbitweaver_g7_c_api_smoke.cpp
 create mode 100644 cpp/tests/orbitweaver_g7_smoke.cpp
 create mode 100644 cpp/tests/persistent_session_smoke.cpp
 create mode 100644 cpp/tests/planner_c_api_smoke.cpp
 create mode 100644 cpp/tests/planner_problem_smoke.cpp
 create mode 100644 cpp/tests/powered_descent_6dof_smoke.cpp
 create mode 100644 cpp/tests/powered_descent_6dof_transcription_smoke.cpp
 create mode 100644 cpp/tests/powered_descent_driver_smoke.cpp
 create mode 100644 cpp/tests/powered_descent_free_time_transcription_smoke.cpp
 create mode 100644 cpp/tests/powered_descent_smoke.cpp
 create mode 100644 cpp/tests/powered_descent_transcription_smoke.cpp
 create mode 100644 cpp/tests/restricted_master_lp_smoke.cpp
 create mode 100644 cpp/tests/risk_cqp_smoke.cpp
 create mode 100644 cpp/tests/robust_6dof_smoke.cpp
 create mode 100644 cpp/tests/robust_low_thrust_driver_smoke.cpp
 create mode 100644 cpp/tests/robust_low_thrust_oracle_smoke.cpp
 create mode 100644 cpp/tests/route_master_smoke.cpp
 create mode 100644 cpp/tests/scenario_cqp_smoke.cpp
 create mode 100644 cpp/tests/scenario_layout_smoke.cpp
 create mode 100644 cpp/tests/scvx_policy_smoke.cpp
 create mode 100644 cpp/tests/time_dilated_flow_include_order_smoke.cpp
 create mode 100644 cpp/tests/time_dilated_flow_smoke.cpp
 create mode 100644 cpp/tests/time_expanded_graph_smoke.cpp
 create mode 100644 cpp/tests/trajectory_oracle_smoke.cpp
 create mode 100644 cpp/tests/variational_rk4_property_smoke.cpp
 create mode 100644 cpp/tests/variational_rk4_smoke.cpp
 create mode 100644 cpp/tools/cpu_reference_emitter.cpp
 create mode 100644 cpp/tools/parity_probe.cpp
 create mode 100644 cpp/tools/trajectory_history_emitter.cpp
 create mode 100644 third_party/dlpack.lock.json
 create mode 100644 third_party/licenses/scipy-dop853.txt
 create mode 100644 third_party/patches/pdhcg/0001-free-quadratic-state.patch
 create mode 100644 third_party/pdhcg.lock.json
 create mode 100644 third_party/qoco_gpu.lock.json
