
Fatbin elf code:
================
arch = sm_90
code version = [1,7]
host = linux
compile_size = 64bit

Resource usage:
 Common:
  GLOBAL:0

Fatbin elf code:
================
arch = sm_120
code version = [1,8]
host = linux
compile_size = 64bit

Resource usage:
 Common:
  GLOBAL:0

Fatbin elf code:
================
arch = sm_90
code version = [1,7]
host = linux
compile_size = 64bit

Resource usage:
 Common:
  GLOBAL:0
 Function _ZN53_GLOBAL__N__76f896ac_20_gtoc12_completion_cu_918f4c1917finish_candidatesEi35spacepdhcg_gtoc12_completion_policyPK38spacepdhcg_gtoc12_completion_candidatePK35spacepdhcg_gtoc12_completion_deployPK32spacepdhcg_gtoc12_completion_legP35spacepdhcg_gtoc12_completion_resultP39spacepdhcg_gtoc12_completion_leg_resultPdPi:
  REG:80 STACK:0 SHARED:0 LOCAL:0 CONSTANT[0]:672 TEXTURE:0 SURFACE:0 SAMPLER:0

Fatbin elf code:
================
arch = sm_120
code version = [1,8]
host = linux
compile_size = 64bit

Resource usage:
 Common:
  GLOBAL:0
 Function _ZN53_GLOBAL__N__76f896ac_20_gtoc12_completion_cu_918f4c1917finish_candidatesEi35spacepdhcg_gtoc12_completion_policyPK38spacepdhcg_gtoc12_completion_candidatePK35spacepdhcg_gtoc12_completion_deployPK32spacepdhcg_gtoc12_completion_legP35spacepdhcg_gtoc12_completion_resultP39spacepdhcg_gtoc12_completion_leg_resultPdPi:
  REG:84 STACK:160 SHARED:0 LOCAL:0 CONSTANT[0]:1040 TEXTURE:0 SURFACE:0 SAMPLER:0
