[0/2] Re-checking globbed directories...
[1/53] Building CUDA object cuda/CMakeFiles/spacepdhcg_cuda.dir/src/gtoc12_discretisation.cu.o
[2/53] Building CUDA object cuda/CMakeFiles/spacepdhcg_cuda.dir/src/gtoc12_conic.cu.o
[3/53] Building CUDA object cuda/CMakeFiles/spacepdhcg_cuda.dir/src/gtoc12_qoco.cu.o
[4/53] Building CUDA object cuda/CMakeFiles/spacepdhcg_cuda.dir/src/gtoc12_scvx.cu.o
[5/53] Building CUDA object cuda/CMakeFiles/spacepdhcg_cuda.dir/src/gtoc12_verification.cu.o
[6/53] Building CUDA object cuda/CMakeFiles/spacepdhcg_cuda.dir/src/gtoc12_collection.cu.o
[7/53] Building CXX object cuda/CMakeFiles/spacepdhcg_cuda.dir/src/native_qoco_adapter.cpp.o
[8/53] Building CUDA object cuda/CMakeFiles/spacepdhcg_cuda.dir/src/device_scvx.cu.o
[9/53] Building CUDA object cuda/CMakeFiles/spacepdhcg_cuda.dir/src/gtoc12_neighbours.cu.o
[10/53] Building CUDA object cuda/CMakeFiles/spacepdhcg_cuda.dir/src/orbitweaver_gpu.cu.o
[11/53] Building C object cuda/CMakeFiles/spacepdhcg_pinned_reference.dir/pdhcg-patched/src/cbf_parser.c.o
[12/53] Building C object cuda/CMakeFiles/spacepdhcg_pinned_reference.dir/pdhcg-patched/src/cone_utils.c.o
[13/53] Building C object cuda/CMakeFiles/spacepdhcg_pinned_reference.dir/pdhcg-patched/src/mps_parser.c.o
[14/53] Building C object cuda/CMakeFiles/spacepdhcg_pinned_reference.dir/pdhcg-patched/src/partition_utils.c.o
[15/53] Building C object cuda/CMakeFiles/spacepdhcg_pinned_reference.dir/pdhcg-patched/src/pdhcg.c.o
[16/53] Building C object cuda/CMakeFiles/spacepdhcg_pinned_reference.dir/pdhcg-patched/src/preconditioner.c.o
[17/53] Building C object cuda/CMakeFiles/spacepdhcg_pinned_reference.dir/pdhcg-patched/src/presolve_wrapper.c.o
[18/53] Building C object cuda/CMakeFiles/spacepdhcg_pinned_reference.dir/pdhcg-patched/src/qcqp_transform.c.o
[19/53] Building CUDA object cuda/CMakeFiles/spacepdhcg_pinned_reference.dir/pdhcg-patched/src/cone_dispatch.cu.o
[20/53] Building CUDA object cuda/CMakeFiles/spacepdhcg_pinned_reference.dir/pdhcg-patched/src/kernels/pdhcg_affine_cone_kernels.cu.o
[21/53] Building CUDA object cuda/CMakeFiles/spacepdhcg_cuda.dir/src/native_qoco_gpu.cu.o
[22/53] Building CUDA object cuda/CMakeFiles/spacepdhcg_pinned_reference.dir/pdhcg-patched/src/kernels/pdhcg_cone_common_kernels.cu.o
[23/53] Building CUDA object cuda/CMakeFiles/spacepdhcg_pinned_reference.dir/pdhcg-patched/src/kernels/pdhcg_kernels.cu.o
[24/53] Building CUDA object cuda/CMakeFiles/spacepdhcg_pinned_reference.dir/pdhcg-patched/src/kernels/pdhcg_exp_cone_kernels.cu.o
[25/53] Building CUDA object cuda/CMakeFiles/spacepdhcg_pinned_reference.dir/pdhcg-patched/src/kernels/pdhcg_psd_cone_kernels.cu.o
[26/53] Building CUDA object cuda/CMakeFiles/spacepdhcg_pinned_reference.dir/pdhcg-patched/src/kernels/pdhcg_power_cone_kernels.cu.o
[27/53] Building CUDA object cuda/CMakeFiles/spacepdhcg_pinned_reference.dir/pdhcg-patched/src/kernels/pdhcg_rsoc_cone_kernels.cu.o
[28/53] Building CUDA object cuda/CMakeFiles/spacepdhcg_pinned_reference.dir/pdhcg-patched/src/kernels/pdhcg_soc_cone_kernels.cu.o
[29/53] Building CUDA object cuda/CMakeFiles/spacepdhcg_pinned_reference.dir/pdhcg-patched/src/pdhg_core_op.cu.o
[30/53] Building CUDA object cuda/CMakeFiles/spacepdhcg_pinned_reference.dir/pdhcg-patched/src/permute.cu.o
[31/53] Building CUDA object cuda/CMakeFiles/spacepdhcg_pinned_reference.dir/pdhcg-patched/src/solver.cu.o
[32/53] Building CUDA object cuda/CMakeFiles/spacepdhcg_pinned_reference.dir/pdhcg-patched/src/spmv_backend.cu.o
[33/53] Building CUDA object cuda/CMakeFiles/spacepdhcg_pinned_reference.dir/pdhcg-patched/src/solver_state.cu.o
[34/53] Building C object cuda/CMakeFiles/spacepdhcg_pinned_reference.dir/pdhcg-patched/distributed/distributed_ops_stub.c.o
[35/53] Building C object cuda/CMakeFiles/spacepdhcg_pinned_reference.dir/pdhcg-patched/distributed/distributed_conic_stub.c.o
[36/53] Building CUDA object cuda/CMakeFiles/gtoc12_collection_test.dir/tests/gtoc12_collection_test.cu.o
[37/53] Building CUDA object cuda/CMakeFiles/spacepdhcg_pinned_reference.dir/pdhcg-patched/src/utils.cu.o
[38/53] Linking CUDA static library cuda/CMakeFiles/spacepdhcg_pinned_reference.dir/cmake_device_link.o
[39/53] Linking CUDA static library cuda/libspacepdhcg_pinned_reference.a
[40/53] Building CUDA object cuda/CMakeFiles/gtoc12_neighbours_test.dir/tests/gtoc12_neighbours_test.cu.o
[41/53] Building CUDA object cuda/CMakeFiles/gtoc12_outer_graph_test.dir/tests/gtoc12_outer_graph_test.cu.o
[42/53] Building CUDA object cuda/CMakeFiles/gtoc12_scvx_test.dir/tests/gtoc12_scvx_test.cu.o
[43/53] Building CUDA object cuda/CMakeFiles/spacepdhcg_cuda.dir/src/persistent_pdhcg.cu.o
[44/53] Linking CXX shared library cuda/CMakeFiles/spacepdhcg_cuda.dir/cmake_device_link.o
[45/53] Linking CXX shared library cuda/libspacepdhcg_cuda.so
[46/53] Linking CUDA executable cuda/CMakeFiles/gtoc12_collection_test.dir/cmake_device_link.o
[47/53] Linking CUDA executable cuda/CMakeFiles/gtoc12_neighbours_test.dir/cmake_device_link.o
[48/53] Linking CUDA executable cuda/CMakeFiles/gtoc12_outer_graph_test.dir/cmake_device_link.o
[49/53] Linking CUDA executable cuda-tests/gtoc12_outer_graph_test
[50/53] Linking CUDA executable cuda-tests/gtoc12_neighbours_test
[51/53] Linking CUDA executable cuda-tests/gtoc12_collection_test
[52/53] Linking CUDA executable cuda/CMakeFiles/gtoc12_scvx_test.dir/cmake_device_link.o
[53/53] Linking CUDA executable cuda-tests/gtoc12_scvx_test
