Ship palette: 40 colours, min dE consecutive 75.4, pairwise 14.8, to reserved 15.5; synthetic 21/39/40-ship fleets pass, 41 refused
Validated 5 archive trajectories, 1988 dense replay points
Data SHA-256 b160734e72aecfc7e0438b1b83c9c9bf967674f37b145e3e37aa0f721712a2dd
Validated GTOC12 fleet fleet_master_v11_fleet: 23 ships, 196 asteroids, 11677 exact replay samples, 14047.80 kg collected (official verifier 14047.8 kg)
Fleet SHA-256 0ebd0dfaf0b483418e8ebd261eac2671528cac283429216777ecda79a55deb93 · solution f0688310d1a2fcd572e35ada7ec8b10edca1136ccf8b57abd2979b6614104f91
Validated GTOC12 fleet gpu_native_campaign_v200_fleet: 1 ships, 6 asteroids, 509 exact replay samples, 475.98 kg collected (official verifier 475.975 kg)
Fleet SHA-256 7b1b0d44e72b2f649f2f949137458d69a2930be1719ff652d851a2993a1e7d1c · solution 1ae27d706bfa650ee4b012642706168fd7a02f2730ebb9029c9e336f69261fab
Validated GTOC12 fleet gpu_native_campaign_v209_fleet: 1 ships, 6 asteroids, 504 exact replay samples, 475.98 kg collected (official verifier 475.975 kg)
Fleet SHA-256 fa95eac537d4baeb70e04a65e2944451991371233d28163cdb6efc53e07d81b6 · solution 275aeadb5929b9b856c7baca5481740fc4bbb18fd0fbf493b1b2bd1a1a072c7c
Validated GTOC12 fleet gpu_retiming_v213: 1 ships, 6 asteroids, 508 exact replay samples, 524.02 kg collected (official verifier 524.025 kg)
Fleet SHA-256 9562b634ea5c416090477852f297dd88733481af8227f8948dc3be61a3d2412a · solution b25de90cb6410497fd16a2bee31cac293f47dd90b80af1aaf58e1390ff22f4dc
Validated GTOC12 fleet gpu_fleet_recovery381_fleet: 15 ships, 105 asteroids, 7617 exact replay samples, 7820.53 kg collected (official verifier 7820.53 kg)
Fleet SHA-256 ac05685f1779e9f8cd46c36bc6bc307e270a4162637f5cf84e32f53c5a5a2ae4 · solution 07fd597831cbff7489d166d0635274e81ac7aecd78c110d3c7f2d017b1c9c54e
Validated GTOC12 fleet scaled548_fleet: 1 ships, 8 asteroids, 509 exact replay samples, 548.25 kg collected (official verifier 548.255 kg)
Fleet SHA-256 7bc3c11615b6204fa8c5064e027a6e1213bba18a99aff6d219642d28d4b910f1 · solution 785ddb729325003757e3b8707718f54f03f7a4ea726da5fed6426ee2308e3e58
Validated GTOC12 fleet fastroot588_fleet: 1 ships, 8 asteroids, 510 exact replay samples, 548.25 kg collected (official verifier 548.255 kg)
Fleet SHA-256 6c04fee88d255b2ca5c4364affe671f9df3ba91a7cb354a66e3d296849c13d65 · solution 16df8970563daf0a08da30bb3a548478facb78d3ee7e4fa4be9075329ed2e382
Validated GTOC12 fleet gpu_family32_rich_v589_h100_fleet: 3 ships, 22 asteroids, 1525 exact replay samples, 1587.27 kg collected (official verifier 1587.27 kg)
Fleet SHA-256 7983852206b6f56fcfd52ee1e550b67aed9875a17f7564ab2135c2032a49da6f · solution f4f693404acc3cd8411e9f387765e354d47e668626f6450e10fa946118472068
Validated GTOC12 fleet orphan_recovery_v595: 23 ships, 196 asteroids, 11679 exact replay samples, 14051.85 kg collected (official verifier 14051.9 kg)
Fleet SHA-256 ae2fea4088320171af2a98d7616609115fc7815e6d32f0382c27e0435d7c24ea · solution 33701ef2b797f44ef2e8aa50a2dd59cb238df9aab604e7cef25ead6cbdd669e8
Validated GTOC12 fleet orphan_recovery_v595: 23 ships, 196 asteroids, 11679 exact replay samples, 14051.85 kg collected (official verifier 14051.9 kg)
Fleet SHA-256 e2f7da766706cd33d306a200c983ea225c777a91d37d4ea5a10f2c15157fff73 · solution e408ff46f547890aaaa8d65505b969829ff9497b0264bf7b558f1bf1d6b9fb17
Validated GTOC12 fleet orphan_recovery_v595: 23 ships, 196 asteroids, 11679 exact replay samples, 14051.85 kg collected (official verifier 14051.9 kg)
Fleet SHA-256 bd3055faaa9b89df41e9f4b05a03b0e3073e020e84a666e128f8072e291c1876 · solution a5868283e531123a58c0087b236d4d50076a3542d1ce9375309fa583cca425fc
Validated GTOC12 fleet orphan_recovery_v595: 23 ships, 196 asteroids, 11679 exact replay samples, 14051.85 kg collected (official verifier 14051.9 kg)
Fleet SHA-256 c89ee937c5d052d0f6633f6fcb5b0cb4ecd19ec091344c03b9b29b0d7bcf700f · solution fcf044c68aeae0e73aa961ae4d791fc3b7db0782aa78ea814a508acd7cabc285
Validated GTOC12 fleet orphan_recovery_v595: 23 ships, 196 asteroids, 11679 exact replay samples, 14051.85 kg collected (official verifier 14051.9 kg)
Fleet SHA-256 d358e523f7c344ae0db2816056818e90739f1873beff4de21980506eb9391cab · solution d42c5c62495749a1c7e507e69542b6b98e6c89bc38c2521ee01feba09a63f7bc
Validated GTOC12 fleet orphan_recovery_v595: 23 ships, 196 asteroids, 11679 exact replay samples, 14051.85 kg collected (official verifier 14051.9 kg)
Fleet SHA-256 ea2f1dbef24b3fc70e46bf810a85bea11d0a56a46972b599456f560e8676bb39 · solution 645883b8cc1c100667104817e6dbaabcec0313d209eda2973827ee4278a321f0
Validated GTOC12 fleet orphan_recovery_v595: 23 ships, 196 asteroids, 11679 exact replay samples, 14051.85 kg collected (official verifier 14051.9 kg)
Fleet SHA-256 2509d40639d6fa57da79af7fb7deaeea0600bb2412f4b58f43cba7a8cf47c7d2 · solution 09067976120623cb6784b8439ee53490a7e9ee9dfcd1f045f394952865319ff3
Validated GTOC12 fleet orphan_recovery_v595: 23 ships, 196 asteroids, 11679 exact replay samples, 14051.85 kg collected (official verifier 14051.9 kg)
Fleet SHA-256 2509d40639d6fa57da79af7fb7deaeea0600bb2412f4b58f43cba7a8cf47c7d2 · solution 09067976120623cb6784b8439ee53490a7e9ee9dfcd1f045f394952865319ff3
Validated GTOC12 fleet cuda_fleet_exchange_v732: 23 ships, 195 asteroids, 11682 exact replay samples, 14043.75 kg collected (official verifier 14043.8 kg)
Fleet SHA-256 c31b9b77d1143af95846a89fb82fb45bc85894c8d4e5608f331904754c5553c8 · solution fba0ee086ae55d6c690f0e5dbaf874834b6f63e2f238e436d90671bdddff3c5f
Validated GTOC12 fleet gpu_route_search_v766: 23 ships, 195 asteroids, 11680 exact replay samples, 14044.35 kg collected (official verifier 14044.4 kg)
Fleet SHA-256 cc8cfb00b999384e2283be9dcf9a6a8ddb554610af28c8169663a38d06a8b9c0 · solution d368babcf0656ab55b9a21bd8ccde4eef22629a37f9bc8f8a1877eb15a3e7efa
Validated GTOC12 fleet local_seeded_route_v625_unchanged_score_control: 23 ships, 195 asteroids, 11680 exact replay samples, 14044.35 kg collected (official verifier 14044.4 kg)
Fleet SHA-256 d6f49cbedb19e7501a01950757aaf659621d7070f6f3f5b74873781856a5ec59 · solution 6fa61648cbc958aec0f93b941d0bafc650fa6f0bcb2497b60743481a88e53ba8
Validated GTOC12 fleet local_seeded_candidate_v627_boundary_merit: 23 ships, 195 asteroids, 11679 exact replay samples, 14044.79 kg collected (official verifier 14044.8 kg)
Fleet SHA-256 41c68b95ab5260237499ab1b8d9d47925e8c313ea6ceab3ae6fa460eeaafc0bc · solution 931defc362c9299d28d089aa46130c05f92bf9ee38ea03d870b4dc2a83915946
Validated GTOC12 fleet gpu_insertion_search_v773: 23 ships, 195 asteroids, 11679 exact replay samples, 14044.35 kg collected (official verifier 14044.4 kg)
Fleet SHA-256 e3863bf37ec1567d249cb4f13a518e7a0cad3e22e98512eed61501fa18f01cf5 · solution 9a74e56dadc290f3ed340ce7249dc47d798ce981c9f39e4a51b1febb5df0aa79
Validated GTOC12 fleet gpu_regeneration_v798: 23 ships, 200 asteroids, 11677 exact replay samples, 14271.05 kg collected (official verifier 14271 kg)
Fleet SHA-256 545e07d96c0a1f8b50468d90b7ab58f83c36b66d8787d952c809bd75dcc7ccec · solution 97d1f351bf6ad4907ddce887aa47d1fa974f587ab270374f4bb46a5898491d48
Validated GTOC12 fleet local_current_fleet_composition_v628: 23 ships, 200 asteroids, 11676 exact replay samples, 14271.49 kg collected (official verifier 14271.5 kg)
Fleet SHA-256 71b13d7e3cd02261c1ff768f75dbb0271f9aa1c046be0e74f6a94c8f6a96ddde · solution 63446ebf3ff1298911bccade7b789a8fb68a0f7db4171906c8e6783a7f174bab
Validated GTOC12 fleet gpu_insertion_search_v779: 23 ships, 195 asteroids, 11680 exact replay samples, 14044.35 kg collected (official verifier 14044.4 kg)
Fleet SHA-256 5dbf4fbf5c3cd3fb5f43f898742d9033da6f560aad2b61c348d24b46631f0c26 · solution 566badda74eaf8ae790877a6c372a10beaad0261d463864fe7f6b74f9a343e67
Validated GTOC12 fleet recovery380_fleet: 4 ships, 29 asteroids, 2030 exact replay samples, 2095.96 kg collected (official verifier 2095.96 kg)
Fleet SHA-256 947379b4025db4955839d3a0e2171cad443daff51698647d7520fed561e6ba02 · solution 6ef0e8bafd4f0f861977c9bc3b2089636d8ddaba4289459e7c223fbeb44497e0
Validated GTOC12 fleet gpu_fleet_374_fleet: 3 ships, 24 asteroids, 1525 exact replay samples, 1676.93 kg collected (official verifier 1676.93 kg)
Fleet SHA-256 69c0e9c3ae1d83c7f80796ae16d8e20b4e9eb35d931811cd5aa5a02569b91702 · solution c131beb988710b33dbb2c5a69bcd9b0ed32533e3682cd250389c1fbd3e568ebd
Validated GTOC12 fleet gpu_step_360_fleet: 1 ships, 8 asteroids, 510 exact replay samples, 548.25 kg collected (official verifier 548.255 kg)
Fleet SHA-256 57ff8233260b034f6cfcd9307f5e5059d31060c2a03e3e0d9774b9b93afa847a · solution 51375e7240417712786d8e9edfc29646dc8a477c2cb834c15e873b3503e2b775
Validated GTOC12 fleet gpu_nonfinite_342_fleet: 1 ships, 8 asteroids, 510 exact replay samples, 548.25 kg collected (official verifier 548.255 kg)
Fleet SHA-256 cf4f6b6667a975637b7547bd8935903a0dad0b0e9a07132b92d385cc8df71423 · solution fc8e15a10f63e93b40b7883858edd93f63c86f56b05c53d98a02a5d583a083fb
Validated GTOC12 fleet gpu_execution_graph_v332_fleet: 1 ships, 8 asteroids, 506 exact replay samples, 548.25 kg collected (official verifier 548.255 kg)
Fleet SHA-256 bee489565ff35593a7475bee129520abf0f8967f006c2182248dafb8759953bd · solution a942fb325a8c141ab1a9ed59e4cbab76ee484d571437d1c620928859a61f202b
Validated GTOC12 fleet gpu_native_campaign_v269_fleet: 1 ships, 8 asteroids, 507 exact replay samples, 548.25 kg collected (official verifier 548.255 kg)
Fleet SHA-256 31ade9d80db8117cdc8bdd77b7abc57994f5cfe1c119c50c02ce60b3fbf32377 · solution acab908f1e9b9217bc4f9409d01536a6ca15e2e3a8cb514bbb1e8acb251cd04b
Validated GTOC12 fleet gpu_sweep_v235: 1 ships, 6 asteroids, 508 exact replay samples, 526.49 kg collected (official verifier 526.489 kg)
Fleet SHA-256 dc674b0fc74f93c3c0d16ecfebfa569e602b5fee8e52a67ad46b43747d524267 · solution 148b2b63be0fce066393bebd416de694875cfb27a8e5fccbea62d9a82c7da4cd
