{
  "complete": true,
  "seconds": {
    "cpu_neighbours": [
      2.709090306016151,
      2.7116485250298865,
      2.717639019014314
    ],
    "gpu_neighbours": [
      1.8187447999953292,
      1.820714864996262,
      1.8422246300033294
    ]
  },
  "median_seconds": {
    "cpu_neighbours": 2.7116485250298865,
    "gpu_neighbours": 1.820714864996262
  },
  "speedup": 1.4893317878389782,
  "neighbour_queries": {
    "gpu_neighbours": 77,
    "cpu_neighbours": 0
  },
  "branches_per_search": 545658,
  "candidates": 27,
  "catalogue_sha256": "99a42cc30d4498d99b8acf507790ab74f040ff2e202ef6c8e90bbb39b6c46675",
  "runtime_sha256": "4ec61da9bb1e9a5e27bea97acc27343c77484f59dc482ca34b794e64db6c38f8"
}
