{
  "catalogue_sha256": "99a42cc30d4498d99b8acf507790ab74f040ff2e202ef6c8e90bbb39b6c46675",
  "pool_size": 60000,
  "cases": [
    [
      1,
      64328.0
    ],
    [
      12000,
      65500.0
    ],
    [
      30000,
      66800.0
    ],
    [
      50000,
      68000.0
    ]
  ],
  "runs": {
    "numpy": {
      "cold_seconds": 0.08617838600184768,
      "warm_seconds": [
        0.04415936197619885,
        0.04403935599839315,
        0.044106233050115407
      ],
      "median_seconds": 0.044106233050115407
    },
    "cuda": {
      "cold_seconds": 0.31450719403801486,
      "warm_seconds": [
        0.0018335619824938476,
        0.0018312979955226183,
        0.0018282110104337335
      ],
      "median_seconds": 0.0018312979955226183
    }
  },
  "runtime_sha256": "4ec61da9bb1e9a5e27bea97acc27343c77484f59dc482ca34b794e64db6c38f8",
  "complete": true,
  "speedup": 24.084683736864086
}
