{
  "catalogue_sha256": "99a42cc30d4498d99b8acf507790ab74f040ff2e202ef6c8e90bbb39b6c46675",
  "pool_size": 60000,
  "cases": [
    [
      1,
      64328.0
    ],
    [
      12000,
      65500.0
    ],
    [
      30000,
      66800.0
    ],
    [
      50000,
      68000.0
    ]
  ],
  "runs": {
    "numpy": {
      "cold_seconds": 0.049630497000180185,
      "warm_seconds": [
        0.026277419000507507,
        0.02677562400003808,
        0.02590823900027317
      ],
      "median_seconds": 0.026277419000507507
    },
    "cuda": {
      "cold_seconds": 0.22528483800033428,
      "warm_seconds": [
        0.0032431689996883506,
        0.003019615000084741,
        0.0033367139994879835
      ],
      "median_seconds": 0.0032431689996883506
    }
  },
  "runtime_sha256": "9711562eb88d0be0eeb9c25606071a20d4411163d9cfb64ab9b866ceb9c0337f",
  "complete": true,
  "speedup": 8.102389669805246
}
