-- The CXX compiler identification is GNU 11.4.0
-- Detecting CXX compiler ABI info
-- Detecting CXX compiler ABI info - done
-- Check for working CXX compiler: /usr/bin/c++ - skipped
-- Detecting CXX compile features
-- Detecting CXX compile features - done
-- The C compiler identification is GNU 11.4.0
-- Detecting C compiler ABI info
-- Detecting C compiler ABI info - done
-- Check for working C compiler: /usr/bin/cc - skipped
-- Detecting C compile features
-- Detecting C compile features - done
-- The CUDA compiler identification is NVIDIA 12.8.93 with host compiler GNU 11.4.0
-- Detecting CUDA compiler ABI info
-- Detecting CUDA compiler ABI info - done
-- Check for working CUDA compiler: /usr/local/cuda-12.8/bin/nvcc - skipped
-- Detecting CUDA compile features
-- Detecting CUDA compile features - done
-- Found CUDAToolkit: /usr/local/cuda-12.8/targets/x86_64-linux/include (found version "12.8.93")
-- Performing Test CMAKE_HAVE_LIBC_PTHREAD
-- Performing Test CMAKE_HAVE_LIBC_PTHREAD - Success
-- Found Threads: TRUE
-- Found Git: /usr/bin/git (found version "2.34.1")
-- Found ZLIB: /usr/lib/x86_64-linux-gnu/libz.so (found version "1.2.11")
-- SpacePDHCG persistent adapter strategy: linked_internal_adapter
-- Pinned PDHCG commit: 167c8b72b4b96d2f94d405b8763e485514192b81
-- Pinned PDHCG tree: 62b05e6c1bedd385f6c267af3645ae4aae0421b4
(Stripping trailing CRs from patch; use --binary to disable.)
checking file src/solver_state.cu
Hunk #1 succeeded at 752 (offset 1 line).
(Stripping trailing CRs from patch; use --binary to disable.)
checking file src/pdhg_core_op.cu
Hunk #1 succeeded at 1690 (offset 1 line).
(Stripping trailing CRs from patch; use --binary to disable.)
checking file src/spmv_backend.cu
(Stripping trailing CRs from patch; use --binary to disable.)
patching file src/solver_state.cu
Hunk #1 succeeded at 752 (offset 1 line).
(Stripping trailing CRs from patch; use --binary to disable.)
patching file src/pdhg_core_op.cu
Hunk #1 succeeded at 1690 (offset 1 line).
(Stripping trailing CRs from patch; use --binary to disable.)
patching file src/spmv_backend.cu
-- Pinned PDHCG patch: 0001-free-quadratic-state.patch sha256=dd31b99869bda77400d8cf33c2048ad424d345a17b17898420f5dab96766ecc6
-- Configuring done (2.2s)
-- Generating done (0.1s)
-- Build files have been written to: /home/ubuntu/spacepdhcg/v1/build-g4-cuda-debug
