STEP 2026-09-04T13:43:57Z rel-configure
PASS 2026-09-04T13:43:57Z rel-configure
STEP 2026-09-04T13:43:57Z rel-build
PASS 2026-09-04T13:44:23Z rel-build
STEP 2026-09-04T13:44:23Z rel-ctest
PASS 2026-09-04T13:44:25Z rel-ctest
STEP 2026-09-04T13:44:25Z native-rel-configure
PASS 2026-09-04T13:44:25Z native-rel-configure
STEP 2026-09-04T13:44:25Z native-rel-build
PASS 2026-09-04T13:44:30Z native-rel-build
STEP 2026-09-04T13:44:30Z native-rel-ctest
PASS 2026-09-04T13:44:30Z native-rel-ctest
STEP 2026-09-04T13:44:30Z debug-configure
PASS 2026-09-04T13:44:31Z debug-configure
STEP 2026-09-04T13:44:31Z debug-build
PASS 2026-09-04T13:44:44Z debug-build
STEP 2026-09-04T13:44:44Z debug-ctest
PASS 2026-09-04T13:44:52Z debug-ctest
STEP 2026-09-04T13:44:52Z native-debug-configure
PASS 2026-09-04T13:44:52Z native-debug-configure
STEP 2026-09-04T13:44:52Z native-debug-build
PASS 2026-09-04T13:44:56Z native-debug-build
STEP 2026-09-04T13:44:56Z native-debug-ctest
PASS 2026-09-04T13:44:56Z native-debug-ctest
STEP 2026-09-04T13:44:56Z asan-configure
PASS 2026-09-04T13:44:56Z asan-configure
STEP 2026-09-04T13:44:56Z asan-build
PASS 2026-09-04T13:45:19Z asan-build
STEP 2026-09-04T13:45:19Z asan-ctest
PASS 2026-09-04T13:45:43Z asan-ctest
STEP 2026-09-04T13:45:43Z native-asan-configure
PASS 2026-09-04T13:45:43Z native-asan-configure
STEP 2026-09-04T13:45:43Z native-asan-build
PASS 2026-09-04T13:45:49Z native-asan-build
STEP 2026-09-04T13:45:49Z native-asan-ctest
PASS 2026-09-04T13:45:49Z native-asan-ctest
STEP 2026-09-04T13:45:49Z ruff-check
PASS 2026-09-04T13:45:49Z ruff-check
STEP 2026-09-04T13:45:49Z ruff-format
PASS 2026-09-04T13:45:49Z ruff-format
STEP 2026-09-04T13:45:49Z full-pytest
PASS 2026-09-04T13:47:00Z full-pytest
STEP 2026-09-04T13:47:00Z package-build
PASS 2026-09-04T13:47:09Z package-build
STEP 2026-09-04T13:47:09Z consumer-venv
PASS 2026-09-04T13:47:09Z consumer-venv
STEP 2026-09-04T13:47:09Z consumer-install
PASS 2026-09-04T13:47:09Z consumer-install
STEP 2026-09-04T13:47:09Z consumer-import
PASS 2026-09-04T13:47:10Z consumer-import
STEP 2026-09-04T13:47:10Z install-package
PASS 2026-09-04T13:47:10Z install-package
STEP 2026-09-04T13:47:10Z cmake-consumer-configure
PASS 2026-09-04T13:47:10Z cmake-consumer-configure
STEP 2026-09-04T13:47:10Z cmake-consumer-build
PASS 2026-09-04T13:47:11Z cmake-consumer-build
STEP 2026-09-04T13:47:11Z cmake-consumer-ctest
PASS 2026-09-04T13:47:11Z cmake-consumer-ctest
