STEP 2026-09-04T13:47:11Z upstream-configure
PASS 2026-09-04T13:47:13Z upstream-configure
STEP 2026-09-04T13:47:13Z upstream-build
PASS 2026-09-04T13:47:32Z upstream-build
STEP 2026-09-04T13:47:32Z upstream-cli-help
PASS 2026-09-04T13:47:32Z upstream-cli-help
STEP 2026-09-04T13:47:32Z g1-venv
PASS 2026-09-04T13:47:32Z g1-venv
STEP 2026-09-04T13:47:32Z install-spacepdhcg
PASS 2026-09-04T13:47:32Z install-spacepdhcg
STEP 2026-09-04T13:47:32Z install-pdhcg
PASS 2026-09-04T13:47:49Z install-pdhcg
STEP 2026-09-04T13:47:49Z automated-banded-n8
PASS 2026-09-04T13:47:52Z automated-banded-n8
STEP 2026-09-04T13:47:52Z automated-banded-n32
PASS 2026-09-04T13:47:54Z automated-banded-n32
STEP 2026-09-04T13:47:54Z automated-banded-n128
PASS 2026-09-04T13:47:57Z automated-banded-n128
STEP 2026-09-04T13:47:57Z declared-expansion
PASS 2026-09-04T13:49:12Z declared-expansion
{"automated_banded_cases": 15, "box_cases": 48, "decision": "PASS", "declared_cases": 96, "immutable_uri": null, "local_only": true, "maximum": {"cone_primal_violation_inf": 0.0005459379985316617, "control_violation_inf": 0.0010918759970633238, "dynamics_defect_inf": 0.010668997501936062, "initial_error_inf": 0.004378184858065737, "natural_residual_inf": 0.01066899750193569, "objective_gap_relative": 4.857080883488574e-05, "relative_natural_residual_inf": 0.0010664328461796404, "scalar_primal_violation_inf": 0.01066899750193569, "stationarity_residual_inf": 0.0004009489911435103, "terminal_error_inf": 0.00014926250678083417, "variable_primal_violation_inf": 0.0}, "no_device_negative_control": "PASS", "pdhcg_commit": "167c8b72b4b96d2f94d405b8763e485514192b81", "pdhcg_tree": "62b05e6c1bedd385f6c267af3645ae4aae0421b4", "schema_version": "current-head-g1-1.0.0", "soc_cases": 48, "source_commit": "9e75b470fd5378d9b20f6f13892ac909c43757cd", "update_cases": 16}
