STEP 2026-09-04T13:49:13Z debug-configure
PASS 2026-09-04T13:49:15Z debug-configure
STEP 2026-09-04T13:49:15Z debug-build
PASS 2026-09-04T13:49:47Z debug-build
STEP 2026-09-04T13:49:47Z debug-ctest
PASS 2026-09-04T13:52:16Z debug-ctest
STEP 2026-09-04T13:52:16Z release-configure
PASS 2026-09-04T13:52:19Z release-configure
STEP 2026-09-04T13:52:19Z release-build
PASS 2026-09-04T13:53:06Z release-build
STEP 2026-09-04T13:53:06Z release-ctest
PASS 2026-09-04T13:55:29Z release-ctest
STEP 2026-09-04T13:55:29Z persistent_cw_test
PASS 2026-09-04T13:55:30Z persistent_cw_test
STEP 2026-09-04T13:55:30Z persistent_soc_test
PASS 2026-09-04T13:55:30Z persistent_soc_test
STEP 2026-09-04T13:55:30Z dlpack_contract_test
PASS 2026-09-04T13:55:30Z dlpack_contract_test
STEP 2026-09-04T13:55:30Z cone_inventory_test
PASS 2026-09-04T13:55:31Z cone_inventory_test
STEP 2026-09-04T13:55:31Z allocation_lifecycle_test
PASS 2026-09-04T13:55:31Z allocation_lifecycle_test
STEP 2026-09-04T13:55:31Z pointer_contract_test
PASS 2026-09-04T13:55:31Z pointer_contract_test
STEP 2026-09-04T13:55:31Z stream_lifetime_test
PASS 2026-09-04T13:55:32Z stream_lifetime_test
STEP 2026-09-04T13:55:32Z recovery_test
PASS 2026-09-04T13:55:36Z recovery_test
STEP 2026-09-04T13:55:36Z dlpack-cupy
PASS 2026-09-04T13:55:37Z dlpack-cupy
STEP 2026-09-04T13:55:37Z dlpack-torch
PASS 2026-09-04T13:55:40Z dlpack-torch
STEP 2026-09-04T13:55:40Z dlpack-jax
PASS 2026-09-04T13:55:43Z dlpack-jax
STEP 2026-09-04T13:55:43Z sanitizer-memcheck
PASS 2026-09-04T13:55:48Z sanitizer-memcheck
STEP 2026-09-04T13:55:48Z sanitizer-dlpack-memcheck
PASS 2026-09-04T13:55:48Z sanitizer-dlpack-memcheck
STEP 2026-09-04T13:55:48Z sanitizer-racecheck
PASS 2026-09-04T13:57:24Z sanitizer-racecheck
STEP 2026-09-04T13:57:24Z sanitizer-initcheck
PASS 2026-09-04T13:57:25Z sanitizer-initcheck
STEP 2026-09-04T13:57:25Z sanitizer-synccheck
PASS 2026-09-04T13:57:27Z sanitizer-synccheck
