STEP 2026-09-04T13:57:28Z release-configure
PASS 2026-09-04T13:57:30Z release-configure
STEP 2026-09-04T13:57:30Z release-build
PASS 2026-09-04T13:58:11Z release-build
STEP 2026-09-04T13:58:11Z release-ctest
PASS 2026-09-04T14:00:34Z release-ctest
STEP 2026-09-04T14:00:34Z debug-configure
PASS 2026-09-04T14:00:36Z debug-configure
STEP 2026-09-04T14:00:36Z debug-build
PASS 2026-09-04T14:01:07Z debug-build
STEP 2026-09-04T14:01:07Z debug-ctest
PASS 2026-09-04T14:03:37Z debug-ctest
STEP 2026-09-04T14:03:37Z device-variational
PASS 2026-09-04T14:03:38Z device-variational
STEP 2026-09-04T14:03:38Z device-integration
PASS 2026-09-04T14:03:39Z device-integration
STEP 2026-09-04T14:03:39Z tight-all
PASS 2026-09-04T14:04:09Z tight-all
STEP 2026-09-04T14:04:09Z production-outer
PASS 2026-09-04T14:04:56Z production-outer
STEP 2026-09-04T14:04:56Z p1d-path-audit
PASS 2026-09-04T14:05:08Z p1d-path-audit
STEP 2026-09-04T14:05:08Z qoco-handback
PASS 2026-09-04T14:06:18Z qoco-handback
STEP 2026-09-04T14:06:18Z recovery
PASS 2026-09-04T14:06:22Z recovery
STEP 2026-09-04T14:06:22Z displaced-regressions
PASS 2026-09-04T14:14:30Z displaced-regressions
STEP 2026-09-04T14:14:30Z h1
PASS 2026-09-04T14:17:10Z h1
STEP 2026-09-04T14:17:10Z sanitizer-variational-memcheck
PASS 2026-09-04T14:17:11Z sanitizer-variational-memcheck
STEP 2026-09-04T14:17:11Z sanitizer-integration-memcheck
PASS 2026-09-04T14:17:14Z sanitizer-integration-memcheck
STEP 2026-09-04T14:17:14Z sanitizer-recovery-memcheck
PASS 2026-09-04T14:21:27Z sanitizer-recovery-memcheck
STEP 2026-09-04T14:21:27Z sanitizer-production-memcheck
PASS 2026-09-04T14:22:59Z sanitizer-production-memcheck
STEP 2026-09-04T14:22:59Z sanitizer-variational-racecheck
PASS 2026-09-04T14:23:00Z sanitizer-variational-racecheck
STEP 2026-09-04T14:23:00Z sanitizer-integration-racecheck
PASS 2026-09-04T14:23:01Z sanitizer-integration-racecheck
STEP 2026-09-04T14:23:01Z sanitizer-recovery-racecheck
PASS 2026-09-04T15:24:23Z sanitizer-recovery-racecheck
STEP 2026-09-04T15:24:23Z sanitizer-production-racecheck
PASS 2026-09-04T15:27:51Z sanitizer-production-racecheck
STEP 2026-09-04T15:27:51Z sanitizer-variational-synccheck
PASS 2026-09-04T15:27:52Z sanitizer-variational-synccheck
STEP 2026-09-04T15:27:52Z sanitizer-integration-synccheck
PASS 2026-09-04T15:27:52Z sanitizer-integration-synccheck
STEP 2026-09-04T15:27:52Z sanitizer-recovery-synccheck
PASS 2026-09-04T15:28:52Z sanitizer-recovery-synccheck
STEP 2026-09-04T15:28:52Z sanitizer-production-synccheck
PASS 2026-09-04T15:28:56Z sanitizer-production-synccheck
STEP 2026-09-04T15:28:56Z sanitizer-variational-initcheck
PASS 2026-09-04T15:28:57Z sanitizer-variational-initcheck
STEP 2026-09-04T15:28:57Z sanitizer-integration-initcheck
PASS 2026-09-04T15:28:59Z sanitizer-integration-initcheck
STEP 2026-09-04T15:28:59Z sanitizer-recovery-initcheck
PASS 2026-09-04T15:33:48Z sanitizer-recovery-initcheck
STEP 2026-09-04T15:33:48Z sanitizer-production-initcheck
PASS 2026-09-04T15:34:33Z sanitizer-production-initcheck
STEP 2026-09-04T15:34:33Z nsys-profile
PASS 2026-09-04T15:34:36Z nsys-profile
STEP 2026-09-04T15:34:36Z nsys-stats
PASS 2026-09-04T15:34:36Z nsys-stats
