{
  "count": 8192,
  "branch_solves_per_batch": 16384,
  "catalogue_sha256": "99a42cc30d4498d99b8acf507790ab74f040ff2e202ef6c8e90bbb39b6c46675",
  "input_sha256": "0cb34aee6deb0ae98edd419c25183e0ebb6481e2ef33614de2be126737a16006",
  "runtime_sha256": "a574bd7e7934931b2ef6339f3435b4a4231b54c3f05cc86ba5f80c964924e141",
  "runs": {
    "numpy": {
      "cold_seconds": 0.20244508199994016,
      "warm_seconds": [
        0.18792914200002997,
        0.1942156930008423,
        0.19478863200038177,
        0.2067818770001395,
        0.19451726199986297
      ],
      "median_seconds": 0.19451726199986297,
      "transfers_per_second": 42114.514237845746,
      "feasible": 8192,
      "submitted_branches": null
    },
    "cuda": {
      "cold_seconds": 0.1515261640006429,
      "warm_seconds": [
        0.01115998099976423,
        0.010383867000200553,
        0.010818804999871645,
        0.010621661000186577,
        0.010436976999699255
      ],
      "median_seconds": 0.010621661000186577,
      "transfers_per_second": 771254.1381104237,
      "feasible": 8192,
      "submitted_branches": 98304
    }
  },
  "complete": true,
  "top100_identical": true,
  "kepler_position_error_km": 0.006425784349330189,
  "kepler_velocity_error_km_s": 1.3722272910502256e-09,
  "cpu_kepler_position_error_km": 0.0006142094193894648,
  "worst_case": {
    "index": 5050,
    "asteroid_id": 36992,
    "epoch": 64778.06714686852,
    "tof_days": 654.0,
    "r1": [
      -148572450.39658174,
      -14336662.794925882,
      -2812.8358956682982
    ],
    "r2": [
      -126211662.32107711,
      10210970.418109275,
      3449623.709441934
    ],
    "cpu_v1": [
      -21.37776442682085,
      -26.676026228006336,
      -3.7951925887067617
    ],
    "gpu_v1": [
      -21.3777644268101,
      -26.67602622799577,
      -3.7951925887052926
    ]
  },
  "maximum_cost_difference_km_s": 1.567457275086781e-11,
  "speedup": 18.31326211563767
}
