{
  "collected_kg": [
    579.9,
    476.0,
    372.9
  ],
  "cooperative_collects": 1,
  "elapsed_minutes": 87.9,
  "family": 200029,
  "incumbent_kg": 1428.8,
  "master": {
    "collected_kg": 1428.7,
    "exhaustive": true,
    "ships": 3
  },
  "members": 23,
  "orphans_left": [],
  "ships": 3,
  "wall_seconds": 5057
}
{
  "collected_kg": [
    457.9,
    471.0,
    280.6
  ],
  "cooperative_collects": 0,
  "elapsed_minutes": 91.2,
  "family": 300061,
  "incumbent_kg": 2638.3,
  "master": {
    "collected_kg": 2638.3,
    "exhaustive": true,
    "ships": 6
  },
  "members": 23,
  "orphans_left": [
    35623,
    39188
  ],
  "ships": 3,
  "wall_seconds": 5245
}
{
  "collected_kg": [
    579.5,
    528.5,
    397.1
  ],
  "cooperative_collects": 1,
  "elapsed_minutes": 94.9,
  "family": 300048,
  "incumbent_kg": 4143.5,
  "master": {
    "collected_kg": 4143.5,
    "exhaustive": true,
    "ships": 9
  },
  "members": 23,
  "orphans_left": [],
  "ships": 3,
  "wall_seconds": 5458
}
{
  "collected_kg": [
    553.2,
    580.7,
    319.6
  ],
  "cooperative_collects": 0,
  "elapsed_minutes": 107.4,
  "family": 200014,
  "incumbent_kg": 5597.0,
  "master": {
    "collected_kg": 5597.0,
    "exhaustive": true,
    "ships": 12
  },
  "members": 26,
  "orphans_left": [],
  "ships": 3,
  "wall_seconds": 6196
}
{
  "collected_kg": [
    550.3,
    545.4,
    538.4,
    489.9
  ],
  "cooperative_collects": 2,
  "elapsed_minutes": 111.9,
  "family": 300018,
  "incumbent_kg": 6292.3,
  "master": {
    "collected_kg": 6292.3,
    "exhaustive": true,
    "ships": 13
  },
  "members": 31,
  "orphans_left": [],
  "ships": 4,
  "wall_seconds": 6457
}
{
  "collected_kg": [
    540.7,
    540.0,
    517.2,
    550.3
  ],
  "cooperative_collects": 0,
  "elapsed_minutes": 115.0,
  "family": 300003,
  "incumbent_kg": 7840.2,
  "master": {
    "collected_kg": 7840.2,
    "exhaustive": true,
    "ships": 15
  },
  "members": 42,
  "orphans_left": [],
  "ships": 4,
  "wall_seconds": 6642
}
{
  "collected_kg": [
    595.1,
    595.5,
    470.9
  ],
  "cooperative_collects": 0,
  "elapsed_minutes": 119.6,
  "family": 1,
  "incumbent_kg": 9104.6,
  "master": {
    "collected_kg": 9104.6,
    "exhaustive": true,
    "ships": 17
  },
  "members": 51,
  "orphans_left": [],
  "ships": 3,
  "wall_seconds": 6906
}
{
  "collected_kg": [
    537.2,
    530.6,
    437.4,
    388.1
  ],
  "cooperative_collects": 0,
  "elapsed_minutes": 120.7,
  "family": 300015,
  "incumbent_kg": 9211.5,
  "master": {
    "collected_kg": 9211.5,
    "exhaustive": true,
    "ships": 17
  },
  "members": 32,
  "orphans_left": [],
  "ships": 4,
  "wall_seconds": 6923
}
{
  "collected_kg": [
    509.7,
    528.1,
    465.3,
    447.6
  ],
  "cooperative_collects": 2,
  "elapsed_minutes": 121.8,
  "family": 9,
  "incumbent_kg": 9211.5,
  "master": {
    "collected_kg": 9171.3,
    "exhaustive": true,
    "ships": 17
  },
  "members": 38,
  "orphans_left": [],
  "ships": 4,
  "wall_seconds": 6979
}
{
  "collected_kg": [
    559.8,
    542.9,
    547.0
  ],
  "cooperative_collects": 1,
  "elapsed_minutes": 123.1,
  "family": 100021,
  "incumbent_kg": 9890.4,
  "master": {
    "collected_kg": 9890.3,
    "exhaustive": true,
    "ships": 18
  },
  "members": 40,
  "orphans_left": [],
  "ships": 3,
  "wall_seconds": 7052
}
{
  "collected_kg": [
    564.3,
    529.9,
    573.3,
    379.5
  ],
  "cooperative_collects": 0,
  "elapsed_minutes": 124.2,
  "family": 200001,
  "incumbent_kg": 9890.4,
  "master": {
    "collected_kg": 9890.3,
    "exhaustive": true,
    "ships": 18
  },
  "members": 35,
  "orphans_left": [
    9260
  ],
  "ships": 4,
  "wall_seconds": 7100
}
{
  "collected_kg": [
    534.3,
    461.2,
    576.6
  ],
  "cooperative_collects": 1,
  "elapsed_minutes": 125.3,
  "family": 2,
  "incumbent_kg": 9907.2,
  "master": {
    "collected_kg": 9907.2,
    "exhaustive": true,
    "ships": 18
  },
  "members": 44,
  "orphans_left": [],
  "ships": 3,
  "wall_seconds": 7221
}
{
  "collected_kg": [
    506.4,
    564.7,
    571.7
  ],
  "cooperative_collects": 2,
  "elapsed_minutes": 126.5,
  "family": 200000,
  "incumbent_kg": 9912.9,
  "master": {
    "collected_kg": 9912.9,
    "exhaustive": true,
    "ships": 18
  },
  "members": 40,
  "orphans_left": [],
  "ships": 3,
  "wall_seconds": 7212
}
{
  "collected_kg": [
    569.5,
    545.0,
    533.9
  ],
  "cooperative_collects": 0,
  "elapsed_minutes": 127.6,
  "family": 100001,
  "incumbent_kg": 9912.9,
  "master": {
    "collected_kg": 9912.9,
    "exhaustive": true,
    "ships": 18
  },
  "members": 61,
  "orphans_left": [],
  "ships": 3,
  "wall_seconds": 7327
}
{
  "collected_kg": [
    482.3,
    527.7,
    456.3
  ],
  "cooperative_collects": 1,
  "elapsed_minutes": 128.6,
  "family": 100002,
  "incumbent_kg": 9912.9,
  "master": {
    "collected_kg": 9912.9,
    "exhaustive": true,
    "ships": 18
  },
  "members": 57,
  "orphans_left": [],
  "ships": 3,
  "wall_seconds": 7368
}
{
  "collected_kg": [
    503.1,
    567.6,
    571.7
  ],
  "cooperative_collects": 2,
  "elapsed_minutes": 129.8,
  "family": 100005,
  "incumbent_kg": 9928.1,
  "master": {
    "collected_kg": 9928.1,
    "exhaustive": false,
    "ships": 18
  },
  "members": 52,
  "orphans_left": [],
  "ships": 3,
  "wall_seconds": 7268
}
{
  "collected_kg": [
    495.4,
    586.4,
    593.8
  ],
  "cooperative_collects": 0,
  "elapsed_minutes": 131.2,
  "family": 5,
  "incumbent_kg": 10698.2,
  "master": {
    "collected_kg": 10698.2,
    "exhaustive": false,
    "ships": 19
  },
  "members": 39,
  "orphans_left": [
    48683
  ],
  "ships": 3,
  "wall_seconds": 7517
}
{
  "collected_kg": [
    524.4,
    523.5,
    623.8
  ],
  "cooperative_collects": 0,
  "elapsed_minutes": 132.5,
  "family": 100000,
  "incumbent_kg": 10698.2,
  "master": {
    "collected_kg": 10696.1,
    "exhaustive": false,
    "ships": 19
  },
  "members": 62,
  "orphans_left": [],
  "ships": 3,
  "wall_seconds": 7400
}
{
  "collected_kg": [
    461.6,
    429.2,
    417.2
  ],
  "cooperative_collects": 1,
  "elapsed_minutes": 133.3,
  "family": 100073,
  "incumbent_kg": 10698.2,
  "master": {
    "collected_kg": 10696.1,
    "exhaustive": false,
    "ships": 19
  },
  "members": 28,
  "orphans_left": [],
  "ships": 3,
  "wall_seconds": 7521
}
{
  "collected_kg": [
    485.8,
    566.3,
    569.2
  ],
  "cooperative_collects": 0,
  "elapsed_minutes": 134.1,
  "family": 300000,
  "incumbent_kg": 10698.2,
  "master": {
    "collected_kg": 10696.1,
    "exhaustive": false,
    "ships": 19
  },
  "members": 46,
  "orphans_left": [
    40868
  ],
  "ships": 3,
  "wall_seconds": 7569
}
{
  "collected_kg": [
    473.1,
    600.4,
    589.3
  ],
  "cooperative_collects": 0,
  "elapsed_minutes": 135.3,
  "family": 300002,
  "incumbent_kg": 10701.0,
  "master": {
    "collected_kg": 10701.0,
    "exhaustive": false,
    "ships": 19
  },
  "members": 42,
  "orphans_left": [
    43836
  ],
  "ships": 3,
  "wall_seconds": 7446
}
{
  "collected_kg": [
    530.6,
    531.4,
    550.3
  ],
  "cooperative_collects": 0,
  "elapsed_minutes": 137.0,
  "family": 0,
  "incumbent_kg": 10701.0,
  "master": {
    "collected_kg": 10695.7,
    "exhaustive": false,
    "ships": 19
  },
  "members": 54,
  "orphans_left": [],
  "ships": 3,
  "wall_seconds": 7614
}
{
  "collected_kg": [
    491.6,
    492.4,
    280.1
  ],
  "cooperative_collects": 1,
  "elapsed_minutes": 196.2,
  "family": 100028,
  "incumbent_kg": 10701.0,
  "master": {
    "collected_kg": 10695.7,
    "exhaustive": false,
    "ships": 19
  },
  "members": 23,
  "orphans_left": [],
  "ships": 3,
  "wall_seconds": 5247
}
{
  "collected_kg": [
    526.8,
    483.5,
    420.4
  ],
  "cooperative_collects": 0,
  "elapsed_minutes": 206.0,
  "family": 300006,
  "incumbent_kg": 10701.0,
  "master": {
    "collected_kg": 10695.7,
    "exhaustive": false,
    "ships": 19
  },
  "members": 36,
  "orphans_left": [],
  "ships": 3,
  "wall_seconds": 7010
}
{
  "collected_kg": [
    566.7,
    496.9,
    594.3
  ],
  "cooperative_collects": 1,
  "elapsed_minutes": 207.4,
  "family": 100040,
  "incumbent_kg": 10701.0,
  "master": {
    "collected_kg": 10699.0,
    "exhaustive": false,
    "ships": 19
  },
  "members": 34,
  "orphans_left": [],
  "ships": 3,
  "wall_seconds": 6881
}
{
  "collected_kg": [
    474.7,
    492.4,
    457.1,
    385.2
  ],
  "cooperative_collects": 4,
  "elapsed_minutes": 216.5,
  "family": 100030,
  "incumbent_kg": 10701.0,
  "master": {
    "collected_kg": 10699.0,
    "exhaustive": false,
    "ships": 19
  },
  "members": 36,
  "orphans_left": [],
  "ships": 4,
  "wall_seconds": 7215
}
{
  "collected_kg": [
    567.0,
    485.0,
    476.0,
    305.5
  ],
  "cooperative_collects": 2,
  "elapsed_minutes": 222.0,
  "family": 200006,
  "incumbent_kg": 10701.0,
  "master": {
    "collected_kg": 10697.2,
    "exhaustive": false,
    "ships": 19
  },
  "members": 29,
  "orphans_left": [],
  "ships": 4,
  "wall_seconds": 6058
}
{
  "collected_kg": [
    505.1,
    500.6,
    404.9
  ],
  "cooperative_collects": 1,
  "elapsed_minutes": 223.4,
  "family": 29,
  "incumbent_kg": 10701.0,
  "master": {
    "collected_kg": 10697.2,
    "exhaustive": false,
    "ships": 19
  },
  "members": 25,
  "orphans_left": [],
  "ships": 3,
  "wall_seconds": 5181
}
{
  "collected_kg": [
    485.0,
    453.8,
    308.8
  ],
  "cooperative_collects": 1,
  "elapsed_minutes": 224.7,
  "family": 99,
  "incumbent_kg": 10701.0,
  "master": {
    "collected_kg": 10697.2,
    "exhaustive": false,
    "ships": 19
  },
  "members": 20,
  "orphans_left": [],
  "ships": 3,
  "wall_seconds": 5261
}
{
  "collected_kg": [
    424.6,
    464.9,
    375.4
  ],
  "cooperative_collects": 1,
  "elapsed_minutes": 226.1,
  "family": 200017,
  "incumbent_kg": 10701.0,
  "master": {
    "collected_kg": 10697.2,
    "exhaustive": false,
    "ships": 19
  },
  "members": 25,
  "orphans_left": [
    19659,
    38233
  ],
  "ships": 3,
  "wall_seconds": 5288
}
{
  "collected_kg": [
    581.5,
    478.4,
    423.8
  ],
  "cooperative_collects": 2,
  "elapsed_minutes": 229.7,
  "family": 300022,
  "incumbent_kg": 10706.2,
  "master": {
    "collected_kg": 10706.2,
    "exhaustive": false,
    "ships": 19
  },
  "members": 30,
  "orphans_left": [],
  "ships": 3,
  "wall_seconds": 6985
}
{
  "collected_kg": [
    531.0,
    474.7,
    451.7
  ],
  "cooperative_collects": 2,
  "elapsed_minutes": 234.7,
  "family": 100015,
  "incumbent_kg": 10717.0,
  "master": {
    "collected_kg": 10717.0,
    "exhaustive": false,
    "ships": 19
  },
  "members": 38,
  "orphans_left": [],
  "ships": 3,
  "wall_seconds": 7096
}
{
  "collected_kg": [
    584.4,
    580.3,
    503.9,
    416.4
  ],
  "cooperative_collects": 2,
  "elapsed_minutes": 236.2,
  "family": 100010,
  "incumbent_kg": 11522.0,
  "master": {
    "collected_kg": 11522.0,
    "exhaustive": false,
    "ships": 20
  },
  "members": 35,
  "orphans_left": [],
  "ships": 4,
  "wall_seconds": 6246
}
{
  "collected_kg": [
    568.4,
    519.1,
    652.6
  ],
  "cooperative_collects": 3,
  "elapsed_minutes": 237.7,
  "family": 28,
  "incumbent_kg": 11522.0,
  "master": {
    "collected_kg": 11519.9,
    "exhaustive": false,
    "ships": 20
  },
  "members": 30,
  "orphans_left": [],
  "ships": 3,
  "wall_seconds": 6327
}
{
  "collected_kg": [
    544.1,
    591.0,
    519.9,
    458.7
  ],
  "cooperative_collects": 3,
  "elapsed_minutes": 240.1,
  "family": 24,
  "incumbent_kg": 11522.0,
  "master": {
    "collected_kg": 11519.9,
    "exhaustive": false,
    "ships": 20
  },
  "members": 33,
  "orphans_left": [],
  "ships": 4,
  "wall_seconds": 7005
}
{
  "collected_kg": [
    544.6,
    476.9,
    459.1
  ],
  "cooperative_collects": 0,
  "elapsed_minutes": 241.5,
  "family": 100003,
  "incumbent_kg": 11522.0,
  "master": {
    "collected_kg": 11513.3,
    "exhaustive": false,
    "ships": 20
  },
  "members": 55,
  "orphans_left": [],
  "ships": 3,
  "wall_seconds": 7072
}
{
  "collected_kg": [
    501.6,
    482.1,
    459.1,
    414.4
  ],
  "cooperative_collects": 1,
  "elapsed_minutes": 243.8,
  "family": 300009,
  "incumbent_kg": 11522.0,
  "master": {
    "collected_kg": 11513.3,
    "exhaustive": false,
    "ships": 20
  },
  "members": 34,
  "orphans_left": [
    58046
  ],
  "ships": 4,
  "wall_seconds": 7090
}
{
  "collected_kg": [
    497.2,
    517.9,
    459.5
  ],
  "cooperative_collects": 0,
  "elapsed_minutes": 245.3,
  "family": 300001,
  "incumbent_kg": 11522.0,
  "master": {
    "collected_kg": 11513.3,
    "exhaustive": false,
    "ships": 20
  },
  "members": 44,
  "orphans_left": [],
  "ships": 3,
  "wall_seconds": 7011
}
{
  "collected_kg": [
    477.6,
    449.3,
    460.8,
    207.0
  ],
  "cooperative_collects": 0,
  "elapsed_minutes": 247.2,
  "family": 20,
  "incumbent_kg": 11522.0,
  "master": {
    "collected_kg": 11513.3,
    "exhaustive": false,
    "ships": 20
  },
  "members": 31,
  "orphans_left": [
    15415,
    25887
  ],
  "ships": 4,
  "wall_seconds": 7155
}
{
  "collected_kg": [
    538.0,
    528.1
  ],
  "cooperative_collects": 0,
  "elapsed_minutes": 248.7,
  "family": 200002,
  "incumbent_kg": 11522.0,
  "master": {
    "collected_kg": 11513.3,
    "exhaustive": false,
    "ships": 20
  },
  "members": 35,
  "orphans_left": [],
  "ships": 2,
  "wall_seconds": 7006
}
{
  "collected_kg": [
    588.4,
    581.9,
    528.5,
    205.3
  ],
  "cooperative_collects": 0,
  "elapsed_minutes": 250.2,
  "family": 300004,
  "incumbent_kg": 11522.0,
  "master": {
    "collected_kg": 11514.3,
    "exhaustive": false,
    "ships": 20
  },
  "members": 30,
  "orphans_left": [
    28411
  ],
  "ships": 4,
  "wall_seconds": 6648
}
{
  "collected_kg": [
    471.5,
    498.6,
    455.4,
    369.7
  ],
  "cooperative_collects": 2,
  "elapsed_minutes": 251.5,
  "family": 3,
  "incumbent_kg": 11522.0,
  "master": {
    "collected_kg": 11514.3,
    "exhaustive": false,
    "ships": 20
  },
  "members": 33,
  "orphans_left": [],
  "ships": 4,
  "wall_seconds": 6853
}
{
  "collected_kg": [
    461.2,
    467.4,
    546.2,
    384.4
  ],
  "cooperative_collects": 3,
  "elapsed_minutes": 252.5,
  "family": 100004,
  "incumbent_kg": 11522.0,
  "master": {
    "collected_kg": 11514.3,
    "exhaustive": false,
    "ships": 20
  },
  "members": 44,
  "orphans_left": [],
  "ships": 4,
  "wall_seconds": 7502
}
{
  "collected_kg": [
    601.2,
    581.5,
    484.5,
    365.9
  ],
  "cooperative_collects": 2,
  "elapsed_minutes": 256.1,
  "family": 300007,
  "incumbent_kg": 11522.0,
  "master": {
    "collected_kg": 11520.6,
    "exhaustive": false,
    "ships": 20
  },
  "members": 33,
  "orphans_left": [],
  "ships": 4,
  "wall_seconds": 7155
}
{
  "collected_kg": [
    577.8,
    574.5,
    506.0,
    119.9
  ],
  "cooperative_collects": 0,
  "elapsed_minutes": 295.7,
  "family": 300008,
  "incumbent_kg": 11522.0,
  "master": {
    "collected_kg": 11520.6,
    "exhaustive": false,
    "ships": 20
  },
  "members": 29,
  "orphans_left": [
    3194,
    19893,
    22937
  ],
  "ships": 4,
  "wall_seconds": 5297
}
{
  "collected_kg": [
    547.0,
    515.8,
    400.3
  ],
  "cooperative_collects": 0,
  "elapsed_minutes": 310.7,
  "family": 100008,
  "incumbent_kg": 11522.0,
  "master": {
    "collected_kg": 11520.6,
    "exhaustive": false,
    "ships": 20
  },
  "members": 47,
  "orphans_left": [],
  "ships": 3,
  "wall_seconds": 6791
}
{
  "collected_kg": [
    533.5,
    509.2,
    493.6
  ],
  "cooperative_collects": 1,
  "elapsed_minutes": 312.2,
  "family": 200012,
  "incumbent_kg": 11522.0,
  "master": {
    "collected_kg": 11520.6,
    "exhaustive": false,
    "ships": 20
  },
  "members": 26,
  "orphans_left": [],
  "ships": 3,
  "wall_seconds": 5008
}
{
  "collected_kg": [
    505.1,
    422.3,
    227.5
  ],
  "cooperative_collects": 0,
  "elapsed_minutes": 313.6,
  "family": 200013,
  "incumbent_kg": 11522.0,
  "master": {
    "collected_kg": 11520.6,
    "exhaustive": false,
    "ships": 20
  },
  "members": 22,
  "orphans_left": [
    35621
  ],
  "ships": 3,
  "wall_seconds": 4045
}
{
  "collected_kg": [
    598.4,
    531.8,
    487.5
  ],
  "cooperative_collects": 1,
  "elapsed_minutes": 315.0,
  "family": 54,
  "incumbent_kg": 11525.1,
  "master": {
    "collected_kg": 11525.1,
    "exhaustive": false,
    "ships": 20
  },
  "members": 26,
  "orphans_left": [],
  "ships": 3,
  "wall_seconds": 4507
}
{
  "collected_kg": [
    490.8,
    494.0,
    387.7
  ],
  "cooperative_collects": 2,
  "elapsed_minutes": 321.5,
  "family": 300029,
  "incumbent_kg": 11525.1,
  "master": {
    "collected_kg": 11525.1,
    "exhaustive": false,
    "ships": 20
  },
  "members": 28,
  "orphans_left": [],
  "ships": 3,
  "wall_seconds": 5885
}
{
  "collected_kg": [
    423.5,
    462.0,
    451.5
  ],
  "cooperative_collects": 0,
  "elapsed_minutes": 325.8,
  "family": 100006,
  "incumbent_kg": 11525.1,
  "master": {
    "collected_kg": 11525.1,
    "exhaustive": false,
    "ships": 20
  },
  "members": 50,
  "orphans_left": [
    42155
  ],
  "ships": 3,
  "wall_seconds": 7020
}
{
  "collected_kg": [
    569.2,
    550.0,
    441.5
  ],
  "cooperative_collects": 1,
  "elapsed_minutes": 327.3,
  "family": 100118,
  "incumbent_kg": 11525.1,
  "master": {
    "collected_kg": 11513.6,
    "exhaustive": false,
    "ships": 20
  },
  "members": 23,
  "orphans_left": [],
  "ships": 3,
  "wall_seconds": 4636
}
{
  "collected_kg": [
    474.3,
    497.7,
    356.5
  ],
  "cooperative_collects": 2,
  "elapsed_minutes": 328.8,
  "family": 51,
  "incumbent_kg": 11525.1,
  "master": {
    "collected_kg": 11513.6,
    "exhaustive": false,
    "ships": 20
  },
  "members": 26,
  "orphans_left": [],
  "ships": 3,
  "wall_seconds": 5563
}
{
  "collected_kg": [
    463.2,
    498.2,
    438.2
  ],
  "cooperative_collects": 3,
  "elapsed_minutes": 332.2,
  "family": 200021,
  "incumbent_kg": 11525.1,
  "master": {
    "collected_kg": 11513.6,
    "exhaustive": false,
    "ships": 20
  },
  "members": 24,
  "orphans_left": [],
  "ships": 3,
  "wall_seconds": 5442
}
{
  "collected_kg": [
    511.2,
    501.4,
    324.4
  ],
  "cooperative_collects": 0,
  "elapsed_minutes": 333.7,
  "family": 300087,
  "incumbent_kg": 11525.1,
  "master": {
    "collected_kg": 11513.6,
    "exhaustive": false,
    "ships": 20
  },
  "members": 20,
  "orphans_left": [],
  "ships": 3,
  "wall_seconds": 4707
}
{
  "collected_kg": [
    500.2,
    548.7,
    436.1,
    396.7
  ],
  "cooperative_collects": 1,
  "elapsed_minutes": 335.1,
  "family": 100055,
  "incumbent_kg": 11525.1,
  "master": {
    "collected_kg": 11513.2,
    "exhaustive": false,
    "ships": 20
  },
  "members": 32,
  "orphans_left": [
    37711
  ],
  "ships": 4,
  "wall_seconds": 6953
}
{
  "collected_kg": [
    545.1,
    542.9,
    528.1,
    409.4
  ],
  "cooperative_collects": 1,
  "elapsed_minutes": 336.5,
  "family": 300023,
  "incumbent_kg": 11525.1,
  "master": {
    "collected_kg": 11513.2,
    "exhaustive": false,
    "ships": 20
  },
  "members": 29,
  "orphans_left": [],
  "ships": 4,
  "wall_seconds": 6614
}
{
  "collected_kg": [
    558.1,
    472.7,
    488.3,
    328.1
  ],
  "cooperative_collects": 2,
  "elapsed_minutes": 338.0,
  "family": 100067,
  "incumbent_kg": 11525.1,
  "master": {
    "collected_kg": 11520.2,
    "exhaustive": false,
    "ships": 20
  },
  "members": 29,
  "orphans_left": [],
  "ships": 4,
  "wall_seconds": 6632
}
{
  "collected_kg": [
    469.4,
    433.7,
    365.5,
    262.4
  ],
  "cooperative_collects": 3,
  "elapsed_minutes": 339.4,
  "family": 15,
  "incumbent_kg": 11525.1,
  "master": {
    "collected_kg": 11520.2,
    "exhaustive": false,
    "ships": 20
  },
  "members": 26,
  "orphans_left": [],
  "ships": 4,
  "wall_seconds": 5352
}
{
  "collected_kg": [
    582.9,
    510.9,
    525.3,
    441.1,
    436.1
  ],
  "cooperative_collects": 2,
  "elapsed_minutes": 347.4,
  "family": 6,
  "incumbent_kg": 11525.1,
  "master": {
    "collected_kg": 11517.5,
    "exhaustive": false,
    "ships": 20
  },
  "members": 35,
  "orphans_left": [],
  "ships": 5,
  "wall_seconds": 6971
}
{
  "collected_kg": [
    475.6,
    451.3,
    380.3,
    298.6
  ],
  "cooperative_collects": 1,
  "elapsed_minutes": 349.9,
  "family": 100056,
  "incumbent_kg": 11525.1,
  "master": {
    "collected_kg": 11517.5,
    "exhaustive": false,
    "ships": 20
  },
  "members": 26,
  "orphans_left": [],
  "ships": 4,
  "wall_seconds": 5543
}
{
  "collected_kg": [
    530.6,
    529.4,
    550.3,
    369.6
  ],
  "cooperative_collects": 1,
  "elapsed_minutes": 354.7,
  "family": 100025,
  "incumbent_kg": 11525.1,
  "master": {
    "collected_kg": 11517.5,
    "exhaustive": false,
    "ships": 20
  },
  "members": 33,
  "orphans_left": [],
  "ships": 4,
  "wall_seconds": 7019
}
{
  "collected_kg": [
    513.8,
    520.7,
    433.8,
    339.2
  ],
  "cooperative_collects": 1,
  "elapsed_minutes": 356.4,
  "family": 300011,
  "incumbent_kg": 11525.1,
  "master": {
    "collected_kg": 11517.5,
    "exhaustive": false,
    "ships": 20
  },
  "members": 33,
  "orphans_left": [],
  "ships": 4,
  "wall_seconds": 6281
}
{
  "collected_kg": [
    493.6,
    457.1,
    356.5
  ],
  "cooperative_collects": 1,
  "elapsed_minutes": 362.7,
  "family": 100013,
  "incumbent_kg": 11525.1,
  "master": {
    "collected_kg": 11517.5,
    "exhaustive": false,
    "ships": 20
  },
  "members": 37,
  "orphans_left": [
    53647
  ],
  "ships": 3,
  "wall_seconds": 7201
}
{
  "collected_kg": [
    523.2,
    531.0,
    549.1,
    479.7
  ],
  "cooperative_collects": 2,
  "elapsed_minutes": 364.2,
  "family": 100014,
  "incumbent_kg": 11525.1,
  "master": {
    "collected_kg": 11518.7,
    "exhaustive": false,
    "ships": 20
  },
  "members": 43,
  "orphans_left": [],
  "ships": 4,
  "wall_seconds": 6976
}
{
  "collected_kg": [
    441.9,
    500.2,
    478.4,
    609.9
  ],
  "cooperative_collects": 1,
  "elapsed_minutes": 367.1,
  "family": 300012,
  "incumbent_kg": 11525.1,
  "master": {
    "collected_kg": 11518.1,
    "exhaustive": false,
    "ships": 20
  },
  "members": 33,
  "orphans_left": [],
  "ships": 4,
  "wall_seconds": 6781
}
{
  "collected_kg": [
    538.0,
    482.5,
    243.7
  ],
  "cooperative_collects": 0,
  "elapsed_minutes": 380.6,
  "family": 100031,
  "incumbent_kg": 11525.1,
  "master": {
    "collected_kg": 11515.0,
    "exhaustive": false,
    "ships": 20
  },
  "members": 24,
  "orphans_left": [
    21194,
    28804
  ],
  "ships": 3,
  "wall_seconds": 3929
}
{
  "collected_kg": [
    549.5,
    428.7,
    386.4
  ],
  "cooperative_collects": 4,
  "elapsed_minutes": 393.4,
  "family": 100035,
  "incumbent_kg": 11525.1,
  "master": {
    "collected_kg": 11515.0,
    "exhaustive": false,
    "ships": 20
  },
  "members": 21,
  "orphans_left": [],
  "ships": 3,
  "wall_seconds": 3880
}
{
  "collected_kg": [
    616.4,
    584.4,
    528.3
  ],
  "cooperative_collects": 0,
  "elapsed_minutes": 403.4,
  "family": 200007,
  "incumbent_kg": 12348.7,
  "master": {
    "collected_kg": 12348.7,
    "exhaustive": false,
    "ships": 21
  },
  "members": 26,
  "orphans_left": [],
  "ships": 3,
  "wall_seconds": 4185
}
{
  "collected_kg": [
    578.6,
    444.8,
    227.5
  ],
  "cooperative_collects": 0,
  "elapsed_minutes": 405.1,
  "family": 100126,
  "incumbent_kg": 12348.7,
  "master": {
    "collected_kg": 12345.4,
    "exhaustive": false,
    "ships": 21
  },
  "members": 21,
  "orphans_left": [
    13288,
    37930
  ],
  "ships": 3,
  "wall_seconds": 3914
}
{
  "collected_kg": [
    564.7,
    348.3,
    210.7
  ],
  "cooperative_collects": 0,
  "elapsed_minutes": 406.7,
  "family": 200030,
  "incumbent_kg": 12348.7,
  "master": {
    "collected_kg": 12345.4,
    "exhaustive": false,
    "ships": 21
  },
  "members": 21,
  "orphans_left": [],
  "ships": 3,
  "wall_seconds": 3979
}
{
  "collected_kg": [
    467.8,
    455.9,
    370.4,
    302.3
  ],
  "cooperative_collects": 2,
  "elapsed_minutes": 409.8,
  "family": 300010,
  "incumbent_kg": 12348.7,
  "master": {
    "collected_kg": 12345.4,
    "exhaustive": false,
    "ships": 21
  },
  "members": 29,
  "orphans_left": [],
  "ships": 4,
  "wall_seconds": 5852
}
{
  "collected_kg": [
    557.7,
    519.1,
    371.7
  ],
  "cooperative_collects": 0,
  "elapsed_minutes": 415.1,
  "family": 90,
  "incumbent_kg": 12348.7,
  "master": {
    "collected_kg": 12345.4,
    "exhaustive": false,
    "ships": 21
  },
  "members": 21,
  "orphans_left": [],
  "ships": 3,
  "wall_seconds": 4623
}
{
  "collected_kg": [
    464.9,
    456.1,
    466.1,
    232.4
  ],
  "cooperative_collects": 1,
  "elapsed_minutes": 416.7,
  "family": 300005,
  "incumbent_kg": 12348.7,
  "master": {
    "collected_kg": 12345.4,
    "exhaustive": false,
    "ships": 21
  },
  "members": 36,
  "orphans_left": [
    1425,
    32271
  ],
  "ships": 4,
  "wall_seconds": 7166
}
{
  "collected_kg": [
    512.5,
    502.7,
    429.6
  ],
  "cooperative_collects": 1,
  "elapsed_minutes": 419.0,
  "family": 200019,
  "incumbent_kg": 12348.7,
  "master": {
    "collected_kg": 12345.4,
    "exhaustive": false,
    "ships": 21
  },
  "members": 25,
  "orphans_left": [],
  "ships": 3,
  "wall_seconds": 5026
}
{
  "collected_kg": [
    466.9,
    544.1,
    500.6,
    282.1
  ],
  "cooperative_collects": 3,
  "elapsed_minutes": 423.7,
  "family": 200008,
  "incumbent_kg": 12348.7,
  "master": {
    "collected_kg": 12345.4,
    "exhaustive": false,
    "ships": 21
  },
  "members": 27,
  "orphans_left": [],
  "ships": 4,
  "wall_seconds": 5596
}
{
  "collected_kg": [
    561.4,
    542.4,
    467.6,
    383.2
  ],
  "cooperative_collects": 0,
  "elapsed_minutes": 428.5,
  "family": 25,
  "incumbent_kg": 12348.7,
  "master": {
    "collected_kg": 12345.4,
    "exhaustive": false,
    "ships": 21
  },
  "members": 33,
  "orphans_left": [
    34200
  ],
  "ships": 4,
  "wall_seconds": 5249
}
{
  "collected_kg": [
    588.9,
    535.5,
    489.5
  ],
  "cooperative_collects": 0,
  "elapsed_minutes": 430.1,
  "family": 200011,
  "incumbent_kg": 12348.7,
  "master": {
    "collected_kg": 12345.4,
    "exhaustive": false,
    "ships": 21
  },
  "members": 25,
  "orphans_left": [],
  "ships": 3,
  "wall_seconds": 4666
}
{
  "collected_kg": [
    463.7,
    407.8,
    340.5
  ],
  "cooperative_collects": 6,
  "elapsed_minutes": 431.7,
  "family": 300031,
  "incumbent_kg": 12348.7,
  "master": {
    "collected_kg": 12345.4,
    "exhaustive": false,
    "ships": 21
  },
  "members": 21,
  "orphans_left": [],
  "ships": 3,
  "wall_seconds": 3793
}
{
  "collected_kg": [
    516.6,
    578.6,
    542.9,
    515.0,
    388.9
  ],
  "cooperative_collects": 3,
  "elapsed_minutes": 433.4,
  "family": 7,
  "incumbent_kg": 12348.7,
  "master": {
    "collected_kg": 12347.3,
    "exhaustive": false,
    "ships": 21
  },
  "members": 39,
  "orphans_left": [],
  "ships": 5,
  "wall_seconds": 6949
}
{
  "collected_kg": [
    526.1,
    471.0,
    482.5,
    427.5
  ],
  "cooperative_collects": 1,
  "elapsed_minutes": 435.0,
  "family": 100012,
  "incumbent_kg": 12348.7,
  "master": {
    "collected_kg": 12347.3,
    "exhaustive": false,
    "ships": 21
  },
  "members": 42,
  "orphans_left": [],
  "ships": 4,
  "wall_seconds": 7203
}
{
  "collected_kg": [
    503.5,
    499.7,
    491.6,
    408.6
  ],
  "cooperative_collects": 1,
  "elapsed_minutes": 442.1,
  "family": 4,
  "incumbent_kg": 12348.7,
  "master": {
    "collected_kg": 12347.3,
    "exhaustive": false,
    "ships": 21
  },
  "members": 42,
  "orphans_left": [],
  "ships": 4,
  "wall_seconds": 7145
}
{
  "collected_kg": [
    557.7,
    472.3,
    468.2
  ],
  "cooperative_collects": 1,
  "elapsed_minutes": 445.1,
  "family": 100009,
  "incumbent_kg": 12348.7,
  "master": {
    "collected_kg": 12347.3,
    "exhaustive": false,
    "ships": 21
  },
  "members": 45,
  "orphans_left": [],
  "ships": 3,
  "wall_seconds": 7068
}
{
  "collected_kg": [
    468.2,
    431.6,
    367.1
  ],
  "cooperative_collects": 2,
  "elapsed_minutes": 446.6,
  "family": 52,
  "incumbent_kg": 12348.7,
  "master": {
    "collected_kg": 12347.3,
    "exhaustive": false,
    "ships": 21
  },
  "members": 22,
  "orphans_left": [],
  "ships": 3,
  "wall_seconds": 4626
}
{
  "collected_kg": [
    545.1,
    530.2,
    441.9
  ],
  "cooperative_collects": 2,
  "elapsed_minutes": 449.0,
  "family": 35,
  "incumbent_kg": 12348.7,
  "master": {
    "collected_kg": 12347.3,
    "exhaustive": false,
    "ships": 21
  },
  "members": 23,
  "orphans_left": [],
  "ships": 3,
  "wall_seconds": 4009
}
{
  "collected_kg": [
    543.7,
    464.5,
    464.9,
    397.9,
    386.4
  ],
  "cooperative_collects": 2,
  "elapsed_minutes": 465.7,
  "family": 11,
  "incumbent_kg": 12348.7,
  "master": {
    "collected_kg": 12347.3,
    "exhaustive": false,
    "ships": 21
  },
  "members": 37,
  "orphans_left": [],
  "ships": 5,
  "wall_seconds": 7002
}
{
  "collected_kg": [
    519.5,
    464.5,
    438.2,
    440.7
  ],
  "cooperative_collects": 1,
  "elapsed_minutes": 471.1,
  "family": 100039,
  "incumbent_kg": 12348.7,
  "master": {
    "collected_kg": 12347.3,
    "exhaustive": false,
    "ships": 21
  },
  "members": 35,
  "orphans_left": [],
  "ships": 4,
  "wall_seconds": 6887
}
{
  "collected_kg": [
    486.2,
    433.4,
    429.0,
    437.8,
    381.9
  ],
  "cooperative_collects": 0,
  "elapsed_minutes": 472.7,
  "family": 100018,
  "incumbent_kg": 12348.7,
  "master": {
    "collected_kg": 12347.3,
    "exhaustive": false,
    "ships": 21
  },
  "members": 35,
  "orphans_left": [],
  "ships": 5,
  "wall_seconds": 6468
}
{
  "collected_kg": [
    499.8,
    602.9,
    478.0,
    410.7
  ],
  "cooperative_collects": 0,
  "elapsed_minutes": 476.9,
  "family": 8,
  "incumbent_kg": 12348.7,
  "master": {
    "collected_kg": 12345.2,
    "exhaustive": false,
    "ships": 21
  },
  "members": 38,
  "orphans_left": [
    37371
  ],
  "ships": 4,
  "wall_seconds": 7115
}
{
  "collected_kg": [
    480.4,
    374.9,
    456.3
  ],
  "cooperative_collects": 4,
  "elapsed_minutes": 487.4,
  "family": 23,
  "incumbent_kg": 12348.7,
  "master": {
    "collected_kg": 12345.2,
    "exhaustive": false,
    "ships": 21
  },
  "members": 21,
  "orphans_left": [],
  "ships": 3,
  "wall_seconds": 4145
}
{
  "collected_kg": [
    470.9,
    530.6,
    481.3,
    322.8
  ],
  "cooperative_collects": 0,
  "elapsed_minutes": 495.8,
  "family": 100064,
  "incumbent_kg": 12348.7,
  "master": {
    "collected_kg": 12345.2,
    "exhaustive": false,
    "ships": 21
  },
  "members": 30,
  "orphans_left": [],
  "ships": 4,
  "wall_seconds": 6046
}
{
  "collected_kg": [
    524.8,
    444.4,
    362.2,
    112.0
  ],
  "cooperative_collects": 1,
  "elapsed_minutes": 498.0,
  "family": 22,
  "incumbent_kg": 12348.7,
  "master": {
    "collected_kg": 12345.2,
    "exhaustive": false,
    "ships": 21
  },
  "members": 28,
  "orphans_left": [
    5679,
    24219,
    39258,
    55483
  ],
  "ships": 4,
  "wall_seconds": 5393
}
{
  "collected_kg": [
    517.0,
    554.4,
    405.7
  ],
  "cooperative_collects": 5,
  "elapsed_minutes": 499.6,
  "family": 200025,
  "incumbent_kg": 12348.7,
  "master": {
    "collected_kg": 12345.2,
    "exhaustive": false,
    "ships": 21
  },
  "members": 21,
  "orphans_left": [],
  "ships": 3,
  "wall_seconds": 3968
}
{
  "collected_kg": [
    464.1,
    493.1,
    414.5
  ],
  "cooperative_collects": 0,
  "elapsed_minutes": 501.2,
  "family": 300019,
  "incumbent_kg": 12348.7,
  "master": {
    "collected_kg": 12345.2,
    "exhaustive": false,
    "ships": 21
  },
  "members": 25,
  "orphans_left": [],
  "ships": 3,
  "wall_seconds": 3764
}
{
  "collected_kg": [
    545.8,
    506.4,
    427.9
  ],
  "cooperative_collects": 1,
  "elapsed_minutes": 502.8,
  "family": 300080,
  "incumbent_kg": 12348.7,
  "master": {
    "collected_kg": 12345.2,
    "exhaustive": false,
    "ships": 21
  },
  "members": 21,
  "orphans_left": [],
  "ships": 3,
  "wall_seconds": 3957
}
/home/ubuntu/spacepdhcg/gtoc12/src/spacepdhcg/gtoc12/collectdp.py:662: RuntimeWarning: invalid value encountered in multiply
  mass_after_deploys + mined_by_subset - burn_per_hop * np.maximum(popcount - 1, 0),
{
  "collected_kg": [],
  "cooperative_collects": null,
  "elapsed_minutes": 507.2,
  "family": 200010,
  "incumbent_kg": 12348.7,
  "master": {
    "collected_kg": 12345.2,
    "exhaustive": false,
    "ships": 21
  },
  "members": 27,
  "orphans_left": null,
  "ships": 0,
  "wall_seconds": 0
}
{
  "collected_kg": [
    501.3,
    454.2,
    441.5,
    389.7
  ],
  "cooperative_collects": 2,
  "elapsed_minutes": 511.4,
  "family": 100033,
  "incumbent_kg": 12348.7,
  "master": {
    "collected_kg": 12345.2,
    "exhaustive": false,
    "ships": 21
  },
  "members": 28,
  "orphans_left": [],
  "ships": 4,
  "wall_seconds": 5450
}
{
  "collected_kg": [
    577.0,
    469.0,
    346.2
  ],
  "cooperative_collects": 2,
  "elapsed_minutes": 513.1,
  "family": 300063,
  "incumbent_kg": 12348.7,
  "master": {
    "collected_kg": 12346.7,
    "exhaustive": false,
    "ships": 21
  },
  "members": 23,
  "orphans_left": [],
  "ships": 3,
  "wall_seconds": 4026
}
{
  "collected_kg": [
    445.6,
    426.3,
    393.8
  ],
  "cooperative_collects": 1,
  "elapsed_minutes": 514.4,
  "family": 100105,
  "incumbent_kg": 12348.7,
  "master": {
    "collected_kg": 12346.7,
    "exhaustive": false,
    "ships": 21
  },
  "members": 24,
  "orphans_left": [],
  "ships": 3,
  "wall_seconds": 5315
}
{
  "collected_kg": [
    534.3,
    512.9,
    425.9,
    439.0
  ],
  "cooperative_collects": 3,
  "elapsed_minutes": 515.4,
  "family": 18,
  "incumbent_kg": 12348.7,
  "master": {
    "collected_kg": 12346.7,
    "exhaustive": false,
    "ships": 21
  },
  "members": 34,
  "orphans_left": [],
  "ships": 4,
  "wall_seconds": 6210
}
{
  "collected_kg": [
    525.7,
    474.3,
    418.1,
    420.5,
    358.1
  ],
  "cooperative_collects": 1,
  "elapsed_minutes": 516.2,
  "family": 17,
  "incumbent_kg": 12348.7,
  "master": {
    "collected_kg": 12346.7,
    "exhaustive": false,
    "ships": 21
  },
  "members": 34,
  "orphans_left": [],
  "ships": 5,
  "wall_seconds": 6475
}
{
  "collected_kg": [
    492.0,
    528.1,
    450.5,
    381.9
  ],
  "cooperative_collects": 2,
  "elapsed_minutes": 517.0,
  "family": 200003,
  "incumbent_kg": 12348.7,
  "master": {
    "collected_kg": 12346.7,
    "exhaustive": false,
    "ships": 21
  },
  "members": 32,
  "orphans_left": [],
  "ships": 4,
  "wall_seconds": 5178
}
{
  "collected_kg": [
    485.8,
    346.6,
    414.8,
    387.7
  ],
  "cooperative_collects": 0,
  "elapsed_minutes": 517.8,
  "family": 10,
  "incumbent_kg": 12348.7,
  "master": {
    "collected_kg": 12346.7,
    "exhaustive": false,
    "ships": 21
  },
  "members": 37,
  "orphans_left": [
    4114
  ],
  "ships": 4,
  "wall_seconds": 6793
}
{
  "collected_kg": [
    554.8,
    477.2,
    505.0,
    378.6
  ],
  "cooperative_collects": 1,
  "elapsed_minutes": 518.6,
  "family": 300017,
  "incumbent_kg": 12348.7,
  "master": {
    "collected_kg": 12346.7,
    "exhaustive": false,
    "ships": 21
  },
  "members": 30,
  "orphans_left": [],
  "ships": 4,
  "wall_seconds": 4921
}
{
  "collected_kg": [
    437.8,
    469.4,
    451.7,
    294.9
  ],
  "cooperative_collects": 2,
  "elapsed_minutes": 526.5,
  "family": 300036,
  "incumbent_kg": 12348.7,
  "master": {
    "collected_kg": 12346.7,
    "exhaustive": false,
    "ships": 21
  },
  "members": 27,
  "orphans_left": [],
  "ships": 4,
  "wall_seconds": 5014
}
{
  "collected_kg": [
    529.5,
    585.2,
    387.7
  ],
  "cooperative_collects": 0,
  "elapsed_minutes": 527.5,
  "family": 19,
  "incumbent_kg": 12348.7,
  "master": {
    "collected_kg": 12345.2,
    "exhaustive": false,
    "ships": 21
  },
  "members": 26,
  "orphans_left": [],
  "ships": 3,
  "wall_seconds": 3240
}
{
  "collected_kg": [
    578.6,
    469.8,
    471.5,
    387.3,
    377.8
  ],
  "cooperative_collects": 1,
  "elapsed_minutes": 529.5,
  "family": 100017,
  "incumbent_kg": 12348.9,
  "master": {
    "collected_kg": 12348.9,
    "exhaustive": false,
    "ships": 21
  },
  "members": 39,
  "orphans_left": [],
  "ships": 5,
  "wall_seconds": 6805
}
{
  "collected_kg": [
    487.1,
    435.3,
    372.1,
    248.0
  ],
  "cooperative_collects": 3,
  "elapsed_minutes": 530.6,
  "family": 100049,
  "incumbent_kg": 12348.9,
  "master": {
    "collected_kg": 12348.9,
    "exhaustive": false,
    "ships": 21
  },
  "members": 27,
  "orphans_left": [],
  "ships": 4,
  "wall_seconds": 4845
}
{
  "collected_kg": [
    485.0,
    540.2,
    292.4
  ],
  "cooperative_collects": 0,
  "elapsed_minutes": 531.8,
  "family": 36,
  "incumbent_kg": 12348.9,
  "master": {
    "collected_kg": 12348.9,
    "exhaustive": false,
    "ships": 21
  },
  "members": 26,
  "orphans_left": [],
  "ships": 3,
  "wall_seconds": 3918
}
{
  "collected_kg": [
    536.8,
    540.9,
    445.2,
    235.3
  ],
  "cooperative_collects": 1,
  "elapsed_minutes": 532.9,
  "family": 12,
  "incumbent_kg": 12348.9,
  "master": {
    "collected_kg": 12348.9,
    "exhaustive": false,
    "ships": 21
  },
  "members": 26,
  "orphans_left": [],
  "ships": 4,
  "wall_seconds": 3656
}
{
  "collected_kg": [
    519.1,
    525.7,
    544.6,
    293.2,
    381.5
  ],
  "cooperative_collects": 7,
  "elapsed_minutes": 551.4,
  "family": 100011,
  "incumbent_kg": 12348.9,
  "master": {
    "collected_kg": 12348.9,
    "exhaustive": false,
    "ships": 21
  },
  "members": 35,
  "orphans_left": [],
  "ships": 5,
  "wall_seconds": 6236
}
{
  "asteroids": 182,
  "average_collected_kg": 588.0447182295231,
  "budget_marks": {
    "120_min": 9104.6,
    "240_min": 11522.0,
    "30_min": null,
    "480_min": 12348.7,
    "60_min": null
  },
  "memory_bound_mb": 13649.74609375,
  "memory_total_pss_peak_mb": 5190.8662109375,
  "peak_rss_mb": 576.16015625,
  "run_id": "cluster_fleet_h100_v2",
  "score_kg": 12348.9,
  "ships": 21,
  "status": "scored",
  "wall_seconds_total": 33136.901683886
}
