{
  "after_kg": 575.0855578370979,
  "archived_kg": 575.0855578370979,
  "asteroids_after": 8,
  "asteroids_before": 8,
  "baseline_error_kg": 0.0,
  "certifications": 0,
  "done": 1,
  "earth_leg": {
    "accepted_shift_days": null,
    "flown": 1,
    "measured": 1,
    "seeds": 1
  },
  "elapsed_seconds": 11.9,
  "gain_kg": 0.0,
  "group": "cluster_fleet_v10_control/clusters/family_0004",
  "in_fleet": false,
  "inserted": null,
  "peak_rss_mb": 101.609375,
  "slot": 1,
  "status": "no gain",
  "stopped": "",
  "total": 51,
  "wall_seconds": 11.870303917006822
}
{
  "after_kg": 644.3531827515401,
  "archived_kg": 641.5879534565366,
  "asteroids_after": 9,
  "asteroids_before": 9,
  "baseline_error_kg": 0.0,
  "certifications": 1,
  "done": 2,
  "earth_leg": {
    "accepted_shift_days": 30.0,
    "flown": 1,
    "measured": 1,
    "seeds": 1
  },
  "elapsed_seconds": 41.4,
  "gain_kg": 2.7652292950034507,
  "group": "cluster_fleet_v10/clusters/family_0032",
  "in_fleet": false,
  "inserted": null,
  "peak_rss_mb": 103.66015625,
  "slot": 1,
  "status": "improved",
  "stopped": "",
  "total": 51,
  "wall_seconds": 41.3130638779985
}
{
  "after_kg": 554.0588637919234,
  "archived_kg": 553.511293634497,
  "asteroids_after": 9,
  "asteroids_before": 9,
  "baseline_error_kg": 0.0,
  "certifications": 1,
  "done": 3,
  "earth_leg": {
    "accepted_shift_days": null,
    "flown": 1,
    "measured": 1,
    "seeds": 1
  },
  "elapsed_seconds": 47.0,
  "gain_kg": 0.5475701574264349,
  "group": "cluster_fleet_v10/clusters/family_0010",
  "in_fleet": false,
  "inserted": null,
  "peak_rss_mb": 104.40625,
  "slot": 1,
  "status": "improved",
  "stopped": "",
  "total": 51,
  "wall_seconds": 46.97067810599401
}
{
  "after_kg": 546.6119096509241,
  "archived_kg": 546.6119096509241,
  "asteroids_after": 8,
  "asteroids_before": 8,
  "baseline_error_kg": 0.0,
  "certifications": 0,
  "done": 4,
  "earth_leg": {
    "accepted_shift_days": null,
    "flown": 4,
    "measured": 2,
    "seeds": 5
  },
  "elapsed_seconds": 50.7,
  "gain_kg": 0.0,
  "group": "cluster_fleet_v10_control/clusters/family_0002",
  "in_fleet": false,
  "inserted": null,
  "peak_rss_mb": 102.62109375,
  "slot": 1,
  "status": "no gain",
  "stopped": "",
  "total": 51,
  "wall_seconds": 50.618464516999666
}
{
  "after_kg": 568.7337440109515,
  "archived_kg": 568.186173853525,
  "asteroids_after": 8,
  "asteroids_before": 8,
  "baseline_error_kg": 0.0,
  "certifications": 2,
  "done": 5,
  "earth_leg": {
    "accepted_shift_days": null,
    "flown": 2,
    "measured": 2,
    "seeds": 3
  },
  "elapsed_seconds": 86.5,
  "gain_kg": 0.5475701574264349,
  "group": "cluster_fleet_v10/clusters/family_0006",
  "in_fleet": false,
  "inserted": null,
  "peak_rss_mb": 104.46875,
  "slot": 1,
  "status": "improved",
  "stopped": "",
  "total": 51,
  "wall_seconds": 86.39978656999301
}
{
  "after_kg": 617.1115674195756,
  "archived_kg": 614.92128678987,
  "asteroids_after": 8,
  "asteroids_before": 8,
  "baseline_error_kg": 0.0,
  "certifications": 2,
  "done": 6,
  "earth_leg": {
    "accepted_shift_days": null,
    "flown": 2,
    "measured": 2,
    "seeds": 3
  },
  "elapsed_seconds": 94.0,
  "gain_kg": 2.190280629705626,
  "group": "cluster_fleet_v10_control/clusters/family_0064",
  "in_fleet": false,
  "inserted": null,
  "peak_rss_mb": 105.40234375,
  "slot": 1,
  "status": "improved",
  "stopped": "",
  "total": 51,
  "wall_seconds": 93.96017616600147
}
{
  "after_kg": 614.4284736481861,
  "archived_kg": 604.517453798768,
  "asteroids_after": 8,
  "asteroids_before": 8,
  "baseline_error_kg": 0.0,
  "certifications": 3,
  "done": 7,
  "earth_leg": {
    "accepted_shift_days": 30.0,
    "flown": 1,
    "measured": 1,
    "seeds": 4
  },
  "elapsed_seconds": 100.4,
  "gain_kg": 9.911019849418153,
  "group": "cluster_fleet_v10_control/clusters/family_0029",
  "in_fleet": false,
  "inserted": null,
  "peak_rss_mb": 105.10546875,
  "slot": 1,
  "status": "improved",
  "stopped": "",
  "total": 51,
  "wall_seconds": 100.35931611699925
}
{
  "after_kg": 591.2662559890485,
  "archived_kg": 587.3511293634497,
  "asteroids_after": 8,
  "asteroids_before": 8,
  "baseline_error_kg": 0.0,
  "certifications": 3,
  "done": 8,
  "earth_leg": {
    "accepted_shift_days": null,
    "flown": 2,
    "measured": 2,
    "seeds": 2
  },
  "elapsed_seconds": 103.1,
  "gain_kg": 3.915126625598873,
  "group": "cluster_fleet_v10/clusters/family_0042",
  "in_fleet": false,
  "inserted": null,
  "peak_rss_mb": 105.25390625,
  "slot": 2,
  "status": "improved",
  "stopped": "",
  "total": 51,
  "wall_seconds": 103.05799087899504
}
{
  "after_kg": 539.0280629705682,
  "archived_kg": 539.0280629705682,
  "asteroids_after": 7,
  "asteroids_before": 7,
  "baseline_error_kg": 0.0,
  "certifications": 0,
  "done": 9,
  "earth_leg": {
    "accepted_shift_days": null,
    "flown": 4,
    "measured": 1,
    "seeds": 5
  },
  "elapsed_seconds": 103.6,
  "gain_kg": 0.0,
  "group": "cluster_fleet_v10/clusters/family_0002",
  "in_fleet": false,
  "inserted": null,
  "peak_rss_mb": 103.66015625,
  "slot": 1,
  "status": "no gain",
  "stopped": "",
  "total": 51,
  "wall_seconds": 62.193492109989165
}
{
  "after_kg": 600.5749486652977,
  "archived_kg": 581.5195071868583,
  "asteroids_after": 8,
  "asteroids_before": 8,
  "baseline_error_kg": 0.0,
  "certifications": 4,
  "done": 10,
  "earth_leg": {
    "accepted_shift_days": 60.0,
    "flown": 1,
    "measured": 1,
    "seeds": 5
  },
  "elapsed_seconds": 112.3,
  "gain_kg": 19.055441478439434,
  "group": "cluster_fleet_v10/clusters/family_0025",
  "in_fleet": false,
  "inserted": null,
  "peak_rss_mb": 103.578125,
  "slot": 2,
  "status": "improved",
  "stopped": "",
  "total": 51,
  "wall_seconds": 112.23762945200724
}
{
  "after_kg": 565.2566735112937,
  "archived_kg": 560.5749486652977,
  "asteroids_after": 7,
  "asteroids_before": 7,
  "baseline_error_kg": 0.0,
  "certifications": 2,
  "done": 11,
  "earth_leg": {
    "accepted_shift_days": 30.0,
    "flown": 3,
    "measured": 2,
    "seeds": 8
  },
  "elapsed_seconds": 116.5,
  "gain_kg": 4.681724845995973,
  "group": "cluster_fleet_v10/clusters/family_0042",
  "in_fleet": false,
  "inserted": null,
  "peak_rss_mb": 104.7109375,
  "slot": 1,
  "status": "improved",
  "stopped": "",
  "total": 51,
  "wall_seconds": 116.40702407600475
}
{
  "after_kg": 542.5051334702259,
  "archived_kg": 539.2197125256673,
  "asteroids_after": 9,
  "asteroids_before": 9,
  "baseline_error_kg": 0.0,
  "certifications": 3,
  "done": 12,
  "earth_leg": {
    "accepted_shift_days": 60.0,
    "flown": 1,
    "measured": 1,
    "seeds": 4
  },
  "elapsed_seconds": 117.1,
  "gain_kg": 3.2854209445586093,
  "group": "cluster_fleet_v10/clusters/family_0012",
  "in_fleet": false,
  "inserted": null,
  "peak_rss_mb": 104.703125,
  "slot": 1,
  "status": "improved",
  "stopped": "",
  "total": 51,
  "wall_seconds": 105.16648377099773
}
{
  "after_kg": 575.1950718685831,
  "archived_kg": 556.4681724845996,
  "asteroids_after": 9,
  "asteroids_before": 9,
  "baseline_error_kg": 0.0,
  "certifications": 4,
  "done": 13,
  "earth_leg": {
    "accepted_shift_days": 90.0,
    "flown": 1,
    "measured": 1,
    "seeds": 5
  },
  "elapsed_seconds": 119.4,
  "gain_kg": 18.72689938398355,
  "group": "cluster_fleet_v10/clusters/family_0030",
  "in_fleet": false,
  "inserted": null,
  "peak_rss_mb": 105.40625,
  "slot": 1,
  "status": "improved",
  "stopped": "",
  "total": 51,
  "wall_seconds": 119.37044231199252
}
{
  "after_kg": 597.700205338809,
  "archived_kg": 586.8583162217659,
  "asteroids_after": 8,
  "asteroids_before": 8,
  "baseline_error_kg": 0.0,
  "certifications": 3,
  "done": 14,
  "earth_leg": {
    "accepted_shift_days": 60.0,
    "flown": 1,
    "measured": 1,
    "seeds": 4
  },
  "elapsed_seconds": 119.8,
  "gain_kg": 10.841889117043138,
  "group": "cluster_fleet_v10/clusters/family_0005",
  "in_fleet": false,
  "inserted": null,
  "peak_rss_mb": 105.2890625,
  "slot": 1,
  "status": "improved",
  "stopped": "",
  "total": 51,
  "wall_seconds": 119.76651816800586
}
{
  "after_kg": 620.561259411362,
  "archived_kg": 608.6242299794661,
  "asteroids_after": 9,
  "asteroids_before": 9,
  "baseline_error_kg": 0.0,
  "certifications": 3,
  "done": 15,
  "earth_leg": {
    "accepted_shift_days": 60.0,
    "flown": 3,
    "measured": 1,
    "seeds": 6
  },
  "elapsed_seconds": 122.2,
  "gain_kg": 11.937029431895894,
  "group": "cluster_fleet_v10/clusters/family_0007",
  "in_fleet": false,
  "inserted": null,
  "peak_rss_mb": 105.55078125,
  "slot": 1,
  "status": "improved",
  "stopped": "",
  "total": 51,
  "wall_seconds": 122.17137465599808
}
{
  "after_kg": 544.0383299110199,
  "archived_kg": 537.5770020533881,
  "asteroids_after": 7,
  "asteroids_before": 7,
  "baseline_error_kg": 0.0,
  "certifications": 3,
  "done": 16,
  "earth_leg": {
    "accepted_shift_days": 120.0,
    "flown": 1,
    "measured": 1,
    "seeds": 7
  },
  "elapsed_seconds": 141.7,
  "gain_kg": 6.4613278576317725,
  "group": "cluster_fleet_v10/clusters/family_0029",
  "in_fleet": false,
  "inserted": null,
  "peak_rss_mb": 108.8828125,
  "slot": 2,
  "status": "improved",
  "stopped": "",
  "total": 51,
  "wall_seconds": 90.98764588299673
}
{
  "after_kg": 573.5249828884325,
  "archived_kg": 569.0622861054072,
  "asteroids_after": 9,
  "asteroids_before": 9,
  "baseline_error_kg": 0.0,
  "certifications": 3,
  "done": 17,
  "earth_leg": {
    "accepted_shift_days": null,
    "flown": 4,
    "measured": 1,
    "seeds": 6
  },
  "elapsed_seconds": 149.6,
  "gain_kg": 4.462696783025308,
  "group": "cluster_fleet_v10_control/clusters/family_0014",
  "in_fleet": false,
  "inserted": null,
  "peak_rss_mb": 104.48046875,
  "slot": 1,
  "status": "improved",
  "stopped": "",
  "total": 51,
  "wall_seconds": 149.53612536999572
}
{
  "after_kg": 596.4407939767283,
  "archived_kg": 565.0924024640657,
  "asteroids_after": 8,
  "asteroids_before": 8,
  "baseline_error_kg": 0.0,
  "certifications": 4,
  "done": 18,
  "earth_leg": {
    "accepted_shift_days": 90.0,
    "flown": 1,
    "measured": 1,
    "seeds": 6
  },
  "elapsed_seconds": 154.0,
  "gain_kg": 31.3483915126626,
  "group": "cluster_fleet_v10/clusters/family_0004",
  "in_fleet": false,
  "inserted": null,
  "peak_rss_mb": 105.0625,
  "slot": 2,
  "status": "improved",
  "stopped": "",
  "total": 51,
  "wall_seconds": 153.89138988600462
}
{
  "after_kg": 561.3415468856947,
  "archived_kg": 543.7371663244353,
  "asteroids_after": 9,
  "asteroids_before": 9,
  "baseline_error_kg": 0.0,
  "certifications": 4,
  "done": 19,
  "earth_leg": {
    "accepted_shift_days": 30.0,
    "flown": 3,
    "measured": 2,
    "seeds": 4
  },
  "elapsed_seconds": 155.4,
  "gain_kg": 17.604380561259404,
  "group": "cluster_fleet_v10/clusters/family_0011",
  "in_fleet": false,
  "inserted": null,
  "peak_rss_mb": 105.01953125,
  "slot": 1,
  "status": "improved",
  "stopped": "",
  "total": 51,
  "wall_seconds": 155.27997980899818
}
{
  "after_kg": 558.6858316221766,
  "archived_kg": 540.4517453798768,
  "asteroids_after": 8,
  "asteroids_before": 8,
  "baseline_error_kg": 0.0,
  "certifications": 5,
  "done": 20,
  "earth_leg": {
    "accepted_shift_days": 30.0,
    "flown": 1,
    "measured": 1,
    "seeds": 3
  },
  "elapsed_seconds": 155.6,
  "gain_kg": 18.23408624229978,
  "group": "cluster_fleet_v10/clusters/family_0055",
  "in_fleet": false,
  "inserted": null,
  "peak_rss_mb": 106.86328125,
  "slot": 2,
  "status": "improved",
  "stopped": "",
  "total": 51,
  "wall_seconds": 155.55851368200092
}
{
  "after_kg": 578.4531143052703,
  "archived_kg": 558.5215605749487,
  "asteroids_after": 8,
  "asteroids_before": 8,
  "baseline_error_kg": 0.0,
  "certifications": 5,
  "done": 21,
  "earth_leg": {
    "accepted_shift_days": 30.0,
    "flown": 1,
    "measured": 1,
    "seeds": 4
  },
  "elapsed_seconds": 161.6,
  "gain_kg": 19.93155373032164,
  "group": "cluster_fleet_v10/clusters/family_0055",
  "in_fleet": false,
  "inserted": null,
  "peak_rss_mb": 110.12890625,
  "slot": 1,
  "status": "improved",
  "stopped": "",
  "total": 51,
  "wall_seconds": 161.48381524899742
}
{
  "after_kg": 546.0369609856263,
  "archived_kg": 538.8090349075975,
  "asteroids_after": 8,
  "asteroids_before": 8,
  "baseline_error_kg": 0.0,
  "certifications": 3,
  "done": 22,
  "earth_leg": {
    "accepted_shift_days": 30.0,
    "flown": 2,
    "measured": 1,
    "seeds": 3
  },
  "elapsed_seconds": 167.8,
  "gain_kg": 7.227926078028759,
  "group": "cluster_fleet_v10_control/clusters/family_0044",
  "in_fleet": false,
  "inserted": null,
  "peak_rss_mb": 105.1484375,
  "slot": 1,
  "status": "improved",
  "stopped": "",
  "total": 51,
  "wall_seconds": 120.76244699100789
}
{
  "after_kg": 582.258726899384,
  "archived_kg": 578.7542778918549,
  "asteroids_after": 8,
  "asteroids_before": 8,
  "baseline_error_kg": 0.0,
  "certifications": 3,
  "done": 23,
  "earth_leg": {
    "accepted_shift_days": null,
    "flown": 4,
    "measured": 1,
    "seeds": 4
  },
  "elapsed_seconds": 174.6,
  "gain_kg": 3.504449007529047,
  "group": "cluster_fleet_v10/clusters/family_0001",
  "in_fleet": false,
  "inserted": null,
  "peak_rss_mb": 103.265625,
  "slot": 1,
  "status": "improved",
  "stopped": "",
  "total": 51,
  "wall_seconds": 174.48305530200014
}
{
  "after_kg": 566.8993839835729,
  "archived_kg": 555.64681724846,
  "asteroids_after": 8,
  "asteroids_before": 8,
  "baseline_error_kg": 0.0,
  "certifications": 5,
  "done": 24,
  "earth_leg": {
    "accepted_shift_days": 30.0,
    "flown": 4,
    "measured": 2,
    "seeds": 6
  },
  "elapsed_seconds": 189.0,
  "gain_kg": 11.25256673511285,
  "group": "cluster_fleet_v10_control/clusters/family_0045",
  "in_fleet": false,
  "inserted": null,
  "peak_rss_mb": 106.52734375,
  "slot": 1,
  "status": "improved",
  "stopped": "",
  "total": 51,
  "wall_seconds": 188.88952875099494
}
{
  "after_kg": 614.5106091718002,
  "archived_kg": 585.6262833675564,
  "asteroids_after": 9,
  "asteroids_before": 9,
  "baseline_error_kg": 0.0,
  "certifications": 6,
  "done": 25,
  "earth_leg": {
    "accepted_shift_days": 30.0,
    "flown": 3,
    "measured": 2,
    "seeds": 4
  },
  "elapsed_seconds": 198.6,
  "gain_kg": 28.88432580424376,
  "group": "cluster_fleet_v10/clusters/family_0000",
  "in_fleet": false,
  "inserted": null,
  "peak_rss_mb": 105.86328125,
  "slot": 2,
  "status": "improved",
  "stopped": "",
  "total": 51,
  "wall_seconds": 198.49155687600432
}
{
  "after_kg": 511.59479808350443,
  "archived_kg": 505.13347022587266,
  "asteroids_after": 8,
  "asteroids_before": 8,
  "baseline_error_kg": 0.0,
  "certifications": 2,
  "done": 26,
  "earth_leg": {
    "accepted_shift_days": 30.0,
    "flown": 3,
    "measured": 2,
    "seeds": 4
  },
  "elapsed_seconds": 207.6,
  "gain_kg": 6.4613278576317725,
  "group": "cluster_fleet_v10/clusters/family_0064",
  "in_fleet": false,
  "inserted": null,
  "peak_rss_mb": 106.1015625,
  "slot": 2,
  "status": "improved",
  "stopped": "",
  "total": 51,
  "wall_seconds": 87.7164735480037
}
{
  "after_kg": 479.2881587953457,
  "archived_kg": 477.6180698151951,
  "asteroids_after": 7,
  "asteroids_before": 7,
  "baseline_error_kg": 0.0,
  "certifications": 1,
  "done": 27,
  "earth_leg": {
    "accepted_shift_days": 30.0,
    "flown": 1,
    "measured": 1,
    "seeds": 2
  },
  "elapsed_seconds": 220.1,
  "gain_kg": 1.670088980150581,
  "group": "cluster_fleet_v10_control/clusters/family_0044",
  "in_fleet": false,
  "inserted": null,
  "peak_rss_mb": 108.03125,
  "slot": 2,
  "status": "improved",
  "stopped": "",
  "total": 51,
  "wall_seconds": 31.10614131198963
}
{
  "after_kg": 577.1937029431896,
  "archived_kg": 557.700205338809,
  "asteroids_after": 7,
  "asteroids_before": 7,
  "baseline_error_kg": 0.0,
  "certifications": 6,
  "done": 28,
  "earth_leg": {
    "accepted_shift_days": 60.0,
    "flown": 3,
    "measured": 2,
    "seeds": 7
  },
  "elapsed_seconds": 224.6,
  "gain_kg": 19.493497604380536,
  "group": "cluster_fleet_v10/clusters/family_0001",
  "in_fleet": false,
  "inserted": null,
  "peak_rss_mb": 110.08203125,
  "slot": 2,
  "status": "improved",
  "stopped": "",
  "total": 51,
  "wall_seconds": 224.5424431799911
}
{
  "after_kg": 520.5749486652977,
  "archived_kg": 505.13347022587266,
  "asteroids_after": 8,
  "asteroids_before": 8,
  "baseline_error_kg": 0.0,
  "certifications": 3,
  "done": 29,
  "earth_leg": {
    "accepted_shift_days": 30.0,
    "flown": 1,
    "measured": 1,
    "seeds": 4
  },
  "elapsed_seconds": 231.7,
  "gain_kg": 15.441478439425055,
  "group": "cluster_fleet_v10/clusters/family_0006",
  "in_fleet": false,
  "inserted": null,
  "peak_rss_mb": 106.33984375,
  "slot": 2,
  "status": "improved",
  "stopped": "",
  "total": 51,
  "wall_seconds": 112.21453894299339
}
{
  "after_kg": 466.94045174537985,
  "archived_kg": 466.94045174537985,
  "asteroids_after": 9,
  "asteroids_before": 9,
  "baseline_error_kg": 0.0,
  "certifications": 0,
  "done": 30,
  "earth_leg": {
    "accepted_shift_days": null,
    "flown": 1,
    "measured": 1,
    "seeds": 1
  },
  "elapsed_seconds": 233.0,
  "gain_kg": 0.0,
  "group": "cluster_fleet_v10_control/clusters/family_0008",
  "in_fleet": false,
  "inserted": null,
  "peak_rss_mb": 108.03125,
  "slot": 1,
  "status": "no gain",
  "stopped": "",
  "total": 51,
  "wall_seconds": 12.934518476002268
}
{
  "after_kg": 555.2635181382615,
  "archived_kg": 535.1129363449692,
  "asteroids_after": 7,
  "asteroids_before": 7,
  "baseline_error_kg": 0.0,
  "certifications": 4,
  "done": 31,
  "earth_leg": {
    "accepted_shift_days": 60.0,
    "flown": 1,
    "measured": 1,
    "seeds": 6
  },
  "elapsed_seconds": 239.9,
  "gain_kg": 20.150581793292304,
  "group": "cluster_fleet_v10_control/clusters/family_0032",
  "in_fleet": false,
  "inserted": null,
  "peak_rss_mb": 110.4296875,
  "slot": 2,
  "status": "improved",
  "stopped": "",
  "total": 51,
  "wall_seconds": 153.46435860199563
}
{
  "after_kg": 534.3463381245722,
  "archived_kg": 524.8459958932239,
  "asteroids_after": 8,
  "asteroids_before": 8,
  "baseline_error_kg": 0.0,
  "certifications": 3,
  "done": 32,
  "earth_leg": {
    "accepted_shift_days": 30.0,
    "flown": 4,
    "measured": 2,
    "seeds": 5
  },
  "elapsed_seconds": 241.1,
  "gain_kg": 9.500342231348327,
  "group": "cluster_fleet_v10/clusters/family_0025",
  "in_fleet": false,
  "inserted": null,
  "peak_rss_mb": 107.4296875,
  "slot": 1,
  "status": "improved",
  "stopped": "",
  "total": 51,
  "wall_seconds": 137.9271894160047
}
{
  "after_kg": 532.4298425735798,
  "archived_kg": 516.2217659137577,
  "asteroids_after": 9,
  "asteroids_before": 9,
  "baseline_error_kg": 0.0,
  "certifications": 4,
  "done": 33,
  "earth_leg": {
    "accepted_shift_days": 30.0,
    "flown": 1,
    "measured": 1,
    "seeds": 3
  },
  "elapsed_seconds": 246.0,
  "gain_kg": 16.20807665982204,
  "group": "cluster_fleet_v10/clusters/family_0044",
  "in_fleet": false,
  "inserted": null,
  "peak_rss_mb": 106.30078125,
  "slot": 1,
  "status": "improved",
  "stopped": "",
  "total": 51,
  "wall_seconds": 129.5410641789931
}
{
  "after_kg": 534.0451745379877,
  "archived_kg": 522.3819301848049,
  "asteroids_after": 9,
  "asteroids_before": 9,
  "baseline_error_kg": 0.0,
  "certifications": 5,
  "done": 34,
  "earth_leg": {
    "accepted_shift_days": 60.0,
    "flown": 1,
    "measured": 1,
    "seeds": 4
  },
  "elapsed_seconds": 248.6,
  "gain_kg": 11.66324435318279,
  "group": "cluster_fleet_v10/clusters/family_0016",
  "in_fleet": false,
  "inserted": null,
  "peak_rss_mb": 105.82421875,
  "slot": 1,
  "status": "improved",
  "stopped": "",
  "total": 51,
  "wall_seconds": 144.99879891799355
}
{
  "after_kg": 541.8754277891856,
  "archived_kg": 527.7207392197125,
  "asteroids_after": 8,
  "asteroids_before": 8,
  "baseline_error_kg": 0.0,
  "certifications": 6,
  "done": 35,
  "earth_leg": {
    "accepted_shift_days": 30.0,
    "flown": 2,
    "measured": 2,
    "seeds": 4
  },
  "elapsed_seconds": 248.6,
  "gain_kg": 14.154688569473024,
  "group": "cluster_fleet_v10/clusters/family_0009",
  "in_fleet": false,
  "inserted": null,
  "peak_rss_mb": 106.83203125,
  "slot": 1,
  "status": "improved",
  "stopped": "",
  "total": 51,
  "wall_seconds": 148.1961320380069
}
{
  "after_kg": 489.5824777549624,
  "archived_kg": 481.72484599589325,
  "asteroids_after": 8,
  "asteroids_before": 8,
  "baseline_error_kg": 0.0,
  "certifications": 3,
  "done": 36,
  "earth_leg": {
    "accepted_shift_days": 30.0,
    "flown": 3,
    "measured": 3,
    "seeds": 3
  },
  "elapsed_seconds": 250.0,
  "gain_kg": 7.857631759069136,
  "group": "cluster_fleet_v10_control/clusters/family_0024",
  "in_fleet": false,
  "inserted": null,
  "peak_rss_mb": 107.640625,
  "slot": 1,
  "status": "improved",
  "stopped": "",
  "total": 51,
  "wall_seconds": 82.1424845099973
}
{
  "after_kg": 515.0992470910335,
  "archived_kg": 496.09856262833677,
  "asteroids_after": 9,
  "asteroids_before": 9,
  "baseline_error_kg": 0.0,
  "certifications": 3,
  "done": 37,
  "earth_leg": {
    "accepted_shift_days": 60.0,
    "flown": 1,
    "measured": 1,
    "seeds": 6
  },
  "elapsed_seconds": 260.8,
  "gain_kg": 19.00068446269671,
  "group": "cluster_fleet_v10/clusters/family_0043",
  "in_fleet": false,
  "inserted": null,
  "peak_rss_mb": 105.515625,
  "slot": 1,
  "status": "improved",
  "stopped": "",
  "total": 51,
  "wall_seconds": 106.79956374000176
}
{
  "after_kg": 524.7364818617385,
  "archived_kg": 498.9733059548255,
  "asteroids_after": 8,
  "asteroids_before": 8,
  "baseline_error_kg": 0.0,
  "certifications": 3,
  "done": 38,
  "earth_leg": {
    "accepted_shift_days": 90.0,
    "flown": 2,
    "measured": 1,
    "seeds": 9
  },
  "elapsed_seconds": 262.7,
  "gain_kg": 25.763175906913034,
  "group": "cluster_fleet_v10/clusters/family_0027",
  "in_fleet": false,
  "inserted": null,
  "peak_rss_mb": 110.53125,
  "slot": 1,
  "status": "improved",
  "stopped": "",
  "total": 51,
  "wall_seconds": 140.45652983100445
}
{
  "after_kg": 522.1355236139631,
  "archived_kg": 518.6858316221766,
  "asteroids_after": 7,
  "asteroids_before": 7,
  "baseline_error_kg": 0.0,
  "certifications": 3,
  "done": 39,
  "earth_leg": {
    "accepted_shift_days": 60.0,
    "flown": 2,
    "measured": 1,
    "seeds": 4
  },
  "elapsed_seconds": 267.1,
  "gain_kg": 3.4496919917864943,
  "group": "cluster_fleet_v10_control/clusters/family_0000",
  "in_fleet": false,
  "inserted": null,
  "peak_rss_mb": 109.3125,
  "slot": 1,
  "status": "improved",
  "stopped": "",
  "total": 51,
  "wall_seconds": 154.8055682139966
}
{
  "after_kg": 550.4175222450376,
  "archived_kg": 481.1772758384668,
  "asteroids_after": 7,
  "asteroids_before": 7,
  "baseline_error_kg": 0.0,
  "certifications": 1,
  "done": 40,
  "earth_leg": {
    "accepted_shift_days": 90.0,
    "flown": 3,
    "measured": 1,
    "seeds": 11
  },
  "elapsed_seconds": 271.7,
  "gain_kg": 69.2402464065708,
  "group": "cluster_fleet_v10/clusters/family_0045",
  "in_fleet": false,
  "inserted": null,
  "peak_rss_mb": 109.77734375,
  "slot": 1,
  "status": "improved",
  "stopped": "",
  "total": 51,
  "wall_seconds": 97.15278693998698
}
{
  "after_kg": 512.0054757015743,
  "archived_kg": 506.36550308008214,
  "asteroids_after": 7,
  "asteroids_before": 7,
  "baseline_error_kg": 0.0,
  "certifications": 4,
  "done": 41,
  "earth_leg": {
    "accepted_shift_days": 30.0,
    "flown": 4,
    "measured": 2,
    "seeds": 5
  },
  "elapsed_seconds": 277.2,
  "gain_kg": 5.63997262149212,
  "group": "cluster_fleet_v10/clusters/family_0021",
  "in_fleet": false,
  "inserted": null,
  "peak_rss_mb": 106.9609375,
  "slot": 1,
  "status": "improved",
  "stopped": "",
  "total": 51,
  "wall_seconds": 160.1318104249949
}
{
  "after_kg": 501.6016427104723,
  "archived_kg": 490.3490759753593,
  "asteroids_after": 7,
  "asteroids_before": 7,
  "baseline_error_kg": 0.0,
  "certifications": 4,
  "done": 42,
  "earth_leg": {
    "accepted_shift_days": 60.0,
    "flown": 2,
    "measured": 2,
    "seeds": 6
  },
  "elapsed_seconds": 280.3,
  "gain_kg": 11.252566735112964,
  "group": "cluster_fleet_v10/clusters/family_0000",
  "in_fleet": false,
  "inserted": null,
  "peak_rss_mb": 109.2578125,
  "slot": 1,
  "status": "improved",
  "stopped": "",
  "total": 51,
  "wall_seconds": 124.67213226399326
}
{
  "after_kg": 515.0444900752909,
  "archived_kg": 488.70636550308006,
  "asteroids_after": 8,
  "asteroids_before": 8,
  "baseline_error_kg": 0.0,
  "certifications": 5,
  "done": 43,
  "earth_leg": {
    "accepted_shift_days": 60.0,
    "flown": 1,
    "measured": 1,
    "seeds": 3
  },
  "elapsed_seconds": 282.9,
  "gain_kg": 26.33812457221086,
  "group": "cluster_fleet_v10/clusters/family_0017",
  "in_fleet": false,
  "inserted": null,
  "peak_rss_mb": 110.12890625,
  "slot": 2,
  "status": "improved",
  "stopped": "",
  "total": 51,
  "wall_seconds": 121.36240400699899
}
{
  "after_kg": 512.4709103353867,
  "archived_kg": 496.09856262833677,
  "asteroids_after": 8,
  "asteroids_before": 8,
  "baseline_error_kg": 0.0,
  "certifications": 4,
  "done": 44,
  "earth_leg": {
    "accepted_shift_days": 60.0,
    "flown": 4,
    "measured": 2,
    "seeds": 6
  },
  "elapsed_seconds": 285.8,
  "gain_kg": 16.372347707049983,
  "group": "cluster_fleet_v10/clusters/family_0003",
  "in_fleet": false,
  "inserted": null,
  "peak_rss_mb": 105.671875,
  "slot": 1,
  "status": "improved",
  "stopped": "",
  "total": 51,
  "wall_seconds": 136.19984832699993
}
{
  "after_kg": 539.7399041752225,
  "archived_kg": 533.47022587269,
  "asteroids_after": 8,
  "asteroids_before": 8,
  "baseline_error_kg": 0.0,
  "certifications": 5,
  "done": 45,
  "earth_leg": {
    "accepted_shift_days": 30.0,
    "flown": 3,
    "measured": 2,
    "seeds": 4
  },
  "elapsed_seconds": 297.9,
  "gain_kg": 6.269678302532498,
  "group": "cluster_fleet_v10_control/clusters/family_0019",
  "in_fleet": false,
  "inserted": null,
  "peak_rss_mb": 106.69921875,
  "slot": 1,
  "status": "improved",
  "stopped": "",
  "total": 51,
  "wall_seconds": 203.90816265699686
}
{
  "after_kg": 467.81656399726216,
  "archived_kg": 459.1375770020534,
  "asteroids_after": 7,
  "asteroids_before": 7,
  "baseline_error_kg": 0.0,
  "certifications": 3,
  "done": 46,
  "earth_leg": {
    "accepted_shift_days": 90.0,
    "flown": 3,
    "measured": 3,
    "seeds": 6
  },
  "elapsed_seconds": 301.4,
  "gain_kg": 8.678986995208788,
  "group": "cluster_fleet_v10/clusters/family_0018",
  "in_fleet": false,
  "inserted": null,
  "peak_rss_mb": 110.08203125,
  "slot": 2,
  "status": "improved",
  "stopped": "",
  "total": 51,
  "wall_seconds": 76.75648974400247
}
{
  "after_kg": 484.4626967830253,
  "archived_kg": 473.5112936344969,
  "asteroids_after": 8,
  "asteroids_before": 8,
  "baseline_error_kg": 0.0,
  "certifications": 4,
  "done": 47,
  "earth_leg": {
    "accepted_shift_days": 60.0,
    "flown": 1,
    "measured": 1,
    "seeds": 5
  },
  "elapsed_seconds": 313.2,
  "gain_kg": 10.951403148528414,
  "group": "cluster_fleet_v10/clusters/family_0036",
  "in_fleet": false,
  "inserted": null,
  "peak_rss_mb": 106.203125,
  "slot": 1,
  "status": "improved",
  "stopped": "",
  "total": 51,
  "wall_seconds": 114.6402303710056
}
{
  "after_kg": 497.741273100616,
  "archived_kg": 491.17043121149896,
  "asteroids_after": 7,
  "asteroids_before": 7,
  "baseline_error_kg": 0.0,
  "certifications": 5,
  "done": 48,
  "earth_leg": {
    "accepted_shift_days": null,
    "flown": 4,
    "measured": 3,
    "seeds": 5
  },
  "elapsed_seconds": 336.4,
  "gain_kg": 6.570841889117048,
  "group": "cluster_fleet_v10/clusters/family_0041",
  "in_fleet": false,
  "inserted": null,
  "peak_rss_mb": 109.4375,
  "slot": 1,
  "status": "improved",
  "stopped": "",
  "total": 51,
  "wall_seconds": 180.9943371850095
}
{
  "after_kg": 492.53935660506505,
  "archived_kg": 466.94045174537985,
  "asteroids_after": 7,
  "asteroids_before": 7,
  "baseline_error_kg": 0.0,
  "certifications": 4,
  "done": 49,
  "earth_leg": {
    "accepted_shift_days": 90.0,
    "flown": 2,
    "measured": 1,
    "seeds": 10
  },
  "elapsed_seconds": 338.1,
  "gain_kg": 25.598904859685206,
  "group": "cluster_fleet_v10_control/clusters/family_0003",
  "in_fleet": false,
  "inserted": null,
  "peak_rss_mb": 106.6796875,
  "slot": 2,
  "status": "improved",
  "stopped": "",
  "total": 51,
  "wall_seconds": 130.51894664599968
}
{
  "after_kg": 537.7686516084873,
  "archived_kg": 497.741273100616,
  "asteroids_after": 8,
  "asteroids_before": 8,
  "baseline_error_kg": 0.0,
  "certifications": 7,
  "done": 50,
  "earth_leg": {
    "accepted_shift_days": 60.0,
    "flown": 1,
    "measured": 1,
    "seeds": 5
  },
  "elapsed_seconds": 345.9,
  "gain_kg": 40.027378507871276,
  "group": "cluster_fleet_v10/clusters/family_0013",
  "in_fleet": false,
  "inserted": null,
  "peak_rss_mb": 108.8828125,
  "slot": 1,
  "status": "improved",
  "stopped": "",
  "total": 51,
  "wall_seconds": 204.21083232600358
}
{
  "after_kg": 486.4613278576318,
  "archived_kg": 457.90554414784395,
  "asteroids_after": 7,
  "asteroids_before": 7,
  "baseline_error_kg": 0.0,
  "certifications": 10,
  "done": 51,
  "earth_leg": {
    "accepted_shift_days": 60.0,
    "flown": 1,
    "measured": 1,
    "seeds": 8
  },
  "elapsed_seconds": 397.7,
  "gain_kg": 28.555783709787818,
  "group": "cluster_fleet_v10/clusters/family_0022",
  "in_fleet": false,
  "inserted": null,
  "peak_rss_mb": 106.671875,
  "slot": 1,
  "status": "improved",
  "stopped": "certification budget",
  "total": 51,
  "wall_seconds": 166.02174928499153
}
{
  "attempted": 51,
  "fleet_average_after_kg": null,
  "fleet_average_before_kg": null,
  "fleet_ships": 0,
  "gain_kg_total": 663.63,
  "improved": 47,
  "inserted": 0,
  "peak_rss_mb": 110.8203125,
  "run_id": "joint_itinerary_v10",
  "tasks": 51,
  "wall_seconds_total": 397.81241565600794,
  "worker_peak_rss_mb": 110.53125
}
