role         stat                                 fleet
earth_out    propellant median [kg]               413.6
earth_out    propellant mean [kg]                 417.7
earth_out    propellant p90 [kg]                  450.3
earth_out    tof median [d]                       600.0
deploy_hop   propellant median [kg]                95.0
deploy_hop   propellant mean [kg]                 105.1
deploy_hop   propellant p90 [kg]                  161.1
deploy_hop   tof median [d]                       240.0
collect_hop  propellant median [kg]                84.0
collect_hop  propellant mean [kg]                  88.0
collect_hop  propellant p90 [kg]                  132.0
collect_hop  tof median [d]                       210.0
earth_return propellant median [kg]               214.4
earth_return propellant mean [kg]                 215.0
earth_return propellant p90 [kg]                  252.6
earth_return tof median [d]                       454.0
hops         <= cheap fraction                     0.31
per ship     earth_out [kg]                       417.7
per ship     hops [kg]                           1524.4
