{
  "dual_archive_columns": 896,
  "initial_prices": {
    "max_kg": 131.01257722993364,
    "mu": 1316.4168310522366,
    "nu": 1.4005054794899126,
    "priced_asteroids": 22,
    "size": 21,
    "sum_kg": 943.0669573530923
  }
}
{
  "collected_kg": [
    567.9
  ],
  "cooperative_collects": 0,
  "elapsed_minutes": 42.4,
  "family": 14,
  "incumbent_kg": 567.9,
  "master": {
    "collected_kg": 567.9,
    "exhaustive": true,
    "ships": 1
  },
  "members": 26,
  "orphans_left": [],
  "ships": 1,
  "wall_seconds": 2498
}
{
  "collected_kg": [
    506.4
  ],
  "cooperative_collects": 0,
  "elapsed_minutes": 43.2,
  "family": 21,
  "incumbent_kg": 1074.2,
  "master": {
    "collected_kg": 1074.2,
    "exhaustive": true,
    "ships": 2
  },
  "members": 24,
  "orphans_left": [],
  "ships": 1,
  "wall_seconds": 2542
}
{
  "collected_kg": [
    457.9
  ],
  "cooperative_collects": 0,
  "elapsed_minutes": 47.3,
  "family": 22,
  "incumbent_kg": 1532.1,
  "master": {
    "collected_kg": 1532.1,
    "exhaustive": true,
    "ships": 3
  },
  "members": 19,
  "orphans_left": [],
  "ships": 1,
  "wall_seconds": 2788
}
{
  "collected_kg": [
    497.7
  ],
  "cooperative_collects": 0,
  "elapsed_minutes": 48.4,
  "family": 13,
  "incumbent_kg": 2029.9,
  "master": {
    "collected_kg": 2029.9,
    "exhaustive": true,
    "ships": 4
  },
  "members": 22,
  "orphans_left": [],
  "ships": 1,
  "wall_seconds": 2848
}
{
  "collected_kg": [
    539.2,
    508.4
  ],
  "cooperative_collects": 1,
  "elapsed_minutes": 50.6,
  "family": 12,
  "incumbent_kg": 3077.5,
  "master": {
    "collected_kg": 3077.5,
    "exhaustive": true,
    "ships": 6
  },
  "members": 26,
  "orphans_left": [],
  "ships": 2,
  "wall_seconds": 2972
}
{
  "collected_kg": [
    568.2,
    505.1
  ],
  "cooperative_collects": 0,
  "elapsed_minutes": 52.0,
  "family": 6,
  "incumbent_kg": 4150.8,
  "master": {
    "collected_kg": 4150.8,
    "exhaustive": true,
    "ships": 8
  },
  "members": 29,
  "orphans_left": [],
  "ships": 2,
  "wall_seconds": 3049
}
{
  "collected_kg": [
    604.2,
    537.6
  ],
  "cooperative_collects": 0,
  "elapsed_minutes": 52.5,
  "family": 29,
  "incumbent_kg": 5292.6,
  "master": {
    "collected_kg": 5292.6,
    "exhaustive": true,
    "ships": 10
  },
  "members": 23,
  "orphans_left": [],
  "ships": 2,
  "wall_seconds": 3075
}
{
  "collected_kg": [
    578.8,
    557.7
  ],
  "cooperative_collects": 0,
  "elapsed_minutes": 56.6,
  "family": 1,
  "incumbent_kg": 6429.0,
  "master": {
    "collected_kg": 6429.0,
    "exhaustive": true,
    "ships": 12
  },
  "members": 35,
  "orphans_left": [],
  "ships": 2,
  "wall_seconds": 3315
}
{
  "collected_kg": [
    417.2,
    488.7
  ],
  "cooperative_collects": 0,
  "elapsed_minutes": 59.8,
  "family": 17,
  "incumbent_kg": 7335.0,
  "master": {
    "collected_kg": 7335.0,
    "exhaustive": true,
    "ships": 14
  },
  "members": 25,
  "orphans_left": [],
  "ships": 2,
  "wall_seconds": 3502
}
{
  "collected_kg": [
    539.0
  ],
  "cooperative_collects": 0,
  "elapsed_minutes": 61.5,
  "family": 2,
  "incumbent_kg": 7874.0,
  "master": {
    "collected_kg": 7874.0,
    "exhaustive": true,
    "ships": 15
  },
  "members": 35,
  "orphans_left": [],
  "ships": 1,
  "wall_seconds": 3595
}
{
  "collected_kg": [
    490.3,
    585.6
  ],
  "cooperative_collects": 0,
  "elapsed_minutes": 63.7,
  "family": 0,
  "incumbent_kg": 8532.7,
  "master": {
    "collected_kg": 8532.7,
    "exhaustive": true,
    "ships": 16
  },
  "members": 40,
  "orphans_left": [],
  "ships": 2,
  "wall_seconds": 3727
}
{
  "collected_kg": [
    464.5,
    453.0
  ],
  "cooperative_collects": 1,
  "elapsed_minutes": 87.0,
  "family": 8,
  "incumbent_kg": 8532.7,
  "master": {
    "collected_kg": 8532.7,
    "exhaustive": true,
    "ships": 16
  },
  "members": 27,
  "orphans_left": [],
  "ships": 2,
  "wall_seconds": 2625
}
{
  "collected_kg": [
    608.6,
    489.9
  ],
  "cooperative_collects": 1,
  "elapsed_minutes": 89.6,
  "family": 7,
  "incumbent_kg": 9218.1,
  "master": {
    "collected_kg": 9218.2,
    "exhaustive": true,
    "ships": 17
  },
  "members": 26,
  "orphans_left": [],
  "ships": 2,
  "wall_seconds": 2729
}
{
  "collected_kg": [
    531.0
  ],
  "cooperative_collects": 0,
  "elapsed_minutes": 90.7,
  "family": 19,
  "incumbent_kg": 9240.7,
  "master": {
    "collected_kg": 9240.7,
    "exhaustive": true,
    "ships": 17
  },
  "members": 25,
  "orphans_left": [],
  "ships": 1,
  "wall_seconds": 2549
}
{
  "collected_kg": [
    556.5,
    439.4
  ],
  "cooperative_collects": 1,
  "elapsed_minutes": 97.1,
  "family": 30,
  "incumbent_kg": 9339.3,
  "master": {
    "collected_kg": 9339.3,
    "exhaustive": true,
    "ships": 17
  },
  "members": 21,
  "orphans_left": [],
  "ships": 2,
  "wall_seconds": 2868
}
{
  "collected_kg": [
    524.8,
    581.5
  ],
  "cooperative_collects": 0,
  "elapsed_minutes": 99.4,
  "family": 25,
  "incumbent_kg": 9908.1,
  "master": {
    "collected_kg": 9908.1,
    "exhaustive": true,
    "ships": 18
  },
  "members": 21,
  "orphans_left": [
    47738
  ],
  "ships": 2,
  "wall_seconds": 2752
}
{
  "collected_kg": [
    543.7,
    612.7
  ],
  "cooperative_collects": 1,
  "elapsed_minutes": 100.2,
  "family": 11,
  "incumbent_kg": 10016.5,
  "master": {
    "collected_kg": 10016.5,
    "exhaustive": true,
    "ships": 18
  },
  "members": 25,
  "orphans_left": [],
  "ships": 2,
  "wall_seconds": 2909
}
{
  "collected_kg": [
    553.5
  ],
  "cooperative_collects": 0,
  "elapsed_minutes": 101.1,
  "family": 10,
  "incumbent_kg": 10016.5,
  "master": {
    "collected_kg": 10004.5,
    "exhaustive": true,
    "ships": 18
  },
  "members": 27,
  "orphans_left": [],
  "ships": 1,
  "wall_seconds": 2401
}
{
  "collected_kg": [
    522.4,
    454.6
  ],
  "cooperative_collects": 1,
  "elapsed_minutes": 102.1,
  "family": 16,
  "incumbent_kg": 10016.5,
  "master": {
    "collected_kg": 9941.3,
    "exhaustive": true,
    "ships": 18
  },
  "members": 18,
  "orphans_left": [],
  "ships": 2,
  "wall_seconds": 2622
}
{
  "collected_kg": [
    586.9
  ],
  "cooperative_collects": 0,
  "elapsed_minutes": 106.7,
  "family": 5,
  "incumbent_kg": 10694.9,
  "master": {
    "collected_kg": 10694.9,
    "exhaustive": true,
    "ships": 19
  },
  "members": 23,
  "orphans_left": [],
  "ships": 1,
  "wall_seconds": 2644
}
{
  "collected_kg": [
    496.1
  ],
  "cooperative_collects": 0,
  "elapsed_minutes": 107.8,
  "family": 3,
  "incumbent_kg": 10694.9,
  "master": {
    "collected_kg": 10694.9,
    "exhaustive": true,
    "ships": 19
  },
  "members": 32,
  "orphans_left": [],
  "ships": 1,
  "wall_seconds": 3264
}
{
  "collected_kg": [
    499.0,
    444.4
  ],
  "cooperative_collects": 1,
  "elapsed_minutes": 108.9,
  "family": 27,
  "incumbent_kg": 10698.8,
  "master": {
    "collected_kg": 10698.8,
    "exhaustive": true,
    "ships": 19
  },
  "members": 19,
  "orphans_left": [],
  "ships": 2,
  "wall_seconds": 2601
}
{
  "collected_kg": [
    527.7
  ],
  "cooperative_collects": 0,
  "elapsed_minutes": 128.7,
  "family": 9,
  "incumbent_kg": 10698.8,
  "master": {
    "collected_kg": 10697.7,
    "exhaustive": true,
    "ships": 19
  },
  "members": 28,
  "orphans_left": [],
  "ships": 1,
  "wall_seconds": 2439
}
{
  "collected_kg": [
    473.5,
    441.1
  ],
  "cooperative_collects": 0,
  "elapsed_minutes": 137.5,
  "family": 36,
  "incumbent_kg": 10698.8,
  "master": {
    "collected_kg": 10697.7,
    "exhaustive": true,
    "ships": 19
  },
  "members": 22,
  "orphans_left": [],
  "ships": 2,
  "wall_seconds": 2809
}
{
  "collected_kg": [
    481.5,
    446.0
  ],
  "cooperative_collects": 0,
  "elapsed_minutes": 138.5,
  "family": 24,
  "incumbent_kg": 10698.8,
  "master": {
    "collected_kg": 10697.7,
    "exhaustive": true,
    "ships": 19
  },
  "members": 21,
  "orphans_left": [],
  "ships": 2,
  "wall_seconds": 2785
}
{
  "collected_kg": [
    574.4,
    565.1
  ],
  "cooperative_collects": 0,
  "elapsed_minutes": 140.5,
  "family": 4,
  "incumbent_kg": 10698.8,
  "master": {
    "collected_kg": 10696.3,
    "exhaustive": true,
    "ships": 19
  },
  "members": 20,
  "orphans_left": [],
  "ships": 2,
  "wall_seconds": 2530
}
{
  "collected_kg": [
    641.6,
    505.3
  ],
  "cooperative_collects": 0,
  "elapsed_minutes": 141.6,
  "family": 32,
  "incumbent_kg": 10698.8,
  "master": {
    "collected_kg": 10698.1,
    "exhaustive": true,
    "ships": 19
  },
  "members": 23,
  "orphans_left": [],
  "ships": 2,
  "wall_seconds": 2428
}
{
  "collected_kg": [
    558.5,
    540.5
  ],
  "cooperative_collects": 0,
  "elapsed_minutes": 142.5,
  "family": 55,
  "incumbent_kg": 10703.2,
  "master": {
    "collected_kg": 10703.2,
    "exhaustive": true,
    "ships": 19
  },
  "members": 19,
  "orphans_left": [],
  "ships": 2,
  "wall_seconds": 2502
}
{
  "collected_kg": [
    560.6,
    587.4
  ],
  "cooperative_collects": 0,
  "elapsed_minutes": 147.8,
  "family": 42,
  "incumbent_kg": 11515.1,
  "master": {
    "collected_kg": 11515.1,
    "exhaustive": false,
    "ships": 20
  },
  "members": 19,
  "orphans_left": [],
  "ships": 2,
  "wall_seconds": 2716
}
{
  "collected_kg": [
    481.2,
    448.9
  ],
  "cooperative_collects": 0,
  "elapsed_minutes": 149.0,
  "family": 45,
  "incumbent_kg": 11515.1,
  "master": {
    "collected_kg": 11515.1,
    "exhaustive": true,
    "ships": 20
  },
  "members": 21,
  "orphans_left": [],
  "ships": 2,
  "wall_seconds": 2751
}
{
  "collected_kg": [
    516.2,
    489.9
  ],
  "cooperative_collects": 1,
  "elapsed_minutes": 149.6,
  "family": 44,
  "incumbent_kg": 11515.1,
  "master": {
    "collected_kg": 11515.1,
    "exhaustive": true,
    "ships": 20
  },
  "members": 21,
  "orphans_left": [],
  "ships": 2,
  "wall_seconds": 2518
}
{
  "collected_kg": [
    491.2,
    380.4
  ],
  "cooperative_collects": 0,
  "elapsed_minutes": 150.3,
  "family": 41,
  "incumbent_kg": 11515.1,
  "master": {
    "collected_kg": 11515.1,
    "exhaustive": true,
    "ships": 20
  },
  "members": 20,
  "orphans_left": [],
  "ships": 2,
  "wall_seconds": 2511
}
{
  "collected_kg": [
    614.4,
    505.1,
    237.8
  ],
  "cooperative_collects": 1,
  "elapsed_minutes": 151.0,
  "family": 64,
  "incumbent_kg": 11516.2,
  "master": {
    "collected_kg": 11516.2,
    "exhaustive": false,
    "ships": 20
  },
  "members": 18,
  "orphans_left": [],
  "ships": 3,
  "wall_seconds": 2471
}
{
  "collected_kg": [
    496.1,
    457.9
  ],
  "cooperative_collects": 2,
  "elapsed_minutes": 170.7,
  "family": 43,
  "incumbent_kg": 11516.2,
  "master": {
    "collected_kg": 11516.2,
    "exhaustive": true,
    "ships": 20
  },
  "members": 20,
  "orphans_left": [],
  "ships": 2,
  "wall_seconds": 1950
}
{
  "collected_kg": [
    362.2,
    459.1
  ],
  "cooperative_collects": 0,
  "elapsed_minutes": 171.4,
  "family": 18,
  "incumbent_kg": 11516.2,
  "master": {
    "collected_kg": 11516.2,
    "exhaustive": false,
    "ships": 20
  },
  "members": 24,
  "orphans_left": [],
  "ships": 2,
  "wall_seconds": 2516
}
{
  "asteroids": 165,
  "average_collected_kg": 575.8097193702944,
  "budget_marks": {
    "120_min": 10698.8,
    "240_min": 11516.2,
    "30_min": null,
    "480_min": 11516.2,
    "60_min": 7335.0
  },
  "memory_bound_mb": 6174.1796875,
  "memory_total_pss_peak_mb": 2229.44921875,
  "peak_rss_mb": 440.30078125,
  "run_id": "cluster_fleet_v10",
  "score_kg": 11516.2,
  "ships": 20,
  "status": "scored",
  "wall_seconds_total": 10331.665729568005
}
