{
  "after_kg": 598.3025325119781,
  "archived_kg": 588.911704312115,
  "asteroids_after": 9,
  "asteroids_before": 9,
  "baseline_error_kg": 0.0,
  "certifications": 3,
  "done": 1,
  "elapsed_seconds": 89.2,
  "gain_kg": 9.390828199863108,
  "group": "cluster_fleet_v8/clusters/family_0011",
  "in_fleet": false,
  "inserted": null,
  "peak_rss_mb": 97.27734375,
  "slot": 1,
  "status": "improved",
  "stopped": "",
  "total": 35,
  "wall_seconds": 89.14749258900338
}
{
  "after_kg": 622.5872689938399,
  "archived_kg": 616.4271047227926,
  "asteroids_after": 9,
  "asteroids_before": 9,
  "baseline_error_kg": 0.0,
  "certifications": 3,
  "done": 2,
  "elapsed_seconds": 100.6,
  "gain_kg": 6.160164271047279,
  "group": "cluster_fleet_v8/clusters/family_0007",
  "in_fleet": false,
  "inserted": null,
  "peak_rss_mb": 96.484375,
  "slot": 1,
  "status": "improved",
  "stopped": "",
  "total": 35,
  "wall_seconds": 100.56675551700027
}
{
  "after_kg": 595.8932238193019,
  "archived_kg": 588.5010266940452,
  "asteroids_after": 7,
  "asteroids_before": 7,
  "baseline_error_kg": 0.0,
  "certifications": 3,
  "done": 3,
  "elapsed_seconds": 106.7,
  "gain_kg": 7.392197125256644,
  "group": "cluster_fleet_v8/clusters/family_0007",
  "in_fleet": false,
  "inserted": null,
  "peak_rss_mb": 100.58984375,
  "slot": 3,
  "status": "improved",
  "stopped": "",
  "total": 35,
  "wall_seconds": 106.64115726700038
}
{
  "after_kg": 595.2361396303901,
  "archived_kg": 584.3942505133471,
  "asteroids_after": 9,
  "asteroids_before": 9,
  "baseline_error_kg": 0.0,
  "certifications": 4,
  "done": 4,
  "elapsed_seconds": 162.0,
  "gain_kg": 10.841889117043024,
  "group": "cluster_fleet_v8/clusters/family_0007",
  "in_fleet": false,
  "inserted": null,
  "peak_rss_mb": 96.25390625,
  "slot": 2,
  "status": "improved",
  "stopped": "",
  "total": 35,
  "wall_seconds": 161.96758962199965
}
{
  "after_kg": 595.8932238193019,
  "archived_kg": 579.8767967145791,
  "asteroids_after": 9,
  "asteroids_before": 9,
  "baseline_error_kg": 0.0,
  "certifications": 3,
  "done": 5,
  "elapsed_seconds": 209.7,
  "gain_kg": 16.016427104722766,
  "group": "cluster_fleet_v8/clusters/family_0029",
  "in_fleet": false,
  "inserted": null,
  "peak_rss_mb": 103.06640625,
  "slot": 1,
  "status": "improved",
  "stopped": "",
  "total": 35,
  "wall_seconds": 120.53020490000199
}
{
  "after_kg": 581.4647501711157,
  "archived_kg": 573.305954825462,
  "asteroids_after": 9,
  "asteroids_before": 9,
  "baseline_error_kg": 0.0,
  "certifications": 3,
  "done": 6,
  "elapsed_seconds": 210.7,
  "gain_kg": 8.158795345653743,
  "group": "cluster_fleet_v8/clusters/family_0001",
  "in_fleet": false,
  "inserted": null,
  "peak_rss_mb": 98.66796875,
  "slot": 3,
  "status": "improved",
  "stopped": "",
  "total": 35,
  "wall_seconds": 110.04611797899997
}
{
  "after_kg": 585.9822039698836,
  "archived_kg": 567.9671457905544,
  "asteroids_after": 9,
  "asteroids_before": 9,
  "baseline_error_kg": 0.0,
  "certifications": 5,
  "done": 7,
  "elapsed_seconds": 281.1,
  "gain_kg": 18.01505817932923,
  "group": "cluster_fleet_v8/clusters/family_0014",
  "in_fleet": false,
  "inserted": null,
  "peak_rss_mb": 101.01953125,
  "slot": 2,
  "status": "improved",
  "stopped": "",
  "total": 35,
  "wall_seconds": 174.3712853979996
}
{
  "after_kg": 570.0205338809035,
  "archived_kg": 567.0088980150582,
  "asteroids_after": 8,
  "asteroids_before": 8,
  "baseline_error_kg": 0.0,
  "certifications": 4,
  "done": 8,
  "elapsed_seconds": 285.3,
  "gain_kg": 3.011635865845278,
  "group": "cluster_fleet_v8/clusters/family_0006",
  "in_fleet": false,
  "inserted": null,
  "peak_rss_mb": 99.62890625,
  "slot": 1,
  "status": "improved",
  "stopped": "",
  "total": 35,
  "wall_seconds": 123.2976318300025
}
{
  "after_kg": 577.0020533880904,
  "archived_kg": 564.6817248459959,
  "asteroids_after": 8,
  "asteroids_before": 8,
  "baseline_error_kg": 0.0,
  "certifications": 4,
  "done": 9,
  "elapsed_seconds": 336.6,
  "gain_kg": 12.320328542094558,
  "group": "cluster_fleet_v8/clusters/family_0030",
  "in_fleet": false,
  "inserted": null,
  "peak_rss_mb": 101.375,
  "slot": 1,
  "status": "improved",
  "stopped": "",
  "total": 35,
  "wall_seconds": 125.94270094700187
}
{
  "after_kg": 567.9671457905544,
  "archived_kg": 561.8069815195072,
  "asteroids_after": 9,
  "asteroids_before": 9,
  "baseline_error_kg": 0.0,
  "certifications": 2,
  "done": 10,
  "elapsed_seconds": 394.0,
  "gain_kg": 6.160164271047165,
  "group": "cluster_fleet_v8/clusters/family_0000",
  "in_fleet": false,
  "inserted": null,
  "peak_rss_mb": 99.62890625,
  "slot": 2,
  "status": "improved",
  "stopped": "",
  "total": 35,
  "wall_seconds": 108.6338178900005
}
{
  "after_kg": 600.5749486652977,
  "archived_kg": 565.0924024640657,
  "asteroids_after": 8,
  "asteroids_before": 8,
  "baseline_error_kg": 0.0,
  "certifications": 6,
  "done": 11,
  "elapsed_seconds": 394.4,
  "gain_kg": 35.482546201232026,
  "group": "cluster_fleet_v8/clusters/family_0000",
  "in_fleet": false,
  "inserted": null,
  "peak_rss_mb": 103.41015625,
  "slot": 3,
  "status": "improved",
  "stopped": "",
  "total": 35,
  "wall_seconds": 184.6430452670029
}
{
  "after_kg": 566.1875427789186,
  "archived_kg": 554.0041067761807,
  "asteroids_after": 10,
  "asteroids_before": 10,
  "baseline_error_kg": 0.0,
  "certifications": 3,
  "done": 12,
  "elapsed_seconds": 418.1,
  "gain_kg": 12.183436002737835,
  "group": "cluster_fleet_v8/clusters/family_0025",
  "in_fleet": false,
  "inserted": null,
  "peak_rss_mb": 101.375,
  "slot": 2,
  "status": "improved",
  "stopped": "",
  "total": 35,
  "wall_seconds": 81.53815449199828
}
{
  "after_kg": 545.6536618754278,
  "archived_kg": 544.558521560575,
  "asteroids_after": 9,
  "asteroids_before": 9,
  "baseline_error_kg": 0.0,
  "certifications": 1,
  "done": 13,
  "elapsed_seconds": 449.4,
  "gain_kg": 1.0951403148528698,
  "group": "cluster_fleet_v8/clusters/family_0019",
  "in_fleet": false,
  "inserted": null,
  "peak_rss_mb": 101.375,
  "slot": 2,
  "status": "improved",
  "stopped": "",
  "total": 35,
  "wall_seconds": 31.244446900000185
}
{
  "after_kg": 579.0006844626968,
  "archived_kg": 564.271047227926,
  "asteroids_after": 8,
  "asteroids_before": 8,
  "baseline_error_kg": 0.0,
  "certifications": 5,
  "done": 14,
  "elapsed_seconds": 451.8,
  "gain_kg": 14.729637234770735,
  "group": "cluster_fleet_v8/clusters/family_0001",
  "in_fleet": false,
  "inserted": null,
  "peak_rss_mb": 101.01953125,
  "slot": 1,
  "status": "improved",
  "stopped": "",
  "total": 35,
  "wall_seconds": 170.7266850829983
}
{
  "after_kg": 544.1478439425051,
  "archived_kg": 544.1478439425051,
  "asteroids_after": 9,
  "asteroids_before": 9,
  "baseline_error_kg": 0.0,
  "certifications": 0,
  "done": 15,
  "elapsed_seconds": 456.2,
  "gain_kg": 0.0,
  "group": "cluster_fleet_v8/clusters/family_0008",
  "in_fleet": false,
  "inserted": null,
  "peak_rss_mb": 101.375,
  "slot": 2,
  "status": "no gain",
  "stopped": "",
  "total": 35,
  "wall_seconds": 6.8223230650000914
}
{
  "after_kg": 547.8439425051334,
  "archived_kg": 546.6119096509241,
  "asteroids_after": 8,
  "asteroids_before": 8,
  "baseline_error_kg": 0.0,
  "certifications": 2,
  "done": 16,
  "elapsed_seconds": 470.4,
  "gain_kg": 1.2320328542093648,
  "group": "cluster_fleet_v8/clusters/family_0002",
  "in_fleet": false,
  "inserted": null,
  "peak_rss_mb": 103.41015625,
  "slot": 1,
  "status": "improved",
  "stopped": "",
  "total": 35,
  "wall_seconds": 76.0078063180008
}
{
  "after_kg": 572.7583846680355,
  "archived_kg": 553.1827515400411,
  "asteroids_after": 9,
  "asteroids_before": 9,
  "baseline_error_kg": 0.0,
  "certifications": 4,
  "done": 17,
  "elapsed_seconds": 514.5,
  "gain_kg": 19.57563312799448,
  "group": "cluster_fleet_v8/clusters/family_0014",
  "in_fleet": false,
  "inserted": null,
  "peak_rss_mb": 99.62890625,
  "slot": 1,
  "status": "improved",
  "stopped": "",
  "total": 35,
  "wall_seconds": 120.55676653800037
}
{
  "after_kg": 529.9110198494182,
  "archived_kg": 529.9110198494182,
  "asteroids_after": 7,
  "asteroids_before": 7,
  "baseline_error_kg": Infinity,
  "certifications": 0,
  "done": 18,
  "elapsed_seconds": 515.2,
  "gain_kg": 0.0,
  "group": "cluster_fleet_v8/clusters/family_0001",
  "in_fleet": false,
  "inserted": null,
  "peak_rss_mb": 99.62890625,
  "slot": 2,
  "status": "no gain",
  "stopped": "",
  "total": 35,
  "wall_seconds": 0.6895570039996528
}
{
  "after_kg": 541.6837782340863,
  "archived_kg": 534.2915811088295,
  "asteroids_after": 9,
  "asteroids_before": 9,
  "baseline_error_kg": 0.0,
  "certifications": 3,
  "done": 19,
  "elapsed_seconds": 553.3,
  "gain_kg": 7.392197125256757,
  "group": "cluster_fleet_v8/clusters/family_0012",
  "in_fleet": false,
  "inserted": null,
  "peak_rss_mb": 101.375,
  "slot": 1,
  "status": "improved",
  "stopped": "",
  "total": 35,
  "wall_seconds": 97.08144546400217
}
{
  "after_kg": 536.4818617385353,
  "archived_kg": 531.006160164271,
  "asteroids_after": 8,
  "asteroids_before": 8,
  "baseline_error_kg": 0.0,
  "certifications": 5,
  "done": 20,
  "elapsed_seconds": 616.5,
  "gain_kg": 5.475701574264235,
  "group": "cluster_fleet_v8/clusters/family_0003",
  "in_fleet": false,
  "inserted": null,
  "peak_rss_mb": 103.984375,
  "slot": 1,
  "status": "improved",
  "stopped": "",
  "total": 35,
  "wall_seconds": 146.14974733399868
}
{
  "after_kg": 534.839151266256,
  "archived_kg": 522.7926078028747,
  "asteroids_after": 9,
  "asteroids_before": 9,
  "baseline_error_kg": 0.0,
  "certifications": 3,
  "done": 21,
  "elapsed_seconds": 627.8,
  "gain_kg": 12.046543463381227,
  "group": "cluster_fleet_v8/clusters/family_0016",
  "in_fleet": false,
  "inserted": null,
  "peak_rss_mb": 100.87890625,
  "slot": 1,
  "status": "improved",
  "stopped": "",
  "total": 35,
  "wall_seconds": 112.60762450999755
}
{
  "after_kg": 568.186173853525,
  "archived_kg": 535.523613963039,
  "asteroids_after": 8,
  "asteroids_before": 8,
  "baseline_error_kg": 0.0,
  "certifications": 8,
  "done": 22,
  "elapsed_seconds": 664.7,
  "gain_kg": 32.66255989048602,
  "group": "cluster_fleet_v8/clusters/family_0011",
  "in_fleet": false,
  "inserted": null,
  "peak_rss_mb": 101.01953125,
  "slot": 2,
  "status": "improved",
  "stopped": "",
  "total": 35,
  "wall_seconds": 212.919280893002
}
{
  "after_kg": 525.9411362080766,
  "archived_kg": 516.2217659137577,
  "asteroids_after": 9,
  "asteroids_before": 9,
  "baseline_error_kg": 0.0,
  "certifications": 5,
  "done": 23,
  "elapsed_seconds": 725.6,
  "gain_kg": 9.719370294318878,
  "group": "cluster_fleet_v8/clusters/family_0025",
  "in_fleet": false,
  "inserted": null,
  "peak_rss_mb": 101.375,
  "slot": 1,
  "status": "improved",
  "stopped": "",
  "total": 35,
  "wall_seconds": 172.27319714700207
}
{
  "after_kg": 511.1567419575633,
  "archived_kg": 505.1334702258727,
  "asteroids_after": 9,
  "asteroids_before": 9,
  "baseline_error_kg": 0.0,
  "certifications": 4,
  "done": 24,
  "elapsed_seconds": 742.9,
  "gain_kg": 6.023271731690613,
  "group": "cluster_fleet_v8/clusters/family_0013",
  "in_fleet": false,
  "inserted": null,
  "peak_rss_mb": 103.984375,
  "slot": 1,
  "status": "improved",
  "stopped": "",
  "total": 35,
  "wall_seconds": 126.39856774200234
}
{
  "after_kg": 488.7063655030801,
  "archived_kg": 488.7063655030801,
  "asteroids_after": 6,
  "asteroids_before": 6,
  "baseline_error_kg": Infinity,
  "certifications": 0,
  "done": 25,
  "elapsed_seconds": 743.7,
  "gain_kg": 0.0,
  "group": "cluster_fleet_v8/clusters/family_0000",
  "in_fleet": false,
  "inserted": null,
  "peak_rss_mb": 103.984375,
  "slot": 1,
  "status": "no gain",
  "stopped": "",
  "total": 35,
  "wall_seconds": 0.7516647239972372
}
{
  "after_kg": 501.0266940451745,
  "archived_kg": 495.68788501026694,
  "asteroids_after": 8,
  "asteroids_before": 8,
  "baseline_error_kg": 0.0,
  "certifications": 4,
  "done": 26,
  "elapsed_seconds": 767.6,
  "gain_kg": 5.33880903490757,
  "group": "cluster_fleet_v8/clusters/family_0029",
  "in_fleet": false,
  "inserted": null,
  "peak_rss_mb": 103.74609375,
  "slot": 2,
  "status": "improved",
  "stopped": "",
  "total": 35,
  "wall_seconds": 139.76046581500123
}
{
  "after_kg": 506.2286105407255,
  "archived_kg": 491.99178644763856,
  "asteroids_after": 8,
  "asteroids_before": 8,
  "baseline_error_kg": 0.0,
  "certifications": 5,
  "done": 27,
  "elapsed_seconds": 781.7,
  "gain_kg": 14.236824093086966,
  "group": "cluster_fleet_v8/clusters/family_0021",
  "in_fleet": false,
  "inserted": null,
  "peak_rss_mb": 103.80078125,
  "slot": 2,
  "status": "improved",
  "stopped": "",
  "total": 35,
  "wall_seconds": 117.02101327800119
}
{
  "after_kg": 491.9096509240246,
  "archived_kg": 489.5277207392197,
  "asteroids_after": 6,
  "asteroids_before": 6,
  "baseline_error_kg": 0.0,
  "certifications": 3,
  "done": 28,
  "elapsed_seconds": 806.2,
  "gain_kg": 2.381930184804901,
  "group": "cluster_fleet_v8/clusters/family_0011",
  "in_fleet": false,
  "inserted": null,
  "peak_rss_mb": 101.375,
  "slot": 3,
  "status": "improved",
  "stopped": "",
  "total": 35,
  "wall_seconds": 80.65770170099859
}
{
  "after_kg": 499.11019849418204,
  "archived_kg": 485.01026694045174,
  "asteroids_after": 9,
  "asteroids_before": 9,
  "baseline_error_kg": 0.0,
  "certifications": 4,
  "done": 29,
  "elapsed_seconds": 868.7,
  "gain_kg": 14.0999315537303,
  "group": "cluster_fleet_v8/clusters/family_0006",
  "in_fleet": false,
  "inserted": null,
  "peak_rss_mb": 103.984375,
  "slot": 2,
  "status": "improved",
  "stopped": "",
  "total": 35,
  "wall_seconds": 124.97429969999939
}
{
  "after_kg": 466.94045174537985,
  "archived_kg": 466.94045174537985,
  "asteroids_after": 9,
  "asteroids_before": 9,
  "baseline_error_kg": 0.0,
  "certifications": 0,
  "done": 30,
  "elapsed_seconds": 876.2,
  "gain_kg": 0.0,
  "group": "cluster_fleet_v8/clusters/family_0008",
  "in_fleet": false,
  "inserted": null,
  "peak_rss_mb": 103.984375,
  "slot": 1,
  "status": "no gain",
  "stopped": "",
  "total": 35,
  "wall_seconds": 7.535381977002544
}
{
  "after_kg": 485.28405201916496,
  "archived_kg": 475.564681724846,
  "asteroids_after": 8,
  "asteroids_before": 8,
  "baseline_error_kg": 0.0,
  "certifications": 4,
  "done": 31,
  "elapsed_seconds": 899.6,
  "gain_kg": 9.719370294318935,
  "group": "cluster_fleet_v8/clusters/family_0022",
  "in_fleet": false,
  "inserted": null,
  "peak_rss_mb": 103.80078125,
  "slot": 2,
  "status": "improved",
  "stopped": "",
  "total": 35,
  "wall_seconds": 117.82217601600132
}
{
  "after_kg": 481.8069815195072,
  "archived_kg": 475.1540041067762,
  "asteroids_after": 8,
  "asteroids_before": 8,
  "baseline_error_kg": 0.0,
  "certifications": 5,
  "done": 32,
  "elapsed_seconds": 926.1,
  "gain_kg": 6.652977412730991,
  "group": "cluster_fleet_v8/clusters/family_0006",
  "in_fleet": false,
  "inserted": null,
  "peak_rss_mb": 101.375,
  "slot": 3,
  "status": "improved",
  "stopped": "",
  "total": 35,
  "wall_seconds": 119.89210380999793
}
{
  "after_kg": 473.4565366187543,
  "archived_kg": 464.8870636550308,
  "asteroids_after": 9,
  "asteroids_before": 9,
  "baseline_error_kg": 0.0,
  "certifications": 4,
  "done": 33,
  "elapsed_seconds": 986.0,
  "gain_kg": 8.569472963723513,
  "group": "cluster_fleet_v8/clusters/family_0017",
  "in_fleet": false,
  "inserted": null,
  "peak_rss_mb": 103.984375,
  "slot": 2,
  "status": "improved",
  "stopped": "",
  "total": 35,
  "wall_seconds": 109.82419346800089
}
{
  "after_kg": 511.95071868583165,
  "archived_kg": 478.3025325119781,
  "asteroids_after": 8,
  "asteroids_before": 8,
  "baseline_error_kg": 0.0,
  "certifications": 8,
  "done": 34,
  "elapsed_seconds": 988.2,
  "gain_kg": 33.64818617385356,
  "group": "cluster_fleet_v8/clusters/family_0003",
  "in_fleet": false,
  "inserted": null,
  "peak_rss_mb": 103.74609375,
  "slot": 2,
  "status": "improved",
  "stopped": "",
  "total": 35,
  "wall_seconds": 220.66565289900245
}
{
  "after_kg": 482.95687885010267,
  "archived_kg": 463.2443531827516,
  "asteroids_after": 9,
  "asteroids_before": 9,
  "baseline_error_kg": 0.0,
  "certifications": 5,
  "done": 35,
  "elapsed_seconds": 1020.8,
  "gain_kg": 19.712525667351088,
  "group": "cluster_fleet_v8/clusters/family_0021",
  "in_fleet": false,
  "inserted": null,
  "peak_rss_mb": 103.80078125,
  "slot": 1,
  "status": "improved",
  "stopped": "",
  "total": 35,
  "wall_seconds": 121.19707959100197
}
{
  "attempted": 35,
  "fleet_average_after_kg": null,
  "fleet_average_before_kg": null,
  "fleet_ships": 0,
  "gain_kg_total": 369.45,
  "improved": 31,
  "inserted": 0,
  "peak_rss_mb": 102.93359375,
  "run_id": "joint_itinerary_h100_v8",
  "tasks": 35,
  "wall_seconds_total": 1020.8655508589982,
  "worker_peak_rss_mb": 103.984375
}
