{
  "dual_archive_columns": 896,
  "initial_prices": {
    "max_kg": 131.01257722993364,
    "mu": 1316.4168310522366,
    "nu": 1.4005054794899126,
    "priced_asteroids": 22,
    "size": 21,
    "sum_kg": 943.0669573530923
  }
}
{
  "collected_kg": [
    569.1
  ],
  "cooperative_collects": 0,
  "elapsed_minutes": 42.3,
  "family": 14,
  "incumbent_kg": 569.1,
  "master": {
    "collected_kg": 569.1,
    "exhaustive": true,
    "ships": 1
  },
  "members": 26,
  "orphans_left": [],
  "ships": 1,
  "wall_seconds": 2494
}
{
  "collected_kg": [
    506.4
  ],
  "cooperative_collects": 0,
  "elapsed_minutes": 42.9,
  "family": 21,
  "incumbent_kg": 1075.4,
  "master": {
    "collected_kg": 1075.4,
    "exhaustive": true,
    "ships": 2
  },
  "members": 24,
  "orphans_left": [],
  "ships": 1,
  "wall_seconds": 2525
}
{
  "collected_kg": [
    457.9
  ],
  "cooperative_collects": 0,
  "elapsed_minutes": 46.4,
  "family": 22,
  "incumbent_kg": 1533.3,
  "master": {
    "collected_kg": 1533.3,
    "exhaustive": true,
    "ships": 3
  },
  "members": 19,
  "orphans_left": [],
  "ships": 1,
  "wall_seconds": 2731
}
{
  "collected_kg": [
    497.7
  ],
  "cooperative_collects": 0,
  "elapsed_minutes": 46.8,
  "family": 13,
  "incumbent_kg": 2031.1,
  "master": {
    "collected_kg": 2031.1,
    "exhaustive": true,
    "ships": 4
  },
  "members": 22,
  "orphans_left": [],
  "ships": 1,
  "wall_seconds": 2753
}
{
  "collected_kg": [
    539.2,
    508.4
  ],
  "cooperative_collects": 1,
  "elapsed_minutes": 50.9,
  "family": 12,
  "incumbent_kg": 3078.7,
  "master": {
    "collected_kg": 3078.7,
    "exhaustive": true,
    "ships": 6
  },
  "members": 26,
  "orphans_left": [],
  "ships": 2,
  "wall_seconds": 2991
}
{
  "collected_kg": [
    604.5,
    537.6
  ],
  "cooperative_collects": 0,
  "elapsed_minutes": 51.9,
  "family": 29,
  "incumbent_kg": 4220.8,
  "master": {
    "collected_kg": 4220.8,
    "exhaustive": true,
    "ships": 8
  },
  "members": 23,
  "orphans_left": [],
  "ships": 2,
  "wall_seconds": 3042
}
{
  "collected_kg": [
    566.6,
    505.1
  ],
  "cooperative_collects": 0,
  "elapsed_minutes": 53.2,
  "family": 6,
  "incumbent_kg": 5292.5,
  "master": {
    "collected_kg": 5292.5,
    "exhaustive": true,
    "ships": 10
  },
  "members": 29,
  "orphans_left": [],
  "ships": 2,
  "wall_seconds": 3118
}
{
  "collected_kg": [
    578.5,
    557.7
  ],
  "cooperative_collects": 0,
  "elapsed_minutes": 56.1,
  "family": 1,
  "incumbent_kg": 6428.7,
  "master": {
    "collected_kg": 6428.7,
    "exhaustive": true,
    "ships": 12
  },
  "members": 35,
  "orphans_left": [],
  "ships": 2,
  "wall_seconds": 3286
}
{
  "collected_kg": [
    417.2,
    488.7
  ],
  "cooperative_collects": 0,
  "elapsed_minutes": 59.3,
  "family": 17,
  "incumbent_kg": 7334.6,
  "master": {
    "collected_kg": 7334.6,
    "exhaustive": true,
    "ships": 14
  },
  "members": 25,
  "orphans_left": [],
  "ships": 2,
  "wall_seconds": 3468
}
{
  "collected_kg": [
    518.7,
    543.3
  ],
  "cooperative_collects": 1,
  "elapsed_minutes": 63.6,
  "family": 0,
  "incumbent_kg": 8411.4,
  "master": {
    "collected_kg": 8411.4,
    "exhaustive": true,
    "ships": 16
  },
  "members": 40,
  "orphans_left": [],
  "ships": 2,
  "wall_seconds": 3721
}
{
  "collected_kg": [
    546.6
  ],
  "cooperative_collects": 0,
  "elapsed_minutes": 67.2,
  "family": 2,
  "incumbent_kg": 8540.8,
  "master": {
    "collected_kg": 8540.8,
    "exhaustive": true,
    "ships": 16
  },
  "members": 35,
  "orphans_left": [],
  "ships": 1,
  "wall_seconds": 3937
}
{
  "collected_kg": [
    466.9,
    448.5
  ],
  "cooperative_collects": 1,
  "elapsed_minutes": 87.7,
  "family": 8,
  "incumbent_kg": 8540.8,
  "master": {
    "collected_kg": 8540.8,
    "exhaustive": true,
    "ships": 16
  },
  "members": 27,
  "orphans_left": [],
  "ships": 2,
  "wall_seconds": 2671
}
{
  "collected_kg": [
    608.6,
    489.9
  ],
  "cooperative_collects": 1,
  "elapsed_minutes": 88.7,
  "family": 7,
  "incumbent_kg": 9226.2,
  "master": {
    "collected_kg": 9226.2,
    "exhaustive": true,
    "ships": 17
  },
  "members": 26,
  "orphans_left": [],
  "ships": 2,
  "wall_seconds": 2676
}
{
  "collected_kg": [
    533.5
  ],
  "cooperative_collects": 0,
  "elapsed_minutes": 89.7,
  "family": 19,
  "incumbent_kg": 9251.3,
  "master": {
    "collected_kg": 9251.3,
    "exhaustive": true,
    "ships": 17
  },
  "members": 25,
  "orphans_left": [],
  "ships": 1,
  "wall_seconds": 2509
}
{
  "collected_kg": [
    556.5,
    439.4
  ],
  "cooperative_collects": 1,
  "elapsed_minutes": 94.7,
  "family": 30,
  "incumbent_kg": 9349.8,
  "master": {
    "collected_kg": 9349.8,
    "exhaustive": true,
    "ships": 17
  },
  "members": 21,
  "orphans_left": [],
  "ships": 2,
  "wall_seconds": 2816
}
{
  "collected_kg": [
    524.8,
    581.5
  ],
  "cooperative_collects": 0,
  "elapsed_minutes": 97.8,
  "family": 25,
  "incumbent_kg": 9918.6,
  "master": {
    "collected_kg": 9918.6,
    "exhaustive": true,
    "ships": 18
  },
  "members": 21,
  "orphans_left": [
    47738
  ],
  "ships": 2,
  "wall_seconds": 2617
}
{
  "collected_kg": [
    543.7,
    612.7
  ],
  "cooperative_collects": 1,
  "elapsed_minutes": 99.9,
  "family": 11,
  "incumbent_kg": 9951.9,
  "master": {
    "collected_kg": 9951.9,
    "exhaustive": true,
    "ships": 18
  },
  "members": 25,
  "orphans_left": [],
  "ships": 2,
  "wall_seconds": 2875
}
{
  "collected_kg": [
    522.4,
    454.6
  ],
  "cooperative_collects": 1,
  "elapsed_minutes": 100.9,
  "family": 16,
  "incumbent_kg": 9955.6,
  "master": {
    "collected_kg": 9955.6,
    "exhaustive": true,
    "ships": 18
  },
  "members": 18,
  "orphans_left": [],
  "ships": 2,
  "wall_seconds": 2577
}
{
  "collected_kg": [
    496.1,
    466.9
  ],
  "cooperative_collects": 0,
  "elapsed_minutes": 103.0,
  "family": 3,
  "incumbent_kg": 9955.6,
  "master": {
    "collected_kg": 9893.6,
    "exhaustive": true,
    "ships": 18
  },
  "members": 32,
  "orphans_left": [],
  "ships": 2,
  "wall_seconds": 3007
}
{
  "collected_kg": [
    586.9
  ],
  "cooperative_collects": 0,
  "elapsed_minutes": 108.1,
  "family": 5,
  "incumbent_kg": 10694.0,
  "master": {
    "collected_kg": 10694.0,
    "exhaustive": false,
    "ships": 19
  },
  "members": 23,
  "orphans_left": [],
  "ships": 1,
  "wall_seconds": 2590
}
{
  "collected_kg": [
    552.4,
    432.6
  ],
  "cooperative_collects": 0,
  "elapsed_minutes": 110.3,
  "family": 10,
  "incumbent_kg": 10708.8,
  "master": {
    "collected_kg": 10708.8,
    "exhaustive": false,
    "ships": 19
  },
  "members": 27,
  "orphans_left": [],
  "ships": 2,
  "wall_seconds": 2986
}
{
  "collected_kg": [
    499.0,
    439.0
  ],
  "cooperative_collects": 1,
  "elapsed_minutes": 111.5,
  "family": 27,
  "incumbent_kg": 10708.8,
  "master": {
    "collected_kg": 10698.4,
    "exhaustive": true,
    "ships": 19
  },
  "members": 19,
  "orphans_left": [],
  "ships": 2,
  "wall_seconds": 2578
}
{
  "collected_kg": [
    520.2
  ],
  "cooperative_collects": 0,
  "elapsed_minutes": 128.9,
  "family": 9,
  "incumbent_kg": 10708.8,
  "master": {
    "collected_kg": 10693.7,
    "exhaustive": true,
    "ships": 19
  },
  "members": 28,
  "orphans_left": [],
  "ships": 1,
  "wall_seconds": 2405
}
{
  "collected_kg": [
    481.7,
    446.0
  ],
  "cooperative_collects": 0,
  "elapsed_minutes": 136.0,
  "family": 24,
  "incumbent_kg": 10708.8,
  "master": {
    "collected_kg": 10693.7,
    "exhaustive": true,
    "ships": 19
  },
  "members": 21,
  "orphans_left": [],
  "ships": 2,
  "wall_seconds": 2714
}
{
  "collected_kg": [
    473.5,
    441.1
  ],
  "cooperative_collects": 0,
  "elapsed_minutes": 137.1,
  "family": 36,
  "incumbent_kg": 10708.8,
  "master": {
    "collected_kg": 10693.7,
    "exhaustive": true,
    "ships": 19
  },
  "members": 22,
  "orphans_left": [],
  "ships": 2,
  "wall_seconds": 2787
}
{
  "collected_kg": [
    575.1,
    565.1
  ],
  "cooperative_collects": 0,
  "elapsed_minutes": 139.7,
  "family": 4,
  "incumbent_kg": 10708.8,
  "master": {
    "collected_kg": 10706.7,
    "exhaustive": true,
    "ships": 19
  },
  "members": 20,
  "orphans_left": [],
  "ships": 2,
  "wall_seconds": 2632
}
{
  "collected_kg": [
    641.1,
    535.1
  ],
  "cooperative_collects": 0,
  "elapsed_minutes": 140.8,
  "family": 32,
  "incumbent_kg": 10708.8,
  "master": {
    "collected_kg": 10702.1,
    "exhaustive": true,
    "ships": 19
  },
  "members": 23,
  "orphans_left": [],
  "ships": 2,
  "wall_seconds": 2450
}
{
  "collected_kg": [
    558.5,
    529.5
  ],
  "cooperative_collects": 0,
  "elapsed_minutes": 143.3,
  "family": 55,
  "incumbent_kg": 10715.9,
  "master": {
    "collected_kg": 10715.9,
    "exhaustive": true,
    "ships": 19
  },
  "members": 19,
  "orphans_left": [],
  "ships": 2,
  "wall_seconds": 2534
}
{
  "collected_kg": [
    560.6,
    584.4
  ],
  "cooperative_collects": 0,
  "elapsed_minutes": 146.8,
  "family": 42,
  "incumbent_kg": 11515.9,
  "master": {
    "collected_kg": 11515.9,
    "exhaustive": false,
    "ships": 20
  },
  "members": 19,
  "orphans_left": [],
  "ships": 2,
  "wall_seconds": 2663
}
{
  "collected_kg": [
    555.6,
    429.8
  ],
  "cooperative_collects": 0,
  "elapsed_minutes": 149.6,
  "family": 45,
  "incumbent_kg": 11515.9,
  "master": {
    "collected_kg": 11513.4,
    "exhaustive": false,
    "ships": 20
  },
  "members": 21,
  "orphans_left": [],
  "ships": 2,
  "wall_seconds": 2749
}
{
  "collected_kg": [
    491.2,
    380.4
  ],
  "cooperative_collects": 0,
  "elapsed_minutes": 152.0,
  "family": 41,
  "incumbent_kg": 11515.9,
  "master": {
    "collected_kg": 11513.4,
    "exhaustive": true,
    "ships": 20
  },
  "members": 20,
  "orphans_left": [],
  "ships": 2,
  "wall_seconds": 2460
}
{
  "collected_kg": [
    614.9,
    505.1,
    237.8
  ],
  "cooperative_collects": 1,
  "elapsed_minutes": 152.8,
  "family": 64,
  "incumbent_kg": 11520.3,
  "master": {
    "collected_kg": 11520.3,
    "exhaustive": false,
    "ships": 20
  },
  "members": 18,
  "orphans_left": [],
  "ships": 3,
  "wall_seconds": 2409
}
{
  "collected_kg": [
    538.8,
    477.6
  ],
  "cooperative_collects": 0,
  "elapsed_minutes": 153.5,
  "family": 44,
  "incumbent_kg": 11520.3,
  "master": {
    "collected_kg": 11520.3,
    "exhaustive": true,
    "ships": 20
  },
  "members": 21,
  "orphans_left": [],
  "ships": 2,
  "wall_seconds": 2666
}
{
  "collected_kg": [
    496.1,
    457.9
  ],
  "cooperative_collects": 2,
  "elapsed_minutes": 170.7,
  "family": 43,
  "incumbent_kg": 11520.3,
  "master": {
    "collected_kg": 11520.3,
    "exhaustive": true,
    "ships": 20
  },
  "members": 20,
  "orphans_left": [],
  "ships": 2,
  "wall_seconds": 2041
}
{
  "collected_kg": [
    362.2,
    459.1
  ],
  "cooperative_collects": 0,
  "elapsed_minutes": 171.8,
  "family": 18,
  "incumbent_kg": 11520.3,
  "master": {
    "collected_kg": 11520.3,
    "exhaustive": true,
    "ships": 20
  },
  "members": 24,
  "orphans_left": [],
  "ships": 2,
  "wall_seconds": 2529
}
{
  "asteroids": 164,
  "average_collected_kg": 576.0136892539356,
  "budget_marks": {
    "120_min": 10708.8,
    "240_min": 11520.3,
    "30_min": null,
    "480_min": 11520.3,
    "60_min": 7334.6
  },
  "memory_bound_mb": 6218.921875,
  "memory_total_pss_peak_mb": 2242.6474609375,
  "peak_rss_mb": 435.15625,
  "run_id": "cluster_fleet_v10_control",
  "score_kg": 11520.3,
  "ships": 20,
  "status": "scored",
  "wall_seconds_total": 10353.028113116998
}
