role         stat                                 fleet
earth_out    propellant median [kg]               424.0
earth_out    propellant mean [kg]                 423.9
earth_out    propellant p90 [kg]                  447.3
earth_out    tof median [d]                       585.0
deploy_hop   propellant median [kg]                95.0
deploy_hop   propellant mean [kg]                 106.0
deploy_hop   propellant p90 [kg]                  157.9
deploy_hop   tof median [d]                       240.0
collect_hop  propellant median [kg]                84.0
collect_hop  propellant mean [kg]                  86.5
collect_hop  propellant p90 [kg]                  130.8
collect_hop  tof median [d]                       210.0
earth_return propellant median [kg]               200.7
earth_return propellant mean [kg]                 209.5
earth_return propellant p90 [kg]                  255.7
earth_return tof median [d]                       466.0
hops         <= cheap fraction                     0.31
per ship     earth_out [kg]                       423.9
per ship     hops [kg]                           1523.0
