[2026-09-04T16:51:08Z] source c4e2c318ea03d54babe0a387caf4e792a7cba10e branch feat/gtoc12-asteroid-mining dirty=0; affinity= 10-25
[2026-09-04T16:51:08Z] == fleet-master fleet_master_h100_v1 (archive-wide: 12 archived sources + cluster_fleet_h100_v1, 16 workers)
[2026-09-04T17:18:04Z] fleet-master exit=0
status: scored columns: 1055 recert_wall_s: 1454.0340403600003 master_wall_s: 125.81061738300014
master: {"collected_kg": 11517.590691307323, "columns": 1055, "cooperative": {"bundle_columns": 0, "collector_ships": 0, "deployer_ships": 0, "foreign_collects": 0}, "exhaustive": false, "gap_kg": 0.0, "greedy_objective_kg": 10638.634862323375, "lp_bound_kg": 10798.437520996098, "lp_gap_kg": 11.886700844763254, "lp_nodes": 711, "lp_relaxations_kg": {"1": 583.1622176591376, "10": 5584.650499742185, "11": 6128.661451145334, "12": 6670.53870338323, "13": 7211.747723703925, "14": 7749.324725757313, "15": 8283.205629248072, "16": 8816.012058796821, "17": 9347.15511150045, "18": 9877.375569607115, "19": 10389.032389034448, "2": 1158.8598143320714, "20": 10798.437520996098, "3": 1717.340053956606, "4": 2274.809692222834, "5": 2830.4565094712943, "6": 3385.6926491016848, "7": 3939.722298087277, "8": 4490.440983918899, "9": 5037.976480568232}, "lp_seconds": 1.8376656119999097, "lp_sizes_searched": [20], 
score: None None
[2026-09-04T17:18:04Z] == official GTOC12_Verify over every emitted Result.txt in the two new runs
official verifier: 785/940 Result.txt files pass
FAIL {'path': 'results/gtoc12/runs/cluster_fleet_h100_v1/clusters/family_0002/ship_02/Result.txt', 'ok': False, 'ships': None, 'mined_asteroids': None, 'total_mass_kg': None, 'return_code': 0, 'wall_seconds': 0.08825973900093231, 'message': 'Error803. Mining Data Error on the line2282: The mass change of the Mining Ship does not match the mass of the miner on the first rendezvous to the asteroid (exceeding the allowable error).'}
FAIL {'path': 'results/gtoc12/runs/cluster_fleet_h100_v1/clusters/family_0005/ship_02/Result.txt', 'ok': False, 'ships': None, 'mined_asteroids': None, 'total_mass_kg': None, 'return_code': 0, 'wall_seconds': 0.08779268199941725, 'message': 'Error803. Mining Data Error on the line2659: The mass change of the Mining Ship does not match the mass of the miner on the first rendezvous to the asteroid (exceeding the allowable error).'}
FAIL {'path': 'results/gtoc12/runs/cluster_fleet_h100_v1/clusters/family_0006/ship_02/Result.txt', 'ok': False, 'ships': None, 'mined_asteroids': None, 'total_mass_kg': None, 'return_code': 0, 'wall_seconds': 0.08789748300114297, 'message': 'Error803. Mining Data Error on the line2145: The mass change of the Mining Ship does not match the mass of the miner on the first rendezvous to the asteroid (exceeding the allowable error).'}
FAIL {'path': 'results/gtoc12/runs/cluster_fleet_h100_v1/clusters/family_0016/ship_03/Result.txt', 'ok': False, 'ships': None, 'mined_asteroids': None, 'total_mass_kg': None, 'return_code': 0, 'wall_seconds': 0.08716530700075964, 'message': 'Error803. Mining Data Error on the line2841: The mass change of the Mining Ship does not match the mass of the miner on the first rendezvous to the asteroid (exceeding the allowable error).'}
FAIL {'path': 'results/gtoc12/runs/cluster_fleet_h100_v1/clusters/family_0017/ship_03/Result.txt', 'ok': False, 'ships': None, 'mined_asteroids': None, 'total_mass_kg': None, 'return_code': 0, 'wall_seconds': 0.0871581020001031, 'message': 'Error803. Mining Data Error on the line2655: The mass change of the Mining Ship does not match the mass of the miner on the first rendezvous to the asteroid (exceeding the allowable error).'}
FAIL {'path': 'results/gtoc12/runs/cluster_fleet_h100_v1/clusters/family_0023/ship_03/Result.txt', 'ok': False, 'ships': None, 'mined_asteroids': None, 'total_mass_kg': None, 'return_code': 0, 'wall_seconds': 0.08856974099944637, 'message': 'Error803. Mining Data Error on the line3917: The mass change of the Mining Ship does not match the mass of the miner on the first rendezvous to the asteroid (exceeding the allowable error).'}
FAIL {'path': 'results/gtoc12/runs/cluster_fleet_h100_v1/clusters/family_0025/ship_03/Result.txt', 'ok': False, 'ships': None, 'mined_asteroids': None, 'total_mass_kg': None, 'return_code': 0, 'wall_seconds': 0.08779248899918457, 'message': 'Error803. Mining Data Error on the line2859: The mass change of the Mining Ship does not match the mass of the miner on the first rendezvous to the asteroid (exceeding the allowable error).'}
FAIL {'path': 'results/gtoc12/runs/cluster_fleet_h100_v1/clusters/family_0028/ship_02/Result.txt', 'ok': False, 'ships': None, 'mined_asteroids': None, 'total_mass_kg': None, 'return_code': 0, 'wall_seconds': 0.08816733499952534, 'message': 'Error803. Mining Data Error on the line2340: The mass change of the Mining Ship does not match the mass of the miner on the first rendezvous to the asteroid (exceeding the allowable error).'}
FAIL {'path': 'results/gtoc12/runs/cluster_fleet_h100_v1/clusters/family_0033/ship_03/Result.txt', 'ok': False, 'ships': None, 'mined_asteroids': None, 'total_mass_kg': None, 'return_code': 0, 'wall_seconds': 0.08869734300060372, 'message': 'Error803. Mining Data Error on the line3122: The mass change of the Mining Ship does not match the mass of the miner on the first rendezvous to the asteroid (exceeding the allowable error).'}
FAIL {'path': 'results/gtoc12/runs/cluster_fleet_h100_v1/clusters/family_0033/ship_04/Result.txt', 'ok': False, 'ships': None, 'mined_asteroids': None, 'total_mass_kg': None, 'return_code': 0, 'wall_seconds': 0.0891080340006738, 'message': 'Error803. Mining Data Error on the line2164: The mass change of the Mining Ship does not match the mass of the miner on the first rendezvous to the asteroid (exceeding the allowable error).'}
FAIL {'path': 'results/gtoc12/runs/cluster_fleet_h100_v1/clusters/family_0035/ship_03/Result.txt', 'ok': False, 'ships': None, 'mined_asteroids': None, 'total_mass_kg': None, 'return_code': 0, 'wall_seconds': 0.08820735500012233, 'message': 'Error803. Mining Data Error on the line2609: The mass change of the Mining Ship does not match the mass of the miner on the first rendezvous to the asteroid (exceeding the allowable error).'}
FAIL {'path': 'results/gtoc12/runs/cluster_fleet_h100_v1/clusters/family_0065/ship_03/Result.txt', 'ok': False, 'ships': None, 'mined_asteroids': None, 'total_mass_kg': None, 'return_code': 0, 'wall_seconds': 0.08686198400027934, 'message': 'Error803. Mining Data Error on the line2074: The mass change of the Mining Ship does not match the mass of the miner on the first rendezvous to the asteroid (exceeding the allowable error).'}
FAIL {'path': 'results/gtoc12/runs/cluster_fleet_h100_v1/clusters/family_0096/ship_03/Result.txt', 'ok': False, 'ships': None, 'mined_asteroids': None, 'total_mass_kg': None, 'return_code': 0, 'wall_seconds': 0.08674465199874248, 'message': 'Error803. Mining Data Error on the line2909: The mass change of the Mining Ship does not match the mass of the miner on the first rendezvous to the asteroid (exceeding the allowable error).'}
FAIL {'path': 'results/gtoc12/runs/cluster_fleet_h100_v1/clusters/family_0103/ship_03/Result.txt', 'ok': False, 'ships': None, 'mined_asteroids': None, 'total_mass_kg': None, 'return_code': 0, 'wall_seconds': 0.08673609900142765, 'message': 'Error803. Mining Data Error on the line2783: The mass change of the Mining Ship does not match the mass of the miner on the first rendezvous to the asteroid (exceeding the allowable error).'}
FAIL {'path': 'results/gtoc12/runs/fleet_master_h100_v1/columns/cluster_fleet_h100_v1__clusters__family_0002/ship_02/Result.txt', 'ok': False, 'ships': None, 'mined_asteroids': None, 'total_mass_kg': None, 'return_code': 0, 'wall_seconds': 0.08835185700081638, 'message': 'Error803. Mining Data Error on the line2282: The mass change of the Mining Ship does not match the mass of the miner on the first rendezvous to the asteroid (exceeding the allowable error).'}
FAIL {'path': 'results/gtoc12/runs/fleet_master_h100_v1/columns/cluster_fleet_h100_v1__clusters__family_0005/ship_02/Result.txt', 'ok': False, 'ships': None, 'mined_asteroids': None, 'total_mass_kg': None, 'return_code': 0, 'wall_seconds': 0.08728460800011817, 'message': 'Error803. Mining Data Error on the line2659: The mass change of the Mining Ship does not match the mass of the miner on the first rendezvous to the asteroid (exceeding the allowable error).'}
FAIL {'path': 'results/gtoc12/runs/fleet_master_h100_v1/columns/cluster_fleet_h100_v1__clusters__family_0006/ship_02/Result.txt', 'ok': False, 'ships': None, 'mined_asteroids': None, 'total_mass_kg': None, 'return_code': 0, 'wall_seconds': 0.08746001700092165, 'message': 'Error803. Mining Data Error on the line2145: The mass change of the Mining Ship does not match the mass of the miner on the first rendezvous to the asteroid (exceeding the allowable error).'}
FAIL {'path': 'results/gtoc12/runs/fleet_master_h100_v1/columns/cluster_fleet_h100_v1__clusters__family_0016/ship_03/Result.txt', 'ok': False, 'ships': None, 'mined_asteroids': None, 'total_mass_kg': None, 'return_code': 0, 'wall_seconds': 0.08840796000004048, 'message': 'Error803. Mining Data Error on the line2841: The mass change of the Mining Ship does not match the mass of the miner on the first rendezvous to the asteroid (exceeding the allowable error).'}
FAIL {'path': 'results/gtoc12/runs/fleet_master_h100_v1/columns/cluster_fleet_h100_v1__clusters__family_0017/ship_03/Result.txt', 'ok': False, 'ships': None, 'mined_asteroids': None, 'total_mass_kg': None, 'return_code': 0, 'wall_seconds': 0.08784696499969868, 'message': 'Error803. Mining Data Error on the line2655: The mass change of the Mining Ship does not match the mass of the miner on the first rendezvous to the asteroid (exceeding the allowable error).'}
FAIL {'path': 'results/gtoc12/runs/fleet_master_h100_v1/columns/cluster_fleet_h100_v1__clusters__family_0023/ship_03/Result.txt', 'ok': False, 'ships': None, 'mined_asteroids': None, 'total_mass_kg': None, 'return_code': 0, 'wall_seconds': 0.08970038200095587, 'message': 'Error803. Mining Data Error on the line3917: The mass change of the Mining Ship does not match the mass of the miner on the first rendezvous to the asteroid (exceeding the allowable error).'}
fleets: [
 {
  "path": "results/gtoc12/runs/cluster_fleet_h100_v1/fleet/Result.txt",
  "ok": true,
  "ships": 19,
  "mined_asteroids": 155,
  "total_mass_kg": 10699.5,
  "return_code": 0,
  "wall_seconds": 0.30140085899984115,
  "message": "Check successfully!"
 },
 {
  "path": "results/gtoc12/runs/fleet_master_h100_v1/fleet/Result.txt",
  "ok": true,
  "ships": 20,
  "mined_asteroids": 163,
  "total_mass_kg": 11517.6,
  "return_code": 0,
  "wall_seconds": 0.3172186120009428,
  "message": "Check successfully!"
 }
]
[2026-09-04T17:19:48Z] == done (verify exit=1)
