[2026-09-05T10:01:43Z] source 735aa1abf9f961dbfcb03c03860f0c2ff85ee9d1 branch feat/gtoc12-asteroid-mining dirty=1; affinity  4-25; load=1.01 4.10 7.81
[2026-09-05T10:01:43Z] == fleet-master fleet_master_v10: 36 sources = v3's 29 + 7 added (cluster_fleet_v9 joint_itinerary_v3 cluster_fleet_v10 cluster_fleet_v10_control joint_itinerary_v10 joint_itinerary_v4 joint_itinerary_v5); 22 workers, nice 5
[2026-09-05T11:03:17Z] fleet-master exit=0
[2026-09-05T11:03:17Z] == official GTOC12_Verify over the v10 runs + independent verifier + leg stats + chain stats
FAIL results/gtoc12/runs/fleet_master_v10/columns/cluster_fleet_h100_v1__clusters__family_0033/ship_03/Result.txt {'ok': False, 'ships': None, 'mined_asteroids': None, 'total_mass_kg': None, 'return_code': 0, 'wall_seconds': 0.08710426300240215, 'message': 'Error803. Mining Data Error on the line3122: The mass change of the Mining Ship does not match the mass of the miner on the first rendezvous to the asteroid (exceeding the allowable error).'}
FAIL results/gtoc12/runs/fleet_master_v10/columns/cluster_fleet_h100_v1__clusters__family_0033/ship_04/Result.txt {'ok': False, 'ships': None, 'mined_asteroids': None, 'total_mass_kg': None, 'return_code': 0, 'wall_seconds': 0.08768774000054691, 'message': 'Error803. Mining Data Error on the line2164: The mass change of the Mining Ship does not match the mass of the miner on the first rendezvous to the asteroid (exceeding the allowable error).'}
FAIL results/gtoc12/runs/fleet_master_v10/columns/cluster_fleet_h100_v1__clusters__family_0035/ship_03/Result.txt {'ok': False, 'ships': None, 'mined_asteroids': None, 'total_mass_kg': None, 'return_code': 0, 'wall_seconds': 0.0875908320012968, 'message': 'Error803. Mining Data Error on the line2609: The mass change of the Mining Ship does not match the mass of the miner on the first rendezvous to the asteroid (exceeding the allowable error).'}
FAIL results/gtoc12/runs/fleet_master_v10/columns/cluster_fleet_h100_v1__clusters__family_0065/ship_03/Result.txt {'ok': False, 'ships': None, 'mined_asteroids': None, 'total_mass_kg': None, 'return_code': 0, 'wall_seconds': 0.08714779200090561, 'message': 'Error803. Mining Data Error on the line2074: The mass change of the Mining Ship does not match the mass of the miner on the first rendezvous to the asteroid (exceeding the allowable error).'}
FAIL results/gtoc12/runs/fleet_master_v10/columns/cluster_fleet_h100_v1__clusters__family_0096/ship_03/Result.txt {'ok': False, 'ships': None, 'mined_asteroids': None, 'total_mass_kg': None, 'return_code': 0, 'wall_seconds': 0.0884822620137129, 'message': 'Error803. Mining Data Error on the line2909: The mass change of the Mining Ship does not match the mass of the miner on the first rendezvous to the asteroid (exceeding the allowable error).'}
FAIL results/gtoc12/runs/fleet_master_v10/columns/cluster_fleet_h100_v1__clusters__family_0103/ship_03/Result.txt {'ok': False, 'ships': None, 'mined_asteroids': None, 'total_mass_kg': None, 'return_code': 0, 'wall_seconds': 0.08686376400873996, 'message': 'Error803. Mining Data Error on the line2783: The mass change of the Mining Ship does not match the mass of the miner on the first rendezvous to the asteroid (exceeding the allowable error).'}
FAIL results/gtoc12/runs/fleet_master_v10/columns/cluster_fleet_h100_v2__clusters__family_0002/ship_02/Result.txt {'ok': False, 'ships': None, 'mined_asteroids': None, 'total_mass_kg': None, 'return_code': 0, 'wall_seconds': 0.08744780899723992, 'message': 'Error803. Mining Data Error on the line2314: The mass change of the Mining Ship does not match the mass of the miner on the first rendezvous to the asteroid (exceeding the allowable error).'}
master fleet: [{'run': 'fleet_master_v10', 'path': 'results/gtoc12/runs/fleet_master_v10/fleet/Result.txt', 'ok': True, 'ships': 23, 'mined_asteroids': 193, 'total_mass_kg': 14044.8, 'return_code': 0, 'wall_seconds': 0.3554883150063688, 'message': 'Check successfully!'}]
    "total_mass_kg": 14044.8,
    "wall_seconds": 0.3587306819972582
  }
}
hops         <= cheap fraction                     0.31
per ship     earth_out [kg]                       423.9
per ship     hops [kg]                           1523.0
fleet6_coop_v1                         routes    5 chains    5 >=550   1 >=600   0 >=650   0 >=700   0 max 557.3
fleet6_retime_v1                       routes    5 chains    5 >=550   1 >=600   0 >=650   0 >=700   0 max 592.6
full_catalogue_search2                 routes    2 chains    1 >=550   0 >=600   0 >=650   0 >=700   0 max 548.3
reduced_v1_search2                     routes    3 chains    2 >=550   0 >=600   0 >=650   0 >=700   0 max 314.4
reduced_v1_search3                     routes    3 chains    2 >=550   0 >=600   0 >=650   0 >=700   0 max 314.4
cluster_fleet_v9                       routes   60 chains   60 >=550  11 >=600   1 >=650   0 >=700   0 max 606.2
joint_itinerary_v3                     routes   35 chains   35 >=550  20 >=600   4 >=650   0 >=700   0 max 622.6
cluster_fleet_v10                      routes   61 chains   61 >=550  19 >=600   5 >=650   0 >=700   0 max 641.6
cluster_fleet_v10_control              routes   63 chains   63 >=550  19 >=600   5 >=650   0 >=700   0 max 641.1
joint_itinerary_v10                    routes   47 chains   47 >=550  22 >=600   6 >=650   0 >=700   0 max 644.4
joint_itinerary_v4                     routes   99 chains   99 >=550  18 >=600   2 >=650   1 >=700   0 max 650.7
joint_itinerary_v5                     routes  131 chains  131 >=550  76 >=600  14 >=650   1 >=700   0 max 654.1
UNION (unique asteroid sets)                       chains 1305 >=550 193 >=600  32 >=650   2 >=700   0 max 654.1
top10: [654.1, 652.6, 644.4, 635.7, 632.3, 628.5, 625.4, 624.0, 623.8, 622.2]
  "fleet_master_h100_v3": 13189.6,
  "fleet_master_h100_v2": 13189.6,
  "fleet_master_v8": 12356.3
 }
}
[2026-09-05T11:08:49Z] == done
