
Fatbin elf code:
================
arch = sm_90
code version = [1,7]
host = linux
compile_size = 64bit

Resource usage:
 Common:
  GLOBAL:0

Fatbin elf code:
================
arch = sm_120
code version = [1,8]
host = linux
compile_size = 64bit

Resource usage:
 Common:
  GLOBAL:0

Fatbin elf code:
================
arch = sm_90
code version = [1,7]
host = linux
compile_size = 64bit

Resource usage:
 Common:
  GLOBAL:0
 Function _ZN53_GLOBAL__N__6d90d537_20_gtoc12_completion_cu_918f4c1913assemble_legsEiNS_5ModelEPK46spacepdhcg_gtoc12_completion_compact_candidatePK43spacepdhcg_gtoc12_completion_compact_deployPK40spacepdhcg_gtoc12_completion_compact_legP32spacepdhcg_gtoc12_completion_leg:
  REG:72 STACK:176 SHARED:0 LOCAL:0 CONSTANT[0]:816 TEXTURE:0 SURFACE:0 SAMPLER:0
 Function _ZN53_GLOBAL__N__6d90d537_20_gtoc12_completion_cu_918f4c1919assemble_candidatesEiPK46spacepdhcg_gtoc12_completion_compact_candidatePK43spacepdhcg_gtoc12_completion_compact_deployP38spacepdhcg_gtoc12_completion_candidateP35spacepdhcg_gtoc12_completion_deploy:
  REG:32 STACK:0 SHARED:0 LOCAL:0 CONSTANT[0]:568 TEXTURE:0 SURFACE:0 SAMPLER:0
 Function _ZN53_GLOBAL__N__6d90d537_20_gtoc12_completion_cu_918f4c1917finish_candidatesEi35spacepdhcg_gtoc12_completion_policyPK38spacepdhcg_gtoc12_completion_candidatePK35spacepdhcg_gtoc12_completion_deployPK32spacepdhcg_gtoc12_completion_legP35spacepdhcg_gtoc12_completion_resultP39spacepdhcg_gtoc12_completion_leg_resultPdPi:
  REG:80 STACK:0 SHARED:0 LOCAL:0 CONSTANT[0]:672 TEXTURE:0 SURFACE:0 SAMPLER:0

Fatbin elf code:
================
arch = sm_120
code version = [1,8]
host = linux
compile_size = 64bit

Resource usage:
 Common:
  GLOBAL:0
 Function _ZN53_GLOBAL__N__6d90d537_20_gtoc12_completion_cu_918f4c1913assemble_legsEiNS_5ModelEPK46spacepdhcg_gtoc12_completion_compact_candidatePK43spacepdhcg_gtoc12_completion_compact_deployPK40spacepdhcg_gtoc12_completion_compact_legP32spacepdhcg_gtoc12_completion_leg:
  REG:62 STACK:176 SHARED:0 LOCAL:0 CONSTANT[0]:1184 TEXTURE:0 SURFACE:0 SAMPLER:0
 Function _ZN53_GLOBAL__N__6d90d537_20_gtoc12_completion_cu_918f4c1919assemble_candidatesEiPK46spacepdhcg_gtoc12_completion_compact_candidatePK43spacepdhcg_gtoc12_completion_compact_deployP38spacepdhcg_gtoc12_completion_candidateP35spacepdhcg_gtoc12_completion_deploy:
  REG:36 STACK:0 SHARED:0 LOCAL:0 CONSTANT[0]:936 TEXTURE:0 SURFACE:0 SAMPLER:0
 Function _ZN53_GLOBAL__N__6d90d537_20_gtoc12_completion_cu_918f4c1917finish_candidatesEi35spacepdhcg_gtoc12_completion_policyPK38spacepdhcg_gtoc12_completion_candidatePK35spacepdhcg_gtoc12_completion_deployPK32spacepdhcg_gtoc12_completion_legP35spacepdhcg_gtoc12_completion_resultP39spacepdhcg_gtoc12_completion_leg_resultPdPi:
  REG:84 STACK:160 SHARED:0 LOCAL:0 CONSTANT[0]:1040 TEXTURE:0 SURFACE:0 SAMPLER:0
