{"case": "ship_15_position_00", "ship": 15, "grid_days": 15.0, "calibrated_legs": 18, "elapsed_seconds": 39.68239484698279, "joint": {"moves": 32, "evaluations": 6337, "failure": ""}, "raw_gain_kg": 4.052019164955595, "weighted_gain_kg": 4.941850560062107, "plan": "/home/ubuntu/spacepdhcg-joint-selection-v632/campaign-v636/baseline1/proxies/ship_15_position_00_grid_15.json"}
{"case": "ship_15_position_01", "ship": 15, "grid_days": 15.0, "calibrated_legs": 18, "elapsed_seconds": 39.86378215800505, "joint": {"moves": 27, "evaluations": 5767, "failure": ""}, "raw_gain_kg": -18.39835728952778, "weighted_gain_kg": -15.245930084769384, "plan": "/home/ubuntu/spacepdhcg-joint-selection-v632/campaign-v636/baseline1/proxies/ship_15_position_01_grid_15.json"}
{"case": "ship_15_position_02", "ship": 15, "grid_days": 15.0, "calibrated_legs": 18, "elapsed_seconds": 39.99217842996586}
{"case": "ship_15_position_03", "ship": 15, "grid_days": 15.0, "calibrated_legs": 18, "elapsed_seconds": 39.998721795971505}
{"case": "ship_15_position_04", "ship": 15, "grid_days": 15.0, "calibrated_legs": 18, "elapsed_seconds": 40.00518816901604}
{"case": "ship_15_position_05", "ship": 15, "grid_days": 15.0, "calibrated_legs": 18, "elapsed_seconds": 40.011659391981084}
{"case": "ship_15_position_06", "ship": 15, "grid_days": 15.0, "calibrated_legs": 18, "elapsed_seconds": 40.018364868010394}
{"case": "ship_15_position_07", "ship": 15, "grid_days": 15.0, "calibrated_legs": 18, "elapsed_seconds": 40.02509367198218}
{"case": "ship_15_position_08", "ship": 15, "grid_days": 15.0, "calibrated_legs": 18, "elapsed_seconds": 40.031494026014116}
{"case": "ship_15_position_00", "ship": 15, "grid_days": 5.0, "calibrated_legs": 18, "elapsed_seconds": 40.11106339597609, "joint": {"moves": 27, "evaluations": 5457, "failure": ""}, "raw_gain_kg": 2.5188227241615095, "weighted_gain_kg": 3.509149091539598, "plan": "/home/ubuntu/spacepdhcg-joint-selection-v632/campaign-v636/baseline1/proxies/ship_15_position_00_grid_5.json"}
{"case": "ship_15_position_01", "ship": 15, "grid_days": 5.0, "calibrated_legs": 18, "elapsed_seconds": 40.23881034896476, "joint": {"moves": 26, "evaluations": 5581, "failure": ""}, "raw_gain_kg": -17.467488021902795, "weighted_gain_kg": -14.495862336189475, "plan": "/home/ubuntu/spacepdhcg-joint-selection-v632/campaign-v636/baseline1/proxies/ship_15_position_01_grid_5.json"}
{"case": "ship_15_position_02", "ship": 15, "grid_days": 5.0, "calibrated_legs": 18, "elapsed_seconds": 40.37392431899207}
{"case": "ship_15_position_03", "ship": 15, "grid_days": 5.0, "calibrated_legs": 18, "elapsed_seconds": 40.39177548099542}
{"case": "ship_15_position_04", "ship": 15, "grid_days": 5.0, "calibrated_legs": 18, "elapsed_seconds": 40.40959604998352}
{"case": "ship_15_position_05", "ship": 15, "grid_days": 5.0, "calibrated_legs": 18, "elapsed_seconds": 40.4274008559878}
{"case": "ship_15_position_06", "ship": 15, "grid_days": 5.0, "calibrated_legs": 18, "elapsed_seconds": 40.44572814699495}
{"case": "ship_15_position_07", "ship": 15, "grid_days": 5.0, "calibrated_legs": 18, "elapsed_seconds": 40.46358413697453}
{"case": "ship_15_position_08", "ship": 15, "grid_days": 5.0, "calibrated_legs": 18, "elapsed_seconds": 40.48051587201189}
{"case": "ship_03_position_00", "ship": 3, "grid_days": 15.0, "calibrated_legs": 18, "elapsed_seconds": 40.49499211402144}
{"case": "ship_03_position_01", "ship": 3, "grid_days": 15.0, "calibrated_legs": 18, "elapsed_seconds": 40.50191510800505}
{"case": "ship_03_position_02", "ship": 3, "grid_days": 15.0, "calibrated_legs": 18, "elapsed_seconds": 40.50876093097031}
{"case": "ship_03_position_03", "ship": 3, "grid_days": 15.0, "calibrated_legs": 18, "elapsed_seconds": 40.51560858101584}
{"case": "ship_03_position_04", "ship": 3, "grid_days": 15.0, "calibrated_legs": 18, "elapsed_seconds": 40.522439963009674}
{"case": "ship_03_position_05", "ship": 3, "grid_days": 15.0, "calibrated_legs": 18, "elapsed_seconds": 40.5293237779988}
{"case": "ship_03_position_06", "ship": 3, "grid_days": 15.0, "calibrated_legs": 18, "elapsed_seconds": 40.535627181991}
{"case": "ship_03_position_07", "ship": 3, "grid_days": 15.0, "calibrated_legs": 18, "elapsed_seconds": 40.542529636004474}
{"case": "ship_03_position_08", "ship": 3, "grid_days": 15.0, "calibrated_legs": 18, "elapsed_seconds": 40.54930416296702}
{"case": "ship_03_position_00", "ship": 3, "grid_days": 5.0, "calibrated_legs": 18, "elapsed_seconds": 40.622615213971585}
{"case": "ship_03_position_01", "ship": 3, "grid_days": 5.0, "calibrated_legs": 18, "elapsed_seconds": 40.640788039017934}
{"case": "ship_03_position_02", "ship": 3, "grid_days": 5.0, "calibrated_legs": 18, "elapsed_seconds": 40.65890426898841}
{"case": "ship_03_position_03", "ship": 3, "grid_days": 5.0, "calibrated_legs": 18, "elapsed_seconds": 40.677136897982564}
{"case": "ship_03_position_04", "ship": 3, "grid_days": 5.0, "calibrated_legs": 18, "elapsed_seconds": 40.695352436974645}
{"case": "ship_03_position_05", "ship": 3, "grid_days": 5.0, "calibrated_legs": 18, "elapsed_seconds": 40.71353455202188}
{"case": "ship_03_position_06", "ship": 3, "grid_days": 5.0, "calibrated_legs": 18, "elapsed_seconds": 40.72757524001645}
{"case": "ship_03_position_07", "ship": 3, "grid_days": 5.0, "calibrated_legs": 18, "elapsed_seconds": 40.745864127005916}
{"case": "ship_03_position_08", "ship": 3, "grid_days": 5.0, "calibrated_legs": 18, "elapsed_seconds": 40.763170927995816}
FACTOR_GRAPH allocator bytes=26804876 blocks=9 misses=0
FACTOR_GRAPH allocator bytes=5804020 blocks=9 misses=0
FACTOR_GRAPH allocator bytes=15059948 blocks=9 misses=0
FACTOR_GRAPH allocator bytes=14741524 blocks=9 misses=0
FACTOR_GRAPH allocator bytes=18894852 blocks=9 misses=0
FACTOR_GRAPH allocator bytes=10571372 blocks=9 misses=0
FACTOR_GRAPH allocator bytes=9477180 blocks=9 misses=0
FACTOR_GRAPH allocator bytes=16252236 blocks=9 misses=0
FACTOR_GRAPH allocator bytes=13964148 blocks=9 misses=0
FACTOR_GRAPH allocator bytes=15698236 blocks=9 misses=0
FACTOR_GRAPH allocator bytes=11015292 blocks=9 misses=0
FACTOR_GRAPH allocator bytes=9853436 blocks=9 misses=0
FACTOR_GRAPH allocator bytes=19887820 blocks=9 misses=0
FACTOR_GRAPH allocator bytes=11915708 blocks=9 misses=0
FACTOR_GRAPH allocator bytes=8116644 blocks=9 misses=0
FACTOR_GRAPH allocator bytes=10567900 blocks=9 misses=0
FACTOR_GRAPH allocator bytes=9089660 blocks=9 misses=0
FACTOR_GRAPH allocator bytes=28183812 blocks=9 misses=0
FACTOR_GRAPH allocator bytes=27049076 blocks=9 misses=0
FACTOR_GRAPH allocator bytes=6000732 blocks=9 misses=0
FACTOR_GRAPH allocator bytes=14513340 blocks=9 misses=0
FACTOR_GRAPH allocator bytes=14228708 blocks=9 misses=0
FACTOR_GRAPH allocator bytes=20029588 blocks=9 misses=0
FACTOR_GRAPH allocator bytes=10723956 blocks=9 misses=0
FACTOR_GRAPH allocator bytes=16665652 blocks=9 misses=0
FACTOR_GRAPH allocator bytes=13964148 blocks=9 misses=0
{"status": "improved", "best": {"ok": true, "independent": {"ok": true, "ships": 23, "mined_asteroids": 195, "total_mass_kg": 14051.854893908498, "weighted_score_fixed_bonus_kg": 12810.135953048495, "weighted_score_dynamic_kg": null, "ship_limit": 23.03346208009802, "max_position_error_km": 66.8554018025909, "max_velocity_error_km_s": 4.949671007934027e-06, "max_mass_error_kg": 9.185896487906575e-11, "violations": []}, "official": {"ok": true, "ships": 23, "mined_asteroids": 195, "total_mass_kg": 14051.9, "return_code": 0, "wall_seconds": 0.35729171003913507, "message": "Check successfully!"}, "score_kg": 12810.135953048495, "total_mass_kg": 14051.854893908498, "solution": "/home/ubuntu/spacepdhcg-joint-selection-v632/campaign-v636/baseline1/best/Result.txt", "viewer_manifest": "/home/ubuntu/spacepdhcg-joint-selection-v632/campaign-v636/baseline1/best/viewer/manifest.json", "viewer": {"schema_version": "1.0.0", "files": {"trajectories.json": {"bytes": 10557270, "sha256": "22d74bb70f51218d8088b3d8a2d51ea696a8756a117985c57bd708b823b0d012"}}, "source": {"path_basename": "Result.txt", "sha256": "dc092876141e763e1f3270d9b3a036637112a6f96429d32466e6e4b59ce73338", "bytes": 10084994}, "transform": "Verifier-model propagation of the emitted GTOC12 solution; stable-key JSON; deterministic decimation."}, "source": "verified_candidate"}, "output": "/home/ubuntu/spacepdhcg-joint-selection-v632/campaign-v636/baseline1"}
FACTOR_GRAPH allocator bytes=15499876 blocks=9 misses=0
FACTOR_GRAPH allocator bytes=10835116 blocks=9 misses=0
FACTOR_GRAPH allocator bytes=19887820 blocks=9 misses=0
FACTOR_GRAPH allocator bytes=11991828 blocks=9 misses=0
FACTOR_GRAPH allocator bytes=8116644 blocks=9 misses=0
FACTOR_GRAPH allocator bytes=9916204 blocks=9 misses=0
FACTOR_GRAPH allocator bytes=9089660 blocks=9 misses=0
FACTOR_GRAPH allocator bytes=28428700 blocks=9 misses=0
