{"case": "ship_15_position_00", "ship": 15, "grid_days": 15.0, "calibrated_legs": 18, "elapsed_seconds": 39.76337789098034, "joint": {"moves": 32, "evaluations": 6337, "failure": ""}, "raw_gain_kg": 4.052019164955595, "weighted_gain_kg": 4.941850560062107, "plan": "/home/ubuntu/spacepdhcg-joint-selection-v632/campaign-v636/baseline0/proxies/ship_15_position_00_grid_15.json"}
{"case": "ship_15_position_01", "ship": 15, "grid_days": 15.0, "calibrated_legs": 18, "elapsed_seconds": 39.94231805996969, "joint": {"moves": 27, "evaluations": 5767, "failure": ""}, "raw_gain_kg": -18.39835728952778, "weighted_gain_kg": -15.245930084769384, "plan": "/home/ubuntu/spacepdhcg-joint-selection-v632/campaign-v636/baseline0/proxies/ship_15_position_01_grid_15.json"}
{"case": "ship_15_position_02", "ship": 15, "grid_days": 15.0, "calibrated_legs": 18, "elapsed_seconds": 40.070557568978984}
{"case": "ship_15_position_03", "ship": 15, "grid_days": 15.0, "calibrated_legs": 18, "elapsed_seconds": 40.07700988795841}
{"case": "ship_15_position_04", "ship": 15, "grid_days": 15.0, "calibrated_legs": 18, "elapsed_seconds": 40.08346376096597}
{"case": "ship_15_position_05", "ship": 15, "grid_days": 15.0, "calibrated_legs": 18, "elapsed_seconds": 40.08996848098468}
{"case": "ship_15_position_06", "ship": 15, "grid_days": 15.0, "calibrated_legs": 18, "elapsed_seconds": 40.09667846100638}
{"case": "ship_15_position_07", "ship": 15, "grid_days": 15.0, "calibrated_legs": 18, "elapsed_seconds": 40.10339280497283}
{"case": "ship_15_position_08", "ship": 15, "grid_days": 15.0, "calibrated_legs": 18, "elapsed_seconds": 40.10980113298865}
{"case": "ship_15_position_00", "ship": 15, "grid_days": 5.0, "calibrated_legs": 18, "elapsed_seconds": 40.189760749985, "joint": {"moves": 27, "evaluations": 5457, "failure": ""}, "raw_gain_kg": 2.5188227241615095, "weighted_gain_kg": 3.509149091539598, "plan": "/home/ubuntu/spacepdhcg-joint-selection-v632/campaign-v636/baseline0/proxies/ship_15_position_00_grid_5.json"}
{"case": "ship_15_position_01", "ship": 15, "grid_days": 5.0, "calibrated_legs": 18, "elapsed_seconds": 40.316376639006194, "joint": {"moves": 26, "evaluations": 5581, "failure": ""}, "raw_gain_kg": -17.467488021902795, "weighted_gain_kg": -14.495862336189475, "plan": "/home/ubuntu/spacepdhcg-joint-selection-v632/campaign-v636/baseline0/proxies/ship_15_position_01_grid_5.json"}
{"case": "ship_15_position_02", "ship": 15, "grid_days": 5.0, "calibrated_legs": 18, "elapsed_seconds": 40.45113784598652}
{"case": "ship_15_position_03", "ship": 15, "grid_days": 5.0, "calibrated_legs": 18, "elapsed_seconds": 40.46890681498917}
{"case": "ship_15_position_04", "ship": 15, "grid_days": 5.0, "calibrated_legs": 18, "elapsed_seconds": 40.4867009659647}
{"case": "ship_15_position_05", "ship": 15, "grid_days": 5.0, "calibrated_legs": 18, "elapsed_seconds": 40.50452289398527}
{"case": "ship_15_position_06", "ship": 15, "grid_days": 5.0, "calibrated_legs": 18, "elapsed_seconds": 40.522839849989396}
{"case": "ship_15_position_07", "ship": 15, "grid_days": 5.0, "calibrated_legs": 18, "elapsed_seconds": 40.54072738898685}
{"case": "ship_15_position_08", "ship": 15, "grid_days": 5.0, "calibrated_legs": 18, "elapsed_seconds": 40.557713552960195}
{"case": "ship_03_position_00", "ship": 3, "grid_days": 15.0, "calibrated_legs": 18, "elapsed_seconds": 40.5722500429838}
{"case": "ship_03_position_01", "ship": 3, "grid_days": 15.0, "calibrated_legs": 18, "elapsed_seconds": 40.579152669000905}
{"case": "ship_03_position_02", "ship": 3, "grid_days": 15.0, "calibrated_legs": 18, "elapsed_seconds": 40.58596713200677}
{"case": "ship_03_position_03", "ship": 3, "grid_days": 15.0, "calibrated_legs": 18, "elapsed_seconds": 40.59279831999447}
{"case": "ship_03_position_04", "ship": 3, "grid_days": 15.0, "calibrated_legs": 18, "elapsed_seconds": 40.599649907962885}
{"case": "ship_03_position_05", "ship": 3, "grid_days": 15.0, "calibrated_legs": 18, "elapsed_seconds": 40.60648754000431}
{"case": "ship_03_position_06", "ship": 3, "grid_days": 15.0, "calibrated_legs": 18, "elapsed_seconds": 40.61279324098723}
{"case": "ship_03_position_07", "ship": 3, "grid_days": 15.0, "calibrated_legs": 18, "elapsed_seconds": 40.61967981100315}
{"case": "ship_03_position_08", "ship": 3, "grid_days": 15.0, "calibrated_legs": 18, "elapsed_seconds": 40.62645839195466}
{"case": "ship_03_position_00", "ship": 3, "grid_days": 5.0, "calibrated_legs": 18, "elapsed_seconds": 40.7001240059617}
{"case": "ship_03_position_01", "ship": 3, "grid_days": 5.0, "calibrated_legs": 18, "elapsed_seconds": 40.71835082100006}
{"case": "ship_03_position_02", "ship": 3, "grid_days": 5.0, "calibrated_legs": 18, "elapsed_seconds": 40.73652716499055}
{"case": "ship_03_position_03", "ship": 3, "grid_days": 5.0, "calibrated_legs": 18, "elapsed_seconds": 40.754803729010746}
{"case": "ship_03_position_04", "ship": 3, "grid_days": 5.0, "calibrated_legs": 18, "elapsed_seconds": 40.773052977980115}
{"case": "ship_03_position_05", "ship": 3, "grid_days": 5.0, "calibrated_legs": 18, "elapsed_seconds": 40.791326402977575}
{"case": "ship_03_position_06", "ship": 3, "grid_days": 5.0, "calibrated_legs": 18, "elapsed_seconds": 40.80535310297273}
{"case": "ship_03_position_07", "ship": 3, "grid_days": 5.0, "calibrated_legs": 18, "elapsed_seconds": 40.82361906499136}
{"case": "ship_03_position_08", "ship": 3, "grid_days": 5.0, "calibrated_legs": 18, "elapsed_seconds": 40.840915267006494}
FACTOR_GRAPH allocator bytes=26804876 blocks=9 misses=0
FACTOR_GRAPH allocator bytes=5804020 blocks=9 misses=0
FACTOR_GRAPH allocator bytes=15059948 blocks=9 misses=0
FACTOR_GRAPH allocator bytes=14741524 blocks=9 misses=0
FACTOR_GRAPH allocator bytes=18894852 blocks=9 misses=0
FACTOR_GRAPH allocator bytes=10571372 blocks=9 misses=0
FACTOR_GRAPH allocator bytes=9477180 blocks=9 misses=0
FACTOR_GRAPH allocator bytes=16252236 blocks=9 misses=0
FACTOR_GRAPH allocator bytes=13964148 blocks=9 misses=0
FACTOR_GRAPH allocator bytes=15698236 blocks=9 misses=0
FACTOR_GRAPH allocator bytes=11015292 blocks=9 misses=0
FACTOR_GRAPH allocator bytes=9853436 blocks=9 misses=0
FACTOR_GRAPH allocator bytes=19887820 blocks=9 misses=0
FACTOR_GRAPH allocator bytes=11915708 blocks=9 misses=0
FACTOR_GRAPH allocator bytes=8116644 blocks=9 misses=0
FACTOR_GRAPH allocator bytes=10567900 blocks=9 misses=0
FACTOR_GRAPH allocator bytes=9089660 blocks=9 misses=0
FACTOR_GRAPH allocator bytes=28183812 blocks=9 misses=0
FACTOR_GRAPH allocator bytes=27049076 blocks=9 misses=0
FACTOR_GRAPH allocator bytes=6000732 blocks=9 misses=0
FACTOR_GRAPH allocator bytes=14513340 blocks=9 misses=0
FACTOR_GRAPH allocator bytes=14228708 blocks=9 misses=0
FACTOR_GRAPH allocator bytes=20029588 blocks=9 misses=0
FACTOR_GRAPH allocator bytes=10723956 blocks=9 misses=0
FACTOR_GRAPH allocator bytes=16665652 blocks=9 misses=0
FACTOR_GRAPH allocator bytes=13964148 blocks=9 misses=0
{"status": "improved", "best": {"ok": true, "independent": {"ok": true, "ships": 23, "mined_asteroids": 195, "total_mass_kg": 14051.854893908698, "weighted_score_fixed_bonus_kg": 12810.135953048666, "weighted_score_dynamic_kg": null, "ship_limit": 23.03346208009882, "max_position_error_km": 66.8554018025909, "max_velocity_error_km_s": 4.949671007934027e-06, "max_mass_error_kg": 9.185896487906575e-11, "violations": []}, "official": {"ok": true, "ships": 23, "mined_asteroids": 195, "total_mass_kg": 14051.9, "return_code": 0, "wall_seconds": 0.3565912000485696, "message": "Check successfully!"}, "score_kg": 12810.135953048666, "total_mass_kg": 14051.854893908698, "solution": "/home/ubuntu/spacepdhcg-joint-selection-v632/campaign-v636/baseline0/best/Result.txt", "viewer_manifest": "/home/ubuntu/spacepdhcg-joint-selection-v632/campaign-v636/baseline0/best/viewer/manifest.json", "viewer": {"schema_version": "1.0.0", "files": {"trajectories.json": {"bytes": 10557257, "sha256": "9365b981a1e799a16e38df4641bb3a2792e85bc10461901203a648ec09b2cb84"}}, "source": {"path_basename": "Result.txt", "sha256": "b25b0b90aef4cad5dcf909fae4c9e8ca2192ca18f393b0a75430589009883767", "bytes": 10084994}, "transform": "Verifier-model propagation of the emitted GTOC12 solution; stable-key JSON; deterministic decimation."}, "source": "verified_candidate"}, "output": "/home/ubuntu/spacepdhcg-joint-selection-v632/campaign-v636/baseline0"}
FACTOR_GRAPH allocator bytes=15499876 blocks=9 misses=0
FACTOR_GRAPH allocator bytes=10835116 blocks=9 misses=0
FACTOR_GRAPH allocator bytes=19887820 blocks=9 misses=0
FACTOR_GRAPH allocator bytes=11991828 blocks=9 misses=0
FACTOR_GRAPH allocator bytes=8116644 blocks=9 misses=0
FACTOR_GRAPH allocator bytes=9916204 blocks=9 misses=0
FACTOR_GRAPH allocator bytes=9089660 blocks=9 misses=0
FACTOR_GRAPH allocator bytes=28428700 blocks=9 misses=0
