{"case": "ship_15_position_00", "ship": 15, "grid_days": 15.0, "calibrated_legs": 18, "elapsed_seconds": 39.58426988701103, "joint": {"moves": 32, "evaluations": 6337, "failure": ""}, "raw_gain_kg": 4.052019164955595, "weighted_gain_kg": 4.941850560062107, "plan": "/home/ubuntu/spacepdhcg-joint-selection-v632/campaign-v636/candidate1/proxies/ship_15_position_00_grid_15.json"}
{"case": "ship_15_position_01", "ship": 15, "grid_days": 15.0, "calibrated_legs": 18, "elapsed_seconds": 39.76239159703255, "joint": {"moves": 27, "evaluations": 5767, "failure": ""}, "raw_gain_kg": -18.39835728952778, "weighted_gain_kg": -15.245930084769384, "plan": "/home/ubuntu/spacepdhcg-joint-selection-v632/campaign-v636/candidate1/proxies/ship_15_position_01_grid_15.json"}
{"case": "ship_15_position_02", "ship": 15, "grid_days": 15.0, "calibrated_legs": 18, "elapsed_seconds": 39.88780876901001}
{"case": "ship_15_position_03", "ship": 15, "grid_days": 15.0, "calibrated_legs": 18, "elapsed_seconds": 39.89431905600941}
{"case": "ship_15_position_04", "ship": 15, "grid_days": 15.0, "calibrated_legs": 18, "elapsed_seconds": 39.90078828402329}
{"case": "ship_15_position_05", "ship": 15, "grid_days": 15.0, "calibrated_legs": 18, "elapsed_seconds": 39.90725441899849}
{"case": "ship_15_position_06", "ship": 15, "grid_days": 15.0, "calibrated_legs": 18, "elapsed_seconds": 39.91396433499176}
{"case": "ship_15_position_07", "ship": 15, "grid_days": 15.0, "calibrated_legs": 18, "elapsed_seconds": 39.920674383000005}
{"case": "ship_15_position_08", "ship": 15, "grid_days": 15.0, "calibrated_legs": 18, "elapsed_seconds": 39.92709317203844}
{"case": "ship_15_position_00", "ship": 15, "grid_days": 5.0, "calibrated_legs": 18, "elapsed_seconds": 40.006665225024335, "joint": {"moves": 27, "evaluations": 5457, "failure": ""}, "raw_gain_kg": 2.5188227241615095, "weighted_gain_kg": 3.509149091539598, "plan": "/home/ubuntu/spacepdhcg-joint-selection-v632/campaign-v636/candidate1/proxies/ship_15_position_00_grid_5.json"}
{"case": "ship_15_position_01", "ship": 15, "grid_days": 5.0, "calibrated_legs": 18, "elapsed_seconds": 40.13199952500872, "joint": {"moves": 26, "evaluations": 5581, "failure": ""}, "raw_gain_kg": -17.467488021902795, "weighted_gain_kg": -14.495862336189475, "plan": "/home/ubuntu/spacepdhcg-joint-selection-v632/campaign-v636/candidate1/proxies/ship_15_position_01_grid_5.json"}
{"case": "ship_15_position_02", "ship": 15, "grid_days": 5.0, "calibrated_legs": 18, "elapsed_seconds": 40.266105963033624}
{"case": "ship_15_position_03", "ship": 15, "grid_days": 5.0, "calibrated_legs": 18, "elapsed_seconds": 40.28387686400674}
{"case": "ship_15_position_04", "ship": 15, "grid_days": 5.0, "calibrated_legs": 18, "elapsed_seconds": 40.30168044898892}
{"case": "ship_15_position_05", "ship": 15, "grid_days": 5.0, "calibrated_legs": 18, "elapsed_seconds": 40.31949214899214}
{"case": "ship_15_position_06", "ship": 15, "grid_days": 5.0, "calibrated_legs": 18, "elapsed_seconds": 40.337797071028035}
{"case": "ship_15_position_07", "ship": 15, "grid_days": 5.0, "calibrated_legs": 18, "elapsed_seconds": 40.35566967702471}
{"case": "ship_15_position_08", "ship": 15, "grid_days": 5.0, "calibrated_legs": 18, "elapsed_seconds": 40.372622989001684}
{"case": "ship_03_position_00", "ship": 3, "grid_days": 15.0, "calibrated_legs": 18, "elapsed_seconds": 40.387272936000954}
{"case": "ship_03_position_01", "ship": 3, "grid_days": 15.0, "calibrated_legs": 18, "elapsed_seconds": 40.39418999798363}
{"case": "ship_03_position_02", "ship": 3, "grid_days": 15.0, "calibrated_legs": 18, "elapsed_seconds": 40.40101760503603}
{"case": "ship_03_position_03", "ship": 3, "grid_days": 15.0, "calibrated_legs": 18, "elapsed_seconds": 40.40784927201457}
{"case": "ship_03_position_04", "ship": 3, "grid_days": 15.0, "calibrated_legs": 18, "elapsed_seconds": 40.41470022301655}
{"case": "ship_03_position_05", "ship": 3, "grid_days": 15.0, "calibrated_legs": 18, "elapsed_seconds": 40.42156337399501}
{"case": "ship_03_position_06", "ship": 3, "grid_days": 15.0, "calibrated_legs": 18, "elapsed_seconds": 40.427844813035335}
{"case": "ship_03_position_07", "ship": 3, "grid_days": 15.0, "calibrated_legs": 18, "elapsed_seconds": 40.43471775401849}
{"case": "ship_03_position_08", "ship": 3, "grid_days": 15.0, "calibrated_legs": 18, "elapsed_seconds": 40.44148914399557}
{"case": "ship_03_position_00", "ship": 3, "grid_days": 5.0, "calibrated_legs": 18, "elapsed_seconds": 40.51485509698978}
{"case": "ship_03_position_01", "ship": 3, "grid_days": 5.0, "calibrated_legs": 18, "elapsed_seconds": 40.53301257203566}
{"case": "ship_03_position_02", "ship": 3, "grid_days": 5.0, "calibrated_legs": 18, "elapsed_seconds": 40.55114460398909}
{"case": "ship_03_position_03", "ship": 3, "grid_days": 5.0, "calibrated_legs": 18, "elapsed_seconds": 40.56940203503473}
{"case": "ship_03_position_04", "ship": 3, "grid_days": 5.0, "calibrated_legs": 18, "elapsed_seconds": 40.58762227400439}
{"case": "ship_03_position_05", "ship": 3, "grid_days": 5.0, "calibrated_legs": 18, "elapsed_seconds": 40.60591120598838}
{"case": "ship_03_position_06", "ship": 3, "grid_days": 5.0, "calibrated_legs": 18, "elapsed_seconds": 40.619926780986134}
{"case": "ship_03_position_07", "ship": 3, "grid_days": 5.0, "calibrated_legs": 18, "elapsed_seconds": 40.63813148398185}
{"case": "ship_03_position_08", "ship": 3, "grid_days": 5.0, "calibrated_legs": 18, "elapsed_seconds": 40.655466658994555}
FACTOR_GRAPH allocator bytes=26804876 blocks=9 misses=0
FACTOR_GRAPH allocator bytes=5804020 blocks=9 misses=0
FACTOR_GRAPH allocator bytes=15059948 blocks=9 misses=0
FACTOR_GRAPH allocator bytes=14741524 blocks=9 misses=0
FACTOR_GRAPH allocator bytes=18894852 blocks=9 misses=0
FACTOR_GRAPH allocator bytes=10571372 blocks=9 misses=0
FACTOR_GRAPH allocator bytes=9477180 blocks=9 misses=0
FACTOR_GRAPH allocator bytes=16252236 blocks=9 misses=0
FACTOR_GRAPH allocator bytes=13964148 blocks=9 misses=0
FACTOR_GRAPH allocator bytes=15698236 blocks=9 misses=0
FACTOR_GRAPH allocator bytes=11015292 blocks=9 misses=0
FACTOR_GRAPH allocator bytes=9853436 blocks=9 misses=0
FACTOR_GRAPH allocator bytes=19887820 blocks=9 misses=0
FACTOR_GRAPH allocator bytes=11915708 blocks=9 misses=0
FACTOR_GRAPH allocator bytes=8116644 blocks=9 misses=0
FACTOR_GRAPH allocator bytes=10567900 blocks=9 misses=0
FACTOR_GRAPH allocator bytes=9089660 blocks=9 misses=0
FACTOR_GRAPH allocator bytes=28183812 blocks=9 misses=0
FACTOR_GRAPH allocator bytes=27049076 blocks=9 misses=0
FACTOR_GRAPH allocator bytes=6000732 blocks=9 misses=0
FACTOR_GRAPH allocator bytes=14513340 blocks=9 misses=0
FACTOR_GRAPH allocator bytes=14228708 blocks=9 misses=0
FACTOR_GRAPH allocator bytes=20029588 blocks=9 misses=0
FACTOR_GRAPH allocator bytes=10723956 blocks=9 misses=0
FACTOR_GRAPH allocator bytes=16665652 blocks=9 misses=0
FACTOR_GRAPH allocator bytes=28428700 blocks=9 misses=0
{"status": "improved", "best": {"ok": true, "independent": {"ok": true, "ships": 23, "mined_asteroids": 195, "total_mass_kg": 14051.854893908598, "weighted_score_fixed_bonus_kg": 12810.135953048577, "weighted_score_dynamic_kg": null, "ship_limit": 23.03346208009841, "max_position_error_km": 66.8554018025909, "max_velocity_error_km_s": 4.949671007934027e-06, "max_mass_error_kg": 9.185896487906575e-11, "violations": []}, "official": {"ok": true, "ships": 23, "mined_asteroids": 195, "total_mass_kg": 14051.9, "return_code": 0, "wall_seconds": 0.3556752229924314, "message": "Check successfully!"}, "score_kg": 12810.135953048577, "total_mass_kg": 14051.854893908598, "solution": "/home/ubuntu/spacepdhcg-joint-selection-v632/campaign-v636/candidate1/best/Result.txt", "viewer_manifest": "/home/ubuntu/spacepdhcg-joint-selection-v632/campaign-v636/candidate1/best/viewer/manifest.json", "viewer": {"schema_version": "1.0.0", "files": {"trajectories.json": {"bytes": 10557201, "sha256": "6eebf5c7ecd56a7a530acd3567dd0058fad8f35a63df57391f951610e886481a"}}, "source": {"path_basename": "Result.txt", "sha256": "0688d3516635ca97d20c19b72674535222d333f111a9bf6a1140edad4b88d118", "bytes": 10084994}, "transform": "Verifier-model propagation of the emitted GTOC12 solution; stable-key JSON; deterministic decimation."}, "source": "verified_candidate"}, "output": "/home/ubuntu/spacepdhcg-joint-selection-v632/campaign-v636/candidate1"}
FACTOR_GRAPH allocator bytes=13964148 blocks=9 misses=0
FACTOR_GRAPH allocator bytes=15499876 blocks=9 misses=0
FACTOR_GRAPH allocator bytes=10835116 blocks=9 misses=0
FACTOR_GRAPH allocator bytes=19887820 blocks=9 misses=0
FACTOR_GRAPH allocator bytes=11991828 blocks=9 misses=0
FACTOR_GRAPH allocator bytes=8116644 blocks=9 misses=0
FACTOR_GRAPH allocator bytes=9916204 blocks=9 misses=0
FACTOR_GRAPH allocator bytes=9089660 blocks=9 misses=0
