{"case": "ship_15_position_00", "ship": 15, "grid_days": 15.0, "calibrated_legs": 18, "elapsed_seconds": 40.22620418801671, "joint": {"moves": 32, "evaluations": 6337, "failure": ""}, "raw_gain_kg": 4.052019164955595, "weighted_gain_kg": 4.941850560062107, "plan": "/home/ubuntu/spacepdhcg-joint-selection-v632/campaign-v636/candidate0/proxies/ship_15_position_00_grid_15.json"}
{"case": "ship_15_position_01", "ship": 15, "grid_days": 15.0, "calibrated_legs": 18, "elapsed_seconds": 40.405129620980006, "joint": {"moves": 27, "evaluations": 5767, "failure": ""}, "raw_gain_kg": -18.39835728952778, "weighted_gain_kg": -15.245930084769384, "plan": "/home/ubuntu/spacepdhcg-joint-selection-v632/campaign-v636/candidate0/proxies/ship_15_position_01_grid_15.json"}
{"case": "ship_15_position_02", "ship": 15, "grid_days": 15.0, "calibrated_legs": 18, "elapsed_seconds": 40.5316380779841}
{"case": "ship_15_position_03", "ship": 15, "grid_days": 15.0, "calibrated_legs": 18, "elapsed_seconds": 40.53818411199609}
{"case": "ship_15_position_04", "ship": 15, "grid_days": 15.0, "calibrated_legs": 18, "elapsed_seconds": 40.54469157499261}
{"case": "ship_15_position_05", "ship": 15, "grid_days": 15.0, "calibrated_legs": 18, "elapsed_seconds": 40.55121613200754}
{"case": "ship_15_position_06", "ship": 15, "grid_days": 15.0, "calibrated_legs": 18, "elapsed_seconds": 40.55807103100233}
{"case": "ship_15_position_07", "ship": 15, "grid_days": 15.0, "calibrated_legs": 18, "elapsed_seconds": 40.56483231502352}
{"case": "ship_15_position_08", "ship": 15, "grid_days": 15.0, "calibrated_legs": 18, "elapsed_seconds": 40.571294594032224}
{"case": "ship_15_position_00", "ship": 15, "grid_days": 5.0, "calibrated_legs": 18, "elapsed_seconds": 40.65093164902646, "joint": {"moves": 27, "evaluations": 5457, "failure": ""}, "raw_gain_kg": 2.5188227241615095, "weighted_gain_kg": 3.509149091539598, "plan": "/home/ubuntu/spacepdhcg-joint-selection-v632/campaign-v636/candidate0/proxies/ship_15_position_00_grid_5.json"}
{"case": "ship_15_position_01", "ship": 15, "grid_days": 5.0, "calibrated_legs": 18, "elapsed_seconds": 40.77698409103323, "joint": {"moves": 26, "evaluations": 5581, "failure": ""}, "raw_gain_kg": -17.467488021902795, "weighted_gain_kg": -14.495862336189475, "plan": "/home/ubuntu/spacepdhcg-joint-selection-v632/campaign-v636/candidate0/proxies/ship_15_position_01_grid_5.json"}
{"case": "ship_15_position_02", "ship": 15, "grid_days": 5.0, "calibrated_legs": 18, "elapsed_seconds": 40.91139262303477}
{"case": "ship_15_position_03", "ship": 15, "grid_days": 5.0, "calibrated_legs": 18, "elapsed_seconds": 40.92926303698914}
{"case": "ship_15_position_04", "ship": 15, "grid_days": 5.0, "calibrated_legs": 18, "elapsed_seconds": 40.94720466801664}
{"case": "ship_15_position_05", "ship": 15, "grid_days": 5.0, "calibrated_legs": 18, "elapsed_seconds": 40.96759709500475}
{"case": "ship_15_position_06", "ship": 15, "grid_days": 5.0, "calibrated_legs": 18, "elapsed_seconds": 40.98606491100509}
{"case": "ship_15_position_07", "ship": 15, "grid_days": 5.0, "calibrated_legs": 18, "elapsed_seconds": 41.004016155027784}
{"case": "ship_15_position_08", "ship": 15, "grid_days": 5.0, "calibrated_legs": 18, "elapsed_seconds": 41.021124623017386}
{"case": "ship_03_position_00", "ship": 3, "grid_days": 15.0, "calibrated_legs": 18, "elapsed_seconds": 41.035707622009795}
{"case": "ship_03_position_01", "ship": 3, "grid_days": 15.0, "calibrated_legs": 18, "elapsed_seconds": 41.042667858011555}
{"case": "ship_03_position_02", "ship": 3, "grid_days": 15.0, "calibrated_legs": 18, "elapsed_seconds": 41.04952751798555}
{"case": "ship_03_position_03", "ship": 3, "grid_days": 15.0, "calibrated_legs": 18, "elapsed_seconds": 41.05636649997905}
{"case": "ship_03_position_04", "ship": 3, "grid_days": 15.0, "calibrated_legs": 18, "elapsed_seconds": 41.0632996680215}
{"case": "ship_03_position_05", "ship": 3, "grid_days": 15.0, "calibrated_legs": 18, "elapsed_seconds": 41.07023905200185}
{"case": "ship_03_position_06", "ship": 3, "grid_days": 15.0, "calibrated_legs": 18, "elapsed_seconds": 41.07654888101388}
{"case": "ship_03_position_07", "ship": 3, "grid_days": 15.0, "calibrated_legs": 18, "elapsed_seconds": 41.08350192301441}
{"case": "ship_03_position_08", "ship": 3, "grid_days": 15.0, "calibrated_legs": 18, "elapsed_seconds": 41.09034548600903}
{"case": "ship_03_position_00", "ship": 3, "grid_days": 5.0, "calibrated_legs": 18, "elapsed_seconds": 41.164231423987076}
{"case": "ship_03_position_01", "ship": 3, "grid_days": 5.0, "calibrated_legs": 18, "elapsed_seconds": 41.18254921102198}
{"case": "ship_03_position_02", "ship": 3, "grid_days": 5.0, "calibrated_legs": 18, "elapsed_seconds": 41.20075264398474}
{"case": "ship_03_position_03", "ship": 3, "grid_days": 5.0, "calibrated_legs": 18, "elapsed_seconds": 41.21912579698255}
{"case": "ship_03_position_04", "ship": 3, "grid_days": 5.0, "calibrated_legs": 18, "elapsed_seconds": 41.23750809399644}
{"case": "ship_03_position_05", "ship": 3, "grid_days": 5.0, "calibrated_legs": 18, "elapsed_seconds": 41.2558726540301}
{"case": "ship_03_position_06", "ship": 3, "grid_days": 5.0, "calibrated_legs": 18, "elapsed_seconds": 41.2699294849881}
{"case": "ship_03_position_07", "ship": 3, "grid_days": 5.0, "calibrated_legs": 18, "elapsed_seconds": 41.2882724510273}
{"case": "ship_03_position_08", "ship": 3, "grid_days": 5.0, "calibrated_legs": 18, "elapsed_seconds": 41.30563299002824}
FACTOR_GRAPH allocator bytes=26804876 blocks=9 misses=0
FACTOR_GRAPH allocator bytes=5804020 blocks=9 misses=0
FACTOR_GRAPH allocator bytes=15059948 blocks=9 misses=0
FACTOR_GRAPH allocator bytes=14741524 blocks=9 misses=0
FACTOR_GRAPH allocator bytes=18894852 blocks=9 misses=0
FACTOR_GRAPH allocator bytes=10571372 blocks=9 misses=0
FACTOR_GRAPH allocator bytes=9477180 blocks=9 misses=0
FACTOR_GRAPH allocator bytes=16252236 blocks=9 misses=0
FACTOR_GRAPH allocator bytes=13964148 blocks=9 misses=0
FACTOR_GRAPH allocator bytes=15698236 blocks=9 misses=0
FACTOR_GRAPH allocator bytes=11015292 blocks=9 misses=0
FACTOR_GRAPH allocator bytes=9853436 blocks=9 misses=0
FACTOR_GRAPH allocator bytes=19887820 blocks=9 misses=0
FACTOR_GRAPH allocator bytes=11915708 blocks=9 misses=0
FACTOR_GRAPH allocator bytes=8116644 blocks=9 misses=0
FACTOR_GRAPH allocator bytes=10567900 blocks=9 misses=0
FACTOR_GRAPH allocator bytes=9089660 blocks=9 misses=0
FACTOR_GRAPH allocator bytes=28183812 blocks=9 misses=0
FACTOR_GRAPH allocator bytes=27049076 blocks=9 misses=0
FACTOR_GRAPH allocator bytes=6000732 blocks=9 misses=0
FACTOR_GRAPH allocator bytes=14513340 blocks=9 misses=0
FACTOR_GRAPH allocator bytes=14228708 blocks=9 misses=0
FACTOR_GRAPH allocator bytes=20029588 blocks=9 misses=0
FACTOR_GRAPH allocator bytes=10723956 blocks=9 misses=0
FACTOR_GRAPH allocator bytes=16665652 blocks=9 misses=0
FACTOR_GRAPH allocator bytes=13964148 blocks=9 misses=0
{"status": "improved", "best": {"ok": true, "independent": {"ok": true, "ships": 23, "mined_asteroids": 195, "total_mass_kg": 14051.854893908598, "weighted_score_fixed_bonus_kg": 12810.135953048577, "weighted_score_dynamic_kg": null, "ship_limit": 23.03346208009841, "max_position_error_km": 66.8554018025909, "max_velocity_error_km_s": 4.949671007934027e-06, "max_mass_error_kg": 9.185896487906575e-11, "violations": []}, "official": {"ok": true, "ships": 23, "mined_asteroids": 195, "total_mass_kg": 14051.9, "return_code": 0, "wall_seconds": 0.3565502220299095, "message": "Check successfully!"}, "score_kg": 12810.135953048577, "total_mass_kg": 14051.854893908598, "solution": "/home/ubuntu/spacepdhcg-joint-selection-v632/campaign-v636/candidate0/best/Result.txt", "viewer_manifest": "/home/ubuntu/spacepdhcg-joint-selection-v632/campaign-v636/candidate0/best/viewer/manifest.json", "viewer": {"schema_version": "1.0.0", "files": {"trajectories.json": {"bytes": 10557251, "sha256": "533226bd53b2e22c20d331f318de3f1581c86f4e4013a41df110c438ef76c59c"}}, "source": {"path_basename": "Result.txt", "sha256": "e408ff46f547890aaaa8d65505b969829ff9497b0264bf7b558f1bf1d6b9fb17", "bytes": 10084994}, "transform": "Verifier-model propagation of the emitted GTOC12 solution; stable-key JSON; deterministic decimation."}, "source": "verified_candidate"}, "output": "/home/ubuntu/spacepdhcg-joint-selection-v632/campaign-v636/candidate0"}
FACTOR_GRAPH allocator bytes=15499876 blocks=9 misses=0
FACTOR_GRAPH allocator bytes=10835116 blocks=9 misses=0
FACTOR_GRAPH allocator bytes=19887820 blocks=9 misses=0
FACTOR_GRAPH allocator bytes=11991828 blocks=9 misses=0
FACTOR_GRAPH allocator bytes=8116644 blocks=9 misses=0
FACTOR_GRAPH allocator bytes=9916204 blocks=9 misses=0
FACTOR_GRAPH allocator bytes=9089660 blocks=9 misses=0
FACTOR_GRAPH allocator bytes=28428700 blocks=9 misses=0
