{
  "cases": [
    {
      "affine_cone_rows": 0,
      "control_constraint": "box",
      "intervals": 8,
      "scalar_constraints": 64,
      "seed": 17,
      "solvers": {
        "clarabel": {
          "control_violation_inf": 0.0,
          "dynamics_defect_inf": 4.198637965080465e-14,
          "iterations": 5,
          "known_objective": -3.8627622902336376,
          "objective": -3.862762290233579,
          "objective_gap_abs": 6.084022174945858e-14,
          "reported_dual_residual": 1.9970000590762195e-13,
          "reported_primal_residual": 2.738963975362727e-10,
          "scalar_violation_inf": 4.197683867168678e-14,
          "setup_seconds": 0.00021516000015253667,
          "solution_error_inf": 2.296109553046044e-07,
          "solve_seconds": 0.00028405,
          "status": "Solved",
          "total_seconds": 0.00028405
        },
        "osqp": {
          "control_violation_inf": 0.0,
          "dynamics_defect_inf": 2.220446049250313e-16,
          "iterations": 50,
          "known_objective": -3.8627622902336376,
          "objective": -3.8627622902336367,
          "objective_gap_abs": 0.0,
          "reported_dual_residual": 5.271250897311809e-16,
          "reported_primal_residual": 7.181853124504255e-17,
          "scalar_violation_inf": 8.500145032286355e-17,
          "setup_seconds": 0.0005223179996391991,
          "solution_error_inf": 2.706168622523819e-16,
          "solve_seconds": 0.00022083200000000002,
          "status": "solved",
          "total_seconds": 0.00022083200000000002
        },
        "pdhcg_one_shot": {
          "control_violation_inf": 0.0,
          "dynamics_defect_inf": 5.102719990990323e-07,
          "iterations": 970,
          "known_objective": -3.8627622902336376,
          "objective": -3.8627622901511858,
          "objective_gap_abs": 7.891420850114628e-11,
          "reported_dual_residual": 9.557346920476046e-07,
          "reported_primal_residual": 2.1605640264246844e-07,
          "scalar_violation_inf": 5.102719991059712e-07,
          "setup_seconds": 0.0,
          "solution_error_inf": 5.8667187476102445e-06,
          "solve_seconds": 0.044752035,
          "status": "Solved (OPTIMAL)",
          "total_seconds": 0.42983845699973244
        }
      },
      "variables": 60
    },
    {
      "affine_cone_rows": 32,
      "control_constraint": "soc",
      "intervals": 8,
      "scalar_constraints": 40,
      "seed": 17,
      "solvers": {
        "clarabel": {
          "control_violation_inf": 0.0,
          "dynamics_defect_inf": 5.6066262743570405e-14,
          "iterations": 5,
          "known_objective": -3.8627622902336376,
          "objective": -3.862762290233609,
          "objective_gap_abs": 2.5757174171303632e-14,
          "reported_dual_residual": 1.2629487796068547e-13,
          "reported_primal_residual": 1.4710679924494104e-10,
          "scalar_violation_inf": 5.6066262743570405e-14,
          "setup_seconds": 0.00017341000011583674,
          "solution_error_inf": 1.2551778910685485e-07,
          "solve_seconds": 0.000267108,
          "status": "Solved",
          "total_seconds": 0.000267108
        },
        "pdhcg_one_shot": {
          "control_violation_inf": 0.0,
          "dynamics_defect_inf": 9.63439580892178e-09,
          "iterations": 1300,
          "known_objective": -3.8627622902336376,
          "objective": -3.862762290224083,
          "objective_gap_abs": 3.3528735343679728e-12,
          "reported_dual_residual": 2.6782126480534067e-07,
          "reported_primal_residual": 4.079339834151204e-09,
          "scalar_violation_inf": 9.634395795043993e-09,
          "setup_seconds": 0.0,
          "solution_error_inf": 1.8914135795911058e-06,
          "solve_seconds": 0.066915148,
          "status": "Solved (OPTIMAL)",
          "total_seconds": 0.08871894699996119
        }
      },
      "variables": 60
    },
    {
      "affine_cone_rows": 0,
      "control_constraint": "box",
      "intervals": 8,
      "scalar_constraints": 64,
      "seed": 29,
      "solvers": {
        "clarabel": {
          "control_violation_inf": 0.0,
          "dynamics_defect_inf": 8.489736691430494e-14,
          "iterations": 5,
          "known_objective": -2.1355964126313265,
          "objective": -2.1355964126313056,
          "objective_gap_abs": 2.3092638912203256e-14,
          "reported_dual_residual": 7.070758182361638e-14,
          "reported_primal_residual": 2.093764940736839e-10,
          "scalar_violation_inf": 8.490083636125689e-14,
          "setup_seconds": 0.00017706100015857373,
          "solution_error_inf": 2.855382146282892e-07,
          "solve_seconds": 0.000263492,
          "status": "Solved",
          "total_seconds": 0.000263492
        },
        "osqp": {
          "control_violation_inf": 0.0,
          "dynamics_defect_inf": 1.6653345369377348e-16,
          "iterations": 50,
          "known_objective": -2.1355964126313265,
          "objective": -2.135596412631327,
          "objective_gap_abs": 4.440892098500626e-16,
          "reported_dual_residual": 3.0572440427172924e-16,
          "reported_primal_residual": 1.3826854617916048e-16,
          "scalar_violation_inf": 2.5240226575462543e-16,
          "setup_seconds": 0.00034236700003020815,
          "solution_error_inf": 2.220446049250313e-16,
          "solve_seconds": 0.00021634,
          "status": "solved",
          "total_seconds": 0.00021634
        },
        "pdhcg_one_shot": {
          "control_violation_inf": 0.0,
          "dynamics_defect_inf": 4.935547369619431e-07,
          "iterations": 880,
          "known_objective": -2.1355964126313265,
          "objective": -2.135596412621142,
          "objective_gap_abs": 8.269829265827866e-12,
          "reported_dual_residual": 9.23123963772624e-07,
          "reported_primal_residual": 2.3902245702922703e-07,
          "scalar_violation_inf": 4.935547369636778e-07,
          "setup_seconds": 0.0,
          "solution_error_inf": 4.496681690571713e-06,
          "solve_seconds": 0.039514833,
          "status": "Solved (OPTIMAL)",
          "total_seconds": 0.05680367299964928
        }
      },
      "variables": 60
    },
    {
      "affine_cone_rows": 32,
      "control_constraint": "soc",
      "intervals": 8,
      "scalar_constraints": 40,
      "seed": 29,
      "solvers": {
        "clarabel": {
          "control_violation_inf": 0.0,
          "dynamics_defect_inf": 5.909855937957786e-14,
          "iterations": 5,
          "known_objective": -2.1355964126313265,
          "objective": -2.135596412631324,
          "objective_gap_abs": 4.440892098500626e-15,
          "reported_dual_residual": 3.2966163256922095e-14,
          "reported_primal_residual": 1.3314313830610137e-10,
          "scalar_violation_inf": 5.910549827348177e-14,
          "setup_seconds": 0.00017987599994739867,
          "solution_error_inf": 1.136004448287764e-07,
          "solve_seconds": 0.000285309,
          "status": "Solved",
          "total_seconds": 0.000285309
        },
        "pdhcg_one_shot": {
          "control_violation_inf": 0.0,
          "dynamics_defect_inf": 4.920682760214956e-07,
          "iterations": 930,
          "known_objective": -2.1355964126313265,
          "objective": -2.1355964126195164,
          "objective_gap_abs": 8.37241387330323e-12,
          "reported_dual_residual": 9.914300995196778e-07,
          "reported_primal_residual": 2.3830258236381926e-07,
          "scalar_violation_inf": 4.920682760214956e-07,
          "setup_seconds": 0.0,
          "solution_error_inf": 4.580179263510842e-06,
          "solve_seconds": 0.052962629,
          "status": "Solved (OPTIMAL)",
          "total_seconds": 0.06964612699994177
        }
      },
      "variables": 60
    },
    {
      "affine_cone_rows": 0,
      "control_constraint": "box",
      "intervals": 8,
      "scalar_constraints": 64,
      "seed": 41,
      "solvers": {
        "clarabel": {
          "control_violation_inf": 0.0,
          "dynamics_defect_inf": 2.2898349882893854e-14,
          "iterations": 5,
          "known_objective": -2.427667877955481,
          "objective": -2.4276678779554794,
          "objective_gap_abs": 2.220446049250313e-15,
          "reported_dual_residual": 2.3624898906091407e-14,
          "reported_primal_residual": 2.000587734820925e-10,
          "scalar_violation_inf": 2.2926105458509483e-14,
          "setup_seconds": 0.00017520600022180588,
          "solution_error_inf": 2.0736337088406165e-08,
          "solve_seconds": 0.000278802,
          "status": "Solved",
          "total_seconds": 0.000278802
        },
        "osqp": {
          "control_violation_inf": 0.0,
          "dynamics_defect_inf": 1.6653345369377348e-16,
          "iterations": 50,
          "known_objective": -2.427667877955481,
          "objective": -2.427667877955479,
          "objective_gap_abs": 0.0,
          "reported_dual_residual": 1.8953244575097724e-16,
          "reported_primal_residual": 2.897399252053384e-17,
          "scalar_violation_inf": 2.220446049250313e-16,
          "setup_seconds": 0.00032150700008060085,
          "solution_error_inf": 2.220446049250313e-16,
          "solve_seconds": 0.00021253899999999998,
          "status": "solved",
          "total_seconds": 0.00021253899999999998
        },
        "pdhcg_one_shot": {
          "control_violation_inf": 0.0,
          "dynamics_defect_inf": 9.533744195211469e-07,
          "iterations": 940,
          "known_objective": -2.427667877955481,
          "objective": -2.427667877781554,
          "objective_gap_abs": 1.723305942391562e-10,
          "reported_dual_residual": 9.424186767568146e-07,
          "reported_primal_residual": 4.697610229170773e-07,
          "scalar_violation_inf": 9.53374419514208e-07,
          "setup_seconds": 0.0,
          "solution_error_inf": 1.0021573725593758e-05,
          "solve_seconds": 0.041999961,
          "status": "Solved (OPTIMAL)",
          "total_seconds": 0.05516604100012046
        }
      },
      "variables": 60
    },
    {
      "affine_cone_rows": 32,
      "control_constraint": "soc",
      "intervals": 8,
      "scalar_constraints": 40,
      "seed": 41,
      "solvers": {
        "clarabel": {
          "control_violation_inf": 0.0,
          "dynamics_defect_inf": 3.061439990403869e-14,
          "iterations": 5,
          "known_objective": -2.427667877955481,
          "objective": -2.4276678779554763,
          "objective_gap_abs": 2.220446049250313e-15,
          "reported_dual_residual": 1.7275503149018556e-14,
          "reported_primal_residual": 1.6471695714552203e-10,
          "scalar_violation_inf": 3.0628277691846506e-14,
          "setup_seconds": 0.00017115699984060484,
          "solution_error_inf": 1.4516425922428411e-08,
          "solve_seconds": 0.000275723,
          "status": "Solved",
          "total_seconds": 0.000275723
        },
        "pdhcg_one_shot": {
          "control_violation_inf": 0.0,
          "dynamics_defect_inf": 1.915543405728304e-06,
          "iterations": 850,
          "known_objective": -2.427667877955481,
          "objective": -2.4276678773321567,
          "objective_gap_abs": 6.203957347850064e-10,
          "reported_dual_residual": 5.696059103090583e-07,
          "reported_primal_residual": 9.438554373319886e-07,
          "scalar_violation_inf": 1.9155434057178955e-06,
          "setup_seconds": 0.0,
          "solution_error_inf": 1.775484611078737e-05,
          "solve_seconds": 0.048975448,
          "status": "Solved (OPTIMAL)",
          "total_seconds": 0.0609004040002219
        }
      },
      "variables": 60
    },
    {
      "affine_cone_rows": 0,
      "control_constraint": "box",
      "intervals": 8,
      "scalar_constraints": 64,
      "seed": 53,
      "solvers": {
        "clarabel": {
          "control_violation_inf": 0.0,
          "dynamics_defect_inf": 3.9190872769268026e-14,
          "iterations": 5,
          "known_objective": -1.5935084873663046,
          "objective": -1.593508487366305,
          "objective_gap_abs": 0.0,
          "reported_dual_residual": 1.9167168177920926e-14,
          "reported_primal_residual": 2.8670446702341643e-10,
          "scalar_violation_inf": 3.9190872769268026e-14,
          "setup_seconds": 0.0001847280000220053,
          "solution_error_inf": 1.975529638487128e-08,
          "solve_seconds": 0.000283547,
          "status": "Solved",
          "total_seconds": 0.000283547
        },
        "osqp": {
          "control_violation_inf": 0.0,
          "dynamics_defect_inf": 8.326672684688674e-17,
          "iterations": 50,
          "known_objective": -1.5935084873663046,
          "objective": -1.593508487366305,
          "objective_gap_abs": 4.440892098500626e-16,
          "reported_dual_residual": 4.780706843346693e-17,
          "reported_primal_residual": 2.949029909160572e-17,
          "scalar_violation_inf": 2.220446049250313e-16,
          "setup_seconds": 0.00032749299998613424,
          "solution_error_inf": 2.220446049250313e-16,
          "solve_seconds": 0.000212376,
          "status": "solved",
          "total_seconds": 0.000212376
        },
        "pdhcg_one_shot": {
          "control_violation_inf": 0.0,
          "dynamics_defect_inf": 7.522005542673349e-07,
          "iterations": 880,
          "known_objective": -1.5935084873663046,
          "objective": -1.5935084873010958,
          "objective_gap_abs": 6.41597885930878e-11,
          "reported_dual_residual": 9.949703970839838e-07,
          "reported_primal_residual": 3.514707229035837e-07,
          "scalar_violation_inf": 7.522005542708043e-07,
          "setup_seconds": 0.0,
          "solution_error_inf": 7.656435706236697e-06,
          "solve_seconds": 0.039406386,
          "status": "Solved (OPTIMAL)",
          "total_seconds": 0.05506224900000234
        }
      },
      "variables": 60
    },
    {
      "affine_cone_rows": 32,
      "control_constraint": "soc",
      "intervals": 8,
      "scalar_constraints": 40,
      "seed": 53,
      "solvers": {
        "clarabel": {
          "control_violation_inf": 0.0,
          "dynamics_defect_inf": 2.864375403532904e-14,
          "iterations": 5,
          "known_objective": -1.5935084873663046,
          "objective": -1.5935084873663028,
          "objective_gap_abs": 0.0,
          "reported_dual_residual": 9.854883523695597e-15,
          "reported_primal_residual": 1.6431247097642717e-10,
          "scalar_violation_inf": 2.8699265186560297e-14,
          "setup_seconds": 0.00017398099998899852,
          "solution_error_inf": 7.948968316906502e-09,
          "solve_seconds": 0.000281072,
          "status": "Solved",
          "total_seconds": 0.000281072
        },
        "pdhcg_one_shot": {
          "control_violation_inf": 0.0,
          "dynamics_defect_inf": 1.949924140993986e-06,
          "iterations": 830,
          "known_objective": -1.5935084873663046,
          "objective": -1.593508487011808,
          "objective_gap_abs": 3.5259195563241974e-10,
          "reported_dual_residual": 5.370377207670363e-07,
          "reported_primal_residual": 9.111150524282536e-07,
          "scalar_violation_inf": 1.949924140996588e-06,
          "setup_seconds": 0.0,
          "solution_error_inf": 1.3860998865333415e-05,
          "solve_seconds": 0.047307756,
          "status": "Solved (OPTIMAL)",
          "total_seconds": 0.06097639700010404
        }
      },
      "variables": 60
    },
    {
      "affine_cone_rows": 0,
      "control_constraint": "box",
      "intervals": 8,
      "scalar_constraints": 64,
      "seed": 71,
      "solvers": {
        "clarabel": {
          "control_violation_inf": 0.0,
          "dynamics_defect_inf": 1.5371384720630488e-13,
          "iterations": 5,
          "known_objective": -1.1143049150479607,
          "objective": -1.1143049150479578,
          "objective_gap_abs": 3.3306690738754696e-15,
          "reported_dual_residual": 3.7469202497099616e-14,
          "reported_primal_residual": 2.4367752050399866e-10,
          "scalar_violation_inf": 1.5372078610020878e-13,
          "setup_seconds": 0.00017489299989392748,
          "solution_error_inf": 6.394120999342334e-08,
          "solve_seconds": 0.000265393,
          "status": "Solved",
          "total_seconds": 0.000265393
        },
        "osqp": {
          "control_violation_inf": 0.0,
          "dynamics_defect_inf": 1.249000902703301e-16,
          "iterations": 50,
          "known_objective": -1.1143049150479607,
          "objective": -1.1143049150479607,
          "objective_gap_abs": 2.220446049250313e-16,
          "reported_dual_residual": 8.972472302282062e-17,
          "reported_primal_residual": 6.227320478258674e-17,
          "scalar_violation_inf": 1.345494896054511e-16,
          "setup_seconds": 0.0003282549996583839,
          "solution_error_inf": 1.6653345369377348e-16,
          "solve_seconds": 0.000210753,
          "status": "solved",
          "total_seconds": 0.000210753
        },
        "pdhcg_one_shot": {
          "control_violation_inf": 0.0,
          "dynamics_defect_inf": 7.524915817194722e-09,
          "iterations": 1100,
          "known_objective": -1.1143049150479607,
          "objective": -1.1143049150469813,
          "objective_gap_abs": 3.2862601528904634e-13,
          "reported_dual_residual": 2.434274392064798e-07,
          "reported_primal_residual": 4.299951907910318e-09,
          "scalar_violation_inf": 7.524915813942115e-09,
          "setup_seconds": 0.0,
          "solution_error_inf": 7.923057213643503e-07,
          "solve_seconds": 0.04722472,
          "status": "Solved (OPTIMAL)",
          "total_seconds": 0.10422817300013776
        }
      },
      "variables": 60
    },
    {
      "affine_cone_rows": 32,
      "control_constraint": "soc",
      "intervals": 8,
      "scalar_constraints": 40,
      "seed": 71,
      "solvers": {
        "clarabel": {
          "control_violation_inf": 0.0,
          "dynamics_defect_inf": 3.384098556935555e-14,
          "iterations": 5,
          "known_objective": -1.1143049150479607,
          "objective": -1.11430491504796,
          "objective_gap_abs": 1.3322676295501878e-15,
          "reported_dual_residual": 2.0102642219241518e-14,
          "reported_primal_residual": 1.374363032986224e-10,
          "scalar_violation_inf": 3.3849876027169934e-14,
          "setup_seconds": 0.000186111999937566,
          "solution_error_inf": 3.0694585817503395e-08,
          "solve_seconds": 0.00027197,
          "status": "Solved",
          "total_seconds": 0.00027197
        },
        "pdhcg_one_shot": {
          "control_violation_inf": 0.0,
          "dynamics_defect_inf": 1.1671520411607461e-08,
          "iterations": 1100,
          "known_objective": -1.1143049150479607,
          "objective": -1.1143049150456137,
          "objective_gap_abs": 1.0902390101819037e-12,
          "reported_dual_residual": 4.4942632942426953e-07,
          "reported_primal_residual": 6.6694402373516885e-09,
          "scalar_violation_inf": 1.1671520419630557e-08,
          "setup_seconds": 0.0,
          "solution_error_inf": 1.449840487555143e-06,
          "solve_seconds": 0.059792089,
          "status": "Solved (OPTIMAL)",
          "total_seconds": 0.09933605200012607
        }
      },
      "variables": 60
    }
  ],
  "include_pdhcg": true,
  "pdhcg_version": "0.3.0",
  "suite": "trajectory-banded exact-optimum correctness",
  "tolerance": 1e-06
}
