{
  "cases": [
    {
      "affine_cone_rows": 0,
      "control_constraint": "box",
      "intervals": 32,
      "scalar_constraints": 232,
      "seed": 17,
      "solvers": {
        "clarabel": {
          "control_violation_inf": 0.0,
          "dynamics_defect_inf": 2.4097390749489023e-13,
          "iterations": 5,
          "known_objective": -3.4932057022768994,
          "objective": -3.4932057022768963,
          "objective_gap_abs": 3.552713678800501e-15,
          "reported_dual_residual": 2.946371541398645e-14,
          "reported_primal_residual": 2.5007838157153987e-10,
          "scalar_violation_inf": 2.4098084638879413e-13,
          "setup_seconds": 0.0005763640001532622,
          "solution_error_inf": 3.945694743157091e-08,
          "solve_seconds": 0.000977324,
          "status": "Solved",
          "total_seconds": 0.000977324
        },
        "osqp": {
          "control_violation_inf": 0.0,
          "dynamics_defect_inf": 1.1102230246251565e-16,
          "iterations": 75,
          "known_objective": -3.4932057022768994,
          "objective": -3.4932057022768963,
          "objective_gap_abs": 4.440892098500626e-16,
          "reported_dual_residual": 1.0484346316393785e-16,
          "reported_primal_residual": 8.326672684688674e-17,
          "scalar_violation_inf": 1.6653345369377348e-16,
          "setup_seconds": 0.0007307910000236006,
          "solution_error_inf": 4.926614671774132e-16,
          "solve_seconds": 0.0007841650000000001,
          "status": "solved",
          "total_seconds": 0.0007841650000000001
        },
        "pdhcg_one_shot": {
          "control_violation_inf": 0.0,
          "dynamics_defect_inf": 1.3239219102192945e-06,
          "iterations": 810,
          "known_objective": -3.4932057022768994,
          "objective": -3.493205701505574,
          "objective_gap_abs": 7.696372428256382e-10,
          "reported_dual_residual": 9.015564095298928e-07,
          "reported_primal_residual": 7.565268058411593e-07,
          "scalar_violation_inf": 1.3239219102192945e-06,
          "setup_seconds": 0.0,
          "solution_error_inf": 1.4249515464692664e-05,
          "solve_seconds": 0.042711943,
          "status": "Solved (OPTIMAL)",
          "total_seconds": 0.33180110599960244
        }
      },
      "variables": 228
    },
    {
      "affine_cone_rows": 128,
      "control_constraint": "soc",
      "intervals": 32,
      "scalar_constraints": 136,
      "seed": 17,
      "solvers": {
        "clarabel": {
          "control_violation_inf": 0.0,
          "dynamics_defect_inf": 1.427330476033717e-13,
          "iterations": 5,
          "known_objective": -3.4932057022768994,
          "objective": -3.4932057022769025,
          "objective_gap_abs": 4.440892098500626e-16,
          "reported_dual_residual": 1.2039313823257502e-14,
          "reported_primal_residual": 1.4543312156411504e-10,
          "scalar_violation_inf": 1.427399864972756e-13,
          "setup_seconds": 0.0005402980000326352,
          "solution_error_inf": 1.883934519497643e-08,
          "solve_seconds": 0.000965548,
          "status": "Solved",
          "total_seconds": 0.000965548
        },
        "pdhcg_one_shot": {
          "control_violation_inf": 0.0,
          "dynamics_defect_inf": 9.104275668601891e-07,
          "iterations": 920,
          "known_objective": -3.4932057022768994,
          "objective": -3.493205702180516,
          "objective_gap_abs": 9.278044998950463e-11,
          "reported_dual_residual": 9.710778047318653e-07,
          "reported_primal_residual": 5.202443239223452e-07,
          "scalar_violation_inf": 9.104275668645259e-07,
          "setup_seconds": 0.0,
          "solution_error_inf": 7.751510335538003e-06,
          "solve_seconds": 0.058845287,
          "status": "Solved (OPTIMAL)",
          "total_seconds": 0.07804385999997976
        }
      },
      "variables": 228
    },
    {
      "affine_cone_rows": 0,
      "control_constraint": "box",
      "intervals": 32,
      "scalar_constraints": 232,
      "seed": 29,
      "solvers": {
        "clarabel": {
          "control_violation_inf": 0.0,
          "dynamics_defect_inf": 2.3439583607398617e-14,
          "iterations": 5,
          "known_objective": -2.2533861552277186,
          "objective": -2.2533861552277137,
          "objective_gap_abs": 4.440892098500626e-15,
          "reported_dual_residual": 3.300778266623634e-14,
          "reported_primal_residual": 4.1318411270106257e-10,
          "scalar_violation_inf": 2.3439583607398617e-14,
          "setup_seconds": 0.00044554199985213927,
          "solution_error_inf": 5.1612735862960335e-08,
          "solve_seconds": 0.000831366,
          "status": "Solved",
          "total_seconds": 0.000831366
        },
        "osqp": {
          "control_violation_inf": 0.0,
          "dynamics_defect_inf": 1.249000902703301e-16,
          "iterations": 50,
          "known_objective": -2.2533861552277186,
          "objective": -2.2533861552277186,
          "objective_gap_abs": 0.0,
          "reported_dual_residual": 6.803453140870214e-17,
          "reported_primal_residual": 4.1946079115366857e-17,
          "scalar_violation_inf": 1.6653345369377348e-16,
          "setup_seconds": 0.0005037830001128896,
          "solution_error_inf": 2.498001805406602e-16,
          "solve_seconds": 0.000590073,
          "status": "solved",
          "total_seconds": 0.000590073
        },
        "pdhcg_one_shot": {
          "control_violation_inf": 0.0,
          "dynamics_defect_inf": 1.6881485430091797e-06,
          "iterations": 800,
          "known_objective": -2.2533861552277186,
          "objective": -2.2533861551409857,
          "objective_gap_abs": 8.576783727676229e-11,
          "reported_dual_residual": 4.4675387129818415e-07,
          "reported_primal_residual": 9.646563102904325e-07,
          "scalar_violation_inf": 1.6881485430126492e-06,
          "setup_seconds": 0.0,
          "solution_error_inf": 7.695785592842785e-06,
          "solve_seconds": 0.041406673,
          "status": "Solved (OPTIMAL)",
          "total_seconds": 0.05800148500020441
        }
      },
      "variables": 228
    },
    {
      "affine_cone_rows": 128,
      "control_constraint": "soc",
      "intervals": 32,
      "scalar_constraints": 136,
      "seed": 29,
      "solvers": {
        "clarabel": {
          "control_violation_inf": 0.0,
          "dynamics_defect_inf": 1.0949574580365606e-14,
          "iterations": 5,
          "known_objective": -2.2533861552277186,
          "objective": -2.25338615522772,
          "objective_gap_abs": 4.440892098500626e-16,
          "reported_dual_residual": 1.096389919585158e-14,
          "reported_primal_residual": 1.5441634757339218e-10,
          "scalar_violation_inf": 1.0977330155981235e-14,
          "setup_seconds": 0.0005166470000403933,
          "solution_error_inf": 1.8493754638804205e-08,
          "solve_seconds": 0.000944694,
          "status": "Solved",
          "total_seconds": 0.000944694
        },
        "pdhcg_one_shot": {
          "control_violation_inf": 0.0,
          "dynamics_defect_inf": 1.671850381466597e-06,
          "iterations": 810,
          "known_objective": -2.2533861552277186,
          "objective": -2.2533861551732643,
          "objective_gap_abs": 5.2369220071568634e-11,
          "reported_dual_residual": 7.07727889211173e-07,
          "reported_primal_residual": 9.553430751248305e-07,
          "scalar_violation_inf": 1.671850381466597e-06,
          "setup_seconds": 0.0,
          "solution_error_inf": 5.823626733125753e-06,
          "solve_seconds": 0.051481933,
          "status": "Solved (OPTIMAL)",
          "total_seconds": 0.06897771200010538
        }
      },
      "variables": 228
    },
    {
      "affine_cone_rows": 0,
      "control_constraint": "box",
      "intervals": 32,
      "scalar_constraints": 232,
      "seed": 41,
      "solvers": {
        "clarabel": {
          "control_violation_inf": 0.0,
          "dynamics_defect_inf": 7.510658761589184e-14,
          "iterations": 5,
          "known_objective": -4.176895080874526,
          "objective": -4.176895080874454,
          "objective_gap_abs": 7.016609515630989e-14,
          "reported_dual_residual": 1.8379885000909823e-13,
          "reported_primal_residual": 5.204229080527856e-10,
          "scalar_violation_inf": 7.509791399851196e-14,
          "setup_seconds": 0.00043481700004122104,
          "solution_error_inf": 2.61906978882287e-07,
          "solve_seconds": 0.000821759,
          "status": "Solved",
          "total_seconds": 0.000821759
        },
        "osqp": {
          "control_violation_inf": 0.0,
          "dynamics_defect_inf": 1.1102230246251565e-16,
          "iterations": 50,
          "known_objective": -4.176895080874526,
          "objective": -4.176895080874531,
          "objective_gap_abs": 0.0,
          "reported_dual_residual": 1.6950188164226237e-16,
          "reported_primal_residual": 6.873841773558098e-17,
          "scalar_violation_inf": 1.1102230246251565e-16,
          "setup_seconds": 0.0004907550001007621,
          "solution_error_inf": 1.5265566588595902e-16,
          "solve_seconds": 0.000618319,
          "status": "solved",
          "total_seconds": 0.000618319
        },
        "pdhcg_one_shot": {
          "control_violation_inf": 0.0,
          "dynamics_defect_inf": 1.9284194079233208e-06,
          "iterations": 720,
          "known_objective": -4.176895080874526,
          "objective": -4.176895080758885,
          "objective_gap_abs": 1.1362022434013852e-10,
          "reported_dual_residual": 5.287218634107105e-07,
          "reported_primal_residual": 9.717006405687976e-07,
          "scalar_violation_inf": 1.9284194079267902e-06,
          "setup_seconds": 0.0,
          "solution_error_inf": 8.661204953644419e-06,
          "solve_seconds": 0.037313538,
          "status": "Solved (OPTIMAL)",
          "total_seconds": 0.05896504399970581
        }
      },
      "variables": 228
    },
    {
      "affine_cone_rows": 128,
      "control_constraint": "soc",
      "intervals": 32,
      "scalar_constraints": 136,
      "seed": 41,
      "solvers": {
        "clarabel": {
          "control_violation_inf": 0.0,
          "dynamics_defect_inf": 3.9843128796235305e-14,
          "iterations": 5,
          "known_objective": -4.176895080874526,
          "objective": -4.176895080874505,
          "objective_gap_abs": 2.398081733190338e-14,
          "reported_dual_residual": 1.0734326865664707e-13,
          "reported_primal_residual": 2.377393932672821e-10,
          "scalar_violation_inf": 3.9849200328401224e-14,
          "setup_seconds": 0.00046271299970612745,
          "solution_error_inf": 1.2935573623362728e-07,
          "solve_seconds": 0.000896079,
          "status": "Solved",
          "total_seconds": 0.000896079
        },
        "pdhcg_one_shot": {
          "control_violation_inf": 0.0,
          "dynamics_defect_inf": 1.7085045693997214e-06,
          "iterations": 820,
          "known_objective": -4.176895080874526,
          "objective": -4.1768950804274265,
          "objective_gap_abs": 4.4280490385517624e-10,
          "reported_dual_residual": 2.819518139052292e-07,
          "reported_primal_residual": 8.60888963102906e-07,
          "scalar_violation_inf": 1.7085045694066603e-06,
          "setup_seconds": 0.0,
          "solution_error_inf": 1.19800831317185e-05,
          "solve_seconds": 0.052190719,
          "status": "Solved (OPTIMAL)",
          "total_seconds": 0.07336149100001421
        }
      },
      "variables": 228
    },
    {
      "affine_cone_rows": 0,
      "control_constraint": "box",
      "intervals": 32,
      "scalar_constraints": 232,
      "seed": 53,
      "solvers": {
        "clarabel": {
          "control_violation_inf": 0.0,
          "dynamics_defect_inf": 1.4654943925052066e-13,
          "iterations": 5,
          "known_objective": -2.785867246332262,
          "objective": -2.7858672463322502,
          "objective_gap_abs": 1.554312234475219e-14,
          "reported_dual_residual": 5.2436390690240615e-14,
          "reported_primal_residual": 2.9593265289324265e-10,
          "scalar_violation_inf": 1.465910726139441e-13,
          "setup_seconds": 0.0004342419997556135,
          "solution_error_inf": 9.613955342935299e-08,
          "solve_seconds": 0.000823373,
          "status": "Solved",
          "total_seconds": 0.000823373
        },
        "osqp": {
          "control_violation_inf": 0.0,
          "dynamics_defect_inf": 1.3877787807814457e-16,
          "iterations": 50,
          "known_objective": -2.785867246332262,
          "objective": -2.7858672463322627,
          "objective_gap_abs": 4.440892098500626e-16,
          "reported_dual_residual": 9.550441556301447e-17,
          "reported_primal_residual": 4.3643105888413383e-17,
          "scalar_violation_inf": 1.6653345369377348e-16,
          "setup_seconds": 0.00047868799993011635,
          "solution_error_inf": 1.6653345369377348e-16,
          "solve_seconds": 0.000626948,
          "status": "solved",
          "total_seconds": 0.000626948
        },
        "pdhcg_one_shot": {
          "control_violation_inf": 0.0,
          "dynamics_defect_inf": 1.2155669908003874e-06,
          "iterations": 880,
          "known_objective": -2.785867246332262,
          "objective": -2.7858672461640372,
          "objective_gap_abs": 1.6683587844568137e-10,
          "reported_dual_residual": 9.050359623378569e-07,
          "reported_primal_residual": 6.946097090190255e-07,
          "scalar_violation_inf": 1.2155669907934485e-06,
          "setup_seconds": 0.0,
          "solution_error_inf": 1.1012730973758433e-05,
          "solve_seconds": 0.045732719,
          "status": "Solved (OPTIMAL)",
          "total_seconds": 0.06505870399996638
        }
      },
      "variables": 228
    },
    {
      "affine_cone_rows": 128,
      "control_constraint": "soc",
      "intervals": 32,
      "scalar_constraints": 136,
      "seed": 53,
      "solvers": {
        "clarabel": {
          "control_violation_inf": 0.0,
          "dynamics_defect_inf": 6.004918784441315e-14,
          "iterations": 5,
          "known_objective": -2.785867246332262,
          "objective": -2.785867246332262,
          "objective_gap_abs": 2.220446049250313e-15,
          "reported_dual_residual": 2.0192698040481606e-14,
          "reported_primal_residual": 1.4392888401898102e-10,
          "scalar_violation_inf": 6.010469899564441e-14,
          "setup_seconds": 0.0004813269997612224,
          "solution_error_inf": 2.4586658486924762e-08,
          "solve_seconds": 0.000886099,
          "status": "Solved",
          "total_seconds": 0.000886099
        },
        "pdhcg_one_shot": {
          "control_violation_inf": 0.0,
          "dynamics_defect_inf": 1.7425644809609953e-06,
          "iterations": 820,
          "known_objective": -2.785867246332262,
          "objective": -2.7858672459511773,
          "objective_gap_abs": 3.780691315569129e-10,
          "reported_dual_residual": 4.409545400638717e-07,
          "reported_primal_residual": 9.957511319725022e-07,
          "scalar_violation_inf": 1.7425644809609953e-06,
          "setup_seconds": 0.0,
          "solution_error_inf": 1.571930676269595e-05,
          "solve_seconds": 0.05191386,
          "status": "Solved (OPTIMAL)",
          "total_seconds": 0.06791564799959815
        }
      },
      "variables": 228
    },
    {
      "affine_cone_rows": 0,
      "control_constraint": "box",
      "intervals": 32,
      "scalar_constraints": 232,
      "seed": 71,
      "solvers": {
        "clarabel": {
          "control_violation_inf": 0.0,
          "dynamics_defect_inf": 6.123573870198129e-14,
          "iterations": 5,
          "known_objective": -2.3388317074420653,
          "objective": -2.3388317074420604,
          "objective_gap_abs": 6.661338147750939e-15,
          "reported_dual_residual": 3.916989837755681e-14,
          "reported_primal_residual": 2.1728547660054983e-10,
          "scalar_violation_inf": 6.123183557416034e-14,
          "setup_seconds": 0.00043393199985075626,
          "solution_error_inf": 6.010678937906633e-08,
          "solve_seconds": 0.000839614,
          "status": "Solved",
          "total_seconds": 0.000839614
        },
        "osqp": {
          "control_violation_inf": 0.0,
          "dynamics_defect_inf": 8.326672684688674e-17,
          "iterations": 50,
          "known_objective": -2.3388317074420653,
          "objective": -2.3388317074420635,
          "objective_gap_abs": 0.0,
          "reported_dual_residual": 1.2372002238328782e-16,
          "reported_primal_residual": 5.1745009662775e-17,
          "scalar_violation_inf": 1.249000902703301e-16,
          "setup_seconds": 0.0004527279998001177,
          "solution_error_inf": 2.220446049250313e-16,
          "solve_seconds": 0.00058487,
          "status": "solved",
          "total_seconds": 0.00058487
        },
        "pdhcg_one_shot": {
          "control_violation_inf": 0.0,
          "dynamics_defect_inf": 1.6823865526538473e-06,
          "iterations": 800,
          "known_objective": -2.3388317074420653,
          "objective": -2.338831707286601,
          "objective_gap_abs": 1.5448398116291173e-10,
          "reported_dual_residual": 3.304224103349176e-07,
          "reported_primal_residual": 9.613637443765966e-07,
          "scalar_violation_inf": 1.6823865526503778e-06,
          "setup_seconds": 0.0,
          "solution_error_inf": 7.289518899153413e-06,
          "solve_seconds": 0.041278432,
          "status": "Solved (OPTIMAL)",
          "total_seconds": 0.061016143999950145
        }
      },
      "variables": 228
    },
    {
      "affine_cone_rows": 128,
      "control_constraint": "soc",
      "intervals": 32,
      "scalar_constraints": 136,
      "seed": 71,
      "solvers": {
        "clarabel": {
          "control_violation_inf": 0.0,
          "dynamics_defect_inf": 3.161360062620133e-14,
          "iterations": 5,
          "known_objective": -2.3388317074420653,
          "objective": -2.3388317074420653,
          "objective_gap_abs": 1.3322676295501878e-15,
          "reported_dual_residual": 1.501490218466953e-14,
          "reported_primal_residual": 1.745884344998231e-10,
          "scalar_violation_inf": 3.161837111576027e-14,
          "setup_seconds": 0.0004354519996923045,
          "solution_error_inf": 1.8636621634815498e-08,
          "solve_seconds": 0.000875497,
          "status": "Solved",
          "total_seconds": 0.000875497
        },
        "pdhcg_one_shot": {
          "control_violation_inf": 0.0,
          "dynamics_defect_inf": 4.1411504766997176e-08,
          "iterations": 1100,
          "known_objective": -2.3388317074420653,
          "objective": -2.338831707439471,
          "objective_gap_abs": 4.702904732312163e-13,
          "reported_dual_residual": 3.3150636699199515e-07,
          "reported_primal_residual": 2.3663717005317648e-08,
          "scalar_violation_inf": 4.141150476309405e-08,
          "setup_seconds": 0.0,
          "solution_error_inf": 5.855163134338426e-07,
          "solve_seconds": 0.06654305,
          "status": "Solved (OPTIMAL)",
          "total_seconds": 0.08892723999997543
        }
      },
      "variables": 228
    }
  ],
  "include_pdhcg": true,
  "pdhcg_version": "0.3.0",
  "suite": "trajectory-banded exact-optimum correctness",
  "tolerance": 1e-06
}
