{
  "cases": [
    {
      "affine_cone_rows": 0,
      "control_constraint": "box",
      "intervals": 128,
      "scalar_constraints": 904,
      "seed": 17,
      "solvers": {
        "clarabel": {
          "control_violation_inf": 0.0,
          "dynamics_defect_inf": 2.067790383364354e-15,
          "iterations": 6,
          "known_objective": -11.060806069192381,
          "objective": -11.060806069192369,
          "objective_gap_abs": 0.0,
          "reported_dual_residual": 6.2474655398258516e-15,
          "reported_primal_residual": 9.445069414500579e-12,
          "scalar_violation_inf": 2.067790383364354e-15,
          "setup_seconds": 0.001896029999898019,
          "solution_error_inf": 7.851270744652084e-09,
          "solve_seconds": 0.003812095,
          "status": "Solved",
          "total_seconds": 0.003812095
        },
        "osqp": {
          "control_violation_inf": 0.0,
          "dynamics_defect_inf": 2.220446049250313e-16,
          "iterations": 50,
          "known_objective": -11.060806069192381,
          "objective": -11.060806069192385,
          "objective_gap_abs": 3.552713678800501e-15,
          "reported_dual_residual": 2.0700190987264517e-16,
          "reported_primal_residual": 7.51519871607009e-17,
          "scalar_violation_inf": 1.9038590148845458e-16,
          "setup_seconds": 0.0014109660000940494,
          "solution_error_inf": 2.220446049250313e-16,
          "solve_seconds": 0.002435511,
          "status": "solved",
          "total_seconds": 0.002435511
        },
        "pdhcg_one_shot": {
          "control_violation_inf": 0.0,
          "dynamics_defect_inf": 6.683413161095997e-07,
          "iterations": 810,
          "known_objective": -11.060806069192381,
          "objective": -11.060806069178573,
          "objective_gap_abs": 9.487521879236738e-12,
          "reported_dual_residual": 3.119532795855796e-07,
          "reported_primal_residual": 3.2342764069405683e-07,
          "scalar_violation_inf": 6.683413161095997e-07,
          "setup_seconds": 0.0,
          "solution_error_inf": 2.093694708167615e-06,
          "solve_seconds": 0.042909728,
          "status": "Solved (OPTIMAL)",
          "total_seconds": 0.3205064329999914
        }
      },
      "variables": 900
    },
    {
      "affine_cone_rows": 512,
      "control_constraint": "soc",
      "intervals": 128,
      "scalar_constraints": 520,
      "seed": 17,
      "solvers": {
        "clarabel": {
          "control_violation_inf": 0.0,
          "dynamics_defect_inf": 3.7768399518967044e-14,
          "iterations": 5,
          "known_objective": -11.060806069192381,
          "objective": -11.060806069192283,
          "objective_gap_abs": 8.526512829121202e-14,
          "reported_dual_residual": 1.4197126754426374e-13,
          "reported_primal_residual": 2.884976869160272e-10,
          "scalar_violation_inf": 3.7768399518967044e-14,
          "setup_seconds": 0.0018511779999244027,
          "solution_error_inf": 2.947358958560464e-07,
          "solve_seconds": 0.003546724,
          "status": "Solved",
          "total_seconds": 0.003546724
        },
        "pdhcg_one_shot": {
          "control_violation_inf": 0.0,
          "dynamics_defect_inf": 1.7428752032630501e-06,
          "iterations": 820,
          "known_objective": -11.060806069192381,
          "objective": -11.06080606911802,
          "objective_gap_abs": 6.45083986228201e-11,
          "reported_dual_residual": 7.40410065151019e-07,
          "reported_primal_residual": 8.434223673390662e-07,
          "scalar_violation_inf": 1.7428752032665196e-06,
          "setup_seconds": 0.0,
          "solution_error_inf": 8.16892555555171e-06,
          "solve_seconds": 0.052457472,
          "status": "Solved (OPTIMAL)",
          "total_seconds": 0.07871862699994381
        }
      },
      "variables": 900
    },
    {
      "affine_cone_rows": 0,
      "control_constraint": "box",
      "intervals": 128,
      "scalar_constraints": 904,
      "seed": 29,
      "solvers": {
        "clarabel": {
          "control_violation_inf": 0.0,
          "dynamics_defect_inf": 3.5665914666083154e-14,
          "iterations": 5,
          "known_objective": -10.909184473410578,
          "objective": -10.90918447341055,
          "objective_gap_abs": 1.5987211554602254e-14,
          "reported_dual_residual": 3.486011727299355e-14,
          "reported_primal_residual": 3.1655448598854414e-10,
          "scalar_violation_inf": 3.5658975772179247e-14,
          "setup_seconds": 0.0015190530002655578,
          "solution_error_inf": 8.393830175368322e-08,
          "solve_seconds": 0.00307083,
          "status": "Solved",
          "total_seconds": 0.00307083
        },
        "osqp": {
          "control_violation_inf": 0.0,
          "dynamics_defect_inf": 1.942890293094024e-16,
          "iterations": 50,
          "known_objective": -10.909184473410578,
          "objective": -10.90918447341057,
          "objective_gap_abs": 0.0,
          "reported_dual_residual": 2.017959940482562e-16,
          "reported_primal_residual": 6.60732886402784e-17,
          "scalar_violation_inf": 2.0816681711721685e-16,
          "setup_seconds": 0.001004142000056163,
          "solution_error_inf": 2.7755575615628914e-16,
          "solve_seconds": 0.002259873,
          "status": "solved",
          "total_seconds": 0.002259873
        },
        "pdhcg_one_shot": {
          "control_violation_inf": 0.0,
          "dynamics_defect_inf": 4.721533960749813e-07,
          "iterations": 910,
          "known_objective": -10.909184473410578,
          "objective": -10.90918447339475,
          "objective_gap_abs": 1.1587175663407834e-11,
          "reported_dual_residual": 9.341247131526036e-07,
          "reported_primal_residual": 2.6980194061300403e-07,
          "scalar_violation_inf": 4.721533960706445e-07,
          "setup_seconds": 0.0,
          "solution_error_inf": 2.2515896211383613e-06,
          "solve_seconds": 0.047255324,
          "status": "Solved (OPTIMAL)",
          "total_seconds": 0.07874730799994722
        }
      },
      "variables": 900
    },
    {
      "affine_cone_rows": 512,
      "control_constraint": "soc",
      "intervals": 128,
      "scalar_constraints": 520,
      "seed": 29,
      "solvers": {
        "clarabel": {
          "control_violation_inf": 0.0,
          "dynamics_defect_inf": 1.534883331544279e-14,
          "iterations": 5,
          "known_objective": -10.909184473410578,
          "objective": -10.909184473410598,
          "objective_gap_abs": 3.552713678800501e-15,
          "reported_dual_residual": 1.6069702444023725e-14,
          "reported_primal_residual": 2.056761352694665e-10,
          "scalar_violation_inf": 1.535100171978776e-14,
          "setup_seconds": 0.0016024659998947755,
          "solution_error_inf": 2.671695165101795e-08,
          "solve_seconds": 0.003293959,
          "status": "Solved",
          "total_seconds": 0.003293959
        },
        "pdhcg_one_shot": {
          "control_violation_inf": 0.0,
          "dynamics_defect_inf": 1.3614771301184714e-06,
          "iterations": 830,
          "known_objective": -10.909184473410578,
          "objective": -10.909184473304373,
          "objective_gap_abs": 9.6484598088864e-11,
          "reported_dual_residual": 7.613888983833601e-07,
          "reported_primal_residual": 7.779869314961659e-07,
          "scalar_violation_inf": 1.3614771301141346e-06,
          "setup_seconds": 0.0,
          "solution_error_inf": 5.427362622142939e-06,
          "solve_seconds": 0.052891959,
          "status": "Solved (OPTIMAL)",
          "total_seconds": 0.08958471500000087
        }
      },
      "variables": 900
    },
    {
      "affine_cone_rows": 0,
      "control_constraint": "box",
      "intervals": 128,
      "scalar_constraints": 904,
      "seed": 41,
      "solvers": {
        "clarabel": {
          "control_violation_inf": 0.0,
          "dynamics_defect_inf": 7.949196856316121e-14,
          "iterations": 5,
          "known_objective": -12.002502088629925,
          "objective": -12.002502088629754,
          "objective_gap_abs": 1.509903313490213e-13,
          "reported_dual_residual": 1.222894329083275e-13,
          "reported_primal_residual": 8.44247663946454e-10,
          "scalar_violation_inf": 7.950584635096902e-14,
          "setup_seconds": 0.001532594000309473,
          "solution_error_inf": 1.7594344553506502e-07,
          "solve_seconds": 0.003106909,
          "status": "Solved",
          "total_seconds": 0.003106909
        },
        "osqp": {
          "control_violation_inf": 0.0,
          "dynamics_defect_inf": 1.3877787807814457e-16,
          "iterations": 50,
          "known_objective": -12.002502088629925,
          "objective": -12.002502088629923,
          "objective_gap_abs": 1.7763568394002505e-15,
          "reported_dual_residual": 2.1099524909624722e-16,
          "reported_primal_residual": 6.938893903907228e-17,
          "scalar_violation_inf": 1.6653345369377348e-16,
          "setup_seconds": 0.0009665499997026927,
          "solution_error_inf": 2.220446049250313e-16,
          "solve_seconds": 0.002151789,
          "status": "solved",
          "total_seconds": 0.002151789
        },
        "pdhcg_one_shot": {
          "control_violation_inf": 0.0,
          "dynamics_defect_inf": 1.6939694705148112e-06,
          "iterations": 920,
          "known_objective": -12.002502088629925,
          "objective": -12.002502088467166,
          "objective_gap_abs": 1.5775292183661804e-10,
          "reported_dual_residual": 4.869721877102239e-07,
          "reported_primal_residual": 9.679825545795255e-07,
          "scalar_violation_inf": 1.6939694705148112e-06,
          "setup_seconds": 0.0,
          "solution_error_inf": 1.1504321312675106e-05,
          "solve_seconds": 0.047607664,
          "status": "Solved (OPTIMAL)",
          "total_seconds": 0.061063268999987486
        }
      },
      "variables": 900
    },
    {
      "affine_cone_rows": 512,
      "control_constraint": "soc",
      "intervals": 128,
      "scalar_constraints": 520,
      "seed": 41,
      "solvers": {
        "clarabel": {
          "control_violation_inf": 0.0,
          "dynamics_defect_inf": 2.456368441983159e-14,
          "iterations": 5,
          "known_objective": -12.002502088629925,
          "objective": -12.002502088629916,
          "objective_gap_abs": 2.1316282072803006e-14,
          "reported_dual_residual": 4.558197446554677e-14,
          "reported_primal_residual": 2.3204767266923088e-10,
          "scalar_violation_inf": 2.4549806632023774e-14,
          "setup_seconds": 0.001558711999678053,
          "solution_error_inf": 5.302107677906953e-08,
          "solve_seconds": 0.00324332,
          "status": "Solved",
          "total_seconds": 0.00324332
        },
        "pdhcg_one_shot": {
          "control_violation_inf": 0.0,
          "dynamics_defect_inf": 1.6718435001880638e-06,
          "iterations": 950,
          "known_objective": -12.002502088629925,
          "objective": -12.002502088462762,
          "objective_gap_abs": 1.5571188782814716e-10,
          "reported_dual_residual": 2.401234210705773e-07,
          "reported_primal_residual": 9.55339142963621e-07,
          "scalar_violation_inf": 1.6718435001950027e-06,
          "setup_seconds": 0.0,
          "solution_error_inf": 1.1366202395316286e-05,
          "solve_seconds": 0.060125478,
          "status": "Solved (OPTIMAL)",
          "total_seconds": 0.07509284200023103
        }
      },
      "variables": 900
    },
    {
      "affine_cone_rows": 0,
      "control_constraint": "box",
      "intervals": 128,
      "scalar_constraints": 904,
      "seed": 53,
      "solvers": {
        "clarabel": {
          "control_violation_inf": 0.0,
          "dynamics_defect_inf": 6.616929226765933e-14,
          "iterations": 5,
          "known_objective": -10.820660238567124,
          "objective": -10.820660238567092,
          "objective_gap_abs": 4.440892098500626e-14,
          "reported_dual_residual": 5.5985722286911946e-14,
          "reported_primal_residual": 5.275319316345153e-10,
          "scalar_violation_inf": 6.614500613899565e-14,
          "setup_seconds": 0.001479968999774428,
          "solution_error_inf": 8.672629897565898e-08,
          "solve_seconds": 0.003043011,
          "status": "Solved",
          "total_seconds": 0.003043011
        },
        "osqp": {
          "control_violation_inf": 0.0,
          "dynamics_defect_inf": 1.6653345369377348e-16,
          "iterations": 50,
          "known_objective": -10.820660238567124,
          "objective": -10.82066023856712,
          "objective_gap_abs": 1.7763568394002505e-15,
          "reported_dual_residual": 1.3164897099151458e-16,
          "reported_primal_residual": 5.558088194106657e-17,
          "scalar_violation_inf": 1.700029006457271e-16,
          "setup_seconds": 0.0009796620001907286,
          "solution_error_inf": 2.220446049250313e-16,
          "solve_seconds": 0.002186493,
          "status": "solved",
          "total_seconds": 0.002186493
        },
        "pdhcg_one_shot": {
          "control_violation_inf": 0.0,
          "dynamics_defect_inf": 6.061994505812685e-07,
          "iterations": 840,
          "known_objective": -10.820660238567124,
          "objective": -10.820660238555318,
          "objective_gap_abs": 7.30437932361383e-12,
          "reported_dual_residual": 9.341992165668559e-07,
          "reported_primal_residual": 3.463996860406893e-07,
          "scalar_violation_inf": 6.061994505639212e-07,
          "setup_seconds": 0.0,
          "solution_error_inf": 1.4926928435660125e-06,
          "solve_seconds": 0.043711549,
          "status": "Solved (OPTIMAL)",
          "total_seconds": 0.06415846800018699
        }
      },
      "variables": 900
    },
    {
      "affine_cone_rows": 512,
      "control_constraint": "soc",
      "intervals": 128,
      "scalar_constraints": 520,
      "seed": 53,
      "solvers": {
        "clarabel": {
          "control_violation_inf": 0.0,
          "dynamics_defect_inf": 1.8818280267396403e-14,
          "iterations": 5,
          "known_objective": -10.820660238567124,
          "objective": -10.820660238567115,
          "objective_gap_abs": 5.329070518200751e-15,
          "reported_dual_residual": 1.6511119752769643e-14,
          "reported_primal_residual": 1.8570353221865267e-10,
          "scalar_violation_inf": 1.880440247958859e-14,
          "setup_seconds": 0.0015945160002956982,
          "solution_error_inf": 2.4770057172052162e-08,
          "solve_seconds": 0.003269177,
          "status": "Solved",
          "total_seconds": 0.003269177
        },
        "pdhcg_one_shot": {
          "control_violation_inf": 0.0,
          "dynamics_defect_inf": 1.1015346766327094e-06,
          "iterations": 840,
          "known_objective": -10.820660238567124,
          "objective": -10.820660238523361,
          "objective_gap_abs": 3.346833921114012e-11,
          "reported_dual_residual": 8.304647347899773e-07,
          "reported_primal_residual": 6.294483866304009e-07,
          "scalar_violation_inf": 1.101534676629782e-06,
          "setup_seconds": 0.0,
          "solution_error_inf": 3.701465957156591e-06,
          "solve_seconds": 0.053284675,
          "status": "Solved (OPTIMAL)",
          "total_seconds": 0.07080999599975257
        }
      },
      "variables": 900
    },
    {
      "affine_cone_rows": 0,
      "control_constraint": "box",
      "intervals": 128,
      "scalar_constraints": 904,
      "seed": 71,
      "solvers": {
        "clarabel": {
          "control_violation_inf": 0.0,
          "dynamics_defect_inf": 5.748179709996748e-14,
          "iterations": 5,
          "known_objective": -10.213883649791697,
          "objective": -10.213883649791489,
          "objective_gap_abs": 1.9539925233402755e-13,
          "reported_dual_residual": 1.757620869449195e-13,
          "reported_primal_residual": 4.796719171361918e-10,
          "scalar_violation_inf": 5.748179709996748e-14,
          "setup_seconds": 0.001525182000023051,
          "solution_error_inf": 2.6044032552796637e-07,
          "solve_seconds": 0.003047305,
          "status": "Solved",
          "total_seconds": 0.003047305
        },
        "osqp": {
          "control_violation_inf": 0.0,
          "dynamics_defect_inf": 1.6653345369377348e-16,
          "iterations": 50,
          "known_objective": -10.213883649791697,
          "objective": -10.2138836497917,
          "objective_gap_abs": 1.7763568394002505e-15,
          "reported_dual_residual": 1.4734686220704086e-16,
          "reported_primal_residual": 6.324157220624907e-17,
          "scalar_violation_inf": 1.8041124150158794e-16,
          "setup_seconds": 0.0010080659999402997,
          "solution_error_inf": 1.6653345369377348e-16,
          "solve_seconds": 0.0022211329999999997,
          "status": "solved",
          "total_seconds": 0.0022211329999999997
        },
        "pdhcg_one_shot": {
          "control_violation_inf": 0.0,
          "dynamics_defect_inf": 1.5754343271924542e-06,
          "iterations": 820,
          "known_objective": -10.213883649791697,
          "objective": -10.213883649267155,
          "objective_gap_abs": 5.205009756537038e-10,
          "reported_dual_residual": 2.474641011268413e-07,
          "reported_primal_residual": 9.002481869605933e-07,
          "scalar_violation_inf": 1.5754343271896353e-06,
          "setup_seconds": 0.0,
          "solution_error_inf": 1.7245358935560895e-05,
          "solve_seconds": 0.042576756,
          "status": "Solved (OPTIMAL)",
          "total_seconds": 0.06273344400005954
        }
      },
      "variables": 900
    },
    {
      "affine_cone_rows": 512,
      "control_constraint": "soc",
      "intervals": 128,
      "scalar_constraints": 520,
      "seed": 71,
      "solvers": {
        "clarabel": {
          "control_violation_inf": 0.0,
          "dynamics_defect_inf": 3.7664316110408436e-14,
          "iterations": 5,
          "known_objective": -10.213883649791697,
          "objective": -10.213883649791628,
          "objective_gap_abs": 6.394884621840902e-14,
          "reported_dual_residual": 9.039331595291729e-14,
          "reported_primal_residual": 3.0143759603425456e-10,
          "scalar_violation_inf": 3.7719827261639693e-14,
          "setup_seconds": 0.0015375919997495657,
          "solution_error_inf": 1.0043308157348108e-07,
          "solve_seconds": 0.003244516,
          "status": "Solved",
          "total_seconds": 0.003244516
        },
        "pdhcg_one_shot": {
          "control_violation_inf": 0.0,
          "dynamics_defect_inf": 9.77234150284327e-07,
          "iterations": 810,
          "known_objective": -10.213883649791697,
          "objective": -10.213883649704062,
          "objective_gap_abs": 7.839418003641185e-11,
          "reported_dual_residual": 2.1759404757903452e-07,
          "reported_primal_residual": 5.584195144462426e-07,
          "scalar_violation_inf": 9.772341502869292e-07,
          "setup_seconds": 0.0,
          "solution_error_inf": 6.9541057164668185e-06,
          "solve_seconds": 0.051458688,
          "status": "Solved (OPTIMAL)",
          "total_seconds": 0.06840331100011099
        }
      },
      "variables": 900
    }
  ],
  "include_pdhcg": true,
  "pdhcg_version": "0.3.0",
  "suite": "trajectory-banded exact-optimum correctness",
  "tolerance": 1e-06
}
