[1/1] Cleaning all built files...
Cleaning... 0 files.
[1/57] Building C object CMakeFiles/pdhcg_core.dir/src/presolve_wrapper.c.o
[2/57] Building C object CMakeFiles/pdhcg_core.dir/distributed/distributed_ops_stub.c.o
[3/57] Building C object CMakeFiles/pdhcg_core.dir/src/cone_utils.c.o
[4/57] Building C object CMakeFiles/pdhcg_core.dir/distributed/distributed_conic_stub.c.o
[5/57] Building C object CMakeFiles/pdhcg_core.dir/src/partition_utils.c.o
[6/57] Building C object CMakeFiles/pdhcg_core.dir/src/pdhcg.c.o
[7/57] Building C object CMakeFiles/pdhcg_core.dir/src/qcqp_transform.c.o
[8/57] Building C object CMakeFiles/pdhcg_core.dir/src/mps_parser.c.o
[9/57] Building C object CMakeFiles/pdhcg_core.dir/src/preconditioner.c.o
[10/57] Building C object CMakeFiles/pdhcg_core.dir/src/cbf_parser.c.o
[11/57] Building CUDA object CMakeFiles/pdhcg_core.dir/src/kernels/pdhcg_affine_cone_kernels.cu.o
nvcc warning : incompatible redefinition for option 'optimize', the last value of this option was used
[12/57] Building CUDA object CMakeFiles/pdhcg_core.dir/src/cone_dispatch.cu.o
nvcc warning : incompatible redefinition for option 'optimize', the last value of this option was used
[13/57] Building CUDA object CMakeFiles/pdhcg_core.dir/src/kernels/pdhcg_cone_common_kernels.cu.o
nvcc warning : incompatible redefinition for option 'optimize', the last value of this option was used
[14/57] Building CUDA object CMakeFiles/pdhcg_core.dir/src/kernels/pdhcg_kernels.cu.o
nvcc warning : incompatible redefinition for option 'optimize', the last value of this option was used
[15/57] Building CUDA object CMakeFiles/pdhcg_core.dir/src/kernels/pdhcg_psd_cone_kernels.cu.o
nvcc warning : incompatible redefinition for option 'optimize', the last value of this option was used
[16/57] Building CUDA object CMakeFiles/pdhcg_core.dir/src/kernels/pdhcg_exp_cone_kernels.cu.o
nvcc warning : incompatible redefinition for option 'optimize', the last value of this option was used
[17/57] Building CUDA object CMakeFiles/pdhcg_core.dir/src/pdhg_core_op.cu.o
nvcc warning : incompatible redefinition for option 'optimize', the last value of this option was used
[18/57] Building CUDA object CMakeFiles/pdhcg_core.dir/src/solver.cu.o
nvcc warning : incompatible redefinition for option 'optimize', the last value of this option was used
[19/57] Building C object CMakeFiles/PDHCG_shared.dir/src/cbf_parser.c.o
[20/57] Building CUDA object CMakeFiles/pdhcg_core.dir/src/permute.cu.o
nvcc warning : incompatible redefinition for option 'optimize', the last value of this option was used
[21/57] Building C object CMakeFiles/PDHCG_shared.dir/src/cone_utils.c.o
[22/57] Building CUDA object CMakeFiles/pdhcg_core.dir/src/solver_state.cu.o
nvcc warning : incompatible redefinition for option 'optimize', the last value of this option was used
[23/57] Building C object CMakeFiles/PDHCG_shared.dir/src/partition_utils.c.o
[24/57] Building CUDA object CMakeFiles/pdhcg_core.dir/src/spmv_backend.cu.o
nvcc warning : incompatible redefinition for option 'optimize', the last value of this option was used
[25/57] Building C object CMakeFiles/PDHCG_shared.dir/src/presolve_wrapper.c.o
[26/57] Building C object CMakeFiles/PDHCG_shared.dir/src/mps_parser.c.o
[27/57] Building C object CMakeFiles/PDHCG_shared.dir/distributed/distributed_ops_stub.c.o
[28/57] Building C object CMakeFiles/PDHCG_shared.dir/src/pdhcg.c.o
[29/57] Building C object CMakeFiles/PDHCG_shared.dir/distributed/distributed_conic_stub.c.o
[30/57] Building C object CMakeFiles/PDHCG_shared.dir/src/preconditioner.c.o
[31/57] Building C object CMakeFiles/PDHCG_shared.dir/src/qcqp_transform.c.o
[32/57] Building CUDA object CMakeFiles/pdhcg_core.dir/src/utils.cu.o
nvcc warning : incompatible redefinition for option 'optimize', the last value of this option was used
[33/57] Building CUDA object CMakeFiles/PDHCG_shared.dir/src/kernels/pdhcg_affine_cone_kernels.cu.o
nvcc warning : incompatible redefinition for option 'optimize', the last value of this option was used
[34/57] Building CUDA object CMakeFiles/pdhcg_core.dir/src/kernels/pdhcg_power_cone_kernels.cu.o
nvcc warning : incompatible redefinition for option 'optimize', the last value of this option was used
[35/57] Building CUDA object CMakeFiles/PDHCG_shared.dir/src/kernels/pdhcg_cone_common_kernels.cu.o
nvcc warning : incompatible redefinition for option 'optimize', the last value of this option was used
[36/57] Building CUDA object CMakeFiles/PDHCG_shared.dir/src/kernels/pdhcg_kernels.cu.o
nvcc warning : incompatible redefinition for option 'optimize', the last value of this option was used
[37/57] Building CUDA object CMakeFiles/PDHCG_shared.dir/src/cone_dispatch.cu.o
nvcc warning : incompatible redefinition for option 'optimize', the last value of this option was used
[38/57] Building CUDA object CMakeFiles/pdhcg_core.dir/src/kernels/pdhcg_soc_cone_kernels.cu.o
nvcc warning : incompatible redefinition for option 'optimize', the last value of this option was used
[39/57] Building CUDA object CMakeFiles/PDHCG_shared.dir/src/kernels/pdhcg_psd_cone_kernels.cu.o
nvcc warning : incompatible redefinition for option 'optimize', the last value of this option was used
[40/57] Building CUDA object CMakeFiles/PDHCG_shared.dir/src/pdhg_core_op.cu.o
nvcc warning : incompatible redefinition for option 'optimize', the last value of this option was used
[41/57] Building CUDA object CMakeFiles/PDHCG_shared.dir/src/kernels/pdhcg_exp_cone_kernels.cu.o
nvcc warning : incompatible redefinition for option 'optimize', the last value of this option was used
[42/57] Building CUDA object CMakeFiles/pdhcg_core.dir/src/kernels/pdhcg_rsoc_cone_kernels.cu.o
nvcc warning : incompatible redefinition for option 'optimize', the last value of this option was used
[43/57] Building CUDA object CMakeFiles/PDHCG_shared.dir/src/solver.cu.o
nvcc warning : incompatible redefinition for option 'optimize', the last value of this option was used
[44/57] Linking CUDA static library CMakeFiles/pdhcg_core.dir/cmake_device_link.o
[45/57] Linking CUDA static library libpdhcg_core.a
[46/57] Building C object CMakeFiles/PDHCG_cli.dir/src/cli.c.o
[47/57] Linking CUDA executable CMakeFiles/PDHCG_cli.dir/cmake_device_link.o
[48/57] Building CUDA object CMakeFiles/PDHCG_shared.dir/src/solver_state.cu.o
nvcc warning : incompatible redefinition for option 'optimize', the last value of this option was used
[49/57] Linking CUDA executable pdhcg
[50/57] Building CUDA object CMakeFiles/PDHCG_shared.dir/src/permute.cu.o
nvcc warning : incompatible redefinition for option 'optimize', the last value of this option was used
[51/57] Building CUDA object CMakeFiles/PDHCG_shared.dir/src/spmv_backend.cu.o
nvcc warning : incompatible redefinition for option 'optimize', the last value of this option was used
[52/57] Building CUDA object CMakeFiles/PDHCG_shared.dir/src/utils.cu.o
nvcc warning : incompatible redefinition for option 'optimize', the last value of this option was used
[53/57] Building CUDA object CMakeFiles/PDHCG_shared.dir/src/kernels/pdhcg_power_cone_kernels.cu.o
nvcc warning : incompatible redefinition for option 'optimize', the last value of this option was used
[54/57] Building CUDA object CMakeFiles/PDHCG_shared.dir/src/kernels/pdhcg_soc_cone_kernels.cu.o
nvcc warning : incompatible redefinition for option 'optimize', the last value of this option was used
[55/57] Building CUDA object CMakeFiles/PDHCG_shared.dir/src/kernels/pdhcg_rsoc_cone_kernels.cu.o
nvcc warning : incompatible redefinition for option 'optimize', the last value of this option was used
[56/57] Linking CUDA shared library CMakeFiles/PDHCG_shared.dir/cmake_device_link.o
[57/57] Linking CUDA shared library libpdhcg.so
