{
  "complete": true,
  "transfers": 8192,
  "seconds": {
    "gpu_roots_cpu_costs": [
      0.006703766994178295,
      0.006442319951020181,
      0.006317886000033468,
      0.006378281977958977,
      0.0063870110316202044,
      0.0063647019560448825
    ],
    "combined_gpu": [
      0.0035224800230935216,
      0.003391694976016879,
      0.003457136976066977,
      0.003339732007589191,
      0.0033753530005924404,
      0.0033550909720361233
    ]
  },
  "median_seconds": {
    "gpu_roots_cpu_costs": 0.006382646504789591,
    "combined_gpu": 0.0033835239883046597
  },
  "batches_per_call": {
    "combined_gpu": 1,
    "gpu_roots_cpu_costs": 2
  },
  "speedup": 1.8863902034835769,
  "runtime_sha256": "be875d73f83084612e15acdf29fdf25968dab7c3700e35b5ab711962f5111a81"
}
