[
  {
    "file": "/home/ubuntu/spacepdhcg-hops-followup-v190/repo/src/spacepdhcg/gtoc12/search.py",
    "line": 1178,
    "function": "run",
    "calls": 1,
    "self_seconds": 0.00037701200000000003,
    "cumulative_seconds": 3.2041484430000002
  },
  {
    "file": "/home/ubuntu/spacepdhcg-hops-followup-v190/repo/src/spacepdhcg/gtoc12/search.py",
    "line": 1902,
    "function": "_complete",
    "calls": 32,
    "self_seconds": 0.001035303,
    "cumulative_seconds": 1.9368188190000002
  },
  {
    "file": "/home/ubuntu/spacepdhcg-hops-followup-v190/repo/src/spacepdhcg/gtoc12/search.py",
    "line": 2077,
    "function": "_schedule",
    "calls": 232,
    "self_seconds": 0.007802176,
    "cumulative_seconds": 1.519765749
  },
  {
    "file": "/home/ubuntu/spacepdhcg-hops-followup-v190/repo/src/spacepdhcg/gtoc12/search.py",
    "line": 1106,
    "function": "_expand",
    "calls": 24,
    "self_seconds": 0.012260335,
    "cumulative_seconds": 1.2042282290000001
  },
  {
    "file": "/home/ubuntu/spacepdhcg-hops-followup-v190/repo/src/spacepdhcg/gtoc12/search.py",
    "line": 828,
    "function": "hops_from",
    "calls": 96,
    "self_seconds": 0.0006670970000000001,
    "cumulative_seconds": 1.1621847550000002
  },
  {
    "file": "/home/ubuntu/spacepdhcg-hops-followup-v190/repo/src/spacepdhcg/gtoc12/search.py",
    "line": 802,
    "function": "candidates",
    "calls": 77,
    "self_seconds": 0.0028018260000000003,
    "cumulative_seconds": 0.922708512
  },
  {
    "file": "/home/ubuntu/spacepdhcg-hops-followup-v190/repo/src/spacepdhcg/gtoc12/screening.py",
    "line": 204,
    "function": "lambert_hops",
    "calls": 371,
    "self_seconds": 0.000514122,
    "cumulative_seconds": 0.879187798
  },
  {
    "file": "/home/ubuntu/spacepdhcg-hops-followup-v190/repo/src/spacepdhcg/gtoc12/lambert.py",
    "line": 59,
    "function": "cuda_screen_hops",
    "calls": 371,
    "self_seconds": 0.001188847,
    "cumulative_seconds": 0.878673676
  },
  {
    "file": "/home/ubuntu/spacepdhcg-hops-followup-v190/repo/src/spacepdhcg/gtoc12/gpu_lambert.py",
    "line": 180,
    "function": "screen_hops",
    "calls": 371,
    "self_seconds": 0.8536078610000001,
    "cumulative_seconds": 0.8773738750000001
  },
  {
    "file": "/home/ubuntu/spacepdhcg-hops-followup-v190/repo/src/spacepdhcg/gtoc12/search.py",
    "line": 1869,
    "function": "_best_collect_hop",
    "calls": 272,
    "self_seconds": 0.071183891,
    "cumulative_seconds": 0.7888093660000001
  },
  {
    "file": "/home/ubuntu/spacepdhcg-hops-followup-v190/repo/src/spacepdhcg/gtoc12/search.py",
    "line": 1803,
    "function": "_return_options",
    "calls": 203,
    "self_seconds": 0.063710494,
    "cumulative_seconds": 0.6937087820000001
  },
  {
    "file": "/home/ubuntu/spacepdhcg-hops-followup-v190/repo/src/spacepdhcg/gtoc12/search.py",
    "line": 441,
    "function": "element_deviations",
    "calls": 89,
    "self_seconds": 0.433523618,
    "cumulative_seconds": 0.456912853
  },
  {
    "file": "/home/ubuntu/spacepdhcg-hops-followup-v190/repo/src/spacepdhcg/gtoc12/search.py",
    "line": 772,
    "function": "_feasible",
    "calls": 145400,
    "self_seconds": 0.08573224,
    "cumulative_seconds": 0.441966607
  },
  {
    "file": "/home/ubuntu/spacepdhcg-hops-followup-v190/repo/src/spacepdhcg/gtoc12/search.py",
    "line": 496,
    "function": "proxy_candidates",
    "calls": 77,
    "self_seconds": 0.001093399,
    "cumulative_seconds": 0.42921963900000004
  },
  {
    "file": "/home/ubuntu/spacepdhcg-hops-followup-v190/repo/src/spacepdhcg/gtoc12/proxies.py",
    "line": 27,
    "function": "phasing_edelbaum_proxy",
    "calls": 77,
    "self_seconds": 0.38034003200000005,
    "cumulative_seconds": 0.42795028700000004
  },
  {
    "file": "/home/ubuntu/spacepdhcg-hops-followup-v190/repo/src/spacepdhcg/gtoc12/search.py",
    "line": 466,
    "function": "positional_candidates",
    "calls": 77,
    "self_seconds": 0.0030597790000000003,
    "cumulative_seconds": 0.42567058900000004
  }
]
