0000000000097110 T _Z100__device_stub__ZN12gtoc12_fleet6finishENS_7ProblemEiPKhPKNS_3RowEPhP30spacepdhcg_gtoc12_fleet_reportRN12gtoc12_fleet7ProblemEiPKhPKNS_3RowEPhP30spacepdhcg_gtoc12_fleet_report
0000000000097620 T _Z112__device_stub__ZN12gtoc12_fleet16canonical_routesENS_6RoutesEPK30spacepdhcg_gtoc12_fleet_columnPKhPS1_PiS7_PdS8_RN12gtoc12_fleet6RoutesEPK30spacepdhcg_gtoc12_fleet_columnPKhPS2_PiS8_PdS9_
0000000000030810 T _Z114__device_stub__ZN11gtoc12_qoco7qualifyEPK16QocoReplayStatusPK15QocoAuditResultPKddP29spacepdhcg_gtoc12_qoco_reportPK16QocoReplayStatusPK15QocoAuditResultPKddP29spacepdhcg_gtoc12_qoco_report
0000000000096890 T _Z11beam_scores34spacepdhcg_orbitweaver_beam_configPK34spacepdhcg_orbitweaver_beam_targetPKdS4_mmmmPK33spacepdhcg_orbitweaver_hop_resultP16RankedBeamOptionPj
00000000000966d0 T _Z13beam_requests34spacepdhcg_orbitweaver_beam_configPK34spacepdhcg_orbitweaver_beam_targetPKdS4_mmmmP34spacepdhcg_orbitweaver_hop_request
0000000000096580 T _Z152__device_stub__Z13beam_requests34spacepdhcg_orbitweaver_beam_configPK34spacepdhcg_orbitweaver_beam_targetPKdS4_mmmmP34spacepdhcg_orbitweaver_hop_requestR34spacepdhcg_orbitweaver_beam_configPK34spacepdhcg_orbitweaver_beam_targetPKdS5_mmmmP34spacepdhcg_orbitweaver_hop_request
00000000000a7050 W _Z15earth_beam_hostI40spacepdhcg_orbitweaver_lambert_workspaceE22spacepdhcg_cuda_statusPT_PK34spacepdhcg_orbitweaver_beam_configPK34spacepdhcg_orbitweaver_beam_targetmPKdmSB_mmmP34spacepdhcg_orbitweaver_beam_optionmPm
0000000000096570 T _Z16pack_hop_optionsPK15RankedHopOptionPKiP33spacepdhcg_orbitweaver_hop_option
0000000000096710 T _Z171__device_stub__Z11beam_scores34spacepdhcg_orbitweaver_beam_configPK34spacepdhcg_orbitweaver_beam_targetPKdS4_mmmmPK33spacepdhcg_orbitweaver_hop_resultP16RankedBeamOptionPjR34spacepdhcg_orbitweaver_beam_configPK34spacepdhcg_orbitweaver_beam_targetPKdS5_mmmmPK33spacepdhcg_orbitweaver_hop_resultP16RankedBeamOptionPj
0000000000096470 T _Z17build_hop_optionsPK33spacepdhcg_orbitweaver_hop_resultPKdmmP15RankedHopOption
000000000006d7f0 T _Z18copy_native_reportP22spacepdhcg_native_qocoP29spacepdhcg_native_qoco_report22spacepdhcg_cuda_status
0000000000086350 T _Z18qoco_gpu_audit_runP12QocoGpuAuditPKdS2_S2_PdP11CUstream_stP15QocoAuditResult
000000000006fc90 T _Z19finish_native_solveP22spacepdhcg_native_qocoPK28spacepdhcg_cuda_scvx_problemP11CUstream_stPdS6_P29spacepdhcg_native_qoco_reportPF9cudaErrorPvPK16QocoReplayStatusPK15QocoAuditResultS5_ESA_biSE_bb
0000000000028840 T _Z19gtoc12_conic_rebindP23spacepdhcg_gtoc12_conicddPKdS2_S2_
0000000000036c50 T _Z19gtoc12_qoco_acquireiiiiddPKdS0_S0_diPP22spacepdhcg_gtoc12_qoco
0000000000032d30 T _Z19gtoc12_qoco_releaseP22spacepdhcg_gtoc12_qocob
000000000006daa0 T _Z20native_solver_valuesP22spacepdhcg_native_qocoP11CUstream_stPPKd
0000000000084430 T _Z20qoco_gpu_bound_typesiiPKdS0_S0_S0_PhP11CUstream_st
00000000000882f0 T _Z21qoco_gpu_audit_createRK14QocoAuditInputbP11CUstream_stPP12QocoGpuAudit
0000000000083b80 T _Z21qoco_gpu_audit_memoryPK12QocoGpuAudit
0000000000083570 T _Z21qoco_gpu_audit_originPK12QocoGpuAudit
00000000000828c0 T _Z21qoco_gpu_audit_updateP12QocoGpuAuditRK14QocoAuditInputP11CUstream_st
0000000000083070 T _Z21qoco_gpu_graph_recordP17QocoGraphProgressPK16QocoReplayStatusPK15QocoAuditResultPKimmP11CUstream_st
000000000006db70 T _Z21snapshot_qoco_problemP22spacepdhcg_native_qocoP11CUstream_st
0000000000083bb0 T _Z22qoco_gpu_audit_destroyP12QocoGpuAudit
000000000007c290 T _Z23native_qoco_create_implPK28spacepdhcg_cuda_scvx_problemP11CUstream_stiPP22spacepdhcg_native_qocodb
0000000000087e60 T _Z23qoco_gpu_conversion_runP17QocoGpuConversionRK20QocoConversionInputsPdPiP11CUstream_st
0000000000083b40 T _Z24qoco_gpu_audit_transfersPK12QocoGpuAudit
0000000000083be0 T _Z24qoco_gpu_topology_createRK17QocoTopologyInputP11CUstream_stPP15QocoGpuTopology
0000000000084350 T _Z24qoco_gpu_topology_memoryPK15QocoGpuTopology
0000000000085a60 T _Z25qoco_gpu_audit_run_deviceP12QocoGpuAuditPKdS2_S2_PdP11CUstream_stPPK15QocoAuditResult
00000000000834d0 T _Z25qoco_gpu_audit_set_originP12QocoGpuAuditPKdiP11CUstream_st
0000000000084380 T _Z25qoco_gpu_topology_destroyP15QocoGpuTopology
00000000000835b0 T _Z26qoco_gpu_audit_reconstructP12QocoGpuAuditPKdPdP11CUstream_st
0000000000084830 T _Z26qoco_gpu_conversion_createRK18QocoConversionPlanP11CUstream_stPP17QocoGpuConversion
0000000000085120 T _Z26qoco_gpu_conversion_memoryPK17QocoGpuConversion
00000000000850d0 T _Z26qoco_gpu_conversion_valuesPK17QocoGpuConversion
0000000000084240 T _Z26qoco_gpu_topology_validateP15QocoGpuTopologyRK17QocoTopologyInputP11CUstream_stPb
0000000000085150 T _Z27qoco_gpu_conversion_destroyP17QocoGpuConversion
0000000000084320 T _Z27qoco_gpu_topology_transfersPK15QocoGpuTopology
0000000000026400 T _Z28gtoc12_discretisation_rebindP32spacepdhcg_gtoc12_discretisationddPKd
00000000000839a0 T _Z28qoco_gpu_audit_device_resultPK12QocoGpuAudit
0000000000083270 T _Z28qoco_gpu_audit_enable_originP12QocoGpuAudit
0000000000083590 T _Z28qoco_gpu_audit_origin_offsetPK12QocoGpuAudit
0000000000086910 T _Z28qoco_gpu_audit_origin_valuesP12QocoGpuAuditPKdP11CUstream_stPS2_
00000000000839c0 T _Z28qoco_gpu_audit_replay_statusP12QocoGpuAuditPKiP11CUstream_stPPK16QocoReplayStatus
0000000000082de0 T _Z28qoco_gpu_audit_update_deviceP12QocoGpuAuditPKdP11CUstream_st
00000000000787c0 T _Z29native_qoco_update_solve_implP22spacepdhcg_native_qocoPK28spacepdhcg_cuda_scvx_problemP11CUstream_st31spacepdhcg_cuda_warm_start_modePdS7_P29spacepdhcg_native_qoco_reportPF9cudaErrorPvPK16QocoReplayStatusPK15QocoAuditResultS5_ESB_PKib
00000000000837b0 T _Z29qoco_gpu_audit_download_asyncP12QocoGpuAuditP11CUstream_stP15QocoAuditResult
0000000000083810 T _Z29qoco_gpu_audit_publish_statusP12QocoGpuAuditiiP11CUstream_stPPK16QocoReplayStatus
00000000000850f0 T _Z29qoco_gpu_conversion_transfersPK17QocoGpuConversion
000000000006e6b0 T _Z29spacepdhcg_native_qoco_acceptP22spacepdhcg_native_qocoP29spacepdhcg_native_qoco_report
000000000007eba0 T _Z29spacepdhcg_native_qoco_createPK28spacepdhcg_cuda_scvx_problemP11CUstream_stiPP22spacepdhcg_native_qoco
0000000000071b20 T _Z29spacepdhcg_native_qoco_finishP22spacepdhcg_native_qocoP11CUstream_stP29spacepdhcg_native_qoco_report
0000000000082be0 T _Z30qoco_gpu_audit_upload_solutionP12QocoGpuAuditPKdS2_S2_P11CUstream_stPS2_S5_S5_
00000000000876a0 T _Z30qoco_gpu_conversion_run_deviceP17QocoGpuConversionRK20QocoConversionInputsPKiP11CUstream_stPS5_
000000000006e9e0 T _Z30spacepdhcg_native_qoco_destroyP22spacepdhcg_native_qoco
000000000007b2e0 T _Z30spacepdhcg_native_qoco_enqueueP22spacepdhcg_native_qocoPK28spacepdhcg_cuda_scvx_problemP11CUstream_stPdS6_PF9cudaErrorPvPK16QocoReplayStatusPK15QocoAuditResultS5_ES8_PKi
0000000000030680 T _Z32spacepdhcg_gtoc12_qoco_end_graphP22spacepdhcg_gtoc12_qocoP11CUstream_stP29spacepdhcg_gtoc12_qoco_report
0000000000098cf0 T _Z32spacepdhcg_joint_geometry_launchiiPK35spacepdhcg_orbitweaver_hop_elementsPKdS3_PK30spacepdhcg_gtoc12_joint_resultPK35spacepdhcg_gtoc12_joint_cached_costiP28spacepdhcg_gtoc12_joint_costP34spacepdhcg_orbitweaver_hop_requestP33spacepdhcg_orbitweaver_hop_resultP38spacepdhcg_gtoc12_joint_geometry_statsP11CUstream_st
000000000006f1c0 T _Z32spacepdhcg_native_qoco_end_graphP22spacepdhcg_native_qocoP11CUstream_stP29spacepdhcg_native_qoco_report
0000000000084f40 T _Z33qoco_gpu_conversion_guard_numericP17QocoGpuConversionPKdP11CUstream_stPS2_
0000000000083ea0 T _Z33qoco_gpu_topology_validate_deviceP15QocoGpuTopologyRK17QocoTopologyInputP11CUstream_stPPKi
000000000002fd30 T _Z33spacepdhcg_gtoc12_qoco_emit_graphP22spacepdhcg_gtoc12_qocoP10CUgraph_stPKP14CUgraphNode_stmP11CUstream_stPKdSA_PK34spacepdhcg_gtoc12_conic_parametersPKiPFiPvPK29spacepdhcg_gtoc12_qoco_reportSA_SG_ESG_PS4_
000000000007b420 T _Z33spacepdhcg_native_qoco_emit_graphP22spacepdhcg_native_qocoPK28spacepdhcg_cuda_scvx_problemP10CUgraph_stPKP14CUgraphNode_stmP11CUstream_stPdSC_PKdiPKiPF9cudaErrorPvPK16QocoReplayStatusPK15QocoAuditResultSB_ESI_PS7_
000000000006ee90 T _Z33spacepdhcg_native_qoco_set_originP22spacepdhcg_native_qocoPKdiP11CUstream_st
000000000002fc30 T _Z34spacepdhcg_gtoc12_qoco_begin_graphP22spacepdhcg_gtoc12_qocoP11CUstream_stPPK17QocoGraphProgress
000000000006f020 T _Z34spacepdhcg_native_qoco_begin_graphP22spacepdhcg_native_qocoP11CUstream_stPPK17QocoGraphProgress
000000000006ed90 T _Z34spacepdhcg_native_qoco_can_enqueuePK22spacepdhcg_native_qoco
000000000006eb40 T _Z34spacepdhcg_native_qoco_restart_legP22spacepdhcg_native_qoco
000000000007b2a0 T _Z35spacepdhcg_native_qoco_update_solveP22spacepdhcg_native_qocoPK28spacepdhcg_cuda_scvx_problemP11CUstream_st31spacepdhcg_cuda_warm_start_modePdS7_P29spacepdhcg_native_qoco_report
0000000000084dd0 T _Z36qoco_gpu_conversion_include_producerP17QocoGpuConversionPKiP11CUstream_st
0000000000054be0 T _Z37gtoc12_collection_options_copy_devicePK35spacepdhcg_gtoc12_collection_optioniP11CUstream_stPP36spacepdhcg_gtoc12_collection_options
000000000006e900 T _Z39spacepdhcg_native_qoco_reset_warm_stateP22spacepdhcg_native_qocob
0000000000084d70 T _Z40qoco_gpu_conversion_download_flags_asyncP17QocoGpuConversionP11CUstream_stPi
000000000007ebd0 T _Z40spacepdhcg_native_qoco_create_configuredPK28spacepdhcg_cuda_scvx_problemP11CUstream_stidbPP22spacepdhcg_native_qoco
000000000002fb50 T _Z45spacepdhcg_gtoc12_qoco_set_conditioning_retryP22spacepdhcg_gtoc12_qocoPKi
000000000006ea30 T _Z45spacepdhcg_native_qoco_set_conditioning_retryP22spacepdhcg_native_qocoPKi
000000000003a740 T _Z48__device_stub__ZN11gtoc12_seed8bracketsEPKdPKiPiPKdPKiPi
000000000007b280 T _Z49spacepdhcg_native_qoco_update_solve_with_consumerP22spacepdhcg_native_qocoPK28spacepdhcg_cuda_scvx_problemP11CUstream_stPdS6_P29spacepdhcg_native_qoco_reportPF9cudaErrorPvPK16QocoReplayStatusPK15QocoAuditResultS5_ESA_
000000000003a610 T _Z51__device_stub__ZN11gtoc12_seed8evaluateEPKdiS1_PdPiPKdiS0_PdPi
000000000007b220 T _Z52spacepdhcg_native_qoco_update_solve_with_input_guardP22spacepdhcg_native_qocoPK28spacepdhcg_cuda_scvx_problemP11CUstream_stPdS6_P29spacepdhcg_native_qoco_reportPF9cudaErrorPvPK16QocoReplayStatusPK15QocoAuditResultS5_ESA_PKi
00000000000977a0 T _Z54__device_stub__ZN12gtoc12_fleet15validate_totalsEPKdPiPKdPi
000000000003a980 T _Z56__device_stub__ZN11gtoc12_seed6chooseEPKNS_6BranchEPKdPiPKN11gtoc12_seed6BranchEPKdPi
00000000000969f0 T _Z60__device_stub__ZN12gtoc12_fleet12rank_columnsENS_7ProblemEPiRN12gtoc12_fleet7ProblemEPi
000000000003a840 T _Z63__device_stub__ZN11gtoc12_seed6refineEPKdiS1_S1_PKiPNS_6BranchEPKdiS0_S0_PKiPN11gtoc12_seed6BranchE
0000000000097530 T _Z65__device_stub__ZN12gtoc12_fleet15eligible_routesENS_6RoutesEPKiPhRN12gtoc12_fleet6RoutesEPKiPh
0000000000096ad0 T _Z66__device_stub__ZN12gtoc12_fleet4seedENS_7ProblemEPKiPKhPhPNS_3RowERN12gtoc12_fleet7ProblemEPKiPKhPhPNS_3RowE
0000000000097880 T _Z68__device_stub__ZN12gtoc12_fleet15route_conflictsENS_6RoutesEiPKiPhPiRN12gtoc12_fleet6RoutesEiPKiPhPi
0000000000097450 T _Z68__device_stub__ZN12gtoc12_fleet21provider_availabilityENS_6RoutesEPiRN12gtoc12_fleet6RoutesEPi
00000000000979b0 T _Z69__device_stub__ZN12gtoc12_fleet18requirement_countsENS_6RoutesEiPKiPiRN12gtoc12_fleet6RoutesEiPKiPi
0000000000097ac0 T _Z70__device_stub__ZN12gtoc12_fleet16map_requirementsENS_6RoutesEiPKiS2_PiRN12gtoc12_fleet6RoutesEiPKiS3_Pi
000000000003aa80 T _Z71__device_stub__ZN11gtoc12_seed6sampleEiPKdS1_PKNS_6BranchEPKiiidPdS7_PiiPKdS0_PKN11gtoc12_seed6BranchEPKiiidPdS7_Pi
0000000000097d50 T _Z71__device_stub__ZN12gtoc12_fleet16compact_topologyEiPKiPKhS3_S1_PiS1_S4_iPKiPKhS2_S0_PiS0_S3_
0000000000097bf0 T _Z74__device_stub__ZN12gtoc12_fleet15route_providersENS_6RoutesEiPKiS2_S2_PhPiRN12gtoc12_fleet6RoutesEiPKiS3_S3_PhPi
0000000000096f70 T _Z74__device_stub__ZN12gtoc12_fleet6searchENS_7ProblemEiimPhS1_S1_S1_PNS_3RowERN12gtoc12_fleet7ProblemEiimPhS2_S2_S2_PNS_3RowE
0000000000096c00 T _Z85__device_stub__ZN12gtoc12_fleet14start_exchangeENS_7ProblemEPhPNS_3RowEPNS_8ExchangeERN12gtoc12_fleet7ProblemEPhPNS_3RowEPNS_8ExchangeE
00000000000968e0 T _Z86__device_stub__Z9beam_packPK16RankedBeamOptionmP34spacepdhcg_orbitweaver_beam_optionPjPK16RankedBeamOptionmP34spacepdhcg_orbitweaver_beam_optionPj
000000000001f5b0 T _Z88__device_stub__ZN10spacepdhcg4cuda6detail28gather_scvx_candidate_kernelEPKdPKiS5_PdS6_mmPKdPKiS2_PdS3_mm
0000000000096e40 T _Z89__device_stub__ZN12gtoc12_fleet15accept_exchangeENS_7ProblemEPhPNS_3RowEPNS_8ExchangeEPKdRN12gtoc12_fleet7ProblemEPhPNS_3RowEPNS_8ExchangeEPKd
0000000000097280 T _Z90__device_stub__ZN12gtoc12_fleet12score_routesENS_6RoutesEP30spacepdhcg_gtoc12_fleet_columnRN12gtoc12_fleet6RoutesEP30spacepdhcg_gtoc12_fleet_column
0000000000096480 T _Z92__device_stub__Z16pack_hop_optionsPK15RankedHopOptionPKiP33spacepdhcg_orbitweaver_hop_optionPK15RankedHopOptionPKiP33spacepdhcg_orbitweaver_hop_option
0000000000097360 T _Z94__device_stub__ZN12gtoc12_fleet15sort_route_keysENS_6RoutesEP29spacepdhcg_gtoc12_fleet_eventPlRN12gtoc12_fleet6RoutesEP29spacepdhcg_gtoc12_fleet_eventPl
0000000000096d10 T _Z94__device_stub__ZN12gtoc12_fleet18evaluate_exchangesENS_7ProblemEPKhPKNS_3RowEPKNS_8ExchangeEPdRN12gtoc12_fleet7ProblemEPKhPKNS_3RowEPKNS_8ExchangeEPd
0000000000096350 T _Z95__device_stub__Z17build_hop_optionsPK33spacepdhcg_orbitweaver_hop_resultPKdmmP15RankedHopOptionPK33spacepdhcg_orbitweaver_hop_resultPKdmmP15RankedHopOption
00000000000969e0 T _Z9beam_packPK16RankedBeamOptionmP34spacepdhcg_orbitweaver_beam_optionPj
0000000001647600 u _ZGVZN3cub18CUB_200700_1200_NS10DeviceScan12ExclusiveSumIPiS3_iEE9cudaErrorPvRmT_T0_T1_P11CUstream_stE21__cub_nvtx3_func_attr
0000000001647650 u _ZGVZN3cub18CUB_200700_1200_NS10DeviceScan12ExclusiveSumIPiS3_iEE9cudaErrorPvRmT_T0_T1_P11CUstream_stE21__cub_nvtx3_func_name
0000000001647ee0 u _ZGVZN3cub18CUB_200700_1200_NS10DeviceScan12InclusiveSumIPiS3_iEE9cudaErrorPvRmT_T0_T1_P11CUstream_stE21__cub_nvtx3_func_attr
0000000001647f30 u _ZGVZN3cub18CUB_200700_1200_NS10DeviceScan12InclusiveSumIPiS3_iEE9cudaErrorPvRmT_T0_T1_P11CUstream_stE21__cub_nvtx3_func_name
0000000001647e80 u _ZGVZN3cub18CUB_200700_1200_NS12DeviceReduce3SumIPKdPdiEE9cudaErrorPvRmT_T0_T1_P11CUstream_stE21__cub_nvtx3_func_attr
0000000001647ed0 u _ZGVZN3cub18CUB_200700_1200_NS12DeviceReduce3SumIPKdPdiEE9cudaErrorPvRmT_T0_T1_P11CUstream_stE21__cub_nvtx3_func_name
0000000001647f40 u _ZGVZN3cub18CUB_200700_1200_NS12DeviceReduce3SumIPdS3_iEE9cudaErrorPvRmT_T0_T1_P11CUstream_stE21__cub_nvtx3_func_attr
0000000001647f90 u _ZGVZN3cub18CUB_200700_1200_NS12DeviceReduce3SumIPdS3_iEE9cudaErrorPvRmT_T0_T1_P11CUstream_stE21__cub_nvtx3_func_name
0000000001647dc0 u _ZGVZN3cub18CUB_200700_1200_NS12DeviceSelect2IfIP15RankedHopOptionS4_Pi14ValidHopOptionEE9cudaErrorPvRmT_T0_T1_iT2_P11CUstream_stE21__cub_nvtx3_func_attr
0000000001647e10 u _ZGVZN3cub18CUB_200700_1200_NS12DeviceSelect2IfIP15RankedHopOptionS4_Pi14ValidHopOptionEE9cudaErrorPvRmT_T0_T1_iT2_P11CUstream_stE21__cub_nvtx3_func_name
0000000001647e20 u _ZGVZN3cub18CUB_200700_1200_NS15DeviceMergeSort8SortKeysIP15RankedHopOptioni13HopOptionLessEE9cudaErrorPvRmT_T0_T1_P11CUstream_stE21__cub_nvtx3_func_attr
0000000001647e70 u _ZGVZN3cub18CUB_200700_1200_NS15DeviceMergeSort8SortKeysIP15RankedHopOptioni13HopOptionLessEE9cudaErrorPvRmT_T0_T1_P11CUstream_stE21__cub_nvtx3_func_name
0000000001647d70 u _ZGVZN3cub18CUB_200700_1200_NS15DeviceMergeSort8SortKeysIP16RankedBeamOptioni8BeamLessEE9cudaErrorPvRmT_T0_T1_P11CUstream_stE21__cub_nvtx3_func_attr
0000000001647db0 u _ZGVZN3cub18CUB_200700_1200_NS15DeviceMergeSort8SortKeysIP16RankedBeamOptioni8BeamLessEE9cudaErrorPvRmT_T0_T1_P11CUstream_stE21__cub_nvtx3_func_name
0000000001647660 u _ZGVZN3cub18CUB_200700_1200_NS15DeviceRadixSort9SortPairsIdiiEE9cudaErrorPvRmPKT_PS6_PKT0_PSA_T1_iiP11CUstream_stE21__cub_nvtx3_func_attr
00000000016476b0 u _ZGVZN3cub18CUB_200700_1200_NS15DeviceRadixSort9SortPairsIdiiEE9cudaErrorPvRmPKT_PS6_PKT0_PSA_T1_iiP11CUstream_stE21__cub_nvtx3_func_name
0000000001647d08 u _ZGVZN3cub18CUB_200700_1200_NS15DeviceRadixSort9SortPairsIiiiEE9cudaErrorPvRmPKT_PS6_PKT0_PSA_T1_iiP11CUstream_stE21__cub_nvtx3_func_attr
0000000001647d50 u _ZGVZN3cub18CUB_200700_1200_NS15DeviceRadixSort9SortPairsIiiiEE9cudaErrorPvRmPKT_PS6_PKT0_PSA_T1_iiP11CUstream_stE21__cub_nvtx3_func_name
0000000001647fb0 u _ZGVZN3cub18CUB_200700_1200_NS15DeviceRadixSort9SortPairsIyiiEE9cudaErrorPvRmPKT_PS6_PKT0_PSA_T1_iiP11CUstream_stE21__cub_nvtx3_func_attr
0000000001647ff0 u _ZGVZN3cub18CUB_200700_1200_NS15DeviceRadixSort9SortPairsIyiiEE9cudaErrorPvRmPKT_PS6_PKT0_PSA_T1_iiP11CUstream_stE21__cub_nvtx3_func_name
0000000001647ce0 u _ZGVZN3cub18CUB_200700_1200_NS22DeviceCountCachedValueEvE5count
00000000016476c0 u _ZGVZN3cub18CUB_200700_1200_NS26GetPerDeviceAttributeCacheINS0_18PtxVersionCacheTagEEERNS0_23PerDeviceAttributeCacheEvE5cache
00000000016475f0 u _ZGVZN5nvtx32v16domain3getIN3cub18CUB_200700_1200_NS6detail14NVTXCCCLDomainELi0EEERKS1_vE1d
00000000000c0a70 W _ZN10spacepdhcg4cuda12TimingEvents6createEv
00000000000c09c0 W _ZN10spacepdhcg4cuda16AllocationLedger7releaseEPvm
00000000000245b0 W _ZN10spacepdhcg4cuda6detail17hcw_replay_kernelILb1EEEvPKdS4_Pdm31spacepdhcg_cuda_dynamics_config
0000000000023880 W _ZN10spacepdhcg4cuda6detail19scvx_metrics_kernelILb1EEEvPKdS4_S4_S4_S4_S4_S4_PKimmmmiddd35spacepdhcg_cuda_scvx_numeric_updateS4_S4_S4_S6_S6_PNS1_11ScvxMetricsE
000000000001f6f0 T _ZN10spacepdhcg4cuda6detail28gather_scvx_candidate_kernelEPKdPKiS5_PdS6_mm
0000000000030930 T _ZN11gtoc12_qoco7qualifyEPK16QocoReplayStatusPK15QocoAuditResultPKddP29spacepdhcg_gtoc12_qoco_report
000000000003a250 T _ZN11gtoc12_seed3dotEPKdS1_
000000000003a2b0 T _ZN11gtoc12_seed4gridEi
000000000003aa70 T _ZN11gtoc12_seed6chooseEPKNS_6BranchEPKdPi
000000000003a970 T _ZN11gtoc12_seed6refineEPKdiS1_S1_PKiPNS_6BranchE
000000000003ac40 T _ZN11gtoc12_seed6sampleEiPKdS1_PKNS_6BranchEPKiiidPdS7_Pi
000000000003fb60 W _ZN11gtoc12_seed7Scratch6createEiPKdS2_P11CUstream_st
000000000003fec0 W _ZN11gtoc12_seed7Scratch6launchEiiidPdS1_P11CUstream_st
000000000003a270 T _ZN11gtoc12_seed7stumpffEdRdS0_
000000000003a830 T _ZN11gtoc12_seed8bracketsEPKdPKiPi
000000000003a2f0 T _ZN11gtoc12_seed8equationEdddddRdS0_
000000000003a730 T _ZN11gtoc12_seed8evaluateEPKdiS1_PdPi
000000000003a290 T _ZN11gtoc12_seed8geometryEPKdi
000000000003a2d0 T _ZN11gtoc12_seed8residualEdNS_8GeometryEdPd
00000000000898b0 W _ZN12QocoGpuAuditD1Ev
00000000000898b0 W _ZN12QocoGpuAuditD2Ev
000000000009eca0 T _ZN12gtoc12_fleet11init_routesERNS_9WorkspaceEiiPK30spacepdhcg_gtoc12_fleet_columnPKiPK29spacepdhcg_gtoc12_fleet_eventS6_PKlS6_S9_S6_PK28spacepdhcg_gtoc12_fleet_massPiSF_
0000000000096ab0 T _ZN12gtoc12_fleet12rank_columnsENS_7ProblemEPi
0000000000097340 T _ZN12gtoc12_fleet12score_routesENS_6RoutesEP30spacepdhcg_gtoc12_fleet_column
0000000000095ff0 T _ZN12gtoc12_fleet14route_conflictENS_6RoutesEii
0000000000096cf0 T _ZN12gtoc12_fleet14start_exchangeENS_7ProblemEPhPNS_3RowEPNS_8ExchangeE
0000000000096f40 T _ZN12gtoc12_fleet15accept_exchangeENS_7ProblemEPhPNS_3RowEPNS_8ExchangeEPKd
0000000000097600 T _ZN12gtoc12_fleet15eligible_routesENS_6RoutesEPKiPh
0000000000097980 T _ZN12gtoc12_fleet15route_conflictsENS_6RoutesEiPKiPhPi
0000000000097d20 T _ZN12gtoc12_fleet15route_providersENS_6RoutesEiPKiS2_S2_PhPi
0000000000097430 T _ZN12gtoc12_fleet15sort_route_keysENS_6RoutesEP29spacepdhcg_gtoc12_fleet_eventPl
0000000000097870 T _ZN12gtoc12_fleet15validate_totalsEPKdPi
0000000000097770 T _ZN12gtoc12_fleet16canonical_routesENS_6RoutesEPK30spacepdhcg_gtoc12_fleet_columnPKhPS1_PiS7_PdS8_
0000000000097ec0 T _ZN12gtoc12_fleet16compact_topologyEiPKiPKhS3_S1_PiS1_S4_
0000000000097bc0 T _ZN12gtoc12_fleet16map_requirementsENS_6RoutesEiPKiS2_Pi
0000000000095e60 T _ZN12gtoc12_fleet17exchange_containsEiPKhii
0000000000095e80 T _ZN12gtoc12_fleet17exchange_suppliedENS_7ProblemEiPKhii
0000000000096e10 T _ZN12gtoc12_fleet18evaluate_exchangesENS_7ProblemEPKhPKNS_3RowEPKNS_8ExchangeEPd
0000000000097aa0 T _ZN12gtoc12_fleet18requirement_countsENS_6RoutesEiPKiPi
0000000000097510 T _ZN12gtoc12_fleet21provider_availabilityENS_6RoutesEPi
0000000000095e00 T _ZN12gtoc12_fleet4copyEiPhPKh
0000000000095e20 T _ZN12gtoc12_fleet4markERKNS_7ProblemEiPhi
0000000000096bd0 T _ZN12gtoc12_fleet4seedENS_7ProblemEPKiPKhPhPNS_3RowE
00000000000a8220 W _ZN12gtoc12_fleet6Memory5allocI30spacepdhcg_gtoc12_fleet_columnEEbRPT_m
00000000000a82c0 W _ZN12gtoc12_fleet6Memory5allocIdEEbRPT_m
00000000000a8180 W _ZN12gtoc12_fleet6Memory5allocIhEEbRPT_m
00000000000a8360 W _ZN12gtoc12_fleet6Memory5allocIiEEbRPT_m
00000000000a8400 W _ZN12gtoc12_fleet6Memory5inputIiEEbRPT_PKS2_m
00000000000a25a0 W _ZN12gtoc12_fleet6MemoryD1Ev
00000000000a25a0 W _ZN12gtoc12_fleet6MemoryD2Ev
0000000000097220 T _ZN12gtoc12_fleet6finishENS_7ProblemEiPKhPKNS_3RowEPhP30spacepdhcg_gtoc12_fleet_report
00000000000970d0 T _ZN12gtoc12_fleet6searchENS_7ProblemEiimPhS1_S1_S1_PNS_3RowE
0000000000095e40 T _ZN12gtoc12_fleet7lighterENS_6VictimES0_
0000000000095de0 T _ZN12gtoc12_fleet8feasibleERKNS_7ProblemEPKhRiRdS6_
0000000000095dc0 T _ZN12gtoc12_fleet8suppliedERKNS_7ProblemEiPKh
00000000000a87f0 W _ZN12gtoc12_fleet9Workspace4initEiiPK30spacepdhcg_gtoc12_fleet_columnPKiS5_S5_S5_S5_
00000000000a26e0 W _ZN12gtoc12_fleet9Workspace5solveEimPKhPhP30spacepdhcg_gtoc12_fleet_reportiP39spacepdhcg_gtoc12_fleet_exchange_report
00000000000a84e0 W _ZN12gtoc12_fleet9Workspace7buffersEii
0000000000095da0 T _ZN12gtoc12_fleet9conflictsERKNS_7ProblemEiPKh
000000000007ec00 W _ZN22spacepdhcg_native_qocoD1Ev
000000000007ec00 W _ZN22spacepdhcg_native_qocoD2Ev
00000000000c0aa0 W _ZN25spacepdhcg_cuda_workspaceD1Ev
00000000000c0aa0 W _ZN25spacepdhcg_cuda_workspaceD2Ev
000000000004b7a0 W _ZN3cub18CUB_200700_1200_NS10DeviceScan12ExclusiveSumIPiS3_iEE9cudaErrorPvRmT_T0_T1_P11CUstream_st
00000000000a8dc0 W _ZN3cub18CUB_200700_1200_NS10DeviceScan12InclusiveSumIPiS3_iEE9cudaErrorPvRmT_T0_T1_P11CUstream_st
00000000000a2240 W _ZN3cub18CUB_200700_1200_NS10PtxVersionERii
00000000000a2ef0 W _ZN3cub18CUB_200700_1200_NS12DeviceReduce3SumIPKdPdiEE9cudaErrorPvRmT_T0_T1_P11CUstream_st
00000000000a21d0 W _ZN3cub18CUB_200700_1200_NS13CurrentDeviceEv
00000000000a4b10 W _ZN3cub18CUB_200700_1200_NS15DeviceMergeSort14SortKeysNoNVTXIP16RankedBeamOptioni8BeamLessEE9cudaErrorPvRmT_T0_T1_P11CUstream_st
00000000000a6d40 W _ZN3cub18CUB_200700_1200_NS15DeviceMergeSort8SortKeysIP16RankedBeamOptioni8BeamLessEE9cudaErrorPvRmT_T0_T1_P11CUstream_st
000000000004d890 W _ZN3cub18CUB_200700_1200_NS15DeviceRadixSort9SortPairsIdiiEE9cudaErrorPvRmPKT_PS6_PKT0_PSA_T1_iiP11CUstream_st
0000000000089ec0 W _ZN3cub18CUB_200700_1200_NS15DeviceRadixSort9SortPairsIiiiEE9cudaErrorPvRmPKT_PS6_PKT0_PSA_T1_iiP11CUstream_st
00000000000c17d0 W _ZN3cub18CUB_200700_1200_NS15DeviceRadixSort9SortPairsIyiiEE9cudaErrorPvRmPKT_PS6_PKT0_PSA_T1_iiP11CUstream_st
000000000004d7c0 W _ZN3cub18CUB_200700_1200_NS17DispatchRadixSortILb0EdijNS0_21DeviceRadixSortPolicyIdijEENS0_6detail21identity_decomposer_tEE10PassConfigIPFvPKdPjjiiNS0_13GridEvenShareIjEES5_EPFvSA_iEPFvS9_PdPKiPiSA_jiiSC_S5_EEC1Ev
000000000004d7c0 W _ZN3cub18CUB_200700_1200_NS17DispatchRadixSortILb0EdijNS0_21DeviceRadixSortPolicyIdijEENS0_6detail21identity_decomposer_tEE10PassConfigIPFvPKdPjjiiNS0_13GridEvenShareIjEES5_EPFvSA_iEPFvS9_PdPKiPiSA_jiiSC_S5_EEC2Ev
0000000000089e20 W _ZN3cub18CUB_200700_1200_NS17DispatchRadixSortILb0EiijNS0_21DeviceRadixSortPolicyIiijEENS0_6detail21identity_decomposer_tEE10PassConfigIPFvPKiPjjiiNS0_13GridEvenShareIjEES5_EPFvSA_iEPFvS9_PiS9_SH_SA_jiiSC_S5_EEC1Ev
0000000000089e20 W _ZN3cub18CUB_200700_1200_NS17DispatchRadixSortILb0EiijNS0_21DeviceRadixSortPolicyIiijEENS0_6detail21identity_decomposer_tEE10PassConfigIPFvPKiPjjiiNS0_13GridEvenShareIjEES5_EPFvSA_iEPFvS9_PiS9_SH_SA_jiiSC_S5_EEC2Ev
00000000000c1730 W _ZN3cub18CUB_200700_1200_NS17DispatchRadixSortILb0EyijNS0_21DeviceRadixSortPolicyIyijEENS0_6detail21identity_decomposer_tEE10PassConfigIPFvPKyPjjiiNS0_13GridEvenShareIjEES5_EPFvSA_iEPFvS9_PyPKiPiSA_jiiSC_S5_EEC1Ev
00000000000c1730 W _ZN3cub18CUB_200700_1200_NS17DispatchRadixSortILb0EyijNS0_21DeviceRadixSortPolicyIyijEENS0_6detail21identity_decomposer_tEE10PassConfigIPFvPKyPjjiiNS0_13GridEvenShareIjEES5_EPFvSA_iEPFvS9_PyPKiPiSA_jiiSC_S5_EEC2Ev
000000000004b580 W _ZN3cub18CUB_200700_1200_NS6detail6HasUVAERb
00000000000a4a20 W _ZN40spacepdhcg_orbitweaver_lambert_workspaceD1Ev
00000000000a4a20 W _ZN40spacepdhcg_orbitweaver_lambert_workspaceD2Ev
00000000000444e0 W _ZN4cuda3__410cuda_errorD0Ev
00000000000444c0 W _ZN4cuda3__410cuda_errorD1Ev
00000000000444c0 W _ZN4cuda3__410cuda_errorD2Ev
000000000004b540 W _ZN4cuda3__423__ensure_current_deviceD1Ev
000000000004b540 W _ZN4cuda3__423__ensure_current_deviceD2Ev
00000000000cee2c u _ZN4cuda3std3__419piecewise_constructE
00000000000cee14 u _ZN4cuda3std3__420unreachable_sentinelE
00000000000cee2a u _ZN4cuda3std3__45__cpo3endE
00000000000cee28 u _ZN4cuda3std3__45__cpo4cendE
00000000000cee17 u _ZN4cuda3std3__45__cpo4rendE
00000000000cee2b u _ZN4cuda3std3__45__cpo5beginE
00000000000cee15 u _ZN4cuda3std3__45__cpo5crendE
00000000000cee29 u _ZN4cuda3std3__45__cpo6cbeginE
00000000000cee18 u _ZN4cuda3std3__45__cpo6rbeginE
00000000000cee16 u _ZN4cuda3std3__45__cpo7crbeginE
00000000000cee13 u _ZN4cuda3std3__47nulloptE
00000000000cee27 u _ZN4cuda3std3__48in_placeE
000000000004b630 W _ZN4cuda3std3__48optionalIN5nvtx32v115scoped_range_inIN3cub18CUB_200700_1200_NS6detail14NVTXCCCLDomainEEEED1Ev
000000000004b630 W _ZN4cuda3std3__48optionalIN5nvtx32v115scoped_range_inIN3cub18CUB_200700_1200_NS6detail14NVTXCCCLDomainEEEED2Ev
00000000000cee23 u _ZN4cuda3std6ranges3__45__cpo3endE
00000000000cee21 u _ZN4cuda3std6ranges3__45__cpo4cendE
00000000000cee1d u _ZN4cuda3std6ranges3__45__cpo4dataE
00000000000cee1f u _ZN4cuda3std6ranges3__45__cpo4nextE
00000000000cee1e u _ZN4cuda3std6ranges3__45__cpo4prevE
00000000000cee1b u _ZN4cuda3std6ranges3__45__cpo4sizeE
00000000000cee2e u _ZN4cuda3std6ranges3__45__cpo4swapE
00000000000cee24 u _ZN4cuda3std6ranges3__45__cpo5beginE
00000000000cee1c u _ZN4cuda3std6ranges3__45__cpo5cdataE
00000000000cee1a u _ZN4cuda3std6ranges3__45__cpo5ssizeE
00000000000cee22 u _ZN4cuda3std6ranges3__45__cpo6cbeginE
00000000000cee25 u _ZN4cuda3std6ranges3__45__cpo7advanceE
00000000000cee19 u _ZN4cuda3std6ranges3__45__cpo8distanceE
00000000000cee2d u _ZN4cuda3std6ranges3__45__cpo9iter_moveE
00000000000cee20 u _ZN4cuda3std6ranges3__45__cpo9iter_swapE
000000000004b6f0 W _ZN5nvtx32v115scoped_range_inIN3cub18CUB_200700_1200_NS6detail14NVTXCCCLDomainEED1Ev
000000000004b6f0 W _ZN5nvtx32v115scoped_range_inIN3cub18CUB_200700_1200_NS6detail14NVTXCCCLDomainEED2Ev
00000000000a48d0 W _ZN5nvtx32v120registered_string_inIN3cub18CUB_200700_1200_NS6detail14NVTXCCCLDomainEEC1EPKc
00000000000a48d0 W _ZN5nvtx32v120registered_string_inIN3cub18CUB_200700_1200_NS6detail14NVTXCCCLDomainEEC2EPKc
0000000001647100 B _ZN6dop8531AE
00000000016470a0 B _ZN6dop8531BE
0000000001647580 B _ZN6dop8531CE
0000000001647020 B _ZN6dop8532E3E
0000000001646fa0 B _ZN6dop8532E5E
0000000000080330 W _ZNSt10_HashtableImSt4pairIKmdESaIS2_ENSt8__detail10_Select1stESt8equal_toImESt4hashImENS4_18_Mod_range_hashingENS4_20_Default_ranged_hashENS4_20_Prime_rehash_policyENS4_17_Hashtable_traitsILb0ELb0ELb1EEEE9_M_rehashEmRS1_
000000000007f040 W _ZNSt10_HashtableImSt4pairIKmdESaIS2_ENSt8__detail10_Select1stESt8equal_toImESt4hashImENS4_18_Mod_range_hashingENS4_20_Default_ranged_hashENS4_20_Prime_rehash_policyENS4_17_Hashtable_traitsILb0ELb0ELb1EEEED1Ev
000000000007f040 W _ZNSt10_HashtableImSt4pairIKmdESaIS2_ENSt8__detail10_Select1stESt8equal_toImESt4hashImENS4_18_Mod_range_hashingENS4_20_Default_ranged_hashENS4_20_Prime_rehash_policyENS4_17_Hashtable_traitsILb0ELb0ELb1EEEED2Ev
0000000000080470 W _ZNSt10_HashtableImSt4pairIKmiESaIS2_ENSt8__detail10_Select1stESt8equal_toImESt4hashImENS4_18_Mod_range_hashingENS4_20_Default_ranged_hashENS4_20_Prime_rehash_policyENS4_17_Hashtable_traitsILb0ELb0ELb1EEEE9_M_rehashEmRS1_
00000000000a47e0 W _ZNSt10unique_ptrI11BeamScratchSt14default_deleteIS0_EED1Ev
00000000000a47e0 W _ZNSt10unique_ptrI11BeamScratchSt14default_deleteIS0_EED2Ev
00000000000a4780 W _ZNSt10unique_ptrI16HopOptionScratchSt14default_deleteIS0_EED1Ev
00000000000a4780 W _ZNSt10unique_ptrI16HopOptionScratchSt14default_deleteIS0_EED2Ev
00000000000a4850 W _ZNSt10unique_ptrI17HopGridCacheEntrySt14default_deleteIS0_EED1Ev
00000000000a4850 W _ZNSt10unique_ptrI17HopGridCacheEntrySt14default_deleteIS0_EED2Ev
00000000000a2da0 W _ZNSt10unique_ptrIN12gtoc12_fleet9WorkspaceESt14default_deleteIS1_EED1Ev
00000000000a2da0 W _ZNSt10unique_ptrIN12gtoc12_fleet9WorkspaceESt14default_deleteIS1_EED2Ev
000000000004b6c0 W _ZNSt11unique_lockISt5mutexE6unlockEv
00000000000801e0 W _ZNSt6vectorI18QocoConversionPairSaIS0_EE17_M_realloc_insertIJS0_EEEvN9__gnu_cxx17__normal_iteratorIPS0_S2_EEDpOT_
000000000007fdd0 W _ZNSt6vectorI18QocoConversionTermSaIS0_EE17_M_realloc_insertIJRKS0_EEEvN9__gnu_cxx17__normal_iteratorIPS0_S2_EEDpOT_
0000000000037600 W _ZNSt6vectorI31spacepdhcg_cuda_cone_descriptorSaIS0_EE17_M_realloc_insertIJS0_EEEvN9__gnu_cxx17__normal_iteratorIPS0_S2_EEDpOT_
00000000000c1090 W _ZNSt6vectorI34spacepdhcg_accelerator_buffer_viewSaIS0_EE17_M_realloc_insertIJRKS0_EEEvN9__gnu_cxx17__normal_iteratorIPS0_S2_EEDpOT_
00000000000c1210 W _ZNSt6vectorI34spacepdhcg_accelerator_buffer_viewSaIS0_EE9push_backERKS0_
00000000000c1260 W _ZNSt6vectorIN10spacepdhcg4cuda16AllocationRecordESaIS2_EE17_M_realloc_insertIJS2_EEEvN9__gnu_cxx17__normal_iteratorIPS2_S4_EEDpOT_
0000000000037770 W _ZNSt6vectorINSt7__cxx1112basic_stringIcSt11char_traitsIcESaIcEEESaIS5_EE17_M_realloc_insertIJS5_EEEvN9__gnu_cxx17__normal_iteratorIPS5_S7_EEDpOT_
0000000000037340 W _ZNSt6vectorIP22spacepdhcg_gtoc12_qocoSaIS1_EE17_M_realloc_insertIJRKS1_EEEvN9__gnu_cxx17__normal_iteratorIPS1_S3_EEDpOT_
0000000000060a40 W _ZNSt6vectorIPKfSaIS1_EE17_M_realloc_insertIJS1_EEEvN9__gnu_cxx17__normal_iteratorIPS1_S3_EEDpOT_
00000000000a8030 W _ZNSt6vectorIPvSaIS0_EE17_M_realloc_insertIJS0_EEEvN9__gnu_cxx17__normal_iteratorIPS0_S2_EEDpOT_
000000000007efc0 W _ZNSt6vectorIS_ISt4pairIidESaIS1_EESaIS3_EED1Ev
000000000007efc0 W _ZNSt6vectorIS_ISt4pairIidESaIS1_EESaIS3_EED2Ev
000000000007f0d0 W _ZNSt6vectorIS_ISt4pairIiiESaIS1_EESaIS3_EED1Ev
000000000007f0d0 W _ZNSt6vectorIS_ISt4pairIiiESaIS1_EESaIS3_EED2Ev
000000000007fc40 W _ZNSt6vectorISt4pairIiiESaIS1_EE17_M_realloc_insertIJRiS5_EEEvN9__gnu_cxx17__normal_iteratorIPS1_S3_EEDpOT_
000000000007f840 W _ZNSt6vectorIdSaIdEE14_M_fill_assignEmRKd
000000000007f6e0 W _ZNSt6vectorIdSaIdEE17_M_realloc_insertIJRKdEEEvN9__gnu_cxx17__normal_iteratorIPdS1_EEDpOT_
000000000007ff30 W _ZNSt6vectorIdSaIdEE17_M_realloc_insertIJdEEEvN9__gnu_cxx17__normal_iteratorIPdS1_EEDpOT_
000000000007f150 W _ZNSt6vectorIdSaIdEE6resizeEm
000000000007f330 W _ZNSt6vectorIdSaIdEEC1EmRKS0_
000000000007f330 W _ZNSt6vectorIdSaIdEEC2EmRKS0_
000000000007faa0 W _ZNSt6vectorIhSaIhEE17_M_default_appendEm
000000000007f410 W _ZNSt6vectorIiSaIiEE14_M_fill_assignEmRKi
000000000002d9c0 W _ZNSt6vectorIiSaIiEE17_M_default_appendEm
000000000002dba0 W _ZNSt6vectorIiSaIiEE17_M_realloc_insertIJRKiEEEvN9__gnu_cxx17__normal_iteratorIPiS1_EEDpOT_
0000000000080090 W _ZNSt6vectorIiSaIiEE17_M_realloc_insertIJiEEEvN9__gnu_cxx17__normal_iteratorIPiS1_EEDpOT_
00000000000c0eb0 W _ZNSt6vectorIiSaIiEEC1EmRKiRKS0_
00000000000c0eb0 W _ZNSt6vectorIiSaIiEEC2EmRKiRKS0_
00000000000a4970 W _ZNSt7__cxx1110_List_baseISt10unique_ptrI17HopGridCacheEntrySt14default_deleteIS2_EESaIS5_EE8_M_clearEv
0000000000037c90 W _ZNSt7__cxx1112basic_stringIcSt11char_traitsIcESaIcEE4swapERS4_
0000000000037b70 W _ZNSt7__cxx1112basic_stringIcSt11char_traitsIcESaIcEE9_M_assignERKS4_
00000000000379d0 W _ZNSt7__cxx1112basic_stringIcSt11char_traitsIcESaIcEE9_M_mutateEmmPKcm
00000000000c0ca0 W _ZNSt7__cxx1112basic_stringIcSt11char_traitsIcESaIcEEC1IS3_EEPKcRKS3_
00000000000c0ca0 W _ZNSt7__cxx1112basic_stringIcSt11char_traitsIcESaIcEEC2IS3_EEPKcRKS3_
00000000000c1600 W _ZStplIcSt11char_traitsIcESaIcEENSt7__cxx1112basic_stringIT_T0_T1_EEOS8_PKS5_
00000000016448f8 V _ZTIN4cuda3__410cuda_errorE
00000000000cedf0 V _ZTSN4cuda3__410cuda_errorE
0000000001644910 V _ZTVN4cuda3__410cuda_errorE
0000000001647620 u _ZZN3cub18CUB_200700_1200_NS10DeviceScan12ExclusiveSumIPiS3_iEE9cudaErrorPvRmT_T0_T1_P11CUstream_stE21__cub_nvtx3_func_attr
0000000001647658 u _ZZN3cub18CUB_200700_1200_NS10DeviceScan12ExclusiveSumIPiS3_iEE9cudaErrorPvRmT_T0_T1_P11CUstream_stE21__cub_nvtx3_func_name
0000000001647f00 u _ZZN3cub18CUB_200700_1200_NS10DeviceScan12InclusiveSumIPiS3_iEE9cudaErrorPvRmT_T0_T1_P11CUstream_stE21__cub_nvtx3_func_attr
0000000001647f38 u _ZZN3cub18CUB_200700_1200_NS10DeviceScan12InclusiveSumIPiS3_iEE9cudaErrorPvRmT_T0_T1_P11CUstream_stE21__cub_nvtx3_func_name
0000000001647ea0 u _ZZN3cub18CUB_200700_1200_NS12DeviceReduce3SumIPKdPdiEE9cudaErrorPvRmT_T0_T1_P11CUstream_stE21__cub_nvtx3_func_attr
0000000001647ed8 u _ZZN3cub18CUB_200700_1200_NS12DeviceReduce3SumIPKdPdiEE9cudaErrorPvRmT_T0_T1_P11CUstream_stE21__cub_nvtx3_func_name
0000000001647f60 u _ZZN3cub18CUB_200700_1200_NS12DeviceReduce3SumIPdS3_iEE9cudaErrorPvRmT_T0_T1_P11CUstream_stE21__cub_nvtx3_func_attr
0000000001647f98 u _ZZN3cub18CUB_200700_1200_NS12DeviceReduce3SumIPdS3_iEE9cudaErrorPvRmT_T0_T1_P11CUstream_stE21__cub_nvtx3_func_name
0000000001647de0 u _ZZN3cub18CUB_200700_1200_NS12DeviceSelect2IfIP15RankedHopOptionS4_Pi14ValidHopOptionEE9cudaErrorPvRmT_T0_T1_iT2_P11CUstream_stE21__cub_nvtx3_func_attr
0000000001647e18 u _ZZN3cub18CUB_200700_1200_NS12DeviceSelect2IfIP15RankedHopOptionS4_Pi14ValidHopOptionEE9cudaErrorPvRmT_T0_T1_iT2_P11CUstream_stE21__cub_nvtx3_func_name
0000000001647e40 u _ZZN3cub18CUB_200700_1200_NS15DeviceMergeSort8SortKeysIP15RankedHopOptioni13HopOptionLessEE9cudaErrorPvRmT_T0_T1_P11CUstream_stE21__cub_nvtx3_func_attr
0000000001647e78 u _ZZN3cub18CUB_200700_1200_NS15DeviceMergeSort8SortKeysIP15RankedHopOptioni13HopOptionLessEE9cudaErrorPvRmT_T0_T1_P11CUstream_stE21__cub_nvtx3_func_name
0000000001647d80 u _ZZN3cub18CUB_200700_1200_NS15DeviceMergeSort8SortKeysIP16RankedBeamOptioni8BeamLessEE9cudaErrorPvRmT_T0_T1_P11CUstream_stE21__cub_nvtx3_func_attr
0000000001647db8 u _ZZN3cub18CUB_200700_1200_NS15DeviceMergeSort8SortKeysIP16RankedBeamOptioni8BeamLessEE9cudaErrorPvRmT_T0_T1_P11CUstream_stE21__cub_nvtx3_func_name
0000000001647680 u _ZZN3cub18CUB_200700_1200_NS15DeviceRadixSort9SortPairsIdiiEE9cudaErrorPvRmPKT_PS6_PKT0_PSA_T1_iiP11CUstream_stE21__cub_nvtx3_func_attr
00000000016476b8 u _ZZN3cub18CUB_200700_1200_NS15DeviceRadixSort9SortPairsIdiiEE9cudaErrorPvRmPKT_PS6_PKT0_PSA_T1_iiP11CUstream_stE21__cub_nvtx3_func_name
0000000001647d20 u _ZZN3cub18CUB_200700_1200_NS15DeviceRadixSort9SortPairsIiiiEE9cudaErrorPvRmPKT_PS6_PKT0_PSA_T1_iiP11CUstream_stE21__cub_nvtx3_func_attr
0000000001647d58 u _ZZN3cub18CUB_200700_1200_NS15DeviceRadixSort9SortPairsIiiiEE9cudaErrorPvRmPKT_PS6_PKT0_PSA_T1_iiP11CUstream_stE21__cub_nvtx3_func_name
0000000001647fc0 u _ZZN3cub18CUB_200700_1200_NS15DeviceRadixSort9SortPairsIyiiEE9cudaErrorPvRmPKT_PS6_PKT0_PSA_T1_iiP11CUstream_stE21__cub_nvtx3_func_attr
0000000001647ff8 u _ZZN3cub18CUB_200700_1200_NS15DeviceRadixSort9SortPairsIyiiEE9cudaErrorPvRmPKT_PS6_PKT0_PSA_T1_iiP11CUstream_stE21__cub_nvtx3_func_name
0000000001647ce8 u _ZZN3cub18CUB_200700_1200_NS22DeviceCountCachedValueEvE5count
00000000016476e0 u _ZZN3cub18CUB_200700_1200_NS26GetPerDeviceAttributeCacheINS0_18PtxVersionCacheTagEEERNS0_23PerDeviceAttributeCacheEvE5cache
00000000016475f8 u _ZZN5nvtx32v16domain3getIN3cub18CUB_200700_1200_NS6detail14NVTXCCCLDomainELi0EEERKS1_vE1d
00000000000c9050 T __cudaRegisterLinkedBinary_1b040877_16_gtoc12_retime_cu_d3daaedb
00000000000c92f0 T __cudaRegisterLinkedBinary_269085c9_20_gtoc12_completion_cu_918f4c19
00000000000c8950 T __cudaRegisterLinkedBinary_3ff0693c_14_device_scvx_cu_75de509e
00000000000c8db0 T __cudaRegisterLinkedBinary_6383d133_22_gtoc12_verification_cu_6900a7ae
00000000000c8bf0 T __cudaRegisterLinkedBinary_775f601d_14_gtoc12_qoco_cu_457ce7e5
00000000000c8e90 T __cudaRegisterLinkedBinary_82c76a75_20_gtoc12_neighbours_cu_2136dd0e_661
00000000000c94b0 T __cudaRegisterLinkedBinary_852ede83_18_orbitweaver_gpu_cu_2136dd0e_830
00000000000c8b10 T __cudaRegisterLinkedBinary_91f8a20b_15_gtoc12_conic_cu_ca45b08e
00000000000c9130 T __cudaRegisterLinkedBinary_a57571be_20_gtoc12_collect_dp_cu_9e372712
00000000000c8f70 T __cudaRegisterLinkedBinary_b04084b3_20_gtoc12_collection_cu_f08842c5
00000000000c93d0 T __cudaRegisterLinkedBinary_b1c3c721_18_native_qoco_gpu_cu_2136dd0e_800
00000000000c9590 T __cudaRegisterLinkedBinary_eb21c899_19_persistent_pdhcg_cu_34c7590c_842
00000000000c9210 T __cudaRegisterLinkedBinary_ec5c3aae_15_gtoc12_joint_cu_8ba75cd7
00000000000c8cd0 T __cudaRegisterLinkedBinary_f2ccc69b_14_gtoc12_scvx_cu_3a1d6403
00000000000c8a30 T __cudaRegisterLinkedBinary_f8bc662c_24_gtoc12_discretisation_cu_94229363
0000000001646eb8 D __fatbinwrap_1b040877_16_gtoc12_retime_cu_d3daaedb
0000000001646f00 D __fatbinwrap_269085c9_20_gtoc12_completion_cu_918f4c19
0000000001646df8 D __fatbinwrap_3ff0693c_14_device_scvx_cu_75de509e
0000000001646e70 D __fatbinwrap_6383d133_22_gtoc12_verification_cu_6900a7ae
0000000001646e40 D __fatbinwrap_775f601d_14_gtoc12_qoco_cu_457ce7e5
0000000001646e88 D __fatbinwrap_82c76a75_20_gtoc12_neighbours_cu_2136dd0e_661
0000000001646f30 D __fatbinwrap_852ede83_18_orbitweaver_gpu_cu_2136dd0e_830
0000000001646e28 D __fatbinwrap_91f8a20b_15_gtoc12_conic_cu_ca45b08e
0000000001646ed0 D __fatbinwrap_a57571be_20_gtoc12_collect_dp_cu_9e372712
0000000001646ea0 D __fatbinwrap_b04084b3_20_gtoc12_collection_cu_f08842c5
0000000001646f18 D __fatbinwrap_b1c3c721_18_native_qoco_gpu_cu_2136dd0e_800
0000000001646f48 D __fatbinwrap_eb21c899_19_persistent_pdhcg_cu_34c7590c_842
0000000001646ee8 D __fatbinwrap_ec5c3aae_15_gtoc12_joint_cu_8ba75cd7
0000000001646e58 D __fatbinwrap_f2ccc69b_14_gtoc12_scvx_cu_3a1d6403
0000000001646e10 D __fatbinwrap_f8bc662c_24_gtoc12_discretisation_cu_94229363
0000000000da7b80 V hostRefConstantArrayExternalLinkage
0000000000da7b8f V hostRefConstantArrayInternalLinkage
0000000000da7b9e V hostRefDeviceArrayExternalLinkage
0000000000da7bad V hostRefDeviceArrayInternalLinkage
0000000000da7bc0 V hostRefKernelArrayExternalLinkage
0000000000da98a0 V hostRefKernelArrayInternalLinkage
000000000005ea30 T spacepdhcg_collect_create
000000000005fd60 T spacepdhcg_collect_create_tables
000000000005c540 T spacepdhcg_collect_destroy
000000000005f6c0 T spacepdhcg_collect_solve
000000000005ea40 T spacepdhcg_collect_solve_v2
000000000005c710 T spacepdhcg_collect_table_create
000000000005d590 T spacepdhcg_collect_table_destroy
000000000005f870 T spacepdhcg_collect_table_min_propellant
000000000005f770 T spacepdhcg_collect_table_read
000000000001cd50 T spacepdhcg_cuda_fill_dynamics_csc_async
000000000001d620 T spacepdhcg_cuda_fill_time_dilated_csc_async
000000000001f360 T spacepdhcg_cuda_scvx_driver_cancel
000000000001eb30 T spacepdhcg_cuda_scvx_driver_create
000000000001f4c0 T spacepdhcg_cuda_scvx_driver_destroy
000000000001f700 T spacepdhcg_cuda_scvx_driver_handback_qoco
000000000001f320 T spacepdhcg_cuda_scvx_driver_path_inventory
000000000001f3a0 T spacepdhcg_cuda_scvx_driver_reset_attempt
0000000000020fd0 T spacepdhcg_cuda_scvx_driver_solve
00000000000204d0 T spacepdhcg_cuda_scvx_update_numeric_async
0000000000020760 T spacepdhcg_cuda_time_dilated_variational_rk4_async
0000000000020b30 T spacepdhcg_cuda_variational_rk4_async
00000000000aecd0 T spacepdhcg_cuda_workspace_cancel
00000000000b9b80 T spacepdhcg_cuda_workspace_checkpoint_async
00000000000aec90 T spacepdhcg_cuda_workspace_checkpoint_bytes
00000000000b6ba0 T spacepdhcg_cuda_workspace_common_kkt_diagnostics
00000000000bb730 T spacepdhcg_cuda_workspace_create
00000000000be2d0 T spacepdhcg_cuda_workspace_create_from_dlpack
00000000000aeda0 T spacepdhcg_cuda_workspace_destroy
00000000000ae880 T spacepdhcg_cuda_workspace_diagnostics
00000000000b6810 T spacepdhcg_cuda_workspace_halpern_diagnostics
00000000000b6a80 T spacepdhcg_cuda_workspace_l1_diagnostics
00000000000b6e70 T spacepdhcg_cuda_workspace_l1_weight_diagnostics
00000000000aed40 T spacepdhcg_cuda_workspace_last_error
00000000000b6940 T spacepdhcg_cuda_workspace_mass_diagnostics
00000000000aebc0 T spacepdhcg_cuda_workspace_pointer_snapshot
00000000000b6610 T spacepdhcg_cuda_workspace_query
00000000000b66e0 T spacepdhcg_cuda_workspace_recovery_profile
00000000000b3a00 T spacepdhcg_cuda_workspace_refresh_scaling_async
00000000000b19d0 T spacepdhcg_cuda_workspace_reset_async
00000000000b3db0 T spacepdhcg_cuda_workspace_residuals_async
00000000000ba340 T spacepdhcg_cuda_workspace_restore_async
00000000000be7f0 T spacepdhcg_cuda_workspace_set_common_kkt_options
00000000000b6d00 T spacepdhcg_cuda_workspace_set_execution_blocks
00000000000b7640 T spacepdhcg_cuda_workspace_set_halpern_options
00000000000b4850 T spacepdhcg_cuda_workspace_set_l1_options
00000000000b7140 T spacepdhcg_cuda_workspace_set_l1_weight
00000000000b5590 T spacepdhcg_cuda_workspace_set_mass_options
00000000000b2b60 T spacepdhcg_cuda_workspace_solve_async
00000000000badd0 T spacepdhcg_cuda_workspace_update_async
00000000000bb3b0 T spacepdhcg_cuda_workspace_update_from_dlpack_async
00000000000b7ea0 T spacepdhcg_cuda_workspace_wait
00000000000b90b0 T spacepdhcg_cuda_workspace_warm_start_async
00000000000b9870 T spacepdhcg_cuda_workspace_warm_start_from_dlpack_async
0000000000055b80 T spacepdhcg_gtoc12_collection_create
0000000000055990 T spacepdhcg_gtoc12_collection_destroy
0000000000055400 T spacepdhcg_gtoc12_collection_host
0000000000055120 T spacepdhcg_gtoc12_collection_launch_device
0000000000054e00 T spacepdhcg_gtoc12_collection_options_destroy
0000000000054d40 T spacepdhcg_gtoc12_collection_options_read
0000000000055620 T spacepdhcg_gtoc12_collection_resident
0000000000068da0 T spacepdhcg_gtoc12_completion_create
000000000006a930 T spacepdhcg_gtoc12_completion_destroy
000000000006aa80 T spacepdhcg_gtoc12_completion_evaluate_compact_host
000000000006a230 T spacepdhcg_gtoc12_completion_evaluate_host
0000000000069630 T spacepdhcg_gtoc12_completion_model_create
0000000000069db0 T spacepdhcg_gtoc12_completion_model_destroy
0000000000028ae0 T spacepdhcg_gtoc12_conic_copy_topology_host
0000000000029fc0 T spacepdhcg_gtoc12_conic_create
0000000000028660 T spacepdhcg_gtoc12_conic_destroy
0000000000029730 T spacepdhcg_gtoc12_conic_evaluate_host
0000000000028aa0 T spacepdhcg_gtoc12_conic_get_dimensions
0000000000029100 T spacepdhcg_gtoc12_conic_launch_controlled_device
0000000000028c40 T spacepdhcg_gtoc12_conic_launch_device
0000000000028bc0 T spacepdhcg_gtoc12_conic_outputs
0000000000026140 T spacepdhcg_gtoc12_discretisation_create
0000000000026050 T spacepdhcg_gtoc12_discretisation_destroy
0000000000026fe0 T spacepdhcg_gtoc12_discretisation_evaluate_host
0000000000026670 T spacepdhcg_gtoc12_discretisation_launch_controlled_device
0000000000026570 T spacepdhcg_gtoc12_discretisation_launch_device
0000000000026f80 T spacepdhcg_gtoc12_discretisation_outputs
000000000009ea40 T spacepdhcg_gtoc12_fleet_search_host
000000000009e830 T spacepdhcg_gtoc12_fleet_search_v2_host
000000000009e4c0 T spacepdhcg_gtoc12_fleet_workspace_create_host
00000000000a0b70 T spacepdhcg_gtoc12_fleet_workspace_create_routes_host
0000000000095ea0 T spacepdhcg_gtoc12_fleet_workspace_destroy_host
0000000000097250 T spacepdhcg_gtoc12_fleet_workspace_solve_host
0000000000064810 T spacepdhcg_gtoc12_joint_best_host
00000000000630e0 T spacepdhcg_gtoc12_joint_create
0000000000064860 T spacepdhcg_gtoc12_joint_destroy
00000000000647d0 T spacepdhcg_gtoc12_joint_evaluate_host
0000000000067c00 T spacepdhcg_gtoc12_joint_geometry_host
0000000000067c70 T spacepdhcg_gtoc12_joint_mesh_host
0000000000067e30 T spacepdhcg_gtoc12_joint_search_host
0000000000043b60 T spacepdhcg_gtoc12_neighbours_create
00000000000431b0 T spacepdhcg_gtoc12_neighbours_destroy
0000000000043920 T spacepdhcg_gtoc12_neighbours_host
0000000000043340 T spacepdhcg_gtoc12_neighbours_launch_device
000000000002f820 T spacepdhcg_gtoc12_qoco_can_enqueue
0000000000033010 T spacepdhcg_gtoc12_qoco_create
000000000002f3e0 T spacepdhcg_gtoc12_qoco_destroy
0000000000032750 T spacepdhcg_gtoc12_qoco_enqueue_controlled
000000000002f8a0 T spacepdhcg_gtoc12_qoco_finish
000000000002f7b0 T spacepdhcg_gtoc12_qoco_get_dimensions
000000000002f7f0 T spacepdhcg_gtoc12_qoco_primal
00000000000326f0 T spacepdhcg_gtoc12_qoco_solve_controlled_device_with_consumer
0000000000032410 T spacepdhcg_gtoc12_qoco_solve_device
00000000000323c0 T spacepdhcg_gtoc12_qoco_solve_device_with_consumer
0000000000032470 T spacepdhcg_gtoc12_qoco_solve_host
0000000000057cd0 T spacepdhcg_gtoc12_retime_create
0000000000057d60 T spacepdhcg_gtoc12_retime_create_elements
0000000000058240 T spacepdhcg_gtoc12_retime_destroy
000000000005ab30 T spacepdhcg_gtoc12_retime_forward_host
00000000000581a0 T spacepdhcg_gtoc12_retime_graph_stats
000000000005aa40 T spacepdhcg_gtoc12_retime_host
000000000005abe0 T spacepdhcg_gtoc12_retime_order_host
000000000005aa70 T spacepdhcg_gtoc12_retime_path_host
0000000000059470 T spacepdhcg_gtoc12_retime_read_sweep
0000000000058110 T spacepdhcg_gtoc12_retime_set_graph
0000000000059150 T spacepdhcg_gtoc12_retime_set_sweep
000000000005aac0 T spacepdhcg_gtoc12_retime_swept_path_host
000000000003bf70 T spacepdhcg_gtoc12_scvx_solve_host
000000000003ac50 T spacepdhcg_gtoc12_seed_evaluate_host
00000000000409b0 T spacepdhcg_gtoc12_verify_create
0000000000040860 T spacepdhcg_gtoc12_verify_destroy
0000000000040b80 T spacepdhcg_gtoc12_verify_host
0000000000040500 T spacepdhcg_gtoc12_verify_launch
000000000009b290 T spacepdhcg_orbitweaver_collection_grid_host
000000000009e480 T spacepdhcg_orbitweaver_earth_beam_host
000000000009a9c0 T spacepdhcg_orbitweaver_hop_elements_host
00000000000962a0 T spacepdhcg_orbitweaver_hop_grid_cache_stats
000000000009b820 T spacepdhcg_orbitweaver_hop_grid_cached_host
000000000009ad40 T spacepdhcg_orbitweaver_hop_grid_device
0000000000098be0 T spacepdhcg_orbitweaver_hop_launch_device
000000000009dcf0 T spacepdhcg_orbitweaver_hop_options_host
000000000009dd10 T spacepdhcg_orbitweaver_hop_options_resident
000000000009a740 T spacepdhcg_orbitweaver_hop_screening_host
000000000009a0c0 T spacepdhcg_orbitweaver_lambert_evaluate_async
0000000000098110 T spacepdhcg_orbitweaver_lambert_launch_device
0000000000096240 T spacepdhcg_orbitweaver_lambert_result_stride
000000000009a3d0 T spacepdhcg_orbitweaver_lambert_screening_host
0000000000096250 T spacepdhcg_orbitweaver_lambert_workspace_cancel
000000000009dd40 T spacepdhcg_orbitweaver_lambert_workspace_create
000000000009e0c0 T spacepdhcg_orbitweaver_lambert_workspace_destroy
000000000009af30 T spacepdhcg_orbitweaver_lambert_workspace_finish
000000000009b030 T spacepdhcg_orbitweaver_lambert_workspace_telemetry
000000000005bde0 T spacepdhcg_route_recovery_order
