[0/2] Re-checking globbed directories...
[1/21] Building CUDA object cuda/CMakeFiles/spacepdhcg_cuda.dir/src/gtoc12_discretisation.cu.o
[2/21] Building CUDA object cuda/CMakeFiles/spacepdhcg_cuda.dir/src/gtoc12_conic.cu.o
[3/21] Building CUDA object cuda/CMakeFiles/spacepdhcg_cuda.dir/src/gtoc12_qoco.cu.o
[4/21] Building CUDA object cuda/CMakeFiles/spacepdhcg_cuda.dir/src/gtoc12_scvx.cu.o
[5/21] Building CUDA object cuda/CMakeFiles/spacepdhcg_cuda.dir/src/gtoc12_verification.cu.o
[6/21] Building CUDA object cuda/CMakeFiles/spacepdhcg_cuda.dir/src/gtoc12_collection.cu.o
[7/21] Building CUDA object cuda/CMakeFiles/spacepdhcg_cuda.dir/src/gtoc12_retime.cu.o
[8/21] Building CUDA object cuda/CMakeFiles/spacepdhcg_cuda.dir/src/device_scvx.cu.o
[9/21] Building CUDA object cuda/CMakeFiles/spacepdhcg_cuda.dir/src/gtoc12_collect_dp.cu.o
[10/21] Building CUDA object cuda/CMakeFiles/spacepdhcg_cuda.dir/src/gtoc12_joint.cu.o
[11/21] Building CUDA object cuda/CMakeFiles/spacepdhcg_cuda.dir/src/gtoc12_neighbours.cu.o
[12/21] Building CXX object cuda/CMakeFiles/spacepdhcg_cuda.dir/src/native_qoco_adapter.cpp.o
[13/21] Building CUDA object cuda/CMakeFiles/spacepdhcg_cuda.dir/src/native_qoco_gpu.cu.o
[14/21] Building CXX object cuda/CMakeFiles/persistent_snapshot_conversion_test.dir/tests/persistent_snapshot_conversion_test.cpp.o
[15/21] Linking CXX executable cuda/persistent_snapshot_conversion_test
[16/21] Building CUDA object cuda/CMakeFiles/spacepdhcg_cuda.dir/src/orbitweaver_gpu.cu.o
[17/21] Building CUDA object cuda/CMakeFiles/persistent_snapshot_replay.dir/tests/persistent_snapshot_replay.cu.o
[18/21] Building CUDA object cuda/CMakeFiles/spacepdhcg_cuda.dir/src/persistent_pdhcg.cu.o
[19/21] Linking CXX shared library cuda/CMakeFiles/spacepdhcg_cuda.dir/cmake_device_link.o
[20/21] Linking CXX shared library cuda/libspacepdhcg_cuda.so
[21/21] Linking CUDA executable cuda-tests/persistent_snapshot_replay
