QOCO_SNAPSHOT id=0 prior_solves=0 origin=0 path=/home/ubuntu/spacepdhcg-capture-v202/qp-0/qp-128843-000000.txt
QOCO_SNAPSHOT id=1 prior_solves=1 origin=0 path=/home/ubuntu/spacepdhcg-capture-v202/qp-0/qp-128843-000001.txt
QOCO_SNAPSHOT id=2 prior_solves=2 origin=0 path=/home/ubuntu/spacepdhcg-capture-v202/qp-0/qp-128843-000002.txt
QOCO_SNAPSHOT id=3 prior_solves=3 origin=0 path=/home/ubuntu/spacepdhcg-capture-v202/qp-0/qp-128843-000003.txt
QOCO_SNAPSHOT id=4 prior_solves=4 origin=0 path=/home/ubuntu/spacepdhcg-capture-v202/qp-0/qp-128843-000004.txt
QOCO_SNAPSHOT id=5 prior_solves=5 origin=0 path=/home/ubuntu/spacepdhcg-capture-v202/qp-0/qp-128843-000005.txt
QOCO_SNAPSHOT id=6 prior_solves=6 origin=0 path=/home/ubuntu/spacepdhcg-capture-v202/qp-0/qp-128843-000006.txt
QOCO_SNAPSHOT id=7 prior_solves=7 origin=0 path=/home/ubuntu/spacepdhcg-capture-v202/qp-0/qp-128843-000007.txt
QOCO_SNAPSHOT id=8 prior_solves=8 origin=0 path=/home/ubuntu/spacepdhcg-capture-v202/qp-0/qp-128843-000008.txt
QOCO_SNAPSHOT id=9 prior_solves=9 origin=0 path=/home/ubuntu/spacepdhcg-capture-v202/qp-0/qp-128843-000009.txt
QOCO_SNAPSHOT id=10 prior_solves=10 origin=0 path=/home/ubuntu/spacepdhcg-capture-v202/qp-0/qp-128843-000010.txt
QOCO_SNAPSHOT id=11 prior_solves=11 origin=0 path=/home/ubuntu/spacepdhcg-capture-v202/qp-0/qp-128843-000011.txt
QOCO_SNAPSHOT id=12 prior_solves=12 origin=0 path=/home/ubuntu/spacepdhcg-capture-v202/qp-0/qp-128843-000012.txt
QOCO_SNAPSHOT id=13 prior_solves=13 origin=0 path=/home/ubuntu/spacepdhcg-capture-v202/qp-0/qp-128843-000013.txt
QOCO_SNAPSHOT id=14 prior_solves=14 origin=0 path=/home/ubuntu/spacepdhcg-capture-v202/qp-0/qp-128843-000014.txt
QOCO_SNAPSHOT id=15 prior_solves=15 origin=0 path=/home/ubuntu/spacepdhcg-capture-v202/qp-0/qp-128843-000015.txt
QOCO_SNAPSHOT id=16 prior_solves=16 origin=0 path=/home/ubuntu/spacepdhcg-capture-v202/qp-0/qp-128843-000016.txt
QOCO_SNAPSHOT id=17 prior_solves=17 origin=0 path=/home/ubuntu/spacepdhcg-capture-v202/qp-0/qp-128843-000017.txt
QOCO_SNAPSHOT id=18 prior_solves=18 origin=0 path=/home/ubuntu/spacepdhcg-capture-v202/qp-0/qp-128843-000018.txt
QOCO_SNAPSHOT id=19 prior_solves=19 origin=0 path=/home/ubuntu/spacepdhcg-capture-v202/qp-0/qp-128843-000019.txt
QOCO_SNAPSHOT id=20 prior_solves=20 origin=0 path=/home/ubuntu/spacepdhcg-capture-v202/qp-0/qp-128843-000020.txt
QOCO_SNAPSHOT id=21 prior_solves=21 origin=0 path=/home/ubuntu/spacepdhcg-capture-v202/qp-0/qp-128843-000021.txt
QOCO_SNAPSHOT id=22 prior_solves=22 origin=0 path=/home/ubuntu/spacepdhcg-capture-v202/qp-0/qp-128843-000022.txt
QOCO_SNAPSHOT id=23 prior_solves=23 origin=0 path=/home/ubuntu/spacepdhcg-capture-v202/qp-0/qp-128843-000023.txt
QOCO_SNAPSHOT id=24 prior_solves=24 origin=0 path=/home/ubuntu/spacepdhcg-capture-v202/qp-0/qp-128843-000024.txt
QOCO_SNAPSHOT id=25 prior_solves=25 origin=0 path=/home/ubuntu/spacepdhcg-capture-v202/qp-0/qp-128843-000025.txt
QOCO_SNAPSHOT id=26 prior_solves=26 origin=0 path=/home/ubuntu/spacepdhcg-capture-v202/qp-0/qp-128843-000026.txt
QOCO_SNAPSHOT id=27 prior_solves=27 origin=0 path=/home/ubuntu/spacepdhcg-capture-v202/qp-0/qp-128843-000027.txt
QOCO_SNAPSHOT id=28 prior_solves=28 origin=0 path=/home/ubuntu/spacepdhcg-capture-v202/qp-0/qp-128843-000028.txt
QOCO_SNAPSHOT id=29 prior_solves=29 origin=0 path=/home/ubuntu/spacepdhcg-capture-v202/qp-0/qp-128843-000029.txt
QOCO_SNAPSHOT id=30 prior_solves=30 origin=0 path=/home/ubuntu/spacepdhcg-capture-v202/qp-0/qp-128843-000030.txt
QOCO_SNAPSHOT id=31 prior_solves=31 origin=0 path=/home/ubuntu/spacepdhcg-capture-v202/qp-0/qp-128843-000031.txt
QOCO_SNAPSHOT id=32 prior_solves=32 origin=0 path=/home/ubuntu/spacepdhcg-capture-v202/qp-0/qp-128843-000032.txt
QOCO_SNAPSHOT id=33 prior_solves=33 origin=0 path=/home/ubuntu/spacepdhcg-capture-v202/qp-0/qp-128843-000033.txt
QOCO_SNAPSHOT id=34 prior_solves=34 origin=0 path=/home/ubuntu/spacepdhcg-capture-v202/qp-0/qp-128843-000034.txt
QOCO_SNAPSHOT id=35 prior_solves=35 origin=0 path=/home/ubuntu/spacepdhcg-capture-v202/qp-0/qp-128843-000035.txt
QOCO_SNAPSHOT id=36 prior_solves=36 origin=0 path=/home/ubuntu/spacepdhcg-capture-v202/qp-0/qp-128843-000036.txt
QOCO_SNAPSHOT id=37 prior_solves=37 origin=0 path=/home/ubuntu/spacepdhcg-capture-v202/qp-0/qp-128843-000037.txt
QOCO_SNAPSHOT id=38 prior_solves=38 origin=0 path=/home/ubuntu/spacepdhcg-capture-v202/qp-0/qp-128843-000038.txt
QOCO_SNAPSHOT id=39 prior_solves=39 origin=0 path=/home/ubuntu/spacepdhcg-capture-v202/qp-0/qp-128843-000039.txt
FACTOR_GRAPH allocator bytes=24696268 blocks=9 misses=0
{"origin": false, "ruiz": 0, "repeat": 0, "status": "infeasible", "diagnostic": "virtual control remains 5.343e-02", "seconds": 8.21831921802368, "iterations": 40, "accepted": 20, "virtual_inf": 0.05342826119234228, "defect": 0.053428259353422825, "final_mass": 2672.467574769653, "qualified": false, "position_error_km": 138.67982136299833, "velocity_error_km_s": 1.6191061242312064, "maximum_thrust_n": 0.3368603217118904}
QOCO_SNAPSHOT id=40 prior_solves=0 origin=0 path=/home/ubuntu/spacepdhcg-capture-v202/qp-1/qp-128843-000040.txt
QOCO_SNAPSHOT id=41 prior_solves=1 origin=0 path=/home/ubuntu/spacepdhcg-capture-v202/qp-1/qp-128843-000041.txt
QOCO_SNAPSHOT id=42 prior_solves=2 origin=0 path=/home/ubuntu/spacepdhcg-capture-v202/qp-1/qp-128843-000042.txt
FACTOR_GRAPH allocator bytes=24696268 blocks=9 misses=0
QOCO_SNAPSHOT id=43 prior_solves=3 origin=0 path=/home/ubuntu/spacepdhcg-capture-v202/qp-1/qp-128843-000043.txt
QOCO_SNAPSHOT id=44 prior_solves=4 origin=0 path=/home/ubuntu/spacepdhcg-capture-v202/qp-1/qp-128843-000044.txt
QOCO_SNAPSHOT id=45 prior_solves=5 origin=0 path=/home/ubuntu/spacepdhcg-capture-v202/qp-1/qp-128843-000045.txt
QOCO_SNAPSHOT id=46 prior_solves=6 origin=0 path=/home/ubuntu/spacepdhcg-capture-v202/qp-1/qp-128843-000046.txt
QOCO_SNAPSHOT id=47 prior_solves=7 origin=0 path=/home/ubuntu/spacepdhcg-capture-v202/qp-1/qp-128843-000047.txt
QOCO_SNAPSHOT id=48 prior_solves=8 origin=0 path=/home/ubuntu/spacepdhcg-capture-v202/qp-1/qp-128843-000048.txt
QOCO_SNAPSHOT id=49 prior_solves=9 origin=0 path=/home/ubuntu/spacepdhcg-capture-v202/qp-1/qp-128843-000049.txt
QOCO_SNAPSHOT id=50 prior_solves=10 origin=0 path=/home/ubuntu/spacepdhcg-capture-v202/qp-1/qp-128843-000050.txt
QOCO_SNAPSHOT id=51 prior_solves=11 origin=0 path=/home/ubuntu/spacepdhcg-capture-v202/qp-1/qp-128843-000051.txt
QOCO_SNAPSHOT id=52 prior_solves=12 origin=0 path=/home/ubuntu/spacepdhcg-capture-v202/qp-1/qp-128843-000052.txt
FACTOR_GRAPH allocator bytes=24696268 blocks=9 misses=0
{"origin": false, "ruiz": 0, "repeat": 1, "status": "converged", "diagnostic": "", "seconds": 1.412207468005363, "iterations": 13, "accepted": 8, "virtual_inf": 1.216564803071742e-17, "defect": 1.6092771559783614e-10, "final_mass": 2657.3638397380964, "qualified": true, "position_error_km": 0.029972205900716652, "velocity_error_km_s": 1.4342785336140088e-09, "maximum_thrust_n": 0.6000000003805134}
QOCO_SNAPSHOT id=53 prior_solves=0 origin=0 path=/home/ubuntu/spacepdhcg-capture-v202/qp-2/qp-128843-000053.txt
QOCO_SNAPSHOT id=54 prior_solves=1 origin=0 path=/home/ubuntu/spacepdhcg-capture-v202/qp-2/qp-128843-000054.txt
QOCO_SNAPSHOT id=55 prior_solves=2 origin=0 path=/home/ubuntu/spacepdhcg-capture-v202/qp-2/qp-128843-000055.txt
QOCO_SNAPSHOT id=56 prior_solves=3 origin=0 path=/home/ubuntu/spacepdhcg-capture-v202/qp-2/qp-128843-000056.txt
QOCO_SNAPSHOT id=57 prior_solves=4 origin=0 path=/home/ubuntu/spacepdhcg-capture-v202/qp-2/qp-128843-000057.txt
QOCO_SNAPSHOT id=58 prior_solves=5 origin=0 path=/home/ubuntu/spacepdhcg-capture-v202/qp-2/qp-128843-000058.txt
QOCO_SNAPSHOT id=59 prior_solves=6 origin=0 path=/home/ubuntu/spacepdhcg-capture-v202/qp-2/qp-128843-000059.txt
QOCO_SNAPSHOT id=60 prior_solves=7 origin=0 path=/home/ubuntu/spacepdhcg-capture-v202/qp-2/qp-128843-000060.txt
QOCO_SNAPSHOT id=61 prior_solves=8 origin=0 path=/home/ubuntu/spacepdhcg-capture-v202/qp-2/qp-128843-000061.txt
QOCO_SNAPSHOT id=62 prior_solves=9 origin=0 path=/home/ubuntu/spacepdhcg-capture-v202/qp-2/qp-128843-000062.txt
QOCO_SNAPSHOT id=63 prior_solves=10 origin=0 path=/home/ubuntu/spacepdhcg-capture-v202/qp-2/qp-128843-000063.txt
QOCO_SNAPSHOT id=64 prior_solves=11 origin=0 path=/home/ubuntu/spacepdhcg-capture-v202/qp-2/qp-128843-000064.txt
QOCO_SNAPSHOT id=65 prior_solves=12 origin=0 path=/home/ubuntu/spacepdhcg-capture-v202/qp-2/qp-128843-000065.txt
QOCO_SNAPSHOT id=66 prior_solves=13 origin=0 path=/home/ubuntu/spacepdhcg-capture-v202/qp-2/qp-128843-000066.txt
QOCO_SNAPSHOT id=67 prior_solves=14 origin=0 path=/home/ubuntu/spacepdhcg-capture-v202/qp-2/qp-128843-000067.txt
QOCO_SNAPSHOT id=68 prior_solves=15 origin=0 path=/home/ubuntu/spacepdhcg-capture-v202/qp-2/qp-128843-000068.txt
QOCO_SNAPSHOT id=69 prior_solves=16 origin=0 path=/home/ubuntu/spacepdhcg-capture-v202/qp-2/qp-128843-000069.txt
QOCO_SNAPSHOT id=70 prior_solves=17 origin=0 path=/home/ubuntu/spacepdhcg-capture-v202/qp-2/qp-128843-000070.txt
QOCO_SNAPSHOT id=71 prior_solves=18 origin=0 path=/home/ubuntu/spacepdhcg-capture-v202/qp-2/qp-128843-000071.txt
QOCO_SNAPSHOT id=72 prior_solves=19 origin=0 path=/home/ubuntu/spacepdhcg-capture-v202/qp-2/qp-128843-000072.txt
QOCO_SNAPSHOT id=73 prior_solves=20 origin=0 path=/home/ubuntu/spacepdhcg-capture-v202/qp-2/qp-128843-000073.txt
QOCO_SNAPSHOT id=74 prior_solves=21 origin=0 path=/home/ubuntu/spacepdhcg-capture-v202/qp-2/qp-128843-000074.txt
QOCO_SNAPSHOT id=75 prior_solves=22 origin=0 path=/home/ubuntu/spacepdhcg-capture-v202/qp-2/qp-128843-000075.txt
QOCO_SNAPSHOT id=76 prior_solves=23 origin=0 path=/home/ubuntu/spacepdhcg-capture-v202/qp-2/qp-128843-000076.txt
QOCO_SNAPSHOT id=77 prior_solves=24 origin=0 path=/home/ubuntu/spacepdhcg-capture-v202/qp-2/qp-128843-000077.txt
QOCO_SNAPSHOT id=78 prior_solves=25 origin=0 path=/home/ubuntu/spacepdhcg-capture-v202/qp-2/qp-128843-000078.txt
QOCO_SNAPSHOT id=79 prior_solves=26 origin=0 path=/home/ubuntu/spacepdhcg-capture-v202/qp-2/qp-128843-000079.txt
QOCO_SNAPSHOT id=80 prior_solves=27 origin=0 path=/home/ubuntu/spacepdhcg-capture-v202/qp-2/qp-128843-000080.txt
QOCO_SNAPSHOT id=81 prior_solves=28 origin=0 path=/home/ubuntu/spacepdhcg-capture-v202/qp-2/qp-128843-000081.txt
QOCO_SNAPSHOT id=82 prior_solves=29 origin=0 path=/home/ubuntu/spacepdhcg-capture-v202/qp-2/qp-128843-000082.txt
QOCO_SNAPSHOT id=83 prior_solves=30 origin=0 path=/home/ubuntu/spacepdhcg-capture-v202/qp-2/qp-128843-000083.txt
QOCO_SNAPSHOT id=84 prior_solves=31 origin=0 path=/home/ubuntu/spacepdhcg-capture-v202/qp-2/qp-128843-000084.txt
QOCO_SNAPSHOT id=85 prior_solves=32 origin=0 path=/home/ubuntu/spacepdhcg-capture-v202/qp-2/qp-128843-000085.txt
QOCO_SNAPSHOT id=86 prior_solves=33 origin=0 path=/home/ubuntu/spacepdhcg-capture-v202/qp-2/qp-128843-000086.txt
QOCO_SNAPSHOT id=87 prior_solves=34 origin=0 path=/home/ubuntu/spacepdhcg-capture-v202/qp-2/qp-128843-000087.txt
QOCO_SNAPSHOT id=88 prior_solves=35 origin=0 path=/home/ubuntu/spacepdhcg-capture-v202/qp-2/qp-128843-000088.txt
QOCO_SNAPSHOT id=89 prior_solves=36 origin=0 path=/home/ubuntu/spacepdhcg-capture-v202/qp-2/qp-128843-000089.txt
QOCO_SNAPSHOT id=90 prior_solves=37 origin=0 path=/home/ubuntu/spacepdhcg-capture-v202/qp-2/qp-128843-000090.txt
QOCO_SNAPSHOT id=91 prior_solves=38 origin=0 path=/home/ubuntu/spacepdhcg-capture-v202/qp-2/qp-128843-000091.txt
QOCO_SNAPSHOT id=92 prior_solves=39 origin=0 path=/home/ubuntu/spacepdhcg-capture-v202/qp-2/qp-128843-000092.txt
FACTOR_GRAPH allocator bytes=24696268 blocks=9 misses=0
{"origin": false, "ruiz": 0, "repeat": 2, "status": "iteration_limit", "diagnostic": "", "seconds": 6.2822545079980046, "iterations": 40, "accepted": 23, "virtual_inf": 2.8407940622064558e-18, "defect": 1.3681460934611422e-05, "final_mass": 2622.652924412592, "qualified": false, "position_error_km": 5193.08177318444, "velocity_error_km_s": 0.00046551049349329157, "maximum_thrust_n": 0.6000000000929329}
