{"pid": 374, "phase": "waiting-for-gpu-lock", "updated_utc": "2026-09-08T14:37:56.111283+00:00"}
{"pid": 374, "phase": "gpu-before", "updated_utc": "2026-09-08T14:37:56.166049+00:00", "child_pid": 377}
{"pid": 374, "phase": "gpu-before-complete", "updated_utc": "2026-09-08T14:37:57.922088+00:00", "child_pid": 377, "returncode": 0}
{"pid": 374, "phase": "python-parity", "updated_utc": "2026-09-08T14:37:57.929562+00:00", "child_pid": 379}
{"pid": 374, "phase": "python-parity-complete", "updated_utc": "2026-09-08T14:38:15.706689+00:00", "child_pid": 379, "returncode": 0}
{"pid": 374, "phase": "python-parity-memcheck", "updated_utc": "2026-09-08T14:38:15.715163+00:00", "child_pid": 395}
{"pid": 374, "phase": "python-parity-memcheck-complete", "updated_utc": "2026-09-08T14:38:33.413209+00:00", "child_pid": 395, "returncode": 0}
{"pid": 374, "phase": "python-parity-synccheck", "updated_utc": "2026-09-08T14:38:33.421097+00:00", "child_pid": 430}
{"pid": 374, "phase": "python-parity-synccheck-complete", "updated_utc": "2026-09-08T14:38:51.011357+00:00", "child_pid": 430, "returncode": 0}
{"pid": 374, "phase": "python-parity-racecheck", "updated_utc": "2026-09-08T14:38:51.019269+00:00", "child_pid": 571}
{"pid": 374, "phase": "python-parity-racecheck-complete", "updated_utc": "2026-09-08T14:39:09.452209+00:00", "child_pid": 571, "returncode": 0}
{"pid": 374, "phase": "python-selection", "updated_utc": "2026-09-08T14:39:09.461662+00:00", "child_pid": 607}
{"pid": 374, "phase": "python-selection-complete", "updated_utc": "2026-09-08T14:39:10.192845+00:00", "child_pid": 607, "returncode": 0}
{"pid": 374, "phase": "python-selection-memcheck", "updated_utc": "2026-09-08T14:39:10.200843+00:00", "child_pid": 612}
{"pid": 374, "phase": "python-selection-memcheck-complete", "updated_utc": "2026-09-08T14:39:11.169886+00:00", "child_pid": 612, "returncode": 0}
{"pid": 374, "phase": "python-selection-synccheck", "updated_utc": "2026-09-08T14:39:11.180295+00:00", "child_pid": 630}
{"pid": 374, "phase": "python-selection-synccheck-complete", "updated_utc": "2026-09-08T14:39:12.272240+00:00", "child_pid": 630, "returncode": 0}
{"pid": 374, "phase": "python-selection-racecheck", "updated_utc": "2026-09-08T14:39:12.280310+00:00", "child_pid": 648}
{"pid": 374, "phase": "python-selection-racecheck-complete", "updated_utc": "2026-09-08T14:39:13.799405+00:00", "child_pid": 648, "returncode": 0}
{"pid": 374, "phase": "benchmark", "updated_utc": "2026-09-08T14:39:13.806116+00:00", "child_pid": 681}
{"pid": 374, "phase": "benchmark-complete", "updated_utc": "2026-09-08T14:39:16.413107+00:00", "child_pid": 681, "returncode": 0}
{"pid": 374, "phase": "gpu-after", "updated_utc": "2026-09-08T14:39:16.423898+00:00", "child_pid": 687}
{"pid": 374, "phase": "gpu-after-complete", "updated_utc": "2026-09-08T14:39:18.236962+00:00", "child_pid": 687, "returncode": 0}
{"pid": 374, "phase": "complete", "updated_utc": "2026-09-08T14:39:18.241727+00:00", "success": true}
