{"pid": 363, "phase": "snapshot-git-init", "updated_utc": "2026-09-08T14:34:40.955640+00:00", "child_pid": 364}
{"pid": 363, "phase": "snapshot-git-init-complete", "updated_utc": "2026-09-08T14:34:40.965727+00:00", "child_pid": 364, "returncode": 0}
{"pid": 363, "phase": "snapshot-git-add", "updated_utc": "2026-09-08T14:34:40.971607+00:00", "child_pid": 365}
{"pid": 363, "phase": "snapshot-git-add-complete", "updated_utc": "2026-09-08T14:34:41.058706+00:00", "child_pid": 365, "returncode": 0}
{"pid": 363, "phase": "snapshot-git-commit", "updated_utc": "2026-09-08T14:34:41.064536+00:00", "child_pid": 366}
{"pid": 363, "phase": "snapshot-git-commit-complete", "updated_utc": "2026-09-08T14:34:41.095239+00:00", "child_pid": 366, "returncode": 0}
{"pid": 363, "phase": "cmake-configure", "updated_utc": "2026-09-08T14:34:41.104287+00:00", "child_pid": 369}
{"pid": 363, "phase": "cmake-configure-complete", "updated_utc": "2026-09-08T14:34:57.924376+00:00", "child_pid": 369, "returncode": 0}
{"pid": 363, "phase": "cmake-build", "updated_utc": "2026-09-08T14:34:57.929794+00:00", "child_pid": 533}
{"pid": 363, "phase": "cmake-build-complete", "updated_utc": "2026-09-08T14:35:42.063645+00:00", "child_pid": 533, "returncode": 0}
{"pid": 363, "phase": "smoke-build", "updated_utc": "2026-09-08T14:35:42.079589+00:00", "child_pid": 1154}
{"pid": 363, "phase": "smoke-build-complete", "updated_utc": "2026-09-08T14:35:42.757207+00:00", "child_pid": 1154, "returncode": 0}
{"pid": 363, "phase": "selection-build", "updated_utc": "2026-09-08T14:35:42.764028+00:00", "child_pid": 1187}
{"pid": 363, "phase": "selection-build-complete", "updated_utc": "2026-09-08T14:35:43.435296+00:00", "child_pid": 1187, "returncode": 0}
{"pid": 363, "phase": "waiting-for-gpu-lock", "updated_utc": "2026-09-08T14:35:43.440661+00:00"}
{"pid": 363, "phase": "gpu-before", "updated_utc": "2026-09-08T14:35:43.493935+00:00", "child_pid": 1222}
{"pid": 363, "phase": "gpu-before-complete", "updated_utc": "2026-09-08T14:35:45.315009+00:00", "child_pid": 1222, "returncode": 0}
{"pid": 363, "phase": "native-smoke", "updated_utc": "2026-09-08T14:35:45.321393+00:00", "child_pid": 1224}
{"pid": 363, "phase": "native-smoke-complete", "updated_utc": "2026-09-08T14:35:45.602783+00:00", "child_pid": 1224, "returncode": 0}
{"pid": 363, "phase": "memcheck", "updated_utc": "2026-09-08T14:35:45.612652+00:00", "child_pid": 1229}
{"pid": 363, "phase": "memcheck-complete", "updated_utc": "2026-09-08T14:35:46.000091+00:00", "child_pid": 1229, "returncode": 0}
{"pid": 363, "phase": "synccheck", "updated_utc": "2026-09-08T14:35:46.006417+00:00", "child_pid": 1247}
{"pid": 363, "phase": "synccheck-complete", "updated_utc": "2026-09-08T14:35:46.334135+00:00", "child_pid": 1247, "returncode": 0}
{"pid": 363, "phase": "racecheck", "updated_utc": "2026-09-08T14:35:46.340461+00:00", "child_pid": 1265}
{"pid": 363, "phase": "racecheck-complete", "updated_utc": "2026-09-08T14:35:47.151114+00:00", "child_pid": 1265, "returncode": 0}
{"pid": 363, "phase": "native-selection", "updated_utc": "2026-09-08T14:35:47.157212+00:00", "child_pid": 1298}
{"pid": 363, "phase": "native-selection-complete", "updated_utc": "2026-09-08T14:35:47.368300+00:00", "child_pid": 1298, "returncode": 0}
{"pid": 363, "phase": "selection-memcheck", "updated_utc": "2026-09-08T14:35:47.374837+00:00", "child_pid": 1303}
{"pid": 363, "phase": "selection-memcheck-complete", "updated_utc": "2026-09-08T14:35:47.766392+00:00", "child_pid": 1303, "returncode": 0}
{"pid": 363, "phase": "selection-synccheck", "updated_utc": "2026-09-08T14:35:47.773704+00:00", "child_pid": 1321}
{"pid": 363, "phase": "selection-synccheck-complete", "updated_utc": "2026-09-08T14:35:48.311725+00:00", "child_pid": 1321, "returncode": 0}
{"pid": 363, "phase": "selection-racecheck", "updated_utc": "2026-09-08T14:35:48.317016+00:00", "child_pid": 1339}
{"pid": 363, "phase": "selection-racecheck-complete", "updated_utc": "2026-09-08T14:35:49.222391+00:00", "child_pid": 1339, "returncode": 0}
{"pid": 363, "phase": "python-parity", "updated_utc": "2026-09-08T14:35:49.238348+00:00", "child_pid": 1372}
{"pid": 363, "phase": "python-parity-complete", "updated_utc": "2026-09-08T14:35:50.471003+00:00", "child_pid": 1372, "returncode": 0}
{"pid": 363, "phase": "failed", "updated_utc": "2026-09-08T14:35:50.479982+00:00", "success": false}
