FACTOR_GRAPH allocator bytes=24696268 blocks=9 misses=0
FACTOR_GRAPH allocator bytes=24696268 blocks=9 misses=0
FACTOR_GRAPH allocator bytes=24696268 blocks=9 misses=0
FACTOR_GRAPH allocator bytes=31923724 blocks=9 misses=0
FACTOR_GRAPH allocator bytes=33128644 blocks=9 misses=0
FACTOR_GRAPH allocator bytes=27193180 blocks=9 misses=0
FACTOR_GRAPH allocator bytes=28486892 blocks=9 misses=0
FACTOR_GRAPH allocator bytes=24696268 blocks=9 misses=0
FACTOR_GRAPH allocator bytes=31257236 blocks=9 misses=0
FACTOR_GRAPH allocator bytes=32482700 blocks=9 misses=0
FACTOR_GRAPH allocator bytes=29419500 blocks=9 misses=0
FACTOR_GRAPH allocator bytes=31923724 blocks=9 misses=0
FACTOR_GRAPH allocator bytes=33128644 blocks=9 misses=0
FACTOR_GRAPH allocator bytes=31427276 blocks=9 misses=0
FACTOR_GRAPH allocator bytes=27193180 blocks=9 misses=0
FACTOR_GRAPH allocator bytes=28486892 blocks=9 misses=0
FACTOR_GRAPH allocator bytes=31257236 blocks=9 misses=0
FACTOR_GRAPH allocator bytes=32482700 blocks=9 misses=0
FACTOR_GRAPH allocator bytes=29852580 blocks=9 misses=0
FACTOR_GRAPH allocator bytes=30452492 blocks=9 misses=0
FACTOR_GRAPH allocator bytes=30814932 blocks=9 misses=0
FACTOR_GRAPH allocator bytes=22470884 blocks=9 misses=0
FACTOR_GRAPH allocator bytes=9853436 blocks=9 misses=0
FACTOR_GRAPH allocator bytes=25224260 blocks=9 misses=0
FACTOR_GRAPH allocator bytes=23253060 blocks=9 misses=0
FACTOR_GRAPH allocator bytes=25224260 blocks=9 misses=0
FACTOR_GRAPH allocator bytes=23253060 blocks=9 misses=0
FACTOR_GRAPH allocator bytes=21168940 blocks=9 misses=0
FACTOR_GRAPH allocator bytes=23253060 blocks=9 misses=0
FACTOR_GRAPH allocator bytes=25224260 blocks=9 misses=0
FACTOR_GRAPH allocator bytes=23253060 blocks=9 misses=0
FACTOR_GRAPH allocator bytes=21168940 blocks=9 misses=0
FACTOR_GRAPH allocator bytes=21168940 blocks=9 misses=0
FACTOR_GRAPH allocator bytes=23253060 blocks=9 misses=0
FACTOR_GRAPH allocator bytes=25224260 blocks=9 misses=0
FACTOR_GRAPH allocator bytes=29391476 blocks=9 misses=0
FACTOR_GRAPH allocator bytes=25224260 blocks=9 misses=0
FACTOR_GRAPH allocator bytes=23253060 blocks=9 misses=0
FACTOR_GRAPH allocator bytes=21168940 blocks=9 misses=0
FACTOR_GRAPH allocator bytes=21168940 blocks=9 misses=0
FACTOR_GRAPH allocator bytes=15499876 blocks=9 misses=0
FACTOR_GRAPH allocator bytes=12708156 blocks=9 misses=0
FACTOR_GRAPH allocator bytes=8116644 blocks=9 misses=0
FACTOR_GRAPH allocator bytes=28097196 blocks=9 misses=0
FACTOR_GRAPH allocator bytes=27315900 blocks=9 misses=0
FACTOR_GRAPH allocator bytes=29391476 blocks=9 misses=0
FACTOR_GRAPH allocator bytes=30814932 blocks=9 misses=0
FACTOR_GRAPH allocator bytes=6816676 blocks=9 misses=0
FACTOR_GRAPH allocator bytes=10567900 blocks=9 misses=0
FACTOR_GRAPH allocator bytes=11293436 blocks=9 misses=0
FACTOR_GRAPH allocator bytes=16252236 blocks=9 misses=0
FACTOR_GRAPH allocator bytes=9089660 blocks=9 misses=0
FACTOR_GRAPH allocator bytes=17098692 blocks=9 misses=0
FACTOR_GRAPH allocator bytes=28097196 blocks=9 misses=0
FACTOR_GRAPH allocator bytes=11915708 blocks=9 misses=0
FACTOR_GRAPH allocator bytes=21724820 blocks=9 misses=0
FACTOR_GRAPH allocator bytes=18894852 blocks=9 misses=0
FACTOR_GRAPH allocator bytes=12708156 blocks=9 misses=0
FACTOR_GRAPH allocator bytes=7836316 blocks=9 misses=0
FACTOR_GRAPH allocator bytes=5606364 blocks=9 misses=0
FACTOR_GRAPH allocator bytes=30814932 blocks=9 misses=0
FACTOR_GRAPH allocator bytes=14892532 blocks=9 misses=0
FACTOR_GRAPH allocator bytes=6816676 blocks=9 misses=0
FACTOR_GRAPH allocator bytes=8116644 blocks=9 misses=0
FACTOR_GRAPH allocator bytes=14168548 blocks=9 misses=0
FACTOR_GRAPH allocator bytes=13386044 blocks=9 misses=0
FACTOR_GRAPH allocator bytes=9089660 blocks=9 misses=0
FACTOR_GRAPH allocator bytes=12708156 blocks=9 misses=0
FACTOR_GRAPH allocator bytes=15499876 blocks=9 misses=0
FACTOR_GRAPH allocator bytes=24613748 blocks=9 misses=0
FACTOR_GRAPH allocator bytes=18390876 blocks=9 misses=0
FACTOR_GRAPH allocator bytes=21724820 blocks=9 misses=0
FACTOR_GRAPH allocator bytes=6816676 blocks=9 misses=0
FACTOR_GRAPH allocator bytes=14168548 blocks=9 misses=0
FACTOR_GRAPH allocator bytes=30814932 blocks=9 misses=0
FACTOR_GRAPH allocator bytes=13386044 blocks=9 misses=0
FACTOR_GRAPH allocator bytes=6235508 blocks=9 misses=0
FACTOR_GRAPH allocator bytes=9853436 blocks=9 misses=0
FACTOR_GRAPH allocator bytes=11293436 blocks=9 misses=0
FACTOR_GRAPH allocator bytes=9089660 blocks=9 misses=0
FACTOR_GRAPH allocator bytes=14892532 blocks=9 misses=0
FACTOR_GRAPH allocator bytes=16252236 blocks=9 misses=0
FACTOR_GRAPH allocator bytes=27253020 blocks=9 misses=0
FACTOR_GRAPH allocator bytes=22470884 blocks=9 misses=0
FACTOR_GRAPH allocator bytes=14168548 blocks=9 misses=0
FACTOR_GRAPH allocator bytes=12708156 blocks=9 misses=0
FACTOR_GRAPH allocator bytes=7836316 blocks=9 misses=0
FACTOR_GRAPH allocator bytes=5606364 blocks=9 misses=0
FACTOR_GRAPH allocator bytes=6816676 blocks=9 misses=0
FACTOR_GRAPH allocator bytes=28097196 blocks=9 misses=0
FACTOR_GRAPH allocator bytes=30814932 blocks=9 misses=0
FACTOR_GRAPH allocator bytes=13386044 blocks=9 misses=0
FACTOR_GRAPH allocator bytes=6235508 blocks=9 misses=0
FACTOR_GRAPH allocator bytes=9853436 blocks=9 misses=0
FACTOR_GRAPH allocator bytes=11293436 blocks=9 misses=0
FACTOR_GRAPH allocator bytes=9089660 blocks=9 misses=0
FACTOR_GRAPH allocator bytes=14892532 blocks=9 misses=0
FACTOR_GRAPH allocator bytes=16252236 blocks=9 misses=0
FACTOR_GRAPH allocator bytes=23434964 blocks=9 misses=0
FACTOR_GRAPH allocator bytes=18390876 blocks=9 misses=0
FACTOR_GRAPH allocator bytes=14168548 blocks=9 misses=0
FACTOR_GRAPH allocator bytes=12708156 blocks=9 misses=0
FACTOR_GRAPH allocator bytes=7836316 blocks=9 misses=0
FACTOR_GRAPH allocator bytes=5606364 blocks=9 misses=0
FACTOR_GRAPH allocator bytes=6816676 blocks=9 misses=0
FACTOR_GRAPH allocator bytes=28097196 blocks=9 misses=0
FACTOR_GRAPH allocator bytes=30814932 blocks=9 misses=0
FACTOR_GRAPH allocator bytes=13386044 blocks=9 misses=0
FACTOR_GRAPH allocator bytes=6235508 blocks=9 misses=0
FACTOR_GRAPH allocator bytes=9853436 blocks=9 misses=0
FACTOR_GRAPH allocator bytes=11293436 blocks=9 misses=0
FACTOR_GRAPH allocator bytes=9089660 blocks=9 misses=0
FACTOR_GRAPH allocator bytes=14892532 blocks=9 misses=0
FACTOR_GRAPH allocator bytes=16252236 blocks=9 misses=0
FACTOR_GRAPH allocator bytes=21182964 blocks=9 misses=0
FACTOR_GRAPH allocator bytes=18390876 blocks=9 misses=0
FACTOR_GRAPH allocator bytes=14168548 blocks=9 misses=0
FACTOR_GRAPH allocator bytes=12708156 blocks=9 misses=0
FACTOR_GRAPH allocator bytes=7836316 blocks=9 misses=0
FACTOR_GRAPH allocator bytes=5606364 blocks=9 misses=0
FACTOR_GRAPH allocator bytes=6816676 blocks=9 misses=0
FACTOR_GRAPH allocator bytes=28097196 blocks=9 misses=0
FACTOR_GRAPH allocator bytes=27193180 blocks=9 misses=0
FACTOR_GRAPH allocator bytes=29852580 blocks=9 misses=0
FACTOR_GRAPH allocator bytes=28486892 blocks=9 misses=0
FACTOR_GRAPH allocator bytes=29164604 blocks=9 misses=0
FACTOR_GRAPH allocator bytes=31257236 blocks=9 misses=0
FACTOR_GRAPH allocator bytes=12708156 blocks=9 misses=0
FACTOR_GRAPH allocator bytes=21182964 blocks=9 misses=0
FACTOR_GRAPH allocator bytes=18390876 blocks=9 misses=0
FACTOR_GRAPH allocator bytes=23253060 blocks=9 misses=0
FACTOR_GRAPH allocator bytes=23253060 blocks=9 misses=0
FACTOR_GRAPH allocator bytes=21168940 blocks=9 misses=0
FACTOR_GRAPH allocator bytes=11293436 blocks=9 misses=0
FACTOR_GRAPH allocator bytes=29391476 blocks=9 misses=0
FACTOR_GRAPH allocator bytes=25224260 blocks=9 misses=0
FACTOR_GRAPH allocator bytes=23253060 blocks=9 misses=0
FACTOR_GRAPH allocator bytes=21168940 blocks=9 misses=0
FACTOR_GRAPH allocator bytes=21168940 blocks=9 misses=0
FACTOR_GRAPH allocator bytes=29391476 blocks=9 misses=0
FACTOR_GRAPH allocator bytes=25224260 blocks=9 misses=0
FACTOR_GRAPH allocator bytes=23253060 blocks=9 misses=0
FACTOR_GRAPH allocator bytes=21168940 blocks=9 misses=0
FACTOR_GRAPH allocator bytes=21168940 blocks=9 misses=0
FACTOR_GRAPH allocator bytes=23253060 blocks=9 misses=0
FACTOR_GRAPH allocator bytes=21168940 blocks=9 misses=0
FACTOR_GRAPH allocator bytes=21168940 blocks=9 misses=0
FACTOR_GRAPH allocator bytes=21168940 blocks=9 misses=0
FACTOR_GRAPH allocator bytes=21168940 blocks=9 misses=0
FACTOR_GRAPH allocator bytes=15499876 blocks=9 misses=0
FACTOR_GRAPH allocator bytes=9853436 blocks=9 misses=0
FACTOR_GRAPH allocator bytes=4663116 blocks=9 misses=0
FACTOR_GRAPH allocator bytes=26803076 blocks=9 misses=0
FACTOR_GRAPH allocator bytes=27315900 blocks=9 misses=0
FACTOR_GRAPH allocator bytes=29391476 blocks=9 misses=0
FACTOR_GRAPH allocator bytes=25224260 blocks=9 misses=0
FACTOR_GRAPH allocator bytes=23253060 blocks=9 misses=0
FACTOR_GRAPH allocator bytes=30814932 blocks=9 misses=0
FACTOR_GRAPH allocator bytes=16252236 blocks=9 misses=0
FACTOR_GRAPH allocator bytes=17689060 blocks=9 misses=0
FACTOR_GRAPH allocator bytes=17098692 blocks=9 misses=0
FACTOR_GRAPH allocator bytes=23253060 blocks=9 misses=0
FACTOR_GRAPH allocator bytes=18390876 blocks=9 misses=0
FACTOR_GRAPH allocator bytes=11915708 blocks=9 misses=0
FACTOR_GRAPH allocator bytes=13386044 blocks=9 misses=0
FACTOR_GRAPH allocator bytes=12708156 blocks=9 misses=0
FACTOR_GRAPH allocator bytes=11293436 blocks=9 misses=0
FACTOR_GRAPH allocator bytes=9853436 blocks=9 misses=0
FACTOR_GRAPH allocator bytes=6235508 blocks=9 misses=0
FACTOR_GRAPH allocator bytes=30814932 blocks=9 misses=0
FACTOR_GRAPH allocator bytes=16252236 blocks=9 misses=0
FACTOR_GRAPH allocator bytes=17689060 blocks=9 misses=0
FACTOR_GRAPH allocator bytes=17098692 blocks=9 misses=0
FACTOR_GRAPH allocator bytes=24613748 blocks=9 misses=0
FACTOR_GRAPH allocator bytes=18390876 blocks=9 misses=0
FACTOR_GRAPH allocator bytes=11915708 blocks=9 misses=0
FACTOR_GRAPH allocator bytes=14892532 blocks=9 misses=0
FACTOR_GRAPH allocator bytes=12708156 blocks=9 misses=0
FACTOR_GRAPH allocator bytes=11293436 blocks=9 misses=0
FACTOR_GRAPH allocator bytes=9089660 blocks=9 misses=0
FACTOR_GRAPH allocator bytes=4663116 blocks=9 misses=0
FACTOR_GRAPH allocator bytes=30814932 blocks=9 misses=0
FACTOR_GRAPH allocator bytes=17098692 blocks=9 misses=0
FACTOR_GRAPH allocator bytes=11915708 blocks=9 misses=0
FACTOR_GRAPH allocator bytes=16252236 blocks=9 misses=0
FACTOR_GRAPH allocator bytes=18390876 blocks=9 misses=0
FACTOR_GRAPH allocator bytes=9853436 blocks=9 misses=0
FACTOR_GRAPH allocator bytes=14168548 blocks=9 misses=0
FACTOR_GRAPH allocator bytes=29419500 blocks=9 misses=0
FACTOR_GRAPH allocator bytes=15499876 blocks=9 misses=0
FACTOR_GRAPH allocator bytes=10567900 blocks=9 misses=0
FACTOR_GRAPH allocator bytes=4663116 blocks=9 misses=0
FACTOR_GRAPH allocator bytes=25985516 blocks=9 misses=0
FACTOR_GRAPH allocator bytes=30814932 blocks=9 misses=0
FACTOR_GRAPH allocator bytes=31923724 blocks=9 misses=0
FACTOR_GRAPH allocator bytes=30021324 blocks=9 misses=0
FACTOR_GRAPH allocator bytes=29419500 blocks=9 misses=0
FACTOR_GRAPH allocator bytes=31560788 blocks=9 misses=0
FACTOR_GRAPH allocator bytes=32755956 blocks=9 misses=0
FACTOR_GRAPH allocator bytes=20590740 blocks=8 misses=0
FACTOR_GRAPH allocator bytes=23894212 blocks=8 misses=0
FACTOR_GRAPH allocator bytes=23080020 blocks=8 misses=0
FACTOR_GRAPH allocator bytes=23894212 blocks=8 misses=0
FACTOR_GRAPH allocator bytes=22262532 blocks=8 misses=0
FACTOR_GRAPH allocator bytes=23486884 blocks=8 misses=0
FACTOR_GRAPH allocator bytes=21410164 blocks=8 misses=0
FACTOR_GRAPH allocator bytes=33901036 blocks=9 misses=0
FACTOR_GRAPH allocator bytes=30814932 blocks=9 misses=0
FACTOR_GRAPH allocator bytes=28077812 blocks=9 misses=0
FACTOR_GRAPH allocator bytes=28878500 blocks=9 misses=0
FACTOR_GRAPH allocator bytes=27315900 blocks=9 misses=0
FACTOR_GRAPH allocator bytes=27315900 blocks=9 misses=0
FACTOR_GRAPH allocator bytes=25224260 blocks=9 misses=0
FACTOR_GRAPH allocator bytes=23080020 blocks=8 misses=0
FACTOR_GRAPH allocator bytes=29391476 blocks=9 misses=0
FACTOR_GRAPH allocator bytes=27315900 blocks=9 misses=0
FACTOR_GRAPH allocator bytes=25224260 blocks=9 misses=0
FACTOR_GRAPH allocator bytes=23253060 blocks=9 misses=0
FACTOR_GRAPH allocator bytes=25224260 blocks=9 misses=0
FACTOR_GRAPH allocator bytes=29391476 blocks=9 misses=0
FACTOR_GRAPH allocator bytes=27315900 blocks=9 misses=0
FACTOR_GRAPH allocator bytes=25224260 blocks=9 misses=0
FACTOR_GRAPH allocator bytes=23253060 blocks=9 misses=0
FACTOR_GRAPH allocator bytes=21168940 blocks=9 misses=0
FACTOR_GRAPH allocator bytes=23253060 blocks=9 misses=0
FACTOR_GRAPH allocator bytes=25224260 blocks=9 misses=0
FACTOR_GRAPH allocator bytes=27315900 blocks=9 misses=0
FACTOR_GRAPH allocator bytes=22679748 blocks=8 misses=0
FACTOR_GRAPH allocator bytes=23776628 blocks=9 misses=0
FACTOR_GRAPH allocator bytes=6816676 blocks=9 misses=0
FACTOR_GRAPH allocator bytes=29517164 blocks=9 misses=0
FACTOR_GRAPH allocator bytes=22470884 blocks=9 misses=0
FACTOR_GRAPH allocator bytes=29391476 blocks=9 misses=0
FACTOR_GRAPH allocator bytes=14892532 blocks=9 misses=0
FACTOR_GRAPH allocator bytes=30021324 blocks=9 misses=0
FACTOR_GRAPH allocator bytes=19820188 blocks=9 misses=0
FACTOR_GRAPH allocator bytes=30150900 blocks=9 misses=0
FACTOR_GRAPH allocator bytes=7836316 blocks=9 misses=0
FACTOR_GRAPH allocator bytes=16252236 blocks=9 misses=0
FACTOR_GRAPH allocator bytes=14168548 blocks=9 misses=0
FACTOR_GRAPH allocator bytes=21168940 blocks=9 misses=0
FACTOR_GRAPH allocator bytes=30814932 blocks=9 misses=0
FACTOR_GRAPH allocator bytes=12708156 blocks=9 misses=0
FACTOR_GRAPH allocator bytes=6235508 blocks=9 misses=0
FACTOR_GRAPH allocator bytes=11293436 blocks=9 misses=0
FACTOR_GRAPH allocator bytes=10567900 blocks=9 misses=0
FACTOR_GRAPH allocator bytes=17098692 blocks=9 misses=0
FACTOR_GRAPH allocator bytes=9089660 blocks=9 misses=0
FACTOR_GRAPH allocator bytes=13386044 blocks=9 misses=0
FACTOR_GRAPH allocator bytes=23434964 blocks=9 misses=0
FACTOR_GRAPH allocator bytes=15499876 blocks=9 misses=0
FACTOR_GRAPH allocator bytes=27315900 blocks=9 misses=0
FACTOR_GRAPH allocator bytes=30814932 blocks=9 misses=0
FACTOR_GRAPH allocator bytes=14892532 blocks=9 misses=0
FACTOR_GRAPH allocator bytes=20441124 blocks=9 misses=0
FACTOR_GRAPH allocator bytes=14168548 blocks=9 misses=0
FACTOR_GRAPH allocator bytes=16252236 blocks=9 misses=0
FACTOR_GRAPH allocator bytes=9089660 blocks=9 misses=0
FACTOR_GRAPH allocator bytes=12708156 blocks=9 misses=0
FACTOR_GRAPH allocator bytes=20469188 blocks=9 misses=0
FACTOR_GRAPH allocator bytes=30021324 blocks=9 misses=0
FACTOR_GRAPH allocator bytes=17689060 blocks=9 misses=0
FACTOR_GRAPH allocator bytes=19820188 blocks=9 misses=0
FACTOR_GRAPH allocator bytes=11293436 blocks=9 misses=0
FACTOR_GRAPH allocator bytes=18390876 blocks=9 misses=0
FACTOR_GRAPH allocator bytes=9853436 blocks=9 misses=0
FACTOR_GRAPH allocator bytes=25224260 blocks=9 misses=0
FACTOR_GRAPH allocator bytes=30814932 blocks=9 misses=0
FACTOR_GRAPH allocator bytes=14892532 blocks=9 misses=0
FACTOR_GRAPH allocator bytes=16252236 blocks=9 misses=0
FACTOR_GRAPH allocator bytes=11915708 blocks=9 misses=0
FACTOR_GRAPH allocator bytes=17098692 blocks=9 misses=0
FACTOR_GRAPH allocator bytes=18894852 blocks=9 misses=0
{
  "collected_kg": [
    641.1,
    533.5,
    412.7
  ],
  "cooperative_collects": 2,
  "elapsed_minutes": 16.8,
  "family": 32,
  "incumbent_kg": 1420.9,
  "master": {
    "collected_kg": 1587.3,
    "exhaustive": true,
    "ships": 3
  },
  "members": 23,
  "orphans_left": [],
  "ships": 3,
  "wall_seconds": 985
}
{
  "asteroids": 22,
  "average_collected_kg": 529.0896646132786,
  "budget_marks": {
    "120_min": 1420.9,
    "240_min": 1420.9,
    "30_min": 1420.9,
    "480_min": 1420.9,
    "60_min": 1420.9
  },
  "memory_bound_mb": 1382.171875,
  "memory_total_pss_peak_mb": 678.7431640625,
  "peak_rss_mb": 691.0859375,
  "run_id": "gpu_family32_rich_v589_h100",
  "score_kg": 1420.9094084906242,
  "score_kind": "weighted_score_fixed_bonus_kg",
  "ships": 3,
  "status": "scored",
  "total_mass_kg": 1587.2689938396002,
  "wall_seconds_total": 1015.2859712690115,
  "weighted_score_fixed_bonus_kg": 1420.9094084906242
}
FACTOR_GRAPH allocator bytes=18390876 blocks=9 misses=0
FACTOR_GRAPH allocator bytes=15499876 blocks=9 misses=0
FACTOR_GRAPH allocator bytes=12708156 blocks=9 misses=0
FACTOR_GRAPH allocator bytes=11293436 blocks=9 misses=0
FACTOR_GRAPH allocator bytes=14168548 blocks=9 misses=0
FACTOR_GRAPH allocator bytes=9089660 blocks=9 misses=0
FACTOR_GRAPH allocator bytes=4663116 blocks=9 misses=0
FACTOR_GRAPH allocator bytes=25985516 blocks=9 misses=0
