FACTOR_GRAPH allocator bytes=24696268 blocks=9 misses=0
{"origin": false, "ruiz": 0, "repeat": 0, "status": "converged", "diagnostic": "", "seconds": 1.0034984900266863, "iterations": 7, "accepted": 6, "virtual_inf": 3.324320715838179e-20, "defect": 1.2469469901077446e-11, "final_mass": 2657.363839395526, "qualified": true, "position_error_km": 0.0839957315522634, "velocity_error_km_s": 5.227232672974145e-09, "maximum_thrust_n": 0.5999999999755047}
FACTOR_GRAPH allocator bytes=24696268 blocks=9 misses=0
{"origin": false, "ruiz": 0, "repeat": 1, "status": "infeasible", "diagnostic": "virtual control remains 5.130e-02", "seconds": 7.182066551991738, "iterations": 40, "accepted": 21, "virtual_inf": 0.05129691031459631, "defect": 0.05129678622089362, "final_mass": 2658.4057892269248, "qualified": false, "position_error_km": 9412.046568041304, "velocity_error_km_s": 1.5485855964393251, "maximum_thrust_n": 0.34739485426206707}
FACTOR_GRAPH allocator bytes=24696268 blocks=9 misses=0
{"origin": false, "ruiz": 0, "repeat": 2, "status": "infeasible", "diagnostic": "virtual control remains 4.173e-02", "seconds": 6.885950436000712, "iterations": 40, "accepted": 19, "virtual_inf": 0.04173120274579061, "defect": 0.041731202253053434, "final_mass": 2610.6003564045945, "qualified": false, "position_error_km": 35.96239157330274, "velocity_error_km_s": 1.2466972126193443, "maximum_thrust_n": 0.3947315110929364}
FACTOR_GRAPH allocator bytes=24696268 blocks=9 misses=0
{"origin": false, "ruiz": 0, "repeat": 3, "status": "infeasible", "diagnostic": "virtual control remains 4.662e-02", "seconds": 8.550961013999768, "iterations": 44, "accepted": 18, "virtual_inf": 0.04662068233293028, "defect": 0.046620670397441, "final_mass": 2636.644783142264, "qualified": false, "position_error_km": 884.6401209209312, "velocity_error_km_s": 1.400572662382273, "maximum_thrust_n": 0.37066572292592964}
FACTOR_GRAPH allocator bytes=24696268 blocks=9 misses=0
{"origin": true, "ruiz": 0, "repeat": 0, "status": "converged", "diagnostic": "", "seconds": 0.7075159639935009, "iterations": 8, "accepted": 5, "virtual_inf": 4.0196072995110217e-19, "defect": 2.3886448374810243e-13, "final_mass": 2657.363839341956, "qualified": true, "position_error_km": 0.10220033462134308, "velocity_error_km_s": 6.4002962070481996e-09, "maximum_thrust_n": 0.5999999999585551}
FACTOR_GRAPH allocator bytes=24696268 blocks=9 misses=0
{"origin": true, "ruiz": 0, "repeat": 1, "status": "converged", "diagnostic": "", "seconds": 1.1127369190216996, "iterations": 12, "accepted": 7, "virtual_inf": 3.3747819212571694e-22, "defect": 2.3819834993332734e-13, "final_mass": 2657.363839456032, "qualified": true, "position_error_km": 0.00761967323155177, "velocity_error_km_s": 1.8883911807650538e-10, "maximum_thrust_n": 0.5999999999998938}
FACTOR_GRAPH allocator bytes=24696268 blocks=9 misses=0
{"origin": true, "ruiz": 0, "repeat": 2, "status": "infeasible", "diagnostic": "virtual control remains 4.706e-02", "seconds": 6.787835837982129, "iterations": 40, "accepted": 21, "virtual_inf": 0.04706475004675329, "defect": 0.04706470026966325, "final_mass": 2638.807867180961, "qualified": false, "position_error_km": 3553.510467134744, "velocity_error_km_s": 1.4152154003384225, "maximum_thrust_n": 0.3685026400396375}
FACTOR_GRAPH allocator bytes=24696268 blocks=9 misses=0
{"origin": true, "ruiz": 0, "repeat": 3, "status": "converged", "diagnostic": "", "seconds": 0.8992794409859926, "iterations": 11, "accepted": 7, "virtual_inf": 1.169336087444078e-19, "defect": 2.7372548672133235e-13, "final_mass": 2657.3638394548457, "qualified": true, "position_error_km": 0.011102646840792485, "velocity_error_km_s": 6.670593909284418e-10, "maximum_thrust_n": 0.5999999999991686}
FACTOR_GRAPH allocator bytes=24696268 blocks=9 misses=0
{"origin": false, "ruiz": 5, "repeat": 0, "status": "iteration_limit", "diagnostic": "", "seconds": 6.359671799989883, "iterations": 41, "accepted": 20, "virtual_inf": 6.152308852331815e-21, "defect": 7.0500497661996064e-09, "final_mass": 2528.3883930073116, "qualified": true, "position_error_km": 8.633000540484122, "velocity_error_km_s": 6.261051412664164e-07, "maximum_thrust_n": 0.600000000113016}
FACTOR_GRAPH allocator bytes=24696268 blocks=9 misses=0
{"origin": false, "ruiz": 5, "repeat": 1, "status": "failed", "diagnostic": "convex subproblem unqualified", "seconds": 4.145626074983738, "iterations": 32, "accepted": 14, "virtual_inf": 1.124178812225081e-06, "defect": 1.2579724327776987e-06, "final_mass": 2449.329590269999, "qualified": false, "position_error_km": 1355.7202748004427, "velocity_error_km_s": 0.00011718075483381607, "maximum_thrust_n": 0.5529744396442039}
FACTOR_GRAPH allocator bytes=24696268 blocks=9 misses=0
{"origin": false, "ruiz": 5, "repeat": 2, "status": "failed", "diagnostic": "convex subproblem unqualified", "seconds": 4.38310012803413, "iterations": 35, "accepted": 15, "virtual_inf": 6.14677118809207e-19, "defect": 6.047368272810161e-09, "final_mass": 2437.509088708738, "qualified": true, "position_error_km": 19.658996165817072, "velocity_error_km_s": 1.3603229209132913e-06, "maximum_thrust_n": 0.5752761600376618}
FACTOR_GRAPH allocator bytes=24696268 blocks=9 misses=0
{"origin": false, "ruiz": 5, "repeat": 3, "status": "failed", "diagnostic": "convex subproblem unqualified", "seconds": 4.865704588009976, "iterations": 35, "accepted": 16, "virtual_inf": 3.7819430383192636e-21, "defect": 1.8678158242302345e-08, "final_mass": 2439.4626937534154, "qualified": true, "position_error_km": 55.27855210230966, "velocity_error_km_s": 3.8478847888216155e-06, "maximum_thrust_n": 0.5851200001264197}
FACTOR_GRAPH allocator bytes=24696268 blocks=9 misses=0
{"origin": true, "ruiz": 5, "repeat": 0, "status": "converged", "diagnostic": "", "seconds": 2.874303710006643, "iterations": 23, "accepted": 8, "virtual_inf": 4.49830617046721e-22, "defect": 3.3327784976222574e-12, "final_mass": 2656.8806320430303, "qualified": true, "position_error_km": 0.06745260527811273, "velocity_error_km_s": 4.192082460582435e-09, "maximum_thrust_n": 0.5999999999763936}
FACTOR_GRAPH allocator bytes=24696268 blocks=9 misses=0
{"origin": true, "ruiz": 5, "repeat": 1, "status": "failed", "diagnostic": "convex subproblem unqualified", "seconds": 5.358017766964622, "iterations": 36, "accepted": 14, "virtual_inf": 1.4983748166478816e-21, "defect": 7.150487091323043e-09, "final_mass": 2543.4893574817047, "qualified": true, "position_error_km": 0.848345781597526, "velocity_error_km_s": 2.5971722430352175e-07, "maximum_thrust_n": 0.6000000002322118}
FACTOR_GRAPH allocator bytes=24696268 blocks=9 misses=0
{"origin": true, "ruiz": 5, "repeat": 2, "status": "iteration_limit", "diagnostic": "", "seconds": 6.578079904022161, "iterations": 41, "accepted": 21, "virtual_inf": 2.368117758283295e-22, "defect": 6.971446864234565e-09, "final_mass": 2485.497000137812, "qualified": true, "position_error_km": 1.5583521108291598, "velocity_error_km_s": 8.190819871996915e-08, "maximum_thrust_n": 0.6000000000025558}
FACTOR_GRAPH allocator bytes=24696268 blocks=9 misses=0
{"origin": true, "ruiz": 5, "repeat": 3, "status": "converged", "diagnostic": "", "seconds": 5.870280772971455, "iterations": 41, "accepted": 17, "virtual_inf": 9.959667006321028e-22, "defect": 2.495115225542577e-12, "final_mass": 2652.403198758062, "qualified": true, "position_error_km": 0.013709138241749214, "velocity_error_km_s": 5.078278588884063e-10, "maximum_thrust_n": 0.6000000000665904}
