{"case": "ship_15_position_00", "ship": 15, "grid_days": 15.0, "calibrated_legs": 18, "elapsed_seconds": 21.193912059, "joint": {"moves": 32, "evaluations": 6337, "failure": ""}, "raw_gain_kg": 4.052019164955595, "weighted_gain_kg": 4.941850560062107, "plan": "/mnt/c/Users/Angus/Desktop/projects/spacecraft-trajectory-optmiser/build/performance/orphan-recovery-v595/output-compatible/proxies/ship_15_position_00_grid_15.json"}
{"case": "ship_15_position_01", "ship": 15, "grid_days": 15.0, "calibrated_legs": 18, "elapsed_seconds": 21.372862833, "joint": {"moves": 27, "evaluations": 5767, "failure": ""}, "raw_gain_kg": -18.39835728952778, "weighted_gain_kg": -15.245930084769384, "plan": "/mnt/c/Users/Angus/Desktop/projects/spacecraft-trajectory-optmiser/build/performance/orphan-recovery-v595/output-compatible/proxies/ship_15_position_01_grid_15.json"}
{"case": "ship_15_position_02", "ship": 15, "grid_days": 15.0, "calibrated_legs": 18, "elapsed_seconds": 21.519873116}
{"case": "ship_15_position_03", "ship": 15, "grid_days": 15.0, "calibrated_legs": 18, "elapsed_seconds": 21.535151846999995}
{"case": "ship_15_position_04", "ship": 15, "grid_days": 15.0, "calibrated_legs": 18, "elapsed_seconds": 21.550682527999996}
{"case": "ship_15_position_05", "ship": 15, "grid_days": 15.0, "calibrated_legs": 18, "elapsed_seconds": 21.566223617}
{"case": "ship_15_position_06", "ship": 15, "grid_days": 15.0, "calibrated_legs": 18, "elapsed_seconds": 21.581850400999997}
{"case": "ship_15_position_07", "ship": 15, "grid_days": 15.0, "calibrated_legs": 18, "elapsed_seconds": 21.59808863}
{"case": "ship_15_position_08", "ship": 15, "grid_days": 15.0, "calibrated_legs": 18, "elapsed_seconds": 21.613927487999995}
{"case": "ship_15_position_00", "ship": 15, "grid_days": 5.0, "calibrated_legs": 18, "elapsed_seconds": 22.092188954999997, "joint": {"moves": 27, "evaluations": 5457, "failure": ""}, "raw_gain_kg": 2.5188227241615095, "weighted_gain_kg": 3.509149091539598, "plan": "/mnt/c/Users/Angus/Desktop/projects/spacecraft-trajectory-optmiser/build/performance/orphan-recovery-v595/output-compatible/proxies/ship_15_position_00_grid_5.json"}
{"case": "ship_15_position_01", "ship": 15, "grid_days": 5.0, "calibrated_legs": 18, "elapsed_seconds": 22.260858174, "joint": {"moves": 26, "evaluations": 5581, "failure": ""}, "raw_gain_kg": -17.467488021902795, "weighted_gain_kg": -14.495862336189475, "plan": "/mnt/c/Users/Angus/Desktop/projects/spacecraft-trajectory-optmiser/build/performance/orphan-recovery-v595/output-compatible/proxies/ship_15_position_01_grid_5.json"}
{"case": "ship_15_position_02", "ship": 15, "grid_days": 5.0, "calibrated_legs": 18, "elapsed_seconds": 22.451008062}
{"case": "ship_15_position_03", "ship": 15, "grid_days": 5.0, "calibrated_legs": 18, "elapsed_seconds": 22.517966398999995}
{"case": "ship_15_position_04", "ship": 15, "grid_days": 5.0, "calibrated_legs": 18, "elapsed_seconds": 22.586119063999995}
{"case": "ship_15_position_05", "ship": 15, "grid_days": 5.0, "calibrated_legs": 18, "elapsed_seconds": 22.653583628999996}
{"case": "ship_15_position_06", "ship": 15, "grid_days": 5.0, "calibrated_legs": 18, "elapsed_seconds": 22.724174485}
{"case": "ship_15_position_07", "ship": 15, "grid_days": 5.0, "calibrated_legs": 18, "elapsed_seconds": 22.793238879999997}
{"case": "ship_15_position_08", "ship": 15, "grid_days": 5.0, "calibrated_legs": 18, "elapsed_seconds": 22.858004809999997}
{"case": "ship_03_position_00", "ship": 3, "grid_days": 15.0, "calibrated_legs": 18, "elapsed_seconds": 22.918083699999997}
{"case": "ship_03_position_01", "ship": 3, "grid_days": 15.0, "calibrated_legs": 18, "elapsed_seconds": 22.935309546}
{"case": "ship_03_position_02", "ship": 3, "grid_days": 15.0, "calibrated_legs": 18, "elapsed_seconds": 22.951646265999997}
{"case": "ship_03_position_03", "ship": 3, "grid_days": 15.0, "calibrated_legs": 18, "elapsed_seconds": 22.968597558}
{"case": "ship_03_position_04", "ship": 3, "grid_days": 15.0, "calibrated_legs": 18, "elapsed_seconds": 22.985815763999994}
{"case": "ship_03_position_05", "ship": 3, "grid_days": 15.0, "calibrated_legs": 18, "elapsed_seconds": 23.00260969}
{"case": "ship_03_position_06", "ship": 3, "grid_days": 15.0, "calibrated_legs": 18, "elapsed_seconds": 23.015979709999996}
{"case": "ship_03_position_07", "ship": 3, "grid_days": 15.0, "calibrated_legs": 18, "elapsed_seconds": 23.03297026}
{"case": "ship_03_position_08", "ship": 3, "grid_days": 15.0, "calibrated_legs": 18, "elapsed_seconds": 23.049698395999997}
{"case": "ship_03_position_00", "ship": 3, "grid_days": 5.0, "calibrated_legs": 18, "elapsed_seconds": 23.472100915}
{"case": "ship_03_position_01", "ship": 3, "grid_days": 5.0, "calibrated_legs": 18, "elapsed_seconds": 23.539657462}
{"case": "ship_03_position_02", "ship": 3, "grid_days": 5.0, "calibrated_legs": 18, "elapsed_seconds": 23.608307747999994}
{"case": "ship_03_position_03", "ship": 3, "grid_days": 5.0, "calibrated_legs": 18, "elapsed_seconds": 23.678867745999995}
{"case": "ship_03_position_04", "ship": 3, "grid_days": 5.0, "calibrated_legs": 18, "elapsed_seconds": 23.748067796999997}
{"case": "ship_03_position_05", "ship": 3, "grid_days": 5.0, "calibrated_legs": 18, "elapsed_seconds": 23.819411793999997}
{"case": "ship_03_position_06", "ship": 3, "grid_days": 5.0, "calibrated_legs": 18, "elapsed_seconds": 23.861618518999997}
{"case": "ship_03_position_07", "ship": 3, "grid_days": 5.0, "calibrated_legs": 18, "elapsed_seconds": 23.930749131}
{"case": "ship_03_position_08", "ship": 3, "grid_days": 5.0, "calibrated_legs": 18, "elapsed_seconds": 23.996197336999998}
FACTOR_GRAPH allocator bytes=26804876 blocks=9 misses=0
FACTOR_GRAPH allocator bytes=5804020 blocks=9 misses=0
FACTOR_GRAPH allocator bytes=15059948 blocks=9 misses=0
FACTOR_GRAPH allocator bytes=14741524 blocks=9 misses=0
FACTOR_GRAPH allocator bytes=18894852 blocks=9 misses=0
FACTOR_GRAPH allocator bytes=10571372 blocks=9 misses=0
FACTOR_GRAPH allocator bytes=9477180 blocks=9 misses=0
FACTOR_GRAPH allocator bytes=16252236 blocks=9 misses=0
FACTOR_GRAPH allocator bytes=13964148 blocks=9 misses=0
FACTOR_GRAPH allocator bytes=15698236 blocks=9 misses=0
FACTOR_GRAPH allocator bytes=11015292 blocks=9 misses=0
FACTOR_GRAPH allocator bytes=9853436 blocks=9 misses=0
FACTOR_GRAPH allocator bytes=19887820 blocks=9 misses=0
FACTOR_GRAPH allocator bytes=11915708 blocks=9 misses=0
FACTOR_GRAPH allocator bytes=8116644 blocks=9 misses=0
FACTOR_GRAPH allocator bytes=10567900 blocks=9 misses=0
FACTOR_GRAPH allocator bytes=9089660 blocks=9 misses=0
FACTOR_GRAPH allocator bytes=28183812 blocks=9 misses=0
FACTOR_GRAPH allocator bytes=27049076 blocks=9 misses=0
FACTOR_GRAPH allocator bytes=6000732 blocks=9 misses=0
FACTOR_GRAPH allocator bytes=14513340 blocks=9 misses=0
FACTOR_GRAPH allocator bytes=14228708 blocks=9 misses=0
FACTOR_GRAPH allocator bytes=20029588 blocks=9 misses=0
FACTOR_GRAPH allocator bytes=10723956 blocks=9 misses=0
FACTOR_GRAPH allocator bytes=16665652 blocks=9 misses=0
FACTOR_GRAPH allocator bytes=13964148 blocks=9 misses=0
{"status": "improved", "best": {"ok": true, "independent": {"ok": true, "ships": 23, "mined_asteroids": 195, "total_mass_kg": 14051.854893908598, "weighted_score_fixed_bonus_kg": 12810.135953048577, "weighted_score_dynamic_kg": null, "ship_limit": 23.03346208009841, "max_position_error_km": 66.8554004821042, "max_velocity_error_km_s": 4.94967112012233e-06, "max_mass_error_kg": 9.367795428261161e-11, "violations": []}, "official": {"ok": true, "ships": 23, "mined_asteroids": 195, "total_mass_kg": 14051.9, "return_code": 0, "wall_seconds": 0.189612848000003, "message": "Check successfully!"}, "score_kg": 12810.135953048577, "total_mass_kg": 14051.854893908598, "solution": "/mnt/c/Users/Angus/Desktop/projects/spacecraft-trajectory-optmiser/build/performance/orphan-recovery-v595/output-compatible/best/Result.txt", "viewer_manifest": "/mnt/c/Users/Angus/Desktop/projects/spacecraft-trajectory-optmiser/build/performance/orphan-recovery-v595/output-compatible/best/viewer/manifest.json", "viewer": {"schema_version": "1.0.0", "files": {"trajectories.json": {"bytes": 10557340, "sha256": "96674089cd248ada851a77af1a763815541b7ef2fb09f9085d783562703e243f"}}, "source": {"path_basename": "Result.txt", "sha256": "33701ef2b797f44ef2e8aa50a2dd59cb238df9aab604e7cef25ead6cbdd669e8", "bytes": 10084994}, "transform": "Verifier-model propagation of the emitted GTOC12 solution; stable-key JSON; deterministic decimation."}, "source": "verified_candidate"}, "output": "/mnt/c/Users/Angus/Desktop/projects/spacecraft-trajectory-optmiser/build/performance/orphan-recovery-v595/output-compatible"}
FACTOR_GRAPH allocator bytes=15499876 blocks=9 misses=0
FACTOR_GRAPH allocator bytes=10835116 blocks=9 misses=0
FACTOR_GRAPH allocator bytes=19887820 blocks=9 misses=0
FACTOR_GRAPH allocator bytes=11991828 blocks=9 misses=0
FACTOR_GRAPH allocator bytes=8116644 blocks=9 misses=0
FACTOR_GRAPH allocator bytes=9916204 blocks=9 misses=0
FACTOR_GRAPH allocator bytes=9089660 blocks=9 misses=0
FACTOR_GRAPH allocator bytes=28428700 blocks=9 misses=0
