{
  "count": 8192,
  "branch_solves_per_batch": 16384,
  "catalogue_sha256": "99a42cc30d4498d99b8acf507790ab74f040ff2e202ef6c8e90bbb39b6c46675",
  "input_sha256": "c2718acb1f9e3e2b4b856d71d40e119a31dde4a56c13800b6f13441d21fad3ef",
  "runtime_sha256": "1bc35a8d78c9a0c342007e43d4a4b37a9a5c407d7fe4283b47ea8919d5d8af3d",
  "runs": {
    "numpy": {
      "cold_seconds": 0.2847244280274026,
      "warm_seconds": [
        0.26950193400261924,
        0.27556955500040203,
        0.27171482803532854,
        0.2687337450333871,
        0.2682457690243609
      ],
      "median_seconds": 0.26950193400261924,
      "transfers_per_second": 30396.813404390574,
      "feasible": 8192,
      "submitted_branches": null
    },
    "cuda": {
      "cold_seconds": 0.3062413830193691,
      "warm_seconds": [
        0.00673768698470667,
        0.0064023329759947956,
        0.006307184987235814,
        0.006343915010802448,
        0.006358903017826378
      ],
      "median_seconds": 0.006358903017826378,
      "transfers_per_second": 1288272.5176079532,
      "feasible": 8192,
      "submitted_branches": 98304
    }
  },
  "complete": true,
  "top100_identical": true,
  "kepler_position_error_km": 0.006425784349330189,
  "kepler_velocity_error_km_s": 1.3722272910502256e-09,
  "cpu_kepler_position_error_km": 0.0006142094193894648,
  "worst_case": {
    "index": 5050,
    "asteroid_id": 36992,
    "epoch": 64778.06714686852,
    "tof_days": 654.0,
    "r1": [
      -148572450.39658174,
      -14336662.794925882,
      -2812.8358956682982
    ],
    "r2": [
      -126211662.32107711,
      10210970.418109275,
      3449623.709441934
    ],
    "cpu_v1": [
      -21.37776442682085,
      -26.676026228006336,
      -3.7951925887067617
    ],
    "gpu_v1": [
      -21.3777644268101,
      -26.67602622799577,
      -3.7951925887052926
    ]
  },
  "maximum_cost_difference_km_s": 1.567457275086781e-11,
  "speedup": 42.38182800509848
}
