{
  "passed": true,
  "scope": "Saved production adapter parity, source/budget/lifecycle audit; no new native loads, GPU calls, optimization or timing experiment.",
  "script_sha256": "48618b933eae32f47a526f44beda7eff5eb466fbdceef8826047959dda5c9c5d",
  "oracle_sha256": "86d63e1be44bd2222e8bd7103b489a2bf05a049e82979a3c1c56b0fd661aa88a",
  "recorded_evaluation_calls": 8,
  "recorded_candidate_evaluations": 1048,
  "recorded_Lambert_requests": 0,
  "closed_owner_scopes": 4,
  "passed_pytest_phases": 12,
  "independently_replayed_fields": 42240,
  "max_finite_field_absolute_error": 4.547473508864641e-13,
  "worst_field": "2/44/result/propellant",
  "Decimal65_costed_legs": 1812,
  "Decimal65_max_fuel_error_kg": "9.730310231979291768728481725606384013940900010088E-14",
  "first_three_repeat_readbacks_exact": true,
  "outcomes": [
    {
      "index": 0,
      "model": "fit",
      "candidates": 259,
      "failure_counts": {
        "0": 219,
        "1": 16,
        "2": 13,
        "3": 11
      }
    },
    {
      "index": 1,
      "model": "fit",
      "candidates": 3,
      "failure_counts": {
        "0": 2,
        "1": 1
      }
    },
    {
      "index": 2,
      "model": "flat",
      "candidates": 259,
      "failure_counts": {
        "0": 219,
        "1": 16,
        "2": 13,
        "3": 11
      }
    },
    {
      "index": 3,
      "model": "flat",
      "candidates": 3,
      "failure_counts": {
        "0": 2,
        "1": 1
      }
    },
    {
      "index": 4,
      "model": "ratio",
      "candidates": 259,
      "failure_counts": {
        "0": 219,
        "1": 16,
        "2": 13,
        "3": 11
      }
    },
    {
      "index": 5,
      "model": "ratio",
      "candidates": 3,
      "failure_counts": {
        "0": 2,
        "1": 1
      }
    },
    {
      "index": 6,
      "model": "certified",
      "candidates": 259,
      "failure_counts": {
        "0": 219,
        "1": 16,
        "2": 13,
        "3": 11
      }
    },
    {
      "index": 7,
      "model": "certified",
      "candidates": 3,
      "failure_counts": {
        "0": 2,
        "1": 1
      }
    }
  ],
  "qualification_scope": "Original scalar completion success/failure and all native details; route completion remains proxy costing, not full trajectory certification.",
  "timing_scope": "Instrumentation serializes full input/output arrays inside native-call timing. No throughput or speedup can be derived from those totals."
}
