{
  "complete": true,
  "transfers": 8192,
  "seconds": {
    "gpu_roots_cpu_costs": [
      0.0067565569770522416,
      0.006456233037170023,
      0.006444797967560589,
      0.0064403770375065506,
      0.006393418996594846,
      0.006413585972040892
    ],
    "combined_gpu": [
      0.003479314036667347,
      0.003383952018339187,
      0.0034115269663743675,
      0.003377908025868237,
      0.003397022024728358,
      0.0033390549942851067
    ]
  },
  "median_seconds": {
    "gpu_roots_cpu_costs": 0.00644258750253357,
    "combined_gpu": 0.0033904870215337723
  },
  "batches_per_call": {
    "combined_gpu": 1,
    "gpu_roots_cpu_costs": 2
  },
  "speedup": 1.900195299853737,
  "runtime_sha256": "be875d73f83084612e15acdf29fdf25968dab7c3700e35b5ab711962f5111a81"
}
