{
  "count": 8192,
  "branch_solves_per_batch": 16384,
  "catalogue_sha256": "99a42cc30d4498d99b8acf507790ab74f040ff2e202ef6c8e90bbb39b6c46675",
  "input_sha256": "c2718acb1f9e3e2b4b856d71d40e119a31dde4a56c13800b6f13441d21fad3ef",
  "runtime_sha256": "be875d73f83084612e15acdf29fdf25968dab7c3700e35b5ab711962f5111a81",
  "runs": {
    "numpy": {
      "cold_seconds": 0.2777930399752222,
      "warm_seconds": [
        0.2671316990163177,
        0.25574171502375975,
        0.2763350090244785,
        0.2763776939827949,
        0.2807027180097066
      ],
      "median_seconds": 0.2763350090244785,
      "transfers_per_second": 29645.176081450943,
      "feasible": 8192,
      "submitted_branches": null
    },
    "cuda": {
      "cold_seconds": 0.31053372396854684,
      "warm_seconds": [
        0.003982258960604668,
        0.0034188019926659763,
        0.0033721700310707092,
        0.0033816579962149262,
        0.0033384449779987335
      ],
      "median_seconds": 0.0033816579962149262,
      "transfers_per_second": 2422480.336322971,
      "feasible": 8192,
      "submitted_branches": 98304
    }
  },
  "complete": true,
  "top100_identical": true,
  "kepler_position_error_km": 0.006425784349330189,
  "kepler_velocity_error_km_s": 1.3722272910502256e-09,
  "cpu_kepler_position_error_km": 0.0006142094193894648,
  "worst_case": {
    "index": 5050,
    "asteroid_id": 36992,
    "epoch": 64778.06714686852,
    "tof_days": 654.0,
    "r1": [
      -148572450.39658174,
      -14336662.794925882,
      -2812.8358956682982
    ],
    "r2": [
      -126211662.32107711,
      10210970.418109275,
      3449623.709441934
    ],
    "cpu_v1": [
      -21.37776442682085,
      -26.676026228006336,
      -3.7951925887067617
    ],
    "gpu_v1": [
      -21.3777644268101,
      -26.67602622799577,
      -3.7951925887052926
    ]
  },
  "maximum_cost_difference_km_s": 1.567457275086781e-11,
  "speedup": 81.71583564446166
}
