[0/2] Re-checking globbed directories...
[1/55] Building CUDA object cuda/CMakeFiles/spacepdhcg_cuda.dir/src/gtoc12_discretisation.cu.o
[2/55] Building CUDA object cuda/CMakeFiles/spacepdhcg_cuda.dir/src/gtoc12_conic.cu.o
[3/55] Building CUDA object cuda/CMakeFiles/spacepdhcg_cuda.dir/src/gtoc12_qoco.cu.o
[4/55] Building CUDA object cuda/CMakeFiles/spacepdhcg_cuda.dir/src/gtoc12_scvx.cu.o
[5/55] Building CUDA object cuda/CMakeFiles/spacepdhcg_cuda.dir/src/gtoc12_verification.cu.o
[6/55] Building CUDA object cuda/CMakeFiles/spacepdhcg_cuda.dir/src/gtoc12_collection.cu.o
[7/55] Building CUDA object cuda/CMakeFiles/spacepdhcg_cuda.dir/src/gtoc12_retime.cu.o
[8/55] Building CUDA object cuda/CMakeFiles/spacepdhcg_cuda.dir/src/device_scvx.cu.o
[9/55] Building CUDA object cuda/CMakeFiles/spacepdhcg_cuda.dir/src/gtoc12_collect_dp.cu.o
[10/55] Building CUDA object cuda/CMakeFiles/spacepdhcg_cuda.dir/src/gtoc12_neighbours.cu.o
[11/55] Building CXX object cuda/CMakeFiles/spacepdhcg_cuda.dir/src/native_qoco_adapter.cpp.o
[12/55] Building CUDA object cuda/CMakeFiles/spacepdhcg_cuda.dir/src/orbitweaver_gpu.cu.o
[13/55] Building C object cuda/CMakeFiles/spacepdhcg_pinned_reference.dir/pdhcg-patched/src/cbf_parser.c.o
[14/55] Building C object cuda/CMakeFiles/spacepdhcg_pinned_reference.dir/pdhcg-patched/src/cone_utils.c.o
[15/55] Building C object cuda/CMakeFiles/spacepdhcg_pinned_reference.dir/pdhcg-patched/src/mps_parser.c.o
[16/55] Building C object cuda/CMakeFiles/spacepdhcg_pinned_reference.dir/pdhcg-patched/src/partition_utils.c.o
[17/55] Building C object cuda/CMakeFiles/spacepdhcg_pinned_reference.dir/pdhcg-patched/src/pdhcg.c.o
[18/55] Building C object cuda/CMakeFiles/spacepdhcg_pinned_reference.dir/pdhcg-patched/src/preconditioner.c.o
[19/55] Building C object cuda/CMakeFiles/spacepdhcg_pinned_reference.dir/pdhcg-patched/src/presolve_wrapper.c.o
[20/55] Building C object cuda/CMakeFiles/spacepdhcg_pinned_reference.dir/pdhcg-patched/src/qcqp_transform.c.o
[21/55] Building CUDA object cuda/CMakeFiles/spacepdhcg_pinned_reference.dir/pdhcg-patched/src/cone_dispatch.cu.o
[22/55] Building CUDA object cuda/CMakeFiles/spacepdhcg_cuda.dir/src/native_qoco_gpu.cu.o
[23/55] Building CUDA object cuda/CMakeFiles/spacepdhcg_pinned_reference.dir/pdhcg-patched/src/kernels/pdhcg_affine_cone_kernels.cu.o
[24/55] Building CUDA object cuda/CMakeFiles/spacepdhcg_pinned_reference.dir/pdhcg-patched/src/kernels/pdhcg_cone_common_kernels.cu.o
[25/55] Building CUDA object cuda/CMakeFiles/spacepdhcg_pinned_reference.dir/pdhcg-patched/src/kernels/pdhcg_kernels.cu.o
[26/55] Building CUDA object cuda/CMakeFiles/spacepdhcg_pinned_reference.dir/pdhcg-patched/src/kernels/pdhcg_exp_cone_kernels.cu.o
[27/55] Building CUDA object cuda/CMakeFiles/spacepdhcg_pinned_reference.dir/pdhcg-patched/src/kernels/pdhcg_psd_cone_kernels.cu.o
[28/55] Building CUDA object cuda/CMakeFiles/spacepdhcg_pinned_reference.dir/pdhcg-patched/src/kernels/pdhcg_power_cone_kernels.cu.o
[29/55] Building CUDA object cuda/CMakeFiles/spacepdhcg_pinned_reference.dir/pdhcg-patched/src/kernels/pdhcg_rsoc_cone_kernels.cu.o
[30/55] Building CUDA object cuda/CMakeFiles/spacepdhcg_pinned_reference.dir/pdhcg-patched/src/kernels/pdhcg_soc_cone_kernels.cu.o
[31/55] Building CUDA object cuda/CMakeFiles/spacepdhcg_pinned_reference.dir/pdhcg-patched/src/pdhg_core_op.cu.o
[32/55] Building CUDA object cuda/CMakeFiles/spacepdhcg_pinned_reference.dir/pdhcg-patched/src/permute.cu.o
[33/55] Building CUDA object cuda/CMakeFiles/spacepdhcg_pinned_reference.dir/pdhcg-patched/src/solver.cu.o
[34/55] Building CUDA object cuda/CMakeFiles/spacepdhcg_pinned_reference.dir/pdhcg-patched/src/spmv_backend.cu.o
[35/55] Building CUDA object cuda/CMakeFiles/spacepdhcg_pinned_reference.dir/pdhcg-patched/src/solver_state.cu.o
[36/55] Building C object cuda/CMakeFiles/spacepdhcg_pinned_reference.dir/pdhcg-patched/distributed/distributed_ops_stub.c.o
[37/55] Building C object cuda/CMakeFiles/spacepdhcg_pinned_reference.dir/pdhcg-patched/distributed/distributed_conic_stub.c.o
[38/55] Building CUDA object cuda/CMakeFiles/spacepdhcg_pinned_reference.dir/pdhcg-patched/src/utils.cu.o
[39/55] Linking CUDA static library cuda/CMakeFiles/spacepdhcg_pinned_reference.dir/cmake_device_link.o
[40/55] Linking CUDA static library cuda/libspacepdhcg_pinned_reference.a
[41/55] Building CUDA object cuda/CMakeFiles/gtoc12_graph_deadline_test.dir/tests/gtoc12_graph_deadline_test.cu.o
[42/55] Building CUDA object cuda/CMakeFiles/gtoc12_outer_graph_test.dir/tests/gtoc12_outer_graph_test.cu.o
[43/55] Building CUDA object cuda/CMakeFiles/gtoc12_qoco_guard_test.dir/tests/gtoc12_qoco_guard_test.cu.o
[44/55] Building CUDA object cuda/CMakeFiles/gtoc12_scvx_test.dir/tests/gtoc12_scvx_test.cu.o
[45/55] Building CUDA object cuda/CMakeFiles/spacepdhcg_cuda.dir/src/persistent_pdhcg.cu.o
[46/55] Linking CXX shared library cuda/CMakeFiles/spacepdhcg_cuda.dir/cmake_device_link.o
[47/55] Linking CXX shared library cuda/libspacepdhcg_cuda.so
[48/55] Linking CUDA executable cuda/CMakeFiles/gtoc12_graph_deadline_test.dir/cmake_device_link.o
[49/55] Linking CUDA executable cuda/CMakeFiles/gtoc12_outer_graph_test.dir/cmake_device_link.o
[50/55] Linking CUDA executable cuda/CMakeFiles/gtoc12_qoco_guard_test.dir/cmake_device_link.o
[51/55] Linking CUDA executable cuda-tests/gtoc12_graph_deadline_test
[52/55] Linking CUDA executable cuda-tests/gtoc12_qoco_guard_test
[53/55] Linking CUDA executable cuda-tests/gtoc12_outer_graph_test
[54/55] Linking CUDA executable cuda/CMakeFiles/gtoc12_scvx_test.dir/cmake_device_link.o
[55/55] Linking CUDA executable cuda-tests/gtoc12_scvx_test
