FACTOR_GRAPH allocator bytes=9853436 blocks=9 misses=0
FACTOR_GRAPH allocator bytes=9853436 blocks=9 misses=0
FACTOR_GRAPH allocator bytes=9853436 blocks=9 misses=0
FACTOR_GRAPH allocator bytes=9853436 blocks=9 misses=0
FACTOR_GRAPH allocator bytes=9853436 blocks=9 misses=0
FACTOR_GRAPH allocator bytes=9853436 blocks=9 misses=0
FACTOR_GRAPH allocator bytes=9853436 blocks=9 misses=0
{"origin": false, "ruiz": 0, "repeat": 0, "status": "infeasible", "diagnostic": "virtual control remains 2.343e-03", "seconds": 8.300334846018814, "iterations": 32, "accepted": 8, "virtual_inf": 0.0023431698860852425, "defect": 0.0023431698860852425, "final_mass": 1934.8571960642641, "qualified": false, "position_error_km": 0.0006961552492745498, "velocity_error_km_s": 0.06979059292969647, "maximum_thrust_n": 0.6000000000615866}
FACTOR_GRAPH allocator bytes=9853436 blocks=9 misses=0
FACTOR_GRAPH allocator bytes=9853436 blocks=9 misses=0
FACTOR_GRAPH allocator bytes=9853436 blocks=9 misses=0
FACTOR_GRAPH allocator bytes=9853436 blocks=9 misses=0
FACTOR_GRAPH allocator bytes=9853436 blocks=9 misses=0
FACTOR_GRAPH allocator bytes=9853436 blocks=9 misses=0
FACTOR_GRAPH allocator bytes=9853436 blocks=9 misses=0
{"origin": false, "ruiz": 0, "repeat": 1, "status": "infeasible", "diagnostic": "virtual control remains 2.343e-03", "seconds": 6.64799673500238, "iterations": 27, "accepted": 5, "virtual_inf": 0.0023431698867131456, "defect": 0.0023431698867131395, "final_mass": 1934.8571960638587, "qualified": false, "position_error_km": 6.098784828418055e-05, "velocity_error_km_s": 0.06979059299028834, "maximum_thrust_n": 0.6000000000000494}
FACTOR_GRAPH allocator bytes=9853436 blocks=9 misses=0
FACTOR_GRAPH allocator bytes=9853436 blocks=9 misses=0
FACTOR_GRAPH allocator bytes=9853436 blocks=9 misses=0
FACTOR_GRAPH allocator bytes=9853436 blocks=9 misses=0
FACTOR_GRAPH allocator bytes=9853436 blocks=9 misses=0
FACTOR_GRAPH allocator bytes=9853436 blocks=9 misses=0
FACTOR_GRAPH allocator bytes=9853436 blocks=9 misses=0
FACTOR_GRAPH allocator bytes=9853436 blocks=9 misses=0
{"origin": true, "ruiz": 0, "repeat": 0, "status": "infeasible", "diagnostic": "virtual control remains 2.343e-03", "seconds": 7.941434890031815, "iterations": 32, "accepted": 8, "virtual_inf": 0.002343169885222717, "defect": 0.002343169885222769, "final_mass": 1934.8571960646034, "qualified": false, "position_error_km": 0.0025090769036199972, "velocity_error_km_s": 0.0697905928253616, "maximum_thrust_n": 0.6000000000021151}
FACTOR_GRAPH allocator bytes=9853436 blocks=9 misses=0
FACTOR_GRAPH allocator bytes=9853436 blocks=9 misses=0
FACTOR_GRAPH allocator bytes=9853436 blocks=9 misses=0
FACTOR_GRAPH allocator bytes=9853436 blocks=9 misses=0
FACTOR_GRAPH allocator bytes=9853436 blocks=9 misses=0
FACTOR_GRAPH allocator bytes=9853436 blocks=9 misses=0
FACTOR_GRAPH allocator bytes=9853436 blocks=9 misses=0
{"origin": true, "ruiz": 0, "repeat": 1, "status": "infeasible", "diagnostic": "virtual control remains 2.343e-03", "seconds": 6.040753188019153, "iterations": 28, "accepted": 6, "virtual_inf": 0.0023431698863414273, "defect": 0.0023431698863414195, "final_mass": 1934.8571960638185, "qualified": false, "position_error_km": 0.0005170917302564229, "velocity_error_km_s": 0.06979059300459978, "maximum_thrust_n": 0.6000000000052458}
FACTOR_GRAPH allocator bytes=9853436 blocks=9 misses=0
{"origin": false, "ruiz": 5, "repeat": 0, "status": "infeasible", "diagnostic": "virtual control remains 2.343e-03", "seconds": 2.587324798980262, "iterations": 29, "accepted": 6, "virtual_inf": 0.0023431698863517134, "defect": 0.0023431698863517446, "final_mass": 1934.8571960637914, "qualified": false, "position_error_km": 1.7967627078108704e-05, "velocity_error_km_s": 0.06979059297341661, "maximum_thrust_n": 0.6000000003714561}
FACTOR_GRAPH allocator bytes=9853436 blocks=9 misses=0
{"origin": false, "ruiz": 5, "repeat": 1, "status": "infeasible", "diagnostic": "virtual control remains 2.343e-03", "seconds": 2.5599950960022397, "iterations": 30, "accepted": 7, "virtual_inf": 0.0023431698857931415, "defect": 0.0023431698857931636, "final_mass": 1934.8571960647278, "qualified": false, "position_error_km": 1.2401654362977566e-05, "velocity_error_km_s": 0.06979059295748369, "maximum_thrust_n": 0.6000000001234079}
FACTOR_GRAPH allocator bytes=9853436 blocks=9 misses=0
{"origin": true, "ruiz": 5, "repeat": 0, "status": "infeasible", "diagnostic": "virtual control remains 2.343e-03", "seconds": 2.231847970979288, "iterations": 27, "accepted": 5, "virtual_inf": 0.0023431698854125917, "defect": 0.002343169885412711, "final_mass": 1934.857196063677, "qualified": false, "position_error_km": 1.4178363358403469e-05, "velocity_error_km_s": 0.06979059294792844, "maximum_thrust_n": 0.6000000004530823}
FACTOR_GRAPH allocator bytes=9853436 blocks=9 misses=0
{"origin": true, "ruiz": 5, "repeat": 1, "status": "infeasible", "diagnostic": "virtual control remains 2.343e-03", "seconds": 2.4335320480167866, "iterations": 28, "accepted": 5, "virtual_inf": 0.002343169885737374, "defect": 0.002343169885737354, "final_mass": 1934.857196063789, "qualified": false, "position_error_km": 1.4950117816170144e-05, "velocity_error_km_s": 0.0697905929543633, "maximum_thrust_n": 0.6000000003276187}
