{
  "best_by_depth": {
    "1": 120.5201916495551,
    "2": 205.0650239561944,
    "3": 290.34907597535937,
    "4": 372.3477070499658,
    "5": 453.11430527036276,
    "6": 505.9548254620123,
    "7": 562.0807665982204,
    "8": 596.8514715947981
  },
  "candidates": 212,
  "peak_rss_mb": 539.8,
  "search_wall_seconds": 33.1,
  "ship": 1
}
FACTOR_GRAPH allocator bytes=24696268 blocks=9 misses=0
FACTOR_GRAPH allocator bytes=15499876 blocks=9 misses=0
FACTOR_GRAPH allocator bytes=9853436 blocks=9 misses=0
FACTOR_GRAPH allocator bytes=8116644 blocks=9 misses=0
FACTOR_GRAPH allocator bytes=15499876 blocks=9 misses=0
FACTOR_GRAPH allocator bytes=15499876 blocks=9 misses=0
FACTOR_GRAPH allocator bytes=15499876 blocks=9 misses=0
FACTOR_GRAPH allocator bytes=12708156 blocks=9 misses=0
FACTOR_GRAPH allocator bytes=15499876 blocks=9 misses=0
FACTOR_GRAPH allocator bytes=9853436 blocks=9 misses=0
FACTOR_GRAPH allocator bytes=12708156 blocks=9 misses=0
FACTOR_GRAPH allocator bytes=11293436 blocks=9 misses=0
FACTOR_GRAPH allocator bytes=9853436 blocks=9 misses=0
{
  "certified": false,
  "rank": 0,
  "refined_arcs": 13,
  "score_kg": null,
  "ship": 1
}
FACTOR_GRAPH allocator bytes=24696268 blocks=9 misses=0
FACTOR_GRAPH allocator bytes=15499876 blocks=9 misses=0
FACTOR_GRAPH allocator bytes=9853436 blocks=9 misses=0
FACTOR_GRAPH allocator bytes=8116644 blocks=9 misses=0
FACTOR_GRAPH allocator bytes=15499876 blocks=9 misses=0
FACTOR_GRAPH allocator bytes=15499876 blocks=9 misses=0
FACTOR_GRAPH allocator bytes=15499876 blocks=9 misses=0
FACTOR_GRAPH allocator bytes=15499876 blocks=9 misses=0
FACTOR_GRAPH allocator bytes=15499876 blocks=9 misses=0
FACTOR_GRAPH allocator bytes=9853436 blocks=9 misses=0
FACTOR_GRAPH allocator bytes=12708156 blocks=9 misses=0
FACTOR_GRAPH allocator bytes=11293436 blocks=9 misses=0
FACTOR_GRAPH allocator bytes=11293436 blocks=9 misses=0
FACTOR_GRAPH allocator bytes=9853436 blocks=9 misses=0
FACTOR_GRAPH allocator bytes=9853436 blocks=9 misses=0
FACTOR_GRAPH allocator bytes=17117796 blocks=9 misses=0
{
  "certified": true,
  "rank": 1,
  "refined_arcs": 16,
  "score_kg": 593.566,
  "ship": 1
}
FACTOR_GRAPH allocator bytes=24696268 blocks=9 misses=0
FACTOR_GRAPH allocator bytes=15499876 blocks=9 misses=0
FACTOR_GRAPH allocator bytes=9853436 blocks=9 misses=0
FACTOR_GRAPH allocator bytes=8116644 blocks=9 misses=0
FACTOR_GRAPH allocator bytes=15499876 blocks=9 misses=0
FACTOR_GRAPH allocator bytes=15499876 blocks=9 misses=0
FACTOR_GRAPH allocator bytes=15499876 blocks=9 misses=0
FACTOR_GRAPH allocator bytes=12708156 blocks=9 misses=0
FACTOR_GRAPH allocator bytes=15499876 blocks=9 misses=0
FACTOR_GRAPH allocator bytes=9853436 blocks=9 misses=0
FACTOR_GRAPH allocator bytes=11293436 blocks=9 misses=0
FACTOR_GRAPH allocator bytes=11293436 blocks=9 misses=0
FACTOR_GRAPH allocator bytes=9853436 blocks=9 misses=0
FACTOR_GRAPH allocator bytes=11293436 blocks=9 misses=0
FACTOR_GRAPH allocator bytes=9853436 blocks=9 misses=0
FACTOR_GRAPH allocator bytes=17117796 blocks=9 misses=0
{
  "certified": false,
  "rank": 2,
  "refined_arcs": 16,
  "score_kg": null,
  "ship": 1
}
FACTOR_GRAPH allocator bytes=24696268 blocks=9 misses=0
FACTOR_GRAPH allocator bytes=15499876 blocks=9 misses=0
FACTOR_GRAPH allocator bytes=9853436 blocks=9 misses=0
FACTOR_GRAPH allocator bytes=8116644 blocks=9 misses=0
FACTOR_GRAPH allocator bytes=15499876 blocks=9 misses=0
FACTOR_GRAPH allocator bytes=15499876 blocks=9 misses=0
FACTOR_GRAPH allocator bytes=15499876 blocks=9 misses=0
FACTOR_GRAPH allocator bytes=12708156 blocks=9 misses=0
FACTOR_GRAPH allocator bytes=15499876 blocks=9 misses=0
FACTOR_GRAPH allocator bytes=9853436 blocks=9 misses=0
FACTOR_GRAPH allocator bytes=11293436 blocks=9 misses=0
FACTOR_GRAPH allocator bytes=11293436 blocks=9 misses=0
FACTOR_GRAPH allocator bytes=9853436 blocks=9 misses=0
FACTOR_GRAPH allocator bytes=11293436 blocks=9 misses=0
FACTOR_GRAPH allocator bytes=9853436 blocks=9 misses=0
FACTOR_GRAPH allocator bytes=17117796 blocks=9 misses=0
{
  "certified": false,
  "rank": 3,
  "refined_arcs": 16,
  "score_kg": null,
  "ship": 1
}
FACTOR_GRAPH allocator bytes=24696268 blocks=9 misses=0
FACTOR_GRAPH allocator bytes=15499876 blocks=9 misses=0
FACTOR_GRAPH allocator bytes=9853436 blocks=9 misses=0
FACTOR_GRAPH allocator bytes=8116644 blocks=9 misses=0
FACTOR_GRAPH allocator bytes=15499876 blocks=9 misses=0
FACTOR_GRAPH allocator bytes=15499876 blocks=9 misses=0
FACTOR_GRAPH allocator bytes=15499876 blocks=9 misses=0
FACTOR_GRAPH allocator bytes=21182964 blocks=9 misses=0
FACTOR_GRAPH allocator bytes=9853436 blocks=9 misses=0
FACTOR_GRAPH allocator bytes=8116644 blocks=9 misses=0
FACTOR_GRAPH allocator bytes=9853436 blocks=9 misses=0
FACTOR_GRAPH allocator bytes=15499876 blocks=9 misses=0
FACTOR_GRAPH allocator bytes=11293436 blocks=9 misses=0
FACTOR_GRAPH allocator bytes=8116644 blocks=9 misses=0
FACTOR_GRAPH allocator bytes=11293436 blocks=9 misses=0
FACTOR_GRAPH allocator bytes=17117796 blocks=9 misses=0
{
  "certified": true,
  "rank": 4,
  "refined_arcs": 16,
  "score_kg": 595.209,
  "ship": 1
}
{
  "retiming": {
    "after": null,
    "attempts": 1,
    "before": {
      "asteroids": 8,
      "final_mass_kg": 542.0630185760331,
      "score_kg": 595.209
    },
    "wall_seconds": 1.1
  },
  "ship": 1
}
{
  "best_by_depth": {
    "1": 120.5201916495551,
    "2": 205.0650239561944,
    "3": 310.8829568788501,
    "4": 360.02737850787133,
    "5": 431.34839151266254,
    "6": 496.9199178644764,
    "7": 521.4236824093088,
    "8": 520.4654346338125
  },
  "candidates": 198,
  "peak_rss_mb": 937.1,
  "search_wall_seconds": 30.9,
  "ship": 2
}
FACTOR_GRAPH allocator bytes=24696268 blocks=9 misses=0
FACTOR_GRAPH allocator bytes=8116644 blocks=9 misses=0
FACTOR_GRAPH allocator bytes=9853436 blocks=9 misses=0
FACTOR_GRAPH allocator bytes=12708156 blocks=9 misses=0
FACTOR_GRAPH allocator bytes=12708156 blocks=9 misses=0
FACTOR_GRAPH allocator bytes=12708156 blocks=9 misses=0
FACTOR_GRAPH allocator bytes=15499876 blocks=9 misses=0
FACTOR_GRAPH allocator bytes=22470884 blocks=9 misses=0
FACTOR_GRAPH allocator bytes=18390876 blocks=9 misses=0
FACTOR_GRAPH allocator bytes=12708156 blocks=9 misses=0
FACTOR_GRAPH allocator bytes=15499876 blocks=9 misses=0
{
  "certified": false,
  "rank": 0,
  "refined_arcs": 11,
  "score_kg": null,
  "ship": 2
}
FACTOR_GRAPH allocator bytes=24696268 blocks=9 misses=0
FACTOR_GRAPH allocator bytes=8116644 blocks=9 misses=0
FACTOR_GRAPH allocator bytes=9853436 blocks=9 misses=0
FACTOR_GRAPH allocator bytes=12708156 blocks=9 misses=0
FACTOR_GRAPH allocator bytes=12708156 blocks=9 misses=0
FACTOR_GRAPH allocator bytes=12708156 blocks=9 misses=0
FACTOR_GRAPH allocator bytes=18390876 blocks=9 misses=0
FACTOR_GRAPH allocator bytes=22470884 blocks=9 misses=0
FACTOR_GRAPH allocator bytes=18390876 blocks=9 misses=0
FACTOR_GRAPH allocator bytes=12708156 blocks=9 misses=0
FACTOR_GRAPH allocator bytes=15499876 blocks=9 misses=0
{
  "certified": false,
  "rank": 1,
  "refined_arcs": 11,
  "score_kg": null,
  "ship": 2
}
FACTOR_GRAPH allocator bytes=24696268 blocks=9 misses=0
FACTOR_GRAPH allocator bytes=8116644 blocks=9 misses=0
FACTOR_GRAPH allocator bytes=9853436 blocks=9 misses=0
FACTOR_GRAPH allocator bytes=12708156 blocks=9 misses=0
FACTOR_GRAPH allocator bytes=12708156 blocks=9 misses=0
FACTOR_GRAPH allocator bytes=12708156 blocks=9 misses=0
FACTOR_GRAPH allocator bytes=15499876 blocks=9 misses=0
FACTOR_GRAPH allocator bytes=8116644 blocks=9 misses=0
FACTOR_GRAPH allocator bytes=22470884 blocks=9 misses=0
FACTOR_GRAPH allocator bytes=9853436 blocks=9 misses=0
FACTOR_GRAPH allocator bytes=15499876 blocks=9 misses=0
FACTOR_GRAPH allocator bytes=15499876 blocks=9 misses=0
FACTOR_GRAPH allocator bytes=22470884 blocks=9 misses=0
FACTOR_GRAPH allocator bytes=15499876 blocks=9 misses=0
FACTOR_GRAPH allocator bytes=29517164 blocks=9 misses=0
FACTOR_GRAPH allocator bytes=11293436 blocks=9 misses=0
FACTOR_GRAPH allocator bytes=19800900 blocks=9 misses=0
{
  "certified": true,
  "rank": 2,
  "refined_arcs": 17,
  "score_kg": 520.465,
  "ship": 2
}
FACTOR_GRAPH allocator bytes=24696268 blocks=9 misses=0
FACTOR_GRAPH allocator bytes=8116644 blocks=9 misses=0
FACTOR_GRAPH allocator bytes=9853436 blocks=9 misses=0
FACTOR_GRAPH allocator bytes=12708156 blocks=9 misses=0
FACTOR_GRAPH allocator bytes=12708156 blocks=9 misses=0
FACTOR_GRAPH allocator bytes=12708156 blocks=9 misses=0
FACTOR_GRAPH allocator bytes=18390876 blocks=9 misses=0
FACTOR_GRAPH allocator bytes=18390876 blocks=9 misses=0
FACTOR_GRAPH allocator bytes=18390876 blocks=9 misses=0
FACTOR_GRAPH allocator bytes=12708156 blocks=9 misses=0
FACTOR_GRAPH allocator bytes=15499876 blocks=9 misses=0
FACTOR_GRAPH allocator bytes=29517164 blocks=9 misses=0
FACTOR_GRAPH allocator bytes=9853436 blocks=9 misses=0
FACTOR_GRAPH allocator bytes=18309060 blocks=9 misses=0
{
  "certified": false,
  "rank": 3,
  "refined_arcs": 14,
  "score_kg": null,
  "ship": 2
}
FACTOR_GRAPH allocator bytes=24696268 blocks=9 misses=0
FACTOR_GRAPH allocator bytes=8116644 blocks=9 misses=0
FACTOR_GRAPH allocator bytes=15499876 blocks=9 misses=0
FACTOR_GRAPH allocator bytes=8116644 blocks=9 misses=0
FACTOR_GRAPH allocator bytes=9853436 blocks=9 misses=0
{
  "certified": false,
  "rank": 4,
  "refined_arcs": 5,
  "score_kg": null,
  "ship": 2
}
FACTOR_GRAPH allocator bytes=23974124 blocks=9 misses=0
FACTOR_GRAPH allocator bytes=8116644 blocks=9 misses=0
FACTOR_GRAPH allocator bytes=12708156 blocks=9 misses=0
FACTOR_GRAPH allocator bytes=11293436 blocks=9 misses=0
FACTOR_GRAPH allocator bytes=11915708 blocks=9 misses=0
FACTOR_GRAPH allocator bytes=11293436 blocks=9 misses=0
FACTOR_GRAPH allocator bytes=14892532 blocks=9 misses=0
FACTOR_GRAPH allocator bytes=11915708 blocks=9 misses=0
FACTOR_GRAPH allocator bytes=25447300 blocks=9 misses=0
FACTOR_GRAPH allocator bytes=11293436 blocks=9 misses=0
FACTOR_GRAPH allocator bytes=17098692 blocks=9 misses=0
FACTOR_GRAPH allocator bytes=16252236 blocks=9 misses=0
FACTOR_GRAPH allocator bytes=23434964 blocks=9 misses=0
FACTOR_GRAPH allocator bytes=7836316 blocks=9 misses=0
FACTOR_GRAPH allocator bytes=34349628 blocks=9 misses=0
FACTOR_GRAPH allocator bytes=9853436 blocks=9 misses=0
FACTOR_GRAPH allocator bytes=20469188 blocks=9 misses=0
{
  "retiming": {
    "after": {
      "asteroids": 8,
      "final_mass_kg": 543.2528382759815,
      "score_kg": 533.47
    },
    "attempts": 2,
    "before": {
      "asteroids": 8,
      "final_mass_kg": 590.0966167614993,
      "score_kg": 520.465
    },
    "wall_seconds": 8.4
  },
  "ship": 2
}
{
  "best_by_depth": {
    "1": 120.5201916495551,
    "2": 205.0650239561944,
    "3": 310.8829568788501,
    "4": 360.02737850787133,
    "5": 431.34839151266254,
    "6": 496.9199178644764,
    "7": 492.26557152635183,
    "8": 424.36687200547567
  },
  "candidates": 196,
  "peak_rss_mb": 974.5,
  "search_wall_seconds": 32.1,
  "ship": 3
}
FACTOR_GRAPH allocator bytes=24696268 blocks=9 misses=0
FACTOR_GRAPH allocator bytes=8116644 blocks=9 misses=0
FACTOR_GRAPH allocator bytes=15499876 blocks=9 misses=0
FACTOR_GRAPH allocator bytes=15499876 blocks=9 misses=0
FACTOR_GRAPH allocator bytes=18390876 blocks=9 misses=0
FACTOR_GRAPH allocator bytes=18390876 blocks=9 misses=0
FACTOR_GRAPH allocator bytes=29517164 blocks=9 misses=0
FACTOR_GRAPH allocator bytes=22470884 blocks=9 misses=0
FACTOR_GRAPH allocator bytes=8116644 blocks=9 misses=0
FACTOR_GRAPH allocator bytes=15499876 blocks=9 misses=0
FACTOR_GRAPH allocator bytes=18390876 blocks=9 misses=0
FACTOR_GRAPH allocator bytes=15499876 blocks=9 misses=0
FACTOR_GRAPH allocator bytes=17117796 blocks=9 misses=0
{
  "certified": true,
  "rank": 0,
  "refined_arcs": 13,
  "score_kg": 475.975,
  "ship": 3
}
FACTOR_GRAPH allocator bytes=22549540 blocks=9 misses=0
{
  "certified": false,
  "rank": 1,
  "refined_arcs": 1,
  "score_kg": null,
  "ship": 3
}
FACTOR_GRAPH allocator bytes=24696268 blocks=9 misses=0
FACTOR_GRAPH allocator bytes=8116644 blocks=9 misses=0
FACTOR_GRAPH allocator bytes=15499876 blocks=9 misses=0
FACTOR_GRAPH allocator bytes=8116644 blocks=9 misses=0
FACTOR_GRAPH allocator bytes=9853436 blocks=9 misses=0
{
  "certified": false,
  "rank": 2,
  "refined_arcs": 5,
  "score_kg": null,
  "ship": 3
}
FACTOR_GRAPH allocator bytes=24696268 blocks=9 misses=0
FACTOR_GRAPH allocator bytes=8116644 blocks=9 misses=0
FACTOR_GRAPH allocator bytes=15499876 blocks=9 misses=0
FACTOR_GRAPH allocator bytes=8116644 blocks=9 misses=0
FACTOR_GRAPH allocator bytes=9853436 blocks=9 misses=0
{
  "certified": false,
  "rank": 3,
  "refined_arcs": 5,
  "score_kg": null,
  "ship": 3
}
FACTOR_GRAPH allocator bytes=22549540 blocks=9 misses=0
{
  "certified": false,
  "rank": 4,
  "refined_arcs": 1,
  "score_kg": null,
  "ship": 3
}
FACTOR_GRAPH allocator bytes=23185748 blocks=9 misses=0
FACTOR_GRAPH allocator bytes=8116644 blocks=9 misses=0
FACTOR_GRAPH allocator bytes=14892532 blocks=9 misses=0
FACTOR_GRAPH allocator bytes=11293436 blocks=9 misses=0
FACTOR_GRAPH allocator bytes=12708156 blocks=9 misses=0
FACTOR_GRAPH allocator bytes=11293436 blocks=9 misses=0
FACTOR_GRAPH allocator bytes=15499876 blocks=9 misses=0
FACTOR_GRAPH allocator bytes=18894852 blocks=9 misses=0
FACTOR_GRAPH allocator bytes=17689060 blocks=9 misses=0
FACTOR_GRAPH allocator bytes=12708156 blocks=9 misses=0
FACTOR_GRAPH allocator bytes=21724820 blocks=9 misses=0
FACTOR_GRAPH allocator bytes=8116644 blocks=9 misses=0
FACTOR_GRAPH allocator bytes=14892532 blocks=9 misses=0
FACTOR_GRAPH allocator bytes=16252236 blocks=9 misses=0
FACTOR_GRAPH allocator bytes=14892532 blocks=9 misses=0
FACTOR_GRAPH allocator bytes=20469188 blocks=9 misses=0
{
  "retiming": {
    "after": {
      "asteroids": 8,
      "final_mass_kg": 599.281156418584,
      "score_kg": 548.255
    },
    "attempts": 2,
    "before": {
      "asteroids": 6,
      "final_mass_kg": 890.4353936601918,
      "score_kg": 475.975
    },
    "wall_seconds": 9.5
  },
  "ship": 3
}
{
  "best_by_depth": {
    "1": 120.5201916495551,
    "2": 202.02600958247774,
    "3": 310.8829568788501,
    "4": 360.02737850787133,
    "5": 470.77344284736483,
    "6": 514.1683778234086,
    "7": 533.3333333333334,
    "8": 537.7138945927447
  },
  "candidates": 198,
  "peak_rss_mb": 1033.3,
  "search_wall_seconds": 28.7,
  "ship": 4
}
FACTOR_GRAPH allocator bytes=24696268 blocks=9 misses=0
FACTOR_GRAPH allocator bytes=9853436 blocks=9 misses=0
FACTOR_GRAPH allocator bytes=9853436 blocks=9 misses=0
{
  "certified": false,
  "rank": 0,
  "refined_arcs": 3,
  "score_kg": null,
  "ship": 4
}
FACTOR_GRAPH allocator bytes=24696268 blocks=9 misses=0
FACTOR_GRAPH allocator bytes=9853436 blocks=9 misses=0
FACTOR_GRAPH allocator bytes=9853436 blocks=9 misses=0
{
  "certified": false,
  "rank": 1,
  "refined_arcs": 3,
  "score_kg": null,
  "ship": 4
}
FACTOR_GRAPH allocator bytes=24696268 blocks=9 misses=0
FACTOR_GRAPH allocator bytes=9853436 blocks=9 misses=0
FACTOR_GRAPH allocator bytes=9853436 blocks=9 misses=0
{
  "certified": false,
  "rank": 2,
  "refined_arcs": 3,
  "score_kg": null,
  "ship": 4
}
FACTOR_GRAPH allocator bytes=24696268 blocks=9 misses=0
FACTOR_GRAPH allocator bytes=9853436 blocks=9 misses=0
FACTOR_GRAPH allocator bytes=9853436 blocks=9 misses=0
{
  "certified": false,
  "rank": 3,
  "refined_arcs": 3,
  "score_kg": null,
  "ship": 4
}
FACTOR_GRAPH allocator bytes=24696268 blocks=9 misses=0
FACTOR_GRAPH allocator bytes=9853436 blocks=9 misses=0
FACTOR_GRAPH allocator bytes=9853436 blocks=9 misses=0
{
  "certified": false,
  "rank": 4,
  "refined_arcs": 3,
  "score_kg": null,
  "ship": 4
}
{
  "fleet": {
    "asteroids": [
      806,
      1122,
      4928,
      7885,
      8123,
      8846,
      9595,
      9644,
      10664,
      11147,
      12706,
      16118,
      18870,
      22878,
      23760,
      25792,
      27861,
      32153,
      37385,
      49900,
      51359,
      53410,
      57530,
      57949
    ],
    "average_collected_kg": 558.9778690394706,
    "collected_kg_per_ship": [
      595.2087611225188,
      533.47022587269,
      548.2546201232033
    ],
    "greedy": {
      "asteroids": [
        806,
        1122,
        4928,
        7885,
        8123,
        8846,
        9595,
        9644,
        10664,
        11147,
        12706,
        16118,
        18870,
        22878,
        23760,
        25792,
        27861,
        32153,
        37385,
        49900,
        51359,
        53410,
        57530,
        57949
      ],
      "average_collected_kg": 558.9778690394706,
      "collected_kg_per_ship": [
        595.2087611225188,
        533.47022587269,
        548.2546201232033
      ],
      "rule_satisfied": true,
      "ship_limit": 18.71000966244203,
      "ships": 3,
      "total_collected_kg": 1676.933607118412
    },
    "rule_satisfied": true,
    "ship_limit": 18.71000966244203,
    "ships": 3,
    "total_collected_kg": 1676.933607118412
  },
  "official": {
    "message": "Check successfully!",
    "mined_asteroids": 24,
    "ok": true,
    "return_code": 0,
    "score_data": {
      "806": 25.735797399099965,
      "1122": 78.30253251199997,
      "4928": 32.85420944559996,
      "7885": 20.123203285399995,
      "8123": 68.44626967830004,
      "8846": 102.94318959609996,
      "9595": 71.45790554410019,
      "9644": 111.704312115,
      "10664": 13.141683778300148,
      "11147": 79.67145790559994,
      "12706": 42.71047227930012,
      "16118": 81.72484599589984,
      "18870": 120.73921971250002,
      "22878": 50.10266940460019,
      "23760": 71.86858316219991,
      "25792": 85.83162217660015,
      "27861": 100.4791238877001,
      "32153": 57.08418891169981,
      "37385": 71.73169062279999,
      "49900": 100.47912388780014,
      "51359": 51.33470225869996,
      "53410": 73.51129363450013,
      "57530": 117.86447638610002,
      "57949": 47.09103353859996
    },
    "ships": 3,
    "total_mass_kg": 1676.93,
    "wall_seconds": 0.11723785597132519
  },
  "peak_rss_mb": 1033.28515625,
  "run_id": "gpu_fleet_374",
  "score_kg": 1676.93,
  "status": "scored",
  "wall_seconds_total": 333.6325348179671
}
