[master (root-commit) 3771e27] Freeze CUDA fleet search
 825 files changed, 248964 insertions(+)
 create mode 100644 benchmarks/campaign_scopes/full-multi-gpu-v1.json
 create mode 100644 benchmarks/campaign_scopes/single-gpu-v1.json
 create mode 100644 benchmarks/g4_applicability.json
 create mode 100644 benchmarks/g4_applicability.sha256
 create mode 100644 benchmarks/g4_claim_core_amendment_v1_1.json
 create mode 100644 benchmarks/g4_claim_core_amendment_v1_1.sha256
 create mode 100644 benchmarks/g4_claim_core_amendment_v1_2.json
 create mode 100644 benchmarks/g4_claim_core_amendment_v1_2.sha256
 create mode 100644 benchmarks/g4_h5_h6_claim_core.json
 create mode 100644 benchmarks/g4_h5_h6_claim_core.sha256
 create mode 100644 benchmarks/g4_policy.json
 create mode 100644 benchmarks/g4_policy.sha256
 create mode 100644 benchmarks/g5_launch_probe.json
 create mode 100644 benchmarks/g5_physical_campaign.json
 create mode 100644 benchmarks/gpu_deferred_validation_v2.json
 create mode 100644 benchmarks/gtoc12/chain_prior_v1.json
 create mode 100644 benchmarks/gtoc12/gtoc12_rules.json
 create mode 100644 benchmarks/gtoc12/harvest_phase_v1.json
 create mode 100644 benchmarks/gtoc12/pins.json
 create mode 100644 benchmarks/gtoc12/reduced_instance_v1.json
 create mode 100644 benchmarks/gtoc12/reference_reproductions.json
 create mode 100644 benchmarks/literature/chari_2024_initial_positions.json
 create mode 100644 benchmarks/literature/external_sources.json
 create mode 100644 benchmarks/literature/gtoc_reduced_subsets.json
 create mode 100644 benchmarks/literature/profiles/acikmese-ploen-2007-pd3.json
 create mode 100644 benchmarks/literature/profiles/blackmore-2010-pd3-case1.json
 create mode 100644 benchmarks/literature/profiles/chari-2024-pd6-monte-carlo.json
 create mode 100644 benchmarks/literature/profiles/esa-tops-2026.json
 create mode 100644 benchmarks/literature/profiles/gtoc12-official-verifier.json
 create mode 100644 benchmarks/literature/profiles/gtoc5-data-pin.json
 create mode 100644 benchmarks/literature/profiles/gtoc9-example-validation.json
 create mode 100644 benchmarks/literature/profiles/gtopx-2021.json
 create mode 100644 benchmarks/literature/profiles/szmuk-acikmese-2018-pd6-2d.json
 create mode 100644 benchmarks/literature/profiles/tafazzol-taheri-earth-dionysus.json
 create mode 100644 benchmarks/literature/profiles/tafazzol-taheri-earth-mars.json
 create mode 100644 benchmarks/literature/provenance.json
 create mode 100644 benchmarks/literature/reference_reproduction.json
 create mode 100644 benchmarks/literature/targets.json
 create mode 100644 benchmarks/literature/tops_selection.json
 create mode 100644 benchmarks/literature_baselines.json
 create mode 100644 benchmarks/paper1_matrix.json
 create mode 100644 benchmarks/paper2_instances.json
 create mode 100644 benchmarks/paper2_matrix.json
 create mode 100644 cpp/CMakeLists.txt
 create mode 100644 cpp/all/CMakeLists.txt
 create mode 100644 cpp/cmake/SpacePDHCGConfig.cmake.in
 create mode 100644 cpp/core/CMakeLists.txt
 create mode 100644 cpp/cuda/CMakeLists.txt
 create mode 100644 cpp/cuda/include/spacepdhcg/cuda/allocation_ledger.hpp
 create mode 100644 cpp/cuda/include/spacepdhcg/cuda/common_kkt_arithmetic.hpp
 create mode 100644 cpp/cuda/include/spacepdhcg/cuda/device_buffers.hpp
 create mode 100644 cpp/cuda/include/spacepdhcg/cuda/device_scvx_c_api.h
 create mode 100644 cpp/cuda/include/spacepdhcg/cuda/device_scvx_driver_c_api.h
 create mode 100644 cpp/cuda/include/spacepdhcg/cuda/gtoc12_collect_dp_c_api.h
 create mode 100644 cpp/cuda/include/spacepdhcg/cuda/gtoc12_collection_c_api.h
 create mode 100644 cpp/cuda/include/spacepdhcg/cuda/gtoc12_conic_c_api.h
 create mode 100644 cpp/cuda/include/spacepdhcg/cuda/gtoc12_discretisation_c_api.h
 create mode 100644 cpp/cuda/include/spacepdhcg/cuda/gtoc12_fleet_c_api.h
 create mode 100644 cpp/cuda/include/spacepdhcg/cuda/gtoc12_joint_c_api.h
 create mode 100644 cpp/cuda/include/spacepdhcg/cuda/gtoc12_neighbours_c_api.h
 create mode 100644 cpp/cuda/include/spacepdhcg/cuda/gtoc12_qoco_c_api.h
 create mode 100644 cpp/cuda/include/spacepdhcg/cuda/gtoc12_retime_c_api.h
 create mode 100644 cpp/cuda/include/spacepdhcg/cuda/gtoc12_scvx_c_api.h
 create mode 100644 cpp/cuda/include/spacepdhcg/cuda/gtoc12_verification_c_api.h
 create mode 100644 cpp/cuda/include/spacepdhcg/cuda/halpern_arithmetic.hpp
 create mode 100644 cpp/cuda/include/spacepdhcg/cuda/l1_epigraph_arithmetic.hpp
 create mode 100644 cpp/cuda/include/spacepdhcg/cuda/orbitweaver_g3_adapter.hpp
 create mode 100644 cpp/cuda/include/spacepdhcg/cuda/orbitweaver_gpu_c_api.h
 create mode 100644 cpp/cuda/include/spacepdhcg/cuda/persistent_pdhcg_c_api.h
 create mode 100644 cpp/cuda/include/spacepdhcg/cuda/persistent_pdhcg_dlpack_c_api.h
 create mode 100644 cpp/cuda/include/spacepdhcg/cuda/stream_event.hpp
 create mode 100644 cpp/cuda/include/spacepdhcg/cuda/upstream_adapter.hpp
 create mode 100644 cpp/cuda/internal/dop853_coefficients.cuh
 create mode 100644 cpp/cuda/internal/graph_append.h
 create mode 100644 cpp/cuda/internal/gtoc12_collection_options.h
 create mode 100644 cpp/cuda/internal/gtoc12_joint_geometry.h
 create mode 100644 cpp/cuda/internal/gtoc12_qoco_graph.h
 create mode 100644 cpp/cuda/internal/gtoc12_qoco_qualification.cuh
 create mode 100644 cpp/cuda/internal/gtoc12_seed.cuh
 create mode 100644 cpp/cuda/internal/gtoc12_workspace_reuse.h
 create mode 100644 cpp/cuda/internal/hcw_replay.cuh
 create mode 100644 cpp/cuda/internal/native_qoco_adapter.h
 create mode 100644 cpp/cuda/internal/native_qoco_gpu.h
 create mode 100644 cpp/cuda/internal/numeric_fingerprint.cuh
 create mode 100644 cpp/cuda/internal/scvx_gather.cuh
 create mode 100644 cpp/cuda/internal/scvx_metrics.cuh
 create mode 100644 cpp/cuda/patches/qoco_batched_stopping.cuh
 create mode 100644 cpp/cuda/patches/qoco_deferred_transpose.cuh
 create mode 100644 cpp/cuda/patches/qoco_device_combined_cones.cuh
 create mode 100644 cpp/cuda/patches/qoco_device_combined_rhs.cuh
 create mode 100644 cpp/cuda/patches/qoco_device_cone_reductions.cuh
 create mode 100644 cpp/cuda/patches/qoco_device_control.cuh
 create mode 100644 cpp/cuda/patches/qoco_device_direction.cuh
 create mode 100644 cpp/cuda/patches/qoco_device_io.cuh
 create mode 100644 cpp/cuda/patches/qoco_device_ir.cuh
 create mode 100644 cpp/cuda/patches/qoco_device_scalar.cuh
 create mode 100644 cpp/cuda/patches/qoco_device_solution.cuh
 create mode 100644 cpp/cuda/patches/qoco_device_step_cones.cuh
 create mode 100644 cpp/cuda/patches/qoco_device_step_control.cuh
 create mode 100644 cpp/cuda/patches/qoco_device_update.cuh
 create mode 100644 cpp/cuda/patches/qoco_factor_runtime.cuh
 create mode 100644 cpp/cuda/patches/qoco_fused_kkt_product.cuh
 create mode 100644 cpp/cuda/patches/qoco_gather.cuh
 create mode 100644 cpp/cuda/patches/qoco_gpu_kkt.cuh
 create mode 100644 cpp/cuda/patches/qoco_gpu_ordering.cuh
 create mode 100644 cpp/cuda/patches/qoco_gpu_replay.h
 create mode 100644 cpp/cuda/patches/qoco_gpu_transpose.cuh
 create mode 100644 cpp/cuda/patches/qoco_initial_cones.cuh
 create mode 100644 cpp/cuda/patches/qoco_ipm_cache.cuh
 create mode 100644 cpp/cuda/patches/qoco_ipm_completion.cuh
 create mode 100644 cpp/cuda/patches/qoco_ipm_control.cuh
 create mode 100644 cpp/cuda/patches/qoco_ipm_graph.cuh
 create mode 100644 cpp/cuda/patches/qoco_ipm_initial_control.cuh
 create mode 100644 cpp/cuda/patches/qoco_ipm_outer_graph.cuh
 create mode 100644 cpp/cuda/patches/qoco_ipm_parameters.cuh
 create mode 100644 cpp/cuda/patches/qoco_ipm_replay.cuh
 create mode 100644 cpp/cuda/patches/qoco_ipm_resources.cuh
 create mode 100644 cpp/cuda/patches/qoco_ipm_terminal.cuh
 create mode 100644 cpp/cuda/patches/qoco_ipm_warmstart.cuh
 create mode 100644 cpp/cuda/patches/qoco_ir_cache.cuh
 create mode 100644 cpp/cuda/patches/qoco_ir_device_counts.cuh
 create mode 100644 cpp/cuda/patches/qoco_ir_runtime.cuh
 create mode 100644 cpp/cuda/patches/qoco_lazy_host_mirror.cuh
 create mode 100644 cpp/cuda/patches/qoco_metric_graph.cuh
 create mode 100644 cpp/cuda/patches/qoco_reduction_scope.cuh
 create mode 100644 cpp/cuda/patches/qoco_setup_profile.cuh
 create mode 100644 cpp/cuda/patches/qoco_soc_step.cuh
 create mode 100644 cpp/cuda/patches/qoco_trajectory_ordering.cuh
 create mode 100644 cpp/cuda/patches/qoco_vector_arena.cuh
 create mode 100644 cpp/cuda/src/cooperative_pdhg.cuh
 create mode 100644 cpp/cuda/src/device_scvx.cu
 create mode 100644 cpp/cuda/src/gtoc12_collect_dp.cu
 create mode 100644 cpp/cuda/src/gtoc12_collection.cu
 create mode 100644 cpp/cuda/src/gtoc12_conic.cu
 create mode 100644 cpp/cuda/src/gtoc12_discretisation.cu
 create mode 100644 cpp/cuda/src/gtoc12_fleet.cuh
 create mode 100644 cpp/cuda/src/gtoc12_joint.cu
 create mode 100644 cpp/cuda/src/gtoc12_neighbours.cu
 create mode 100644 cpp/cuda/src/gtoc12_qoco.cu
 create mode 100644 cpp/cuda/src/gtoc12_retime.cu
 create mode 100644 cpp/cuda/src/gtoc12_scvx.cu
 create mode 100644 cpp/cuda/src/gtoc12_verification.cu
 create mode 100644 cpp/cuda/src/native_qoco_adapter.cpp
 create mode 100644 cpp/cuda/src/native_qoco_gpu.cu
 create mode 100644 cpp/cuda/src/orbitweaver_beam.cuh
 create mode 100644 cpp/cuda/src/orbitweaver_gpu.cu
 create mode 100644 cpp/cuda/src/persistent_common_kkt.cuh
 create mode 100644 cpp/cuda/src/persistent_halpern.cuh
 create mode 100644 cpp/cuda/src/persistent_l1.cuh
 create mode 100644 cpp/cuda/src/persistent_l1_host.cuh
 create mode 100644 cpp/cuda/src/persistent_pdhcg.cu
 create mode 100644 cpp/cuda/tests/allocation_lifecycle_test.cu
 create mode 100644 cpp/cuda/tests/cancellation_deadline_test.cu
 create mode 100644 cpp/cuda/tests/cone_inventory_test.cu
 create mode 100644 cpp/cuda/tests/cooperative_pdhg_test.cu
 create mode 100644 cpp/cuda/tests/cuda_conditional_copy_probe.cu
 create mode 100644 cpp/cuda/tests/cuda_test_support.hpp
 create mode 100644 cpp/cuda/tests/device_scvx_integration_test.cu
 create mode 100644 cpp/cuda/tests/device_time_dilated_test.cu
 create mode 100644 cpp/cuda/tests/device_variational_test.cu
 create mode 100644 cpp/cuda/tests/dlpack_contract_test.cu
 create mode 100644 cpp/cuda/tests/gtoc12_collection_test.cu
 create mode 100644 cpp/cuda/tests/gtoc12_conic_test.cu
 create mode 100644 cpp/cuda/tests/gtoc12_device_qualification_test.cu
 create mode 100644 cpp/cuda/tests/gtoc12_device_refresh_test.cu
 create mode 100644 cpp/cuda/tests/gtoc12_discretisation_test.cu
 create mode 100644 cpp/cuda/tests/gtoc12_graph_deadline_test.cu
 create mode 100644 cpp/cuda/tests/gtoc12_joint_selection_test.cu
 create mode 100644 cpp/cuda/tests/gtoc12_joint_smoke.cu
 create mode 100644 cpp/cuda/tests/gtoc12_neighbours_test.cu
 create mode 100644 cpp/cuda/tests/gtoc12_outer_graph_test.cu
 create mode 100644 cpp/cuda/tests/gtoc12_qoco_guard_test.cu
 create mode 100644 cpp/cuda/tests/gtoc12_qoco_test.cu
 create mode 100644 cpp/cuda/tests/gtoc12_resident_options_test.cu
 create mode 100644 cpp/cuda/tests/gtoc12_scvx_test.cu
 create mode 100644 cpp/cuda/tests/gtoc12_verification_test.cu
 create mode 100644 cpp/cuda/tests/gtoc12_workspace_reuse_test.cu
 create mode 100644 cpp/cuda/tests/hcw_replay_test.cu
 create mode 100644 cpp/cuda/tests/native_qoco_conversion_test.cu
 create mode 100644 cpp/cuda/tests/numeric_fingerprint_test.cu
 create mode 100644 cpp/cuda/tests/orbitweaver_beam_test.cu
 create mode 100644 cpp/cuda/tests/orbitweaver_g3_adapter_test.cu
 create mode 100644 cpp/cuda/tests/orbitweaver_gpu_test.cu
 create mode 100644 cpp/cuda/tests/orbitweaver_grid_cache_test.cu
 create mode 100644 cpp/cuda/tests/orbitweaver_hop_test.cu
 create mode 100644 cpp/cuda/tests/orbitweaver_options_test.cu
 create mode 100644 cpp/cuda/tests/orbitweaver_screening_test.cu
 create mode 100644 cpp/cuda/tests/persistent_common_kkt_test.cu
 create mode 100644 cpp/cuda/tests/persistent_cw_test.cu
 create mode 100644 cpp/cuda/tests/persistent_halpern_test.cu
 create mode 100644 cpp/cuda/tests/persistent_l1_snapshot.hpp
 create mode 100644 cpp/cuda/tests/persistent_l1_test.cu
 create mode 100644 cpp/cuda/tests/persistent_snapshot.hpp
 create mode 100644 cpp/cuda/tests/persistent_snapshot_conversion_test.cpp
 create mode 100644 cpp/cuda/tests/persistent_snapshot_replay.cu
 create mode 100644 cpp/cuda/tests/persistent_soc_test.cu
 create mode 100644 cpp/cuda/tests/pointer_contract_test.cu
 create mode 100644 cpp/cuda/tests/qoco_accuracy_probe.cpp
 create mode 100644 cpp/cuda/tests/qoco_best_return_probe.cu
 create mode 100644 cpp/cuda/tests/qoco_cudss_conditional_probe.cuh
 create mode 100644 cpp/cuda/tests/qoco_device_control_probe.cu
 create mode 100644 cpp/cuda/tests/qoco_device_direction_test.cu
 create mode 100644 cpp/cuda/tests/qoco_device_io_test.cu
 create mode 100644 cpp/cuda/tests/qoco_equilibrated_stopping_test.cu
 create mode 100644 cpp/cuda/tests/qoco_factor_graph_memory.cuh
 create mode 100644 cpp/cuda/tests/qoco_factor_graph_probe.cuh
 create mode 100644 cpp/cuda/tests/qoco_fused_kkt_product_test.cu
 create mode 100644 cpp/cuda/tests/qoco_gpu_audit_test.cu
 create mode 100644 cpp/cuda/tests/qoco_gpu_bound_types_test.cu
 create mode 100644 cpp/cuda/tests/qoco_gpu_conversion_test.cu
 create mode 100644 cpp/cuda/tests/qoco_gpu_kkt_test.cu
 create mode 100644 cpp/cuda/tests/qoco_gpu_numeric_update_test.cu
 create mode 100644 cpp/cuda/tests/qoco_gpu_operators_test.cu
 create mode 100644 cpp/cuda/tests/qoco_gpu_ordering_test.cu
 create mode 100644 cpp/cuda/tests/qoco_gpu_scalar_test.cu
 create mode 100644 cpp/cuda/tests/qoco_gpu_step_control_test.cu
 create mode 100644 cpp/cuda/tests/qoco_gpu_stopping_test.cu
 create mode 100644 cpp/cuda/tests/qoco_gpu_transpose_test.cu
 create mode 100644 cpp/cuda/tests/qoco_host_kkt_tracker.cpp
 create mode 100644 cpp/cuda/tests/qoco_initial_cones_probe.cpp
 create mode 100644 cpp/cuda/tests/qoco_ipm_cache_probe.cpp
 create mode 100644 cpp/cuda/tests/qoco_ipm_replay_probe.cu
 create mode 100644 cpp/cuda/tests/qoco_ipm_resources_probe.cpp
 create mode 100644 cpp/cuda/tests/qoco_ipm_terminal_probe.cu
 create mode 100644 cpp/cuda/tests/qoco_ir_control_probe.cu
 create mode 100644 cpp/cuda/tests/qoco_ir_nonfinite_graph_probe.cu
 create mode 100644 cpp/cuda/tests/qoco_ir_reuse_probe.cpp
 create mode 100644 cpp/cuda/tests/qoco_metric_graph_benchmark.cu
 create mode 100644 cpp/cuda/tests/qoco_metric_graph_parity.cu
 create mode 100644 cpp/cuda/tests/qoco_numeric_replay_probe.cu
 create mode 100644 cpp/cuda/tests/qoco_outer_graph_probe.cu
 create mode 100644 cpp/cuda/tests/qoco_outer_numeric_probe.cu
 create mode 100644 cpp/cuda/tests/qoco_pure_soc_probe.cpp
 create mode 100644 cpp/cuda/tests/qoco_recreate_probe.cpp
 create mode 100644 cpp/cuda/tests/qoco_replay_status_test.cu
 create mode 100644 cpp/cuda/tests/qoco_ruiz_sync_test.cu
 create mode 100644 cpp/cuda/tests/qoco_ruiz_zero_test.cu
 create mode 100644 cpp/cuda/tests/qoco_safe_division_test.cu
 create mode 100644 cpp/cuda/tests/qoco_snapshot_replay.cu
 create mode 100644 cpp/cuda/tests/qoco_soc_step_probe.cu
 create mode 100644 cpp/cuda/tests/qoco_solve_state_test.cu
 create mode 100644 cpp/cuda/tests/qoco_solve_trace_probe.cu
 create mode 100644 cpp/cuda/tests/qoco_trajectory_ordering_test.cu
 create mode 100644 cpp/cuda/tests/qoco_transpose_benchmark.cu
 create mode 100644 cpp/cuda/tests/qoco_vector_arena_test.cu
 create mode 100644 cpp/cuda/tests/recovery_test.cu
 create mode 100644 cpp/cuda/tests/scvx_cancel_before_solve_probe.cpp
 create mode 100644 cpp/cuda/tests/scvx_gather_benchmark.cu
 create mode 100644 cpp/cuda/tests/scvx_gather_launch_probe.cpp
 create mode 100644 cpp/cuda/tests/scvx_metrics_test.cu
 create mode 100644 cpp/cuda/tests/scvx_qoco_failure_timing_probe.cpp
 create mode 100644 cpp/cuda/tests/stream_lifetime_test.cu
 create mode 100644 cpp/cuda/tests/upstream_snapshot_replay.cu
 create mode 100644 cpp/cuda/tools/spacepdhcg_plan.cu
 create mode 100644 cpp/distributed/CMakeLists.txt
 create mode 100644 cpp/distributed/include/spacepdhcg/distributed/orbitweaver_g5_adapter.hpp
 create mode 100644 cpp/distributed/include/spacepdhcg/distributed/runtime.hpp
 create mode 100644 cpp/distributed/include/spacepdhcg/distributed/workspace.hpp
 create mode 100644 cpp/distributed/src/runtime.cu
 create mode 100644 cpp/distributed/src/workspace.cu
 create mode 100644 cpp/distributed/tests/logical_rank_test.cpp
 create mode 100644 cpp/distributed/tests/one_rank_runtime_test.cu
 create mode 100644 cpp/distributed/tools/physical_validation_harness.cu
 create mode 100644 cpp/include/spacepdhcg/accelerator_c_api.h
 create mode 100644 cpp/include/spacepdhcg/backends/dense_admm.hpp
 create mode 100644 cpp/include/spacepdhcg/c_api.h
 create mode 100644 cpp/include/spacepdhcg/core/accelerator_view.hpp
 create mode 100644 cpp/include/spacepdhcg/core/checkpoint.hpp
 create mode 100644 cpp/include/spacepdhcg/core/fixed_cqp.hpp
 create mode 100644 cpp/include/spacepdhcg/core/host_backend.hpp
 create mode 100644 cpp/include/spacepdhcg/core/persistent_session.hpp
 create mode 100644 cpp/include/spacepdhcg/core/scaling_reuse.hpp
 create mode 100644 cpp/include/spacepdhcg/distributed/risk.hpp
 create mode 100644 cpp/include/spacepdhcg/distributed/risk_cqp.hpp
 create mode 100644 cpp/include/spacepdhcg/distributed/scenario_cqp.hpp
 create mode 100644 cpp/include/spacepdhcg/distributed/scenario_layout.hpp
 create mode 100644 cpp/include/spacepdhcg/dlpack_adapter.hpp
 create mode 100644 cpp/include/spacepdhcg/dynamics/continuous_check.hpp
 create mode 100644 cpp/include/spacepdhcg/dynamics/hcw.hpp
 create mode 100644 cpp/include/spacepdhcg/dynamics/low_thrust_two_body.hpp
 create mode 100644 cpp/include/spacepdhcg/dynamics/powered_descent_3dof.hpp
 create mode 100644 cpp/include/spacepdhcg/dynamics/powered_descent_6dof.hpp
 create mode 100644 cpp/include/spacepdhcg/dynamics/powered_descent_6dof_variational.hpp
 create mode 100644 cpp/include/spacepdhcg/orbitweaver/beam_search.hpp
 create mode 100644 cpp/include/spacepdhcg/orbitweaver/column_generation.hpp
 create mode 100644 cpp/include/spacepdhcg/orbitweaver/dynamic_discretisation.hpp
 create mode 100644 cpp/include/spacepdhcg/orbitweaver/g7_orchestration.hpp
 create mode 100644 cpp/include/spacepdhcg/orbitweaver/high_fidelity_certification.hpp
 create mode 100644 cpp/include/spacepdhcg/orbitweaver/host_cqp_oracle.hpp
 create mode 100644 cpp/include/spacepdhcg/orbitweaver/lambert.hpp
 create mode 100644 cpp/include/spacepdhcg/orbitweaver/lambert_family.hpp
 create mode 100644 cpp/include/spacepdhcg/orbitweaver/lambert_oracle.hpp
 create mode 100644 cpp/include/spacepdhcg/orbitweaver/low_thrust_oracle.hpp
 create mode 100644 cpp/include/spacepdhcg/orbitweaver/low_thrust_screening.hpp
 create mode 100644 cpp/include/spacepdhcg/orbitweaver/restricted_master_lp.hpp
 create mode 100644 cpp/include/spacepdhcg/orbitweaver/robust_low_thrust_oracle.hpp
 create mode 100644 cpp/include/spacepdhcg/orbitweaver/route_master.hpp
 create mode 100644 cpp/include/spacepdhcg/orbitweaver/time_expanded_graph.hpp
 create mode 100644 cpp/include/spacepdhcg/orbitweaver/trajectory_oracle.hpp
 create mode 100644 cpp/include/spacepdhcg/persistent_cqp.hpp
 create mode 100644 cpp/include/spacepdhcg/planner/describe.hpp
 create mode 100644 cpp/include/spacepdhcg/planner/families.hpp
 create mode 100644 cpp/include/spacepdhcg/planner/json.hpp
 create mode 100644 cpp/include/spacepdhcg/planner/problem.hpp
 create mode 100644 cpp/include/spacepdhcg/scvx/g4_policy.generated.hpp
 create mode 100644 cpp/include/spacepdhcg/scvx/low_thrust_benchmark.hpp
 create mode 100644 cpp/include/spacepdhcg/scvx/low_thrust_driver.hpp
 create mode 100644 cpp/include/spacepdhcg/scvx/policies.hpp
 create mode 100644 cpp/include/spacepdhcg/scvx/powered_descent_3dof_driver.hpp
 create mode 100644 cpp/include/spacepdhcg/scvx/robust_low_thrust_driver.hpp
 create mode 100644 cpp/include/spacepdhcg/transcription/ct_sampling.hpp
 create mode 100644 cpp/include/spacepdhcg/transcription/ct_violation_state.hpp
 create mode 100644 cpp/include/spacepdhcg/transcription/discrete_flow_linearisation.hpp
 create mode 100644 cpp/include/spacepdhcg/transcription/discretisation.hpp
 create mode 100644 cpp/include/spacepdhcg/transcription/free_time_common.hpp
 create mode 100644 cpp/include/spacepdhcg/transcription/hcw_rendezvous.hpp
 create mode 100644 cpp/include/spacepdhcg/transcription/linearisation_types.hpp
 create mode 100644 cpp/include/spacepdhcg/transcription/low_thrust.hpp
 create mode 100644 cpp/include/spacepdhcg/transcription/powered_descent_3dof.hpp
 create mode 100644 cpp/include/spacepdhcg/transcription/powered_descent_3dof_free_time.hpp
 create mode 100644 cpp/include/spacepdhcg/transcription/powered_descent_6dof.hpp
 create mode 100644 cpp/include/spacepdhcg/transcription/powered_descent_6dof_free_time.hpp
 create mode 100644 cpp/include/spacepdhcg/transcription/time_dilated_flow_linearisation.hpp
 create mode 100644 cpp/include/spacepdhcg/transcription/variational_rk4.hpp
 create mode 100644 cpp/native/CMakeLists.txt
 create mode 100644 cpp/native/include/spacepdhcg/native/backend.hpp
 create mode 100644 cpp/native/include/spacepdhcg/native/cqp.hpp
 create mode 100644 cpp/native/include/spacepdhcg/native/cw.hpp
 create mode 100644 cpp/native/include/spacepdhcg/native/cw_problem.hpp
 create mode 100644 cpp/native/include/spacepdhcg/native/persistent_session.hpp
 create mode 100644 cpp/native/include/spacepdhcg/native/powered_descent_3dof.hpp
 create mode 100644 cpp/native/include/spacepdhcg/native/powered_descent_6dof.hpp
 create mode 100644 cpp/native/include/spacepdhcg/native/powered_descent_cqp.hpp
 create mode 100644 cpp/native/include/spacepdhcg/native/powered_descent_scvx.hpp
 create mode 100644 cpp/native/include/spacepdhcg/native/robust_cqp.hpp
 create mode 100644 cpp/native/include/spacepdhcg/native/scenario_partition.hpp
 create mode 100644 cpp/native/include/spacepdhcg/native/scenario_tree.hpp
 create mode 100644 cpp/native/include/spacepdhcg/native/scvx_policy.hpp
 create mode 100644 cpp/native/include/spacepdhcg/native_c_api.h
 create mode 100644 cpp/native/src/backend.cpp
 create mode 100644 cpp/native/src/cw.cpp
 create mode 100644 cpp/native/src/cw_problem.cpp
 create mode 100644 cpp/native/src/native_c_api.cpp
 create mode 100644 cpp/native/src/persistent_session.cpp
 create mode 100644 cpp/native/src/powered_descent_3dof.cpp
 create mode 100644 cpp/native/src/powered_descent_6dof.cpp
 create mode 100644 cpp/native/src/powered_descent_cqp.cpp
 create mode 100644 cpp/native/src/powered_descent_scvx.cpp
 create mode 100644 cpp/native/src/robust_cqp.cpp
 create mode 100644 cpp/native/src/scenario_tree.cpp
 create mode 100644 cpp/native/tests/native_core_smoke.cpp
 create mode 100644 cpp/native/tests/persistent_session_smoke.cpp
 create mode 100644 cpp/native/tests/powered_descent_6dof_smoke.cpp
 create mode 100644 cpp/native/tests/powered_descent_cqp_smoke.cpp
 create mode 100644 cpp/native/tests/powered_descent_scvx_smoke.cpp
 create mode 100644 cpp/native/tests/powered_descent_smoke.cpp
 create mode 100644 cpp/native/tests/robust_cqp_smoke.cpp
 create mode 100644 cpp/native/tests/scenario_tree_smoke.cpp
 create mode 100644 cpp/package-smoke/CMakeLists.txt
 create mode 100644 cpp/package-smoke/main.cpp
 create mode 100644 cpp/src/c_api.cpp
 create mode 100644 cpp/tests/accelerator_view_property_smoke.cpp
 create mode 100644 cpp/tests/beam_search_smoke.cpp
 create mode 100644 cpp/tests/column_generation_smoke.cpp
 create mode 100644 cpp/tests/continuous_check_smoke.cpp
 create mode 100644 cpp/tests/ct_sampling_smoke.cpp
 create mode 100644 cpp/tests/ct_violation_state_smoke.cpp
 create mode 100644 cpp/tests/dense_admm_smoke.cpp
 create mode 100644 cpp/tests/dlpack_optional_smoke.cpp
 create mode 100644 cpp/tests/dynamic_discretisation_smoke.cpp
 create mode 100644 cpp/tests/fixed_cqp_smoke.cpp
 create mode 100644 cpp/tests/hcw_rendezvous_smoke.cpp
 create mode 100644 cpp/tests/high_fidelity_certification_smoke.cpp
 create mode 100644 cpp/tests/higher_order_transcription_smoke.cpp
 create mode 100644 cpp/tests/host_cqp_oracle_smoke.cpp
 create mode 100644 cpp/tests/interface_smoke.cpp
 create mode 100644 cpp/tests/lambert_family_oracle_smoke.cpp
 create mode 100644 cpp/tests/lambert_family_smoke.cpp
 create mode 100644 cpp/tests/lambert_oracle_smoke.cpp
 create mode 100644 cpp/tests/lambert_smoke.cpp
 create mode 100644 cpp/tests/low_thrust_driver_smoke.cpp
 create mode 100644 cpp/tests/low_thrust_oracle_smoke.cpp
 create mode 100644 cpp/tests/low_thrust_smoke.cpp
 create mode 100644 cpp/tests/orbitweaver_g7_c_api_smoke.cpp
 create mode 100644 cpp/tests/orbitweaver_g7_smoke.cpp
 create mode 100644 cpp/tests/persistent_session_smoke.cpp
 create mode 100644 cpp/tests/planner_c_api_smoke.cpp
 create mode 100644 cpp/tests/planner_problem_smoke.cpp
 create mode 100644 cpp/tests/powered_descent_6dof_smoke.cpp
 create mode 100644 cpp/tests/powered_descent_6dof_transcription_smoke.cpp
 create mode 100644 cpp/tests/powered_descent_driver_smoke.cpp
 create mode 100644 cpp/tests/powered_descent_free_time_transcription_smoke.cpp
 create mode 100644 cpp/tests/powered_descent_smoke.cpp
 create mode 100644 cpp/tests/powered_descent_transcription_smoke.cpp
 create mode 100644 cpp/tests/restricted_master_lp_smoke.cpp
 create mode 100644 cpp/tests/risk_cqp_smoke.cpp
 create mode 100644 cpp/tests/robust_6dof_smoke.cpp
 create mode 100644 cpp/tests/robust_low_thrust_driver_smoke.cpp
 create mode 100644 cpp/tests/robust_low_thrust_oracle_smoke.cpp
 create mode 100644 cpp/tests/route_master_smoke.cpp
 create mode 100644 cpp/tests/scenario_cqp_smoke.cpp
 create mode 100644 cpp/tests/scenario_layout_smoke.cpp
 create mode 100644 cpp/tests/scvx_policy_smoke.cpp
 create mode 100644 cpp/tests/time_dilated_flow_include_order_smoke.cpp
 create mode 100644 cpp/tests/time_dilated_flow_smoke.cpp
 create mode 100644 cpp/tests/time_expanded_graph_smoke.cpp
 create mode 100644 cpp/tests/trajectory_oracle_smoke.cpp
 create mode 100644 cpp/tests/variational_rk4_property_smoke.cpp
 create mode 100644 cpp/tests/variational_rk4_smoke.cpp
 create mode 100644 cpp/tools/cpu_reference_emitter.cpp
 create mode 100644 cpp/tools/parity_probe.cpp
 create mode 100644 cpp/tools/trajectory_history_emitter.cpp
 create mode 100644 pyproject.toml
 create mode 100644 scripts/benchmark_gtoc12_hotpaths.py
 create mode 100644 scripts/cpu/finalize_reference_campaign.py
 create mode 100644 scripts/cpu/finalize_supported_matrix.py
 create mode 100644 scripts/cpu/run_supported_matrix.py
 create mode 100644 scripts/generate_g4_policy_header.py
 create mode 100644 scripts/generate_orbitweaver_g7_schemas.py
 create mode 100644 scripts/gpu/analyze_g3_recovery.py
 create mode 100644 scripts/gpu/archive_run.py
 create mode 100644 scripts/gpu/audit_persistent_snapshot.py
 create mode 100644 scripts/gpu/benchmark_cooperative.py
 create mode 100644 scripts/gpu/benchmark_gtoc12_collection.py
 create mode 100644 scripts/gpu/benchmark_gtoc12_collection_dp.py
 create mode 100644 scripts/gpu/benchmark_gtoc12_collection_tables.py
 create mode 100644 scripts/gpu/benchmark_gtoc12_combined_hops.py
 create mode 100644 scripts/gpu/benchmark_gtoc12_conic.py
 create mode 100644 scripts/gpu/benchmark_gtoc12_discretisation.py
 create mode 100644 scripts/gpu/benchmark_gtoc12_neighbour_pool.py
 create mode 100644 scripts/gpu/benchmark_gtoc12_neighbours.py
 create mode 100644 scripts/gpu/benchmark_gtoc12_route_search.py
 create mode 100644 scripts/gpu/benchmark_gtoc12_screening.py
 create mode 100644 scripts/gpu/benchmark_gtoc12_verifier.py
 create mode 100644 scripts/gpu/benchmark_planner.py
 create mode 100644 scripts/gpu/benchmark_planner_ruiz.py
 create mode 100644 scripts/gpu/benchmark_qoco.py
 create mode 100644 scripts/gpu/benchmark_recovery.py
 create mode 100644 scripts/gpu/bootstrap_ubuntu.sh
 create mode 100755 scripts/gpu/checkout_build_qoco_gpu.sh
 create mode 100755 scripts/gpu/checkout_pinned_pdhcg.sh
 create mode 100644 scripts/gpu/cudss_deterministic_probe.cu
 create mode 100644 scripts/gpu/decide_g4_claim_core.py
 create mode 100644 scripts/gpu/diagnose_g3_pd3.py
 create mode 100644 scripts/gpu/diagnose_p1d_recovery.py
 create mode 100644 scripts/gpu/dlpack_producer_compat.py
 create mode 100644 scripts/gpu/g5_campaign.py
 create mode 100644 scripts/gpu/generate_dop853_coefficients.py
 create mode 100644 scripts/gpu/generate_g4_executor_capability.py
 create mode 100644 scripts/gpu/plan_g4_claim_core.py
 create mode 100644 scripts/gpu/prepare_qoco_deterministic.py
 create mode 100644 scripts/gpu/prepare_qoco_device_control.py
 create mode 100644 scripts/gpu/prepare_qoco_device_direction.py
 create mode 100644 scripts/gpu/prepare_qoco_device_ir.py
 create mode 100644 scripts/gpu/prepare_qoco_factor_graph.py
 create mode 100644 scripts/gpu/prepare_qoco_factor_graph_probe.py
 create mode 100644 scripts/gpu/prepare_qoco_gpu.py
 create mode 100644 scripts/gpu/prepare_qoco_ipm_cache.py
 create mode 100644 scripts/gpu/prepare_qoco_ipm_graph.py
 create mode 100644 scripts/gpu/prepare_qoco_ipm_initialization.py
 create mode 100644 scripts/gpu/prepare_qoco_ipm_replay.py
 create mode 100644 scripts/gpu/prepare_qoco_ipm_terminal.py
 create mode 100644 scripts/gpu/prepare_qoco_ir_cache.py
 create mode 100644 scripts/gpu/prepare_qoco_ir_counts.py
 create mode 100644 scripts/gpu/prepare_qoco_numeric_replay.py
 create mode 100644 scripts/gpu/prepare_qoco_origin_stopping.py
 create mode 100644 scripts/gpu/prepare_qoco_outer_graph.py
 create mode 100644 scripts/gpu/prepare_qoco_preserve_objective.py
 create mode 100644 scripts/gpu/prepare_qoco_retry_conditioning.py
 create mode 100644 scripts/gpu/prepare_qoco_safe_division.py
 create mode 100644 scripts/gpu/prepare_qoco_soc_step.py
 create mode 100644 scripts/gpu/prepare_qoco_stopping_accuracy.py
 create mode 100644 scripts/gpu/qoco_absolute_kkt_stopping.patch
 create mode 100644 scripts/gpu/reexport_g3_h1.py
 create mode 100644 scripts/gpu/replay_gtoc12_collection_fixtures.py
 create mode 100644 scripts/gpu/run_first_gate.sh
 create mode 100644 scripts/gpu/run_g2_evidence.sh
 create mode 100644 scripts/gpu/run_g3_evidence.sh
 create mode 100644 scripts/gpu/run_g3_h1.py
 create mode 100644 scripts/gpu/run_g4_axis_pilot.py
 create mode 100644 scripts/gpu/run_g4_campaign.py
 create mode 100755 scripts/gpu/run_g4_qualification.py
 create mode 100755 scripts/gpu/run_g5_build_matrix.sh
 create mode 100644 scripts/gpu/run_p1c_dump_qoco_globalization.py
 create mode 100644 scripts/gpu/run_p1c_qoco_scvx.py
 create mode 100644 scripts/gpu/seal_g5_evidence.py
 create mode 100644 scripts/gpu/summarize_g3_run.py
 create mode 100644 scripts/gpu/verify_environment.py
 create mode 100644 scripts/gtoc12/fetch_gtoc12_data.py
 create mode 100644 scripts/gtoc12/proxy_validation.py
 create mode 100644 scripts/gtoc12_campaign_report.py
 create mode 100644 scripts/literature/build_provenance.py
 create mode 100644 scripts/sync_packaged_assets.py
 create mode 100644 scripts/visualization/extract_verified_trajectories.py
 create mode 100644 src/spacepdhcg/__init__.py
 create mode 100644 src/spacepdhcg/__main__.py
 create mode 100644 src/spacepdhcg/_data/README.md
 create mode 100644 src/spacepdhcg/_data/benchmarks/campaign_scopes/full-multi-gpu-v1.json
 create mode 100644 src/spacepdhcg/_data/benchmarks/campaign_scopes/single-gpu-v1.json
 create mode 100644 src/spacepdhcg/_data/benchmarks/g4_applicability.json
 create mode 100644 src/spacepdhcg/_data/benchmarks/g4_applicability.sha256
 create mode 100644 src/spacepdhcg/_data/benchmarks/g4_h5_h6_claim_core.json
 create mode 100644 src/spacepdhcg/_data/benchmarks/g4_h5_h6_claim_core.sha256
 create mode 100644 src/spacepdhcg/_data/benchmarks/g4_policy.json
 create mode 100644 src/spacepdhcg/_data/benchmarks/g4_policy.sha256
 create mode 100644 src/spacepdhcg/_data/benchmarks/gtoc12/gtoc12_rules.json
 create mode 100644 src/spacepdhcg/_data/benchmarks/gtoc12/pins.json
 create mode 100644 src/spacepdhcg/_data/benchmarks/gtoc12/reduced_instance_v1.json
 create mode 100644 src/spacepdhcg/_data/benchmarks/gtoc12/reference_reproductions.json
 create mode 100644 src/spacepdhcg/_data/benchmarks/literature/chari_2024_initial_positions.json
 create mode 100644 src/spacepdhcg/_data/benchmarks/literature/external_sources.json
 create mode 100644 src/spacepdhcg/_data/benchmarks/literature/gtoc_reduced_subsets.json
 create mode 100644 src/spacepdhcg/_data/benchmarks/literature/profiles/acikmese-ploen-2007-pd3.json
 create mode 100644 src/spacepdhcg/_data/benchmarks/literature/profiles/blackmore-2010-pd3-case1.json
 create mode 100644 src/spacepdhcg/_data/benchmarks/literature/profiles/chari-2024-pd6-monte-carlo.json
 create mode 100644 src/spacepdhcg/_data/benchmarks/literature/profiles/esa-tops-2026.json
 create mode 100644 src/spacepdhcg/_data/benchmarks/literature/profiles/gtoc12-official-verifier.json
 create mode 100644 src/spacepdhcg/_data/benchmarks/literature/profiles/gtoc5-data-pin.json
 create mode 100644 src/spacepdhcg/_data/benchmarks/literature/profiles/gtoc9-example-validation.json
 create mode 100644 src/spacepdhcg/_data/benchmarks/literature/profiles/gtopx-2021.json
 create mode 100644 src/spacepdhcg/_data/benchmarks/literature/profiles/szmuk-acikmese-2018-pd6-2d.json
 create mode 100644 src/spacepdhcg/_data/benchmarks/literature/profiles/tafazzol-taheri-earth-dionysus.json
 create mode 100644 src/spacepdhcg/_data/benchmarks/literature/profiles/tafazzol-taheri-earth-mars.json
 create mode 100644 src/spacepdhcg/_data/benchmarks/literature/provenance.json
 create mode 100644 src/spacepdhcg/_data/benchmarks/literature/targets.json
 create mode 100644 src/spacepdhcg/_data/benchmarks/literature/tops_selection.json
 create mode 100644 src/spacepdhcg/_data/benchmarks/literature_baselines.json
 create mode 100644 src/spacepdhcg/_data/benchmarks/paper1_matrix.json
 create mode 100644 src/spacepdhcg/_data/benchmarks/paper2_instances.json
 create mode 100644 src/spacepdhcg/_data/benchmarks/paper2_matrix.json
 create mode 100644 src/spacepdhcg/_data/experiments/schema/literature_provenance.schema.json
 create mode 100644 src/spacepdhcg/backends/__init__.py
 create mode 100644 src/spacepdhcg/backends/base.py
 create mode 100644 src/spacepdhcg/backends/clarabel_backend.py
 create mode 100644 src/spacepdhcg/backends/dlpack_capsule.py
 create mode 100644 src/spacepdhcg/backends/osqp_backend.py
 create mode 100644 src/spacepdhcg/backends/pdhcg_oneshot.py
 create mode 100644 src/spacepdhcg/backends/qoco_gpu.py
 create mode 100644 src/spacepdhcg/backends/qoco_handback.py
 create mode 100644 src/spacepdhcg/benchmarks/__init__.py
 create mode 100644 src/spacepdhcg/benchmarks/banded_correctness.py
 create mode 100644 src/spacepdhcg/benchmarks/condensed_correctness.py
 create mode 100644 src/spacepdhcg/benchmarks/cw_repeat.py
 create mode 100644 src/spacepdhcg/benchmarks/cw_socp_repeat.py
 create mode 100644 src/spacepdhcg/benchmarks/g1_correctness.py
 create mode 100644 src/spacepdhcg/benchmarks/powered_descent_scvx.py
 create mode 100644 src/spacepdhcg/benchmarks/robust_powered_descent_cqp.py
 create mode 100644 src/spacepdhcg/benchmarks/scenario_layout.py
 create mode 100644 src/spacepdhcg/benchmarks/trajectory_banded.py
 create mode 100644 src/spacepdhcg/campaign_scope.py
 create mode 100644 src/spacepdhcg/cli.py
 create mode 100644 src/spacepdhcg/cqp/__init__.py
 create mode 100644 src/spacepdhcg/cqp/fingerprint.py
 create mode 100644 src/spacepdhcg/cqp/problem.py
 create mode 100644 src/spacepdhcg/cqp/quality.py
 create mode 100644 src/spacepdhcg/distributed/__init__.py
 create mode 100644 src/spacepdhcg/distributed/certification.py
 create mode 100644 src/spacepdhcg/distributed/condensed_cqp.py
 create mode 100644 src/spacepdhcg/distributed/layout.py
 create mode 100644 src/spacepdhcg/distributed/robust_cqp.py
 create mode 100644 src/spacepdhcg/distributed/scenario_tree.py
 create mode 100644 src/spacepdhcg/experiments/__init__.py
 create mode 100644 src/spacepdhcg/experiments/g4.py
 create mode 100644 src/spacepdhcg/experiments/g4_execution_contract.py
 create mode 100644 src/spacepdhcg/experiments/g4_scheduler.py
 create mode 100644 src/spacepdhcg/experiments/g5_campaign.py
 create mode 100644 src/spacepdhcg/experiments/manifest.py
 create mode 100644 src/spacepdhcg/experiments/paper1.py
 create mode 100644 src/spacepdhcg/gtoc12/__init__.py
 create mode 100644 src/spacepdhcg/gtoc12/archive.py
 create mode 100644 src/spacepdhcg/gtoc12/bundles.py
 create mode 100644 src/spacepdhcg/gtoc12/chainprior.py
 create mode 100644 src/spacepdhcg/gtoc12/cli.py
 create mode 100644 src/spacepdhcg/gtoc12/clusters.py
 create mode 100644 src/spacepdhcg/gtoc12/collectdp.py
 create mode 100644 src/spacepdhcg/gtoc12/constants.py
 create mode 100644 src/spacepdhcg/gtoc12/cooperative.py
 create mode 100644 src/spacepdhcg/gtoc12/data.py
 create mode 100644 src/spacepdhcg/gtoc12/earthleg.py
 create mode 100644 src/spacepdhcg/gtoc12/ephemeris.py
 create mode 100644 src/spacepdhcg/gtoc12/fetch.py
 create mode 100644 src/spacepdhcg/gtoc12/fleet.py
 create mode 100644 src/spacepdhcg/gtoc12/gpu_beam.py
 create mode 100644 src/spacepdhcg/gtoc12/gpu_collect_dp.py
 create mode 100644 src/spacepdhcg/gtoc12/gpu_collect_tables.py
 create mode 100644 src/spacepdhcg/gtoc12/gpu_collection.py
 create mode 100644 src/spacepdhcg/gtoc12/gpu_conic.py
 create mode 100644 src/spacepdhcg/gtoc12/gpu_discretisation.py
 create mode 100644 src/spacepdhcg/gtoc12/gpu_execution.py
 create mode 100644 src/spacepdhcg/gtoc12/gpu_fleet.py
 create mode 100644 src/spacepdhcg/gtoc12/gpu_joint.py
 create mode 100644 src/spacepdhcg/gtoc12/gpu_lambert.py
 create mode 100644 src/spacepdhcg/gtoc12/gpu_neighbours.py
 create mode 100644 src/spacepdhcg/gtoc12/gpu_options.py
 create mode 100644 src/spacepdhcg/gtoc12/gpu_qoco.py
 create mode 100644 src/spacepdhcg/gtoc12/gpu_retime.py
 create mode 100644 src/spacepdhcg/gtoc12/gpu_scvx.py
 create mode 100644 src/spacepdhcg/gtoc12/gpu_verifier.py
 create mode 100644 src/spacepdhcg/gtoc12/harvest.py
 create mode 100644 src/spacepdhcg/gtoc12/harvestphase.py
 create mode 100644 src/spacepdhcg/gtoc12/hopcalib.py
 create mode 100644 src/spacepdhcg/gtoc12/jointcampaign.py
 create mode 100644 src/spacepdhcg/gtoc12/jointopt.py
 create mode 100644 src/spacepdhcg/gtoc12/lambert.py
 create mode 100644 src/spacepdhcg/gtoc12/legstats.py
 create mode 100644 src/spacepdhcg/gtoc12/low_thrust.py
 create mode 100644 src/spacepdhcg/gtoc12/memory.py
 create mode 100644 src/spacepdhcg/gtoc12/official.py
 create mode 100644 src/spacepdhcg/gtoc12/pipeline.py
 create mode 100644 src/spacepdhcg/gtoc12/proxies.py
 create mode 100644 src/spacepdhcg/gtoc12/reduced_instance.py
 create mode 100644 src/spacepdhcg/gtoc12/references.py
 create mode 100644 src/spacepdhcg/gtoc12/refinement_queue.py
 create mode 100644 src/spacepdhcg/gtoc12/retiming.py
 create mode 100644 src/spacepdhcg/gtoc12/returncampaign.py
 create mode 100644 src/spacepdhcg/gtoc12/returnsweep.py
 create mode 100644 src/spacepdhcg/gtoc12/screening.py
 create mode 100644 src/spacepdhcg/gtoc12/search.py
 create mode 100644 src/spacepdhcg/gtoc12/solution.py
 create mode 100644 src/spacepdhcg/gtoc12/verifier.py
 create mode 100644 src/spacepdhcg/gtoc12/viewer_export.py
 create mode 100644 src/spacepdhcg/literature/__init__.py
 create mode 100644 src/spacepdhcg/literature/_socp.py
 create mode 100644 src/spacepdhcg/literature/cli.py
 create mode 100644 src/spacepdhcg/literature/external_sources.py
 create mode 100644 src/spacepdhcg/literature/gpu_preflight.py
 create mode 100644 src/spacepdhcg/literature/gtoc.py
 create mode 100644 src/spacepdhcg/literature/gtopx.py
 create mode 100644 src/spacepdhcg/literature/low_thrust.py
 create mode 100644 src/spacepdhcg/literature/low_thrust_mee.py
 create mode 100644 src/spacepdhcg/literature/pd3_acikmese_ploen.py
 create mode 100644 src/spacepdhcg/literature/pd6_monte_carlo.py
 create mode 100644 src/spacepdhcg/literature/pd6_szmuk_2018.py
 create mode 100644 src/spacepdhcg/literature/pd6_szmuk_2018_native.py
 create mode 100644 src/spacepdhcg/literature/pinned_values.py
 create mode 100644 src/spacepdhcg/literature/provenance.py
 create mode 100644 src/spacepdhcg/literature/registry.py
 create mode 100644 src/spacepdhcg/literature/report.py
 create mode 100644 src/spacepdhcg/literature/scvx_core.py
 create mode 100644 src/spacepdhcg/literature/tops.py
 create mode 100644 src/spacepdhcg/models/__init__.py
 create mode 100644 src/spacepdhcg/models/cw.py
 create mode 100644 src/spacepdhcg/models/powered_descent_3dof.py
 create mode 100644 src/spacepdhcg/native/__init__.py
 create mode 100644 src/spacepdhcg/native/_library.py
 create mode 100644 src/spacepdhcg/native/free_time.py
 create mode 100644 src/spacepdhcg/orbitweaver/__init__.py
 create mode 100644 src/spacepdhcg/orbitweaver/adapters.py
 create mode 100644 src/spacepdhcg/orbitweaver/cli.py
 create mode 100644 src/spacepdhcg/orbitweaver/contracts.py
 create mode 100644 src/spacepdhcg/orbitweaver/g7.py
 create mode 100644 src/spacepdhcg/orbitweaver/instances.py
 create mode 100644 src/spacepdhcg/paper1/__init__.py
 create mode 100644 src/spacepdhcg/paper1/aggregate.py
 create mode 100644 src/spacepdhcg/paper1/cli.py
 create mode 100644 src/spacepdhcg/paper1/decisions.py
 create mode 100644 src/spacepdhcg/paper1/evidence.py
 create mode 100644 src/spacepdhcg/paper1/freeze.py
 create mode 100644 src/spacepdhcg/paper1/synthetic.py
 create mode 100644 src/spacepdhcg/planner/__init__.py
 create mode 100644 src/spacepdhcg/planner/api.py
 create mode 100644 src/spacepdhcg/planner/cli.py
 create mode 100644 src/spacepdhcg/planner/cpu_reference.py
 create mode 100644 src/spacepdhcg/planner/native_library.py
 create mode 100644 src/spacepdhcg/planner/native_runner.py
 create mode 100644 src/spacepdhcg/planner/problem.py
 create mode 100644 src/spacepdhcg/planner/result.py
 create mode 100644 src/spacepdhcg/planner/schema/__init__.py
 create mode 100644 src/spacepdhcg/planner/schema/problem.schema.json
 create mode 100644 src/spacepdhcg/planner/viewer_export.py
 create mode 100644 src/spacepdhcg/resources.py
 create mode 100644 src/spacepdhcg/scvx/__init__.py
 create mode 100644 src/spacepdhcg/scvx/forcing_rule.py
 create mode 100644 src/spacepdhcg/scvx/powered_descent_3dof.py
 create mode 100644 src/spacepdhcg/scvx/trust_region.py
 create mode 100644 src/spacepdhcg/transcription/__init__.py
 create mode 100644 src/spacepdhcg/transcription/powered_descent_3dof.py
 create mode 100644 tests/conftest.py
 create mode 100644 tests/fixtures/g3_h1_h100_10000.json
 create mode 100644 tests/fixtures/gpu_recovery/low_thrust_n100_seed71.json
 create mode 100644 tests/fixtures/gpu_recovery/provenance.json
 create mode 100644 tests/fixtures/gtoc12_lagrange_replay.json
 create mode 100644 tests/native_cw_parity.py
 create mode 100644 tests/snapshots/g5_commands.json
 create mode 100644 tests/test_benchmark_manifests.py
 create mode 100644 tests/test_campaign_scope.py
 create mode 100644 tests/test_clarabel_backend.py
 create mode 100644 tests/test_cli_dispatch.py
 create mode 100644 tests/test_cpp_c_api.py
 create mode 100644 tests/test_cpp_python_parity.py
 create mode 100644 tests/test_cpu_reference_campaign.py
 create mode 100644 tests/test_cqp.py
 create mode 100644 tests/test_cw.py
 create mode 100644 tests/test_dlpack_capsule.py
 create mode 100644 tests/test_experiment_manifest.py
 create mode 100644 tests/test_g1_correctness.py
 create mode 100644 tests/test_g3_h1.py
 create mode 100644 tests/test_g4_claim_core_amendment.py
 create mode 100644 tests/test_g4_claim_core_amendment_v1_2.py
 create mode 100644 tests/test_g4_claim_core_decision.py
 create mode 100644 tests/test_g4_decisions.py
 create mode 100644 tests/test_g4_execution_contract.py
 create mode 100644 tests/test_g4_executor_contract.py
 create mode 100644 tests/test_g4_ipm_session_gpu.py
 create mode 100644 tests/test_g4_native_session.py
 create mode 100644 tests/test_g4_pdhcg_deadline_gpu.py
 create mode 100644 tests/test_g4_policy.py
 create mode 100644 tests/test_g4_qualification.py
 create mode 100644 tests/test_g4_recovery_gpu.py
 create mode 100644 tests/test_g4_scheduler.py
 create mode 100644 tests/test_g5_campaign.py
 create mode 100644 tests/test_g5_implementation_schema.py
 create mode 100644 tests/test_gpu_deferred_manifest.py
 create mode 100644 tests/test_gpu_tooling.py
 create mode 100644 tests/test_gtoc12_archive.py
 create mode 100644 tests/test_gtoc12_archive_variant_artifacts.py
 create mode 100644 tests/test_gtoc12_bundles.py
 create mode 100644 tests/test_gtoc12_certificate_backend.py
 create mode 100644 tests/test_gtoc12_certified_objective.py
 create mode 100644 tests/test_gtoc12_chain.py
 create mode 100644 tests/test_gtoc12_cluster_objective.py
 create mode 100644 tests/test_gtoc12_collectdp.py
 create mode 100644 tests/test_gtoc12_cooperative.py
 create mode 100644 tests/test_gtoc12_ephemeris_format.py
 create mode 100644 tests/test_gtoc12_fleet_master_objective.py
 create mode 100644 tests/test_gtoc12_gpu_beam.py
 create mode 100644 tests/test_gtoc12_gpu_bound_types.py
 create mode 100644 tests/test_gtoc12_gpu_cli.py
 create mode 100644 tests/test_gtoc12_gpu_collect_dp.py
 create mode 100644 tests/test_gtoc12_gpu_collect_tables.py
 create mode 100644 tests/test_gtoc12_gpu_collection.py
 create mode 100644 tests/test_gtoc12_gpu_conditioning_retry.py
 create mode 100644 tests/test_gtoc12_gpu_conic.py
 create mode 100644 tests/test_gtoc12_gpu_device_initialization.py
 create mode 100644 tests/test_gtoc12_gpu_discretisation.py
 create mode 100644 tests/test_gtoc12_gpu_earth_repeatability.py
 create mode 100644 tests/test_gtoc12_gpu_elements.py
 create mode 100644 tests/test_gtoc12_gpu_fast_lambert_root.py
 create mode 100644 tests/test_gtoc12_gpu_fleet.py
 create mode 100644 tests/test_gtoc12_gpu_fused_tables.py
 create mode 100644 tests/test_gtoc12_gpu_harvest_window.py
 create mode 100644 tests/test_gtoc12_gpu_hops.py
 create mode 100644 tests/test_gtoc12_gpu_joint.py
 create mode 100644 tests/test_gtoc12_gpu_joint_compatibility.py
 create mode 100644 tests/test_gtoc12_gpu_joint_geometry.py
 create mode 100644 tests/test_gtoc12_gpu_joint_mesh.py
 create mode 100644 tests/test_gtoc12_gpu_joint_search.py
 create mode 100644 tests/test_gtoc12_gpu_joint_selection.py
 create mode 100644 tests/test_gtoc12_gpu_lambert.py
 create mode 100644 tests/test_gtoc12_gpu_neighbours.py
 create mode 100644 tests/test_gtoc12_gpu_qoco.py
 create mode 100644 tests/test_gtoc12_gpu_resident_collect_tables.py
 create mode 100644 tests/test_gtoc12_gpu_resident_options.py
 create mode 100644 tests/test_gtoc12_gpu_retained_replay.py
 create mode 100644 tests/test_gtoc12_gpu_retime.py
 create mode 100644 tests/test_gtoc12_gpu_return_sweep.py
 create mode 100644 tests/test_gtoc12_gpu_scaled_workspace_pool.py
 create mode 100644 tests/test_gtoc12_gpu_scvx.py
 create mode 100644 tests/test_gtoc12_gpu_seed.py
 create mode 100644 tests/test_gtoc12_gpu_split_directions.py
 create mode 100644 tests/test_gtoc12_gpu_verifier.py
 create mode 100644 tests/test_gtoc12_gpu_workspace_pool.py
 create mode 100644 tests/test_gtoc12_harvestphase.py
 create mode 100644 tests/test_gtoc12_jointopt.py
 create mode 100644 tests/test_gtoc12_lambert_performance.py
 create mode 100644 tests/test_gtoc12_packed_retime.py
 create mode 100644 tests/test_gtoc12_pipeline.py
 create mode 100644 tests/test_gtoc12_refinement_queue.py
 create mode 100644 tests/test_gtoc12_resident_retime.py
 create mode 100644 tests/test_gtoc12_retime_driver.py
 create mode 100644 tests/test_gtoc12_retime_finish.py
 create mode 100644 tests/test_gtoc12_retime_forward.py
 create mode 100644 tests/test_gtoc12_retime_graph.py
 create mode 100644 tests/test_gtoc12_retime_warp.py
 create mode 100644 tests/test_gtoc12_returns.py
 create mode 100644 tests/test_gtoc12_rules_and_data.py
 create mode 100644 tests/test_gtoc12_run_final_verification.py
 create mode 100644 tests/test_gtoc12_run_objective.py
 create mode 100644 tests/test_gtoc12_run_refinement.py
 create mode 100644 tests/test_gtoc12_search2.py
 create mode 100644 tests/test_gtoc12_verifier.py
 create mode 100644 tests/test_gtoc12_verifier_knots.py
 create mode 100644 tests/test_inexact_theory_counterexamples.py
 create mode 100644 tests/test_literature_external_targets.py
 create mode 100644 tests/test_literature_gpu_preflight.py
 create mode 100644 tests/test_literature_low_thrust.py
 create mode 100644 tests/test_literature_low_thrust_mee.py
 create mode 100644 tests/test_literature_pd3.py
 create mode 100644 tests/test_literature_provenance.py
 create mode 100644 tests/test_literature_registry.py
 create mode 100644 tests/test_literature_scvx_core.py
 create mode 100644 tests/test_native_free_time.py
 create mode 100644 tests/test_native_packaging.py
 create mode 100644 tests/test_orbitweaver_g3_g5_adapters.py
 create mode 100644 tests/test_orbitweaver_g7.py
 create mode 100644 tests/test_orbitweaver_g7_records.py
 create mode 100644 tests/test_osqp_backend.py
 create mode 100644 tests/test_paper1_g6.py
 create mode 100644 tests/test_paper1_result.py
 create mode 100644 tests/test_paper2_instances.py
 create mode 100644 tests/test_pdhcg_oneshot.py
 create mode 100644 tests/test_persistent_snapshot_audit.py
 create mode 100644 tests/test_planner_cpu_reference.py
 create mode 100644 tests/test_planner_gpu.py
 create mode 100644 tests/test_planner_schema.py
 create mode 100644 tests/test_planner_viewer_export.py
 create mode 100644 tests/test_powered_descent_3dof.py
 create mode 100644 tests/test_powered_descent_3dof_transcription.py
 create mode 100644 tests/test_powered_descent_scvx.py
 create mode 100644 tests/test_qoco_cpu_reference.py
 create mode 100644 tests/test_qoco_gpu.py
 create mode 100644 tests/test_qoco_handback.py
 create mode 100644 tests/test_resources.py
 create mode 100644 tests/test_robust_cqp.py
 create mode 100644 tests/test_scenario_layout.py
 create mode 100644 tests/test_scvx_convergence_gpu.py
 create mode 100644 tests/test_scvx_failure_timing_gpu.py
 create mode 100644 tests/test_scvx_policies.py
 create mode 100644 tests/test_trajectory_banded.py
 create mode 100644 tests/test_trajectory_visualization.py
 create mode 100644 third_party/dlpack.lock.json
 create mode 100644 third_party/licenses/scipy-dop853.txt
 create mode 100644 third_party/patches/pdhcg/0001-free-quadratic-state.patch
 create mode 100644 third_party/pdhcg.lock.json
 create mode 100644 third_party/qoco_gpu.lock.json
