{
  "variant": "v750",
  "node_cap": 0,
  "prefix_bits": 8,
  "rows": [
    {
      "repeat": 0,
      "seconds": 0.00947524399998656,
      "native_seconds": 0.004456568000023253,
      "nodes": 0,
      "objective": 12842.970672270907,
      "exchange_proposals": 179205,
      "exchange_moves": 2,
      "exhaustive": false,
      "selected": [
        1786,
        2297,
        2469,
        2470,
        2472,
        2473,
        2474,
        2475,
        2476,
        2477,
        2479,
        2480,
        2481,
        2482,
        2483,
        2484,
        2485,
        2486,
        2487,
        2488,
        2489,
        2490,
        2491
      ]
    },
    {
      "repeat": 1,
      "seconds": 0.008031739000045945,
      "native_seconds": 0.0032877790000043206,
      "nodes": 0,
      "objective": 12842.970672270907,
      "exchange_proposals": 179205,
      "exchange_moves": 2,
      "exhaustive": false,
      "selected": [
        1786,
        2297,
        2469,
        2470,
        2472,
        2473,
        2474,
        2475,
        2476,
        2477,
        2479,
        2480,
        2481,
        2482,
        2483,
        2484,
        2485,
        2486,
        2487,
        2488,
        2489,
        2490,
        2491
      ]
    }
  ],
  "physics_reverified": false,
  "setup_seconds": 0.3207987200000275,
  "usable_columns": 2488
}
