{
  "collected_kg": [
    492.8,
    460.4
  ],
  "cooperative_collects": 0,
  "elapsed_minutes": 41.8,
  "family": 99,
  "incumbent_kg": 953.2,
  "master": {
    "collected_kg": 953.2,
    "exhaustive": true,
    "ships": 2
  },
  "members": 20,
  "orphans_left": [],
  "ships": 2,
  "wall_seconds": 2432
}
{
  "collected_kg": [
    501.8,
    438.6
  ],
  "cooperative_collects": 0,
  "elapsed_minutes": 42.0,
  "family": 20,
  "incumbent_kg": 1893.6,
  "master": {
    "collected_kg": 1893.6,
    "exhaustive": true,
    "ships": 4
  },
  "members": 31,
  "orphans_left": [],
  "ships": 2,
  "wall_seconds": 2436
}
{
  "collected_kg": [
    492.8,
    499.0
  ],
  "cooperative_collects": 0,
  "elapsed_minutes": 42.3,
  "family": 3,
  "incumbent_kg": 2885.4,
  "master": {
    "collected_kg": 2885.4,
    "exhaustive": true,
    "ships": 6
  },
  "members": 33,
  "orphans_left": [],
  "ships": 2,
  "wall_seconds": 2450
}
{
  "collected_kg": [
    539.6,
    583.6
  ],
  "cooperative_collects": 0,
  "elapsed_minutes": 42.8,
  "family": 7,
  "incumbent_kg": 4008.6,
  "master": {
    "collected_kg": 4008.6,
    "exhaustive": true,
    "ships": 8
  },
  "members": 39,
  "orphans_left": [],
  "ships": 2,
  "wall_seconds": 2442
}
{
  "collected_kg": [
    602.9,
    533.5
  ],
  "cooperative_collects": 0,
  "elapsed_minutes": 43.7,
  "family": 54,
  "incumbent_kg": 5145.0,
  "master": {
    "collected_kg": 5145.0,
    "exhaustive": true,
    "ships": 10
  },
  "members": 26,
  "orphans_left": [],
  "ships": 2,
  "wall_seconds": 2516
}
{
  "collected_kg": [
    475.2,
    418.9
  ],
  "cooperative_collects": 0,
  "elapsed_minutes": 44.7,
  "family": 15,
  "incumbent_kg": 6039.0,
  "master": {
    "collected_kg": 6039.0,
    "exhaustive": true,
    "ships": 12
  },
  "members": 26,
  "orphans_left": [],
  "ships": 2,
  "wall_seconds": 2573
}
{
  "collected_kg": [
    510.5,
    453.8
  ],
  "cooperative_collects": 2,
  "elapsed_minutes": 46.5,
  "family": 2,
  "incumbent_kg": 7040.8,
  "master": {
    "collected_kg": 7040.8,
    "exhaustive": true,
    "ships": 14
  },
  "members": 44,
  "orphans_left": [],
  "ships": 2,
  "wall_seconds": 2671
}
{
  "collected_kg": [
    597.1,
    604.1
  ],
  "cooperative_collects": 0,
  "elapsed_minutes": 47.3,
  "family": 1,
  "incumbent_kg": 7803.4,
  "master": {
    "collected_kg": 7803.4,
    "exhaustive": true,
    "ships": 15
  },
  "members": 51,
  "orphans_left": [],
  "ships": 2,
  "wall_seconds": 2686
}
{
  "collected_kg": [
    587.3,
    508.8
  ],
  "cooperative_collects": 1,
  "elapsed_minutes": 48.2,
  "family": 6,
  "incumbent_kg": 8427.2,
  "master": {
    "collected_kg": 8427.2,
    "exhaustive": true,
    "ships": 16
  },
  "members": 35,
  "orphans_left": [],
  "ships": 2,
  "wall_seconds": 2672
}
{
  "collected_kg": [
    520.5,
    510.3,
    469.0
  ],
  "cooperative_collects": 0,
  "elapsed_minutes": 49.2,
  "family": 9,
  "incumbent_kg": 8555.0,
  "master": {
    "collected_kg": 8555.0,
    "exhaustive": true,
    "ships": 16
  },
  "members": 38,
  "orphans_left": [],
  "ships": 3,
  "wall_seconds": 2790
}
{
  "collected_kg": [
    548.3,
    572.5
  ],
  "cooperative_collects": 1,
  "elapsed_minutes": 50.2,
  "family": 28,
  "incumbent_kg": 9210.4,
  "master": {
    "collected_kg": 9210.4,
    "exhaustive": true,
    "ships": 17
  },
  "members": 30,
  "orphans_left": [],
  "ships": 2,
  "wall_seconds": 2740
}
{
  "collected_kg": [
    517.9,
    526.9
  ],
  "cooperative_collects": 1,
  "elapsed_minutes": 51.1,
  "family": 5,
  "incumbent_kg": 9309.8,
  "master": {
    "collected_kg": 9309.8,
    "exhaustive": true,
    "ships": 17
  },
  "members": 39,
  "orphans_left": [],
  "ships": 2,
  "wall_seconds": 2852
}
{
  "collected_kg": [
    480.1,
    493.1
  ],
  "cooperative_collects": 0,
  "elapsed_minutes": 52.0,
  "family": 29,
  "incumbent_kg": 9309.8,
  "master": {
    "collected_kg": 9239.4,
    "exhaustive": true,
    "ships": 17
  },
  "members": 25,
  "orphans_left": [],
  "ships": 2,
  "wall_seconds": 2905
}
{
  "collected_kg": [
    529.0,
    527.3
  ],
  "cooperative_collects": 0,
  "elapsed_minutes": 53.0,
  "family": 0,
  "incumbent_kg": 9891.2,
  "master": {
    "collected_kg": 9891.2,
    "exhaustive": true,
    "ships": 18
  },
  "members": 54,
  "orphans_left": [],
  "ships": 2,
  "wall_seconds": 2950
}
{
  "collected_kg": [
    533.5,
    470.2,
    550.3
  ],
  "cooperative_collects": 0,
  "elapsed_minutes": 54.0,
  "family": 24,
  "incumbent_kg": 9896.9,
  "master": {
    "collected_kg": 9896.9,
    "exhaustive": true,
    "ships": 18
  },
  "members": 33,
  "orphans_left": [],
  "ships": 3,
  "wall_seconds": 3007
}
{
  "collected_kg": [
    444.1,
    458.7
  ],
  "cooperative_collects": 0,
  "elapsed_minutes": 55.1,
  "family": 51,
  "incumbent_kg": 9896.9,
  "master": {
    "collected_kg": 9896.9,
    "exhaustive": true,
    "ships": 18
  },
  "members": 26,
  "orphans_left": [],
  "ships": 2,
  "wall_seconds": 3174
}
{
  "collected_kg": [
    499.8,
    511.3
  ],
  "cooperative_collects": 0,
  "elapsed_minutes": 84.3,
  "family": 4,
  "incumbent_kg": 9896.9,
  "master": {
    "collected_kg": 9889.3,
    "exhaustive": true,
    "ships": 18
  },
  "members": 42,
  "orphans_left": [],
  "ships": 2,
  "wall_seconds": 2484
}
{
  "collected_kg": [
    529.0,
    440.2
  ],
  "cooperative_collects": 0,
  "elapsed_minutes": 85.5,
  "family": 11,
  "incumbent_kg": 9900.8,
  "master": {
    "collected_kg": 9900.8,
    "exhaustive": true,
    "ships": 18
  },
  "members": 37,
  "orphans_left": [],
  "ships": 2,
  "wall_seconds": 2500
}
{
  "collected_kg": [
    554.4,
    542.4,
    526.5
  ],
  "cooperative_collects": 1,
  "elapsed_minutes": 86.7,
  "family": 25,
  "incumbent_kg": 9900.8,
  "master": {
    "collected_kg": 9895.0,
    "exhaustive": true,
    "ships": 18
  },
  "members": 33,
  "orphans_left": [],
  "ships": 3,
  "wall_seconds": 2548
}
{
  "collected_kg": [
    468.2
  ],
  "cooperative_collects": 0,
  "elapsed_minutes": 87.7,
  "family": 52,
  "incumbent_kg": 9900.8,
  "master": {
    "collected_kg": 9895.0,
    "exhaustive": true,
    "ships": 18
  },
  "members": 22,
  "orphans_left": [],
  "ships": 1,
  "wall_seconds": 2409
}
{
  "collected_kg": [
    555.6,
    519.1
  ],
  "cooperative_collects": 0,
  "elapsed_minutes": 89.6,
  "family": 90,
  "incumbent_kg": 9934.4,
  "master": {
    "collected_kg": 9934.4,
    "exhaustive": true,
    "ships": 18
  },
  "members": 21,
  "orphans_left": [],
  "ships": 2,
  "wall_seconds": 2787
}
{
  "collected_kg": [
    545.4,
    517.5,
    428.7
  ],
  "cooperative_collects": 3,
  "elapsed_minutes": 90.7,
  "family": 35,
  "incumbent_kg": 9934.4,
  "master": {
    "collected_kg": 9897.5,
    "exhaustive": true,
    "ships": 18
  },
  "members": 23,
  "orphans_left": [],
  "ships": 3,
  "wall_seconds": 2589
}
{
  "collected_kg": [
    519.5,
    423.5
  ],
  "cooperative_collects": 0,
  "elapsed_minutes": 94.4,
  "family": 22,
  "incumbent_kg": 9934.4,
  "master": {
    "collected_kg": 9888.0,
    "exhaustive": true,
    "ships": 18
  },
  "members": 28,
  "orphans_left": [
    39258
  ],
  "ships": 2,
  "wall_seconds": 2592
}
{
  "collected_kg": [
    512.9,
    451.3,
    472.7
  ],
  "cooperative_collects": 1,
  "elapsed_minutes": 95.4,
  "family": 17,
  "incumbent_kg": 9934.4,
  "master": {
    "collected_kg": 9915.9,
    "exhaustive": true,
    "ships": 18
  },
  "members": 34,
  "orphans_left": [],
  "ships": 3,
  "wall_seconds": 2726
}
{
  "collected_kg": [
    535.0,
    483.5,
    496.9
  ],
  "cooperative_collects": 0,
  "elapsed_minutes": 96.4,
  "family": 12,
  "incumbent_kg": 9934.4,
  "master": {
    "collected_kg": 9915.9,
    "exhaustive": true,
    "ships": 18
  },
  "members": 26,
  "orphans_left": [],
  "ships": 3,
  "wall_seconds": 2447
}
{
  "collected_kg": [
    550.7,
    476.4,
    411.9
  ],
  "cooperative_collects": 0,
  "elapsed_minutes": 97.1,
  "family": 18,
  "incumbent_kg": 9934.4,
  "master": {
    "collected_kg": 9893.0,
    "exhaustive": true,
    "ships": 18
  },
  "members": 34,
  "orphans_left": [],
  "ships": 3,
  "wall_seconds": 2696
}
{
  "collected_kg": [
    480.4,
    379.9,
    460.4
  ],
  "cooperative_collects": 4,
  "elapsed_minutes": 98.1,
  "family": 23,
  "incumbent_kg": 9934.4,
  "master": {
    "collected_kg": 9893.0,
    "exhaustive": true,
    "ships": 18
  },
  "members": 21,
  "orphans_left": [],
  "ships": 3,
  "wall_seconds": 2659
}
{
  "collected_kg": [
    499.4,
    551.5
  ],
  "cooperative_collects": 0,
  "elapsed_minutes": 98.7,
  "family": 36,
  "incumbent_kg": 9934.4,
  "master": {
    "collected_kg": 9893.0,
    "exhaustive": true,
    "ships": 18
  },
  "members": 26,
  "orphans_left": [],
  "ships": 2,
  "wall_seconds": 2622
}
{
  "collected_kg": [
    517.9,
    503.5
  ],
  "cooperative_collects": 0,
  "elapsed_minutes": 99.7,
  "family": 86,
  "incumbent_kg": 9934.4,
  "master": {
    "collected_kg": 9891.9,
    "exhaustive": true,
    "ships": 18
  },
  "members": 21,
  "orphans_left": [],
  "ships": 2,
  "wall_seconds": 2514
}
{
  "collected_kg": [
    494.0,
    602.9,
    459.1
  ],
  "cooperative_collects": 0,
  "elapsed_minutes": 101.0,
  "family": 8,
  "incumbent_kg": 10694.3,
  "master": {
    "collected_kg": 10694.3,
    "exhaustive": false,
    "ships": 19
  },
  "members": 38,
  "orphans_left": [],
  "ships": 3,
  "wall_seconds": 3257
}
{
  "collected_kg": [
    493.2,
    480.9
  ],
  "cooperative_collects": 0,
  "elapsed_minutes": 102.5,
  "family": 10,
  "incumbent_kg": 10694.3,
  "master": {
    "collected_kg": 10694.3,
    "exhaustive": false,
    "ships": 19
  },
  "members": 37,
  "orphans_left": [],
  "ships": 2,
  "wall_seconds": 3017
}
{
  "collected_kg": [
    529.5,
    573.7,
    395.9
  ],
  "cooperative_collects": 0,
  "elapsed_minutes": 103.8,
  "family": 19,
  "incumbent_kg": 10698.7,
  "master": {
    "collected_kg": 10698.7,
    "exhaustive": false,
    "ships": 19
  },
  "members": 26,
  "orphans_left": [],
  "ships": 3,
  "wall_seconds": 2595
}
{
  "collected_kg": [
    489.8,
    447.6,
    354.8
  ],
  "cooperative_collects": 0,
  "elapsed_minutes": 126.3,
  "family": 108,
  "incumbent_kg": 10698.7,
  "master": {
    "collected_kg": 10698.7,
    "exhaustive": true,
    "ships": 19
  },
  "members": 20,
  "orphans_left": [],
  "ships": 3,
  "wall_seconds": 2448
}
{
  "collected_kg": [
    550.7,
    559.3,
    466.5
  ],
  "cooperative_collects": 2,
  "elapsed_minutes": 129.8,
  "family": 16,
  "incumbent_kg": 10698.7,
  "master": {
    "collected_kg": 10696.8,
    "exhaustive": true,
    "ships": 19
  },
  "members": 22,
  "orphans_left": [],
  "ships": 3,
  "wall_seconds": 2053
}
{
  "collected_kg": [
    443.8,
    475.6,
    433.3
  ],
  "cooperative_collects": 1,
  "elapsed_minutes": 131.7,
  "family": 96,
  "incumbent_kg": 10698.7,
  "master": {
    "collected_kg": 10696.8,
    "exhaustive": true,
    "ships": 19
  },
  "members": 21,
  "orphans_left": [],
  "ships": 3,
  "wall_seconds": 2602
}
{
  "collected_kg": [
    559.3,
    533.9,
    464.5
  ],
  "cooperative_collects": 2,
  "elapsed_minutes": 132.3,
  "family": 65,
  "incumbent_kg": 10698.7,
  "master": {
    "collected_kg": 10695.8,
    "exhaustive": true,
    "ships": 19
  },
  "members": 24,
  "orphans_left": [],
  "ships": 3,
  "wall_seconds": 2749
}
{
  "collected_kg": [
    512.3,
    449.1,
    388.5
  ],
  "cooperative_collects": 0,
  "elapsed_minutes": 132.9,
  "family": 14,
  "incumbent_kg": 10698.7,
  "master": {
    "collected_kg": 10695.8,
    "exhaustive": true,
    "ships": 19
  },
  "members": 34,
  "orphans_left": [],
  "ships": 3,
  "wall_seconds": 2651
}
{
  "collected_kg": [
    501.6,
    446.4,
    418.1
  ],
  "cooperative_collects": 0,
  "elapsed_minutes": 133.5,
  "family": 80,
  "incumbent_kg": 10698.7,
  "master": {
    "collected_kg": 10695.8,
    "exhaustive": true,
    "ships": 19
  },
  "members": 22,
  "orphans_left": [],
  "ships": 3,
  "wall_seconds": 1937
}
{
  "collected_kg": [
    478.4,
    464.9
  ],
  "cooperative_collects": 0,
  "elapsed_minutes": 134.0,
  "family": 13,
  "incumbent_kg": 10698.7,
  "master": {
    "collected_kg": 10695.8,
    "exhaustive": true,
    "ships": 19
  },
  "members": 31,
  "orphans_left": [],
  "ships": 2,
  "wall_seconds": 2510
}
{
  "collected_kg": [
    555.2,
    531.1,
    369.6
  ],
  "cooperative_collects": 0,
  "elapsed_minutes": 134.7,
  "family": 109,
  "incumbent_kg": 10698.7,
  "master": {
    "collected_kg": 10696.5,
    "exhaustive": false,
    "ships": 19
  },
  "members": 20,
  "orphans_left": [],
  "ships": 3,
  "wall_seconds": 2038
}
{
  "collected_kg": [
    423.0,
    444.8
  ],
  "cooperative_collects": 0,
  "elapsed_minutes": 135.9,
  "family": 60,
  "incumbent_kg": 10698.7,
  "master": {
    "collected_kg": 10696.5,
    "exhaustive": true,
    "ships": 19
  },
  "members": 25,
  "orphans_left": [],
  "ships": 2,
  "wall_seconds": 2736
}
{
  "collected_kg": [
    514.2,
    495.6,
    445.3
  ],
  "cooperative_collects": 0,
  "elapsed_minutes": 142.4,
  "family": 38,
  "incumbent_kg": 10698.7,
  "master": {
    "collected_kg": 10696.5,
    "exhaustive": true,
    "ships": 19
  },
  "members": 29,
  "orphans_left": [],
  "ships": 3,
  "wall_seconds": 2502
}
{
  "collected_kg": [
    517.0,
    354.3
  ],
  "cooperative_collects": 0,
  "elapsed_minutes": 143.1,
  "family": 85,
  "incumbent_kg": 10698.7,
  "master": {
    "collected_kg": 10696.5,
    "exhaustive": true,
    "ships": 19
  },
  "members": 21,
  "orphans_left": [],
  "ships": 2,
  "wall_seconds": 2806
}
{
  "collected_kg": [
    467.8,
    454.2,
    462.8,
    368.4
  ],
  "cooperative_collects": 3,
  "elapsed_minutes": 144.4,
  "family": 33,
  "incumbent_kg": 10698.7,
  "master": {
    "collected_kg": 10696.5,
    "exhaustive": true,
    "ships": 19
  },
  "members": 27,
  "orphans_left": [],
  "ships": 4,
  "wall_seconds": 2804
}
{
  "collected_kg": [
    513.3,
    423.0,
    300.3
  ],
  "cooperative_collects": 0,
  "elapsed_minutes": 145.8,
  "family": 32,
  "incumbent_kg": 10698.7,
  "master": {
    "collected_kg": 10696.5,
    "exhaustive": true,
    "ships": 19
  },
  "members": 22,
  "orphans_left": [],
  "ships": 3,
  "wall_seconds": 2730
}
{
  "collected_kg": [
    544.0,
    453.8,
    404.5
  ],
  "cooperative_collects": 0,
  "elapsed_minutes": 146.5,
  "family": 40,
  "incumbent_kg": 10699.5,
  "master": {
    "collected_kg": 10699.5,
    "exhaustive": false,
    "ships": 19
  },
  "members": 25,
  "orphans_left": [],
  "ships": 3,
  "wall_seconds": 2496
}
{
  "collected_kg": [
    430.0,
    405.3,
    270.6
  ],
  "cooperative_collects": 1,
  "elapsed_minutes": 147.2,
  "family": 103,
  "incumbent_kg": 10699.5,
  "master": {
    "collected_kg": 10699.5,
    "exhaustive": true,
    "ships": 19
  },
  "members": 20,
  "orphans_left": [],
  "ships": 3,
  "wall_seconds": 2496
}
{
  "asteroids": 158,
  "average_collected_kg": 563.1326776901185,
  "budget_marks": {
    "120_min": 10698.7,
    "240_min": 10699.5,
    "30_min": null,
    "60_min": 9896.9
  },
  "memory_bound_mb": 8829.91015625,
  "memory_total_pss_peak_mb": 2780.107421875,
  "peak_rss_mb": 442.34765625,
  "run_id": "cluster_fleet_h100_v1",
  "score_kg": 10699.5,
  "ships": 19,
  "status": "scored",
  "wall_seconds_total": 8875.57009465
}
