2026-09-05T02:05:54Z step=start clear waited_seconds=0 gpu_util_pct=3 mem_used_mib=3660
2026-09-05T02:06:40Z step=release-ctest clear waited_seconds=0 gpu_util_pct=5 mem_used_mib=3678
2026-09-05T02:11:33Z step=debug-ctest clear waited_seconds=0 gpu_util_pct=6 mem_used_mib=3703
2026-09-05T02:15:55Z step=device-variational clear waited_seconds=0 gpu_util_pct=1 mem_used_mib=3692
2026-09-05T02:15:56Z step=device-integration clear waited_seconds=0 gpu_util_pct=2 mem_used_mib=3689
2026-09-05T02:15:58Z step=tight-all clear waited_seconds=0 gpu_util_pct=1 mem_used_mib=3717
2026-09-05T02:16:43Z step=production-outer clear waited_seconds=0 gpu_util_pct=2 mem_used_mib=3703
2026-09-05T02:17:53Z step=p1d-path-audit clear waited_seconds=0 gpu_util_pct=1 mem_used_mib=3687
2026-09-05T02:18:16Z step=qoco-handback clear waited_seconds=0 gpu_util_pct=1 mem_used_mib=3691
2026-09-05T02:19:44Z step=recovery clear waited_seconds=0 gpu_util_pct=1 mem_used_mib=3665
2026-09-05T02:19:48Z step=displaced-regressions clear waited_seconds=0 gpu_util_pct=1 mem_used_mib=3664
2026-09-05T02:31:25Z step=h1 clear waited_seconds=0 gpu_util_pct=1 mem_used_mib=3636
2026-09-05T02:36:35Z step=sanitizer-variational-memcheck clear waited_seconds=0 gpu_util_pct=7 mem_used_mib=3620
2026-09-05T02:36:36Z step=sanitizer-integration-memcheck clear waited_seconds=0 gpu_util_pct=1 mem_used_mib=3647
2026-09-05T02:36:38Z step=sanitizer-recovery-memcheck clear waited_seconds=0 gpu_util_pct=1 mem_used_mib=3647
2026-09-05T02:38:38Z step=sanitizer-production-memcheck clear waited_seconds=0 gpu_util_pct=2 mem_used_mib=3623
2026-09-05T02:39:18Z step=sanitizer-variational-racecheck clear waited_seconds=0 gpu_util_pct=2 mem_used_mib=3655
2026-09-05T02:39:20Z step=sanitizer-integration-racecheck clear waited_seconds=0 gpu_util_pct=1 mem_used_mib=3655
2026-09-05T02:39:21Z step=sanitizer-recovery-racecheck clear waited_seconds=0 gpu_util_pct=2 mem_used_mib=3655
2026-09-05T03:35:53Z step=sanitizer-production-racecheck clear waited_seconds=0 gpu_util_pct=4 mem_used_mib=3727
2026-09-05T03:38:49Z step=sanitizer-variational-synccheck clear waited_seconds=0 gpu_util_pct=4 mem_used_mib=3706
2026-09-05T03:38:50Z step=sanitizer-integration-synccheck clear waited_seconds=0 gpu_util_pct=4 mem_used_mib=3705
2026-09-05T03:38:51Z step=sanitizer-recovery-synccheck clear waited_seconds=0 gpu_util_pct=4 mem_used_mib=3705
2026-09-05T03:39:42Z step=sanitizer-production-synccheck clear waited_seconds=0 gpu_util_pct=4 mem_used_mib=3688
2026-09-05T03:39:47Z step=sanitizer-variational-initcheck clear waited_seconds=0 gpu_util_pct=4 mem_used_mib=3679
2026-09-05T03:39:49Z step=sanitizer-integration-initcheck clear waited_seconds=0 gpu_util_pct=4 mem_used_mib=3680
2026-09-05T03:39:51Z step=sanitizer-recovery-initcheck clear waited_seconds=0 gpu_util_pct=4 mem_used_mib=3683
2026-09-05T03:41:40Z step=sanitizer-production-initcheck clear waited_seconds=0 gpu_util_pct=4 mem_used_mib=3688
2026-09-05T03:42:14Z step=nsys-profile clear waited_seconds=0 gpu_util_pct=4 mem_used_mib=3685
